<?xml version="1.0" encoding="UTF-8"?>
<testsuites>
  <testsuite name="C:\Users\hedra\Desktop\Sourcecode\NexusV2\Nexus-backend\phpunit.xml" tests="619" assertions="1566" errors="96" failures="96" skipped="0" time="49.571383">
    <testsuite name="Unit" tests="306" assertions="961" errors="0" failures="0" skipped="0" time="22.447690">
      <testsuite name="Tests\Unit\ActionTest" file="C:\Users\hedra\Desktop\Sourcecode\NexusV2\Nexus-backend\tests\Unit\ActionTest.php" tests="25" assertions="46" errors="0" failures="0" skipped="0" time="1.460991">
        <testcase name="test_agent_execute_action_returns_success_result" file="C:\Users\hedra\Desktop\Sourcecode\NexusV2\Nexus-backend\tests\Unit\ActionTest.php" line="17" class="Tests\Unit\ActionTest" classname="Tests.Unit.ActionTest" assertions="4" time="0.751398"/>
        <testcase name="test_agent_execute_action_handles_reflection_agent" file="C:\Users\hedra\Desktop\Sourcecode\NexusV2\Nexus-backend\tests\Unit\ActionTest.php" line="32" class="Tests\Unit\ActionTest" classname="Tests.Unit.ActionTest" assertions="2" time="0.026671"/>
        <testcase name="test_agent_execute_action_handles_team_agent" file="C:\Users\hedra\Desktop\Sourcecode\NexusV2\Nexus-backend\tests\Unit\ActionTest.php" line="45" class="Tests\Unit\ActionTest" classname="Tests.Unit.ActionTest" assertions="2" time="0.026398"/>
        <testcase name="test_agent_execute_action_handles_specialized_agent" file="C:\Users\hedra\Desktop\Sourcecode\NexusV2\Nexus-backend\tests\Unit\ActionTest.php" line="58" class="Tests\Unit\ActionTest" classname="Tests.Unit.ActionTest" assertions="2" time="0.026308"/>
        <testcase name="test_agent_execute_action_handles_supervisor_agent" file="C:\Users\hedra\Desktop\Sourcecode\NexusV2\Nexus-backend\tests\Unit\ActionTest.php" line="72" class="Tests\Unit\ActionTest" classname="Tests.Unit.ActionTest" assertions="2" time="0.024455"/>
        <testcase name="test_agent_execute_action_validates_required_context" file="C:\Users\hedra\Desktop\Sourcecode\NexusV2\Nexus-backend\tests\Unit\ActionTest.php" line="85" class="Tests\Unit\ActionTest" classname="Tests.Unit.ActionTest" assertions="2" time="0.024608"/>
        <testcase name="test_workflow_execute_action_runs_all_steps" file="C:\Users\hedra\Desktop\Sourcecode\NexusV2\Nexus-backend\tests\Unit\ActionTest.php" line="100" class="Tests\Unit\ActionTest" classname="Tests.Unit.ActionTest" assertions="3" time="0.034160"/>
        <testcase name="test_workflow_execute_action_handles_condition_step" file="C:\Users\hedra\Desktop\Sourcecode\NexusV2\Nexus-backend\tests\Unit\ActionTest.php" line="118" class="Tests\Unit\ActionTest" classname="Tests.Unit.ActionTest" assertions="2" time="0.035853"/>
        <testcase name="test_workflow_execute_action_handles_delay_step" file="C:\Users\hedra\Desktop\Sourcecode\NexusV2\Nexus-backend\tests\Unit\ActionTest.php" line="138" class="Tests\Unit\ActionTest" classname="Tests.Unit.ActionTest" assertions="2" time="0.027302"/>
        <testcase name="test_workflow_execute_action_handles_agent_step" file="C:\Users\hedra\Desktop\Sourcecode\NexusV2\Nexus-backend\tests\Unit\ActionTest.php" line="154" class="Tests\Unit\ActionTest" classname="Tests.Unit.ActionTest" assertions="2" time="0.026543"/>
        <testcase name="test_task_cancel_action_stops_running_task" file="C:\Users\hedra\Desktop\Sourcecode\NexusV2\Nexus-backend\tests\Unit\ActionTest.php" line="181" class="Tests\Unit\ActionTest" classname="Tests.Unit.ActionTest" assertions="2" time="0.040311"/>
        <testcase name="test_task_pause_action_pauses_running_task" file="C:\Users\hedra\Desktop\Sourcecode\NexusV2\Nexus-backend\tests\Unit\ActionTest.php" line="191" class="Tests\Unit\ActionTest" classname="Tests.Unit.ActionTest" assertions="2" time="0.029654"/>
        <testcase name="test_task_resume_action_resumes_paused_task" file="C:\Users\hedra\Desktop\Sourcecode\NexusV2\Nexus-backend\tests\Unit\ActionTest.php" line="201" class="Tests\Unit\ActionTest" classname="Tests.Unit.ActionTest" assertions="2" time="0.031524"/>
        <testcase name="test_task_complete_action_marks_task_completed" file="C:\Users\hedra\Desktop\Sourcecode\NexusV2\Nexus-backend\tests\Unit\ActionTest.php" line="212" class="Tests\Unit\ActionTest" classname="Tests.Unit.ActionTest" assertions="2" time="0.036421"/>
        <testcase name="test_task_fail_action_marks_task_failed" file="C:\Users\hedra\Desktop\Sourcecode\NexusV2\Nexus-backend\tests\Unit\ActionTest.php" line="222" class="Tests\Unit\ActionTest" classname="Tests.Unit.ActionTest" assertions="2" time="0.031046"/>
        <testcase name="test_memory_store_action_creates_memory" file="C:\Users\hedra\Desktop\Sourcecode\NexusV2\Nexus-backend\tests\Unit\ActionTest.php" line="234" class="Tests\Unit\ActionTest" classname="Tests.Unit.ActionTest" assertions="2" time="0.033490"/>
        <testcase name="test_memory_search_action_filters_by_type" file="C:\Users\hedra\Desktop\Sourcecode\NexusV2\Nexus-backend\tests\Unit\ActionTest.php" line="251" class="Tests\Unit\ActionTest" classname="Tests.Unit.ActionTest" assertions="2" time="0.034015"/>
        <testcase name="test_contact_create_action_persists_contact" file="C:\Users\hedra\Desktop\Sourcecode\NexusV2\Nexus-backend\tests\Unit\ActionTest.php" line="267" class="Tests\Unit\ActionTest" classname="Tests.Unit.ActionTest" assertions="2" time="0.026243"/>
        <testcase name="test_contact_update_action_modifies_contact" file="C:\Users\hedra\Desktop\Sourcecode\NexusV2\Nexus-backend\tests\Unit\ActionTest.php" line="282" class="Tests\Unit\ActionTest" classname="Tests.Unit.ActionTest" assertions="1" time="0.025676"/>
        <testcase name="test_contact_delete_action_soft_deletes_contact" file="C:\Users\hedra\Desktop\Sourcecode\NexusV2\Nexus-backend\tests\Unit\ActionTest.php" line="291" class="Tests\Unit\ActionTest" classname="Tests.Unit.ActionTest" assertions="1" time="0.030195"/>
        <testcase name="test_setting_set_action_updates_value" file="C:\Users\hedra\Desktop\Sourcecode\NexusV2\Nexus-backend\tests\Unit\ActionTest.php" line="302" class="Tests\Unit\ActionTest" classname="Tests.Unit.ActionTest" assertions="1" time="0.028858"/>
        <testcase name="test_setting_get_action_returns_typed_value" file="C:\Users\hedra\Desktop\Sourcecode\NexusV2\Nexus-backend\tests\Unit\ActionTest.php" line="314" class="Tests\Unit\ActionTest" classname="Tests.Unit.ActionTest" assertions="1" time="0.027995"/>
        <testcase name="test_log_info_action_creates_log_entry" file="C:\Users\hedra\Desktop\Sourcecode\NexusV2\Nexus-backend\tests\Unit\ActionTest.php" line="329" class="Tests\Unit\ActionTest" classname="Tests.Unit.ActionTest" assertions="1" time="0.027447"/>
        <testcase name="test_log_error_action_creates_log_entry" file="C:\Users\hedra\Desktop\Sourcecode\NexusV2\Nexus-backend\tests\Unit\ActionTest.php" line="346" class="Tests\Unit\ActionTest" classname="Tests.Unit.ActionTest" assertions="1" time="0.026712"/>
        <testcase name="test_log_debug_action_creates_log_entry" file="C:\Users\hedra\Desktop\Sourcecode\NexusV2\Nexus-backend\tests\Unit\ActionTest.php" line="359" class="Tests\Unit\ActionTest" classname="Tests.Unit.ActionTest" assertions="1" time="0.027708"/>
      </testsuite>
      <testsuite name="Tests\Unit\CircuitBreakerTest" file="C:\Users\hedra\Desktop\Sourcecode\NexusV2\Nexus-backend\tests\Unit\CircuitBreakerTest.php" tests="5" assertions="15" errors="0" failures="0" skipped="0" time="4.226387">
        <testcase name="it_allows_request_when_closed" file="C:\Users\hedra\Desktop\Sourcecode\NexusV2\Nexus-backend\tests\Unit\CircuitBreakerTest.php" line="22" class="Tests\Unit\CircuitBreakerTest" classname="Tests.Unit.CircuitBreakerTest" assertions="2" time="0.032347"/>
        <testcase name="it_opens_after_consecutive_failures" file="C:\Users\hedra\Desktop\Sourcecode\NexusV2\Nexus-backend\tests\Unit\CircuitBreakerTest.php" line="35" class="Tests\Unit\CircuitBreakerTest" classname="Tests.Unit.CircuitBreakerTest" assertions="4" time="0.026540"/>
        <testcase name="it_half_opens_after_timeout_and_closes_on_success" file="C:\Users\hedra\Desktop\Sourcecode\NexusV2\Nexus-backend\tests\Unit\CircuitBreakerTest.php" line="66" class="Tests\Unit\CircuitBreakerTest" classname="Tests.Unit.CircuitBreakerTest" assertions="3" time="2.040485"/>
        <testcase name="it_half_opens_and_reopens_on_failure" file="C:\Users\hedra\Desktop\Sourcecode\NexusV2\Nexus-backend\tests\Unit\CircuitBreakerTest.php" line="97" class="Tests\Unit\CircuitBreakerTest" classname="Tests.Unit.CircuitBreakerTest" assertions="2" time="2.064708"/>
        <testcase name="it_gets_status" file="C:\Users\hedra\Desktop\Sourcecode\NexusV2\Nexus-backend\tests\Unit\CircuitBreakerTest.php" line="128" class="Tests\Unit\CircuitBreakerTest" classname="Tests.Unit.CircuitBreakerTest" assertions="4" time="0.062308"/>
      </testsuite>
      <testsuite name="Tests\Unit\DynamicProviderRegistryTest" file="C:\Users\hedra\Desktop\Sourcecode\NexusV2\Nexus-backend\tests\Unit\DynamicProviderRegistryTest.php" tests="4" assertions="16" errors="0" failures="0" skipped="0" time="0.255307">
        <testcase name="it_gets_provider_configuration" file="C:\Users\hedra\Desktop\Sourcecode\NexusV2\Nexus-backend\tests\Unit\DynamicProviderRegistryTest.php" line="19" class="Tests\Unit\DynamicProviderRegistryTest" classname="Tests.Unit.DynamicProviderRegistryTest" assertions="7" time="0.070703"/>
        <testcase name="it_returns_null_for_inactive_provider" file="C:\Users\hedra\Desktop\Sourcecode\NexusV2\Nexus-backend\tests\Unit\DynamicProviderRegistryTest.php" line="50" class="Tests\Unit\DynamicProviderRegistryTest" classname="Tests.Unit.DynamicProviderRegistryTest" assertions="1" time="0.035112"/>
        <testcase name="it_registers_a_new_provider" file="C:\Users\hedra\Desktop\Sourcecode\NexusV2\Nexus-backend\tests\Unit\DynamicProviderRegistryTest.php" line="64" class="Tests\Unit\DynamicProviderRegistryTest" classname="Tests.Unit.DynamicProviderRegistryTest" assertions="3" time="0.057511"/>
        <testcase name="it_syncs_models_for_a_provider" file="C:\Users\hedra\Desktop\Sourcecode\NexusV2\Nexus-backend\tests\Unit\DynamicProviderRegistryTest.php" line="95" class="Tests\Unit\DynamicProviderRegistryTest" classname="Tests.Unit.DynamicProviderRegistryTest" assertions="5" time="0.091981"/>
      </testsuite>
      <testsuite name="Tests\Unit\EncryptedApiKeyStorageTest" file="C:\Users\hedra\Desktop\Sourcecode\NexusV2\Nexus-backend\tests\Unit\EncryptedApiKeyStorageTest.php" tests="5" assertions="19" errors="0" failures="0" skipped="0" time="0.358279">
        <testcase name="it_stores_and_retrieves_encrypted_api_key" file="C:\Users\hedra\Desktop\Sourcecode\NexusV2\Nexus-backend\tests\Unit\EncryptedApiKeyStorageTest.php" line="18" class="Tests\Unit\EncryptedApiKeyStorageTest" classname="Tests.Unit.EncryptedApiKeyStorageTest" assertions="7" time="0.066408"/>
        <testcase name="it_returns_null_for_nonexistent_provider_key" file="C:\Users\hedra\Desktop\Sourcecode\NexusV2\Nexus-backend\tests\Unit\EncryptedApiKeyStorageTest.php" line="41" class="Tests\Unit\EncryptedApiKeyStorageTest" classname="Tests.Unit.EncryptedApiKeyStorageTest" assertions="1" time="0.074768"/>
        <testcase name="it_checks_if_key_exists_for_provider" file="C:\Users\hedra\Desktop\Sourcecode\NexusV2\Nexus-backend\tests\Unit\EncryptedApiKeyStorageTest.php" line="51" class="Tests\Unit\EncryptedApiKeyStorageTest" classname="Tests.Unit.EncryptedApiKeyStorageTest" assertions="2" time="0.089256"/>
        <testcase name="it_updates_existing_api_key" file="C:\Users\hedra\Desktop\Sourcecode\NexusV2\Nexus-backend\tests\Unit\EncryptedApiKeyStorageTest.php" line="65" class="Tests\Unit\EncryptedApiKeyStorageTest" classname="Tests.Unit.EncryptedApiKeyStorageTest" assertions="3" time="0.072408"/>
        <testcase name="it_deactivates_api_key" file="C:\Users\hedra\Desktop\Sourcecode\NexusV2\Nexus-backend\tests\Unit\EncryptedApiKeyStorageTest.php" line="84" class="Tests\Unit\EncryptedApiKeyStorageTest" classname="Tests.Unit.EncryptedApiKeyStorageTest" assertions="6" time="0.055440"/>
      </testsuite>
      <testsuite name="Tests\Unit\ExampleTest" file="C:\Users\hedra\Desktop\Sourcecode\NexusV2\Nexus-backend\tests\Unit\ExampleTest.php" tests="1" assertions="1" errors="0" failures="0" skipped="0" time="0.000179">
        <testcase name="test_that_true_is_true" file="C:\Users\hedra\Desktop\Sourcecode\NexusV2\Nexus-backend\tests\Unit\ExampleTest.php" line="12" class="Tests\Unit\ExampleTest" classname="Tests.Unit.ExampleTest" assertions="1" time="0.000179"/>
      </testsuite>
      <testsuite name="Tests\Unit\HedraSoul\ApprovalInboxServiceTest" file="C:\Users\hedra\Desktop\Sourcecode\NexusV2\Nexus-backend\tests\Unit\HedraSoul\ApprovalInboxServiceTest.php" tests="13" assertions="23" errors="0" failures="0" skipped="0" time="0.882755">
        <testcase name="test_create_produces_pending_request" file="C:\Users\hedra\Desktop\Sourcecode\NexusV2\Nexus-backend\tests\Unit\HedraSoul\ApprovalInboxServiceTest.php" line="52" class="Tests\Unit\HedraSoul\ApprovalInboxServiceTest" classname="Tests.Unit.HedraSoul.ApprovalInboxServiceTest" assertions="3" time="0.133160"/>
        <testcase name="test_approve_sets_approved_status" file="C:\Users\hedra\Desktop\Sourcecode\NexusV2\Nexus-backend\tests\Unit\HedraSoul\ApprovalInboxServiceTest.php" line="75" class="Tests\Unit\HedraSoul\ApprovalInboxServiceTest" classname="Tests.Unit.HedraSoul.ApprovalInboxServiceTest" assertions="4" time="0.088451"/>
        <testcase name="test_approve_dispatches_job" file="C:\Users\hedra\Desktop\Sourcecode\NexusV2\Nexus-backend\tests\Unit\HedraSoul\ApprovalInboxServiceTest.php" line="105" class="Tests\Unit\HedraSoul\ApprovalInboxServiceTest" classname="Tests.Unit.HedraSoul.ApprovalInboxServiceTest" assertions="1" time="0.090014"/>
        <testcase name="test_reject_sets_rejected_status" file="C:\Users\hedra\Desktop\Sourcecode\NexusV2\Nexus-backend\tests\Unit\HedraSoul\ApprovalInboxServiceTest.php" line="126" class="Tests\Unit\HedraSoul\ApprovalInboxServiceTest" classname="Tests.Unit.HedraSoul.ApprovalInboxServiceTest" assertions="1" time="0.069973"/>
        <testcase name="test_reject_does_not_dispatch_job" file="C:\Users\hedra\Desktop\Sourcecode\NexusV2\Nexus-backend\tests\Unit\HedraSoul\ApprovalInboxServiceTest.php" line="150" class="Tests\Unit\HedraSoul\ApprovalInboxServiceTest" classname="Tests.Unit.HedraSoul.ApprovalInboxServiceTest" assertions="1" time="0.066508"/>
        <testcase name="test_defer_sets_deferred_status" file="C:\Users\hedra\Desktop\Sourcecode\NexusV2\Nexus-backend\tests\Unit\HedraSoul\ApprovalInboxServiceTest.php" line="171" class="Tests\Unit\HedraSoul\ApprovalInboxServiceTest" classname="Tests.Unit.HedraSoul.ApprovalInboxServiceTest" assertions="1" time="0.063220"/>
        <testcase name="test_defer_schedules_reminder_job" file="C:\Users\hedra\Desktop\Sourcecode\NexusV2\Nexus-backend\tests\Unit\HedraSoul\ApprovalInboxServiceTest.php" line="195" class="Tests\Unit\HedraSoul\ApprovalInboxServiceTest" classname="Tests.Unit.HedraSoul.ApprovalInboxServiceTest" assertions="1" time="0.060810"/>
        <testcase name="test_get_pending_approvals" file="C:\Users\hedra\Desktop\Sourcecode\NexusV2\Nexus-backend\tests\Unit\HedraSoul\ApprovalInboxServiceTest.php" line="216" class="Tests\Unit\HedraSoul\ApprovalInboxServiceTest" classname="Tests.Unit.HedraSoul.ApprovalInboxServiceTest" assertions="1" time="0.043616"/>
        <testcase name="test_get_approvals_with_status_filter" file="C:\Users\hedra\Desktop\Sourcecode\NexusV2\Nexus-backend\tests\Unit\HedraSoul\ApprovalInboxServiceTest.php" line="251" class="Tests\Unit\HedraSoul\ApprovalInboxServiceTest" classname="Tests.Unit.HedraSoul.ApprovalInboxServiceTest" assertions="2" time="0.053068"/>
        <testcase name="test_get_approval_by_id" file="C:\Users\hedra\Desktop\Sourcecode\NexusV2\Nexus-backend\tests\Unit\HedraSoul\ApprovalInboxServiceTest.php" line="278" class="Tests\Unit\HedraSoul\ApprovalInboxServiceTest" classname="Tests.Unit.HedraSoul.ApprovalInboxServiceTest" assertions="2" time="0.043184"/>
        <testcase name="test_approve_preserves_decision_notes" file="C:\Users\hedra\Desktop\Sourcecode\NexusV2\Nexus-backend\tests\Unit\HedraSoul\ApprovalInboxServiceTest.php" line="297" class="Tests\Unit\HedraSoul\ApprovalInboxServiceTest" classname="Tests.Unit.HedraSoul.ApprovalInboxServiceTest" assertions="1" time="0.056104"/>
        <testcase name="test_reject_preserves_decision_notes" file="C:\Users\hedra\Desktop\Sourcecode\NexusV2\Nexus-backend\tests\Unit\HedraSoul\ApprovalInboxServiceTest.php" line="319" class="Tests\Unit\HedraSoul\ApprovalInboxServiceTest" classname="Tests.Unit.HedraSoul.ApprovalInboxServiceTest" assertions="1" time="0.059829"/>
        <testcase name="test_multiple_approval_cycles" file="C:\Users\hedra\Desktop\Sourcecode\NexusV2\Nexus-backend\tests\Unit\HedraSoul\ApprovalInboxServiceTest.php" line="341" class="Tests\Unit\HedraSoul\ApprovalInboxServiceTest" classname="Tests.Unit.HedraSoul.ApprovalInboxServiceTest" assertions="4" time="0.054818"/>
      </testsuite>
      <testsuite name="Tests\Unit\HedraSoul\HedraMemoryServiceTest" file="C:\Users\hedra\Desktop\Sourcecode\NexusV2\Nexus-backend\tests\Unit\HedraSoul\HedraMemoryServiceTest.php" tests="16" assertions="137" errors="0" failures="0" skipped="0" time="1.295755">
        <testcase name="test_suggest_from_message_creates_pending" file="C:\Users\hedra\Desktop\Sourcecode\NexusV2\Nexus-backend\tests\Unit\HedraSoul\HedraMemoryServiceTest.php" line="32" class="Tests\Unit\HedraSoul\HedraMemoryServiceTest" classname="Tests.Unit.HedraSoul.HedraMemoryServiceTest" assertions="4" time="0.070137"/>
        <testcase name="test_approve_sets_approved_status" file="C:\Users\hedra\Desktop\Sourcecode\NexusV2\Nexus-backend\tests\Unit\HedraSoul\HedraMemoryServiceTest.php" line="58" class="Tests\Unit\HedraSoul\HedraMemoryServiceTest" classname="Tests.Unit.HedraSoul.HedraMemoryServiceTest" assertions="3" time="0.076289"/>
        <testcase name="test_approve_creates_single_fact" file="C:\Users\hedra\Desktop\Sourcecode\NexusV2\Nexus-backend\tests\Unit\HedraSoul\HedraMemoryServiceTest.php" line="83" class="Tests\Unit\HedraSoul\HedraMemoryServiceTest" classname="Tests.Unit.HedraSoul.HedraMemoryServiceTest" assertions="1" time="0.062502"/>
        <testcase name="test_reject_sets_rejected_status" file="C:\Users\hedra\Desktop\Sourcecode\NexusV2\Nexus-backend\tests\Unit\HedraSoul\HedraMemoryServiceTest.php" line="107" class="Tests\Unit\HedraSoul\HedraMemoryServiceTest" classname="Tests.Unit.HedraSoul.HedraMemoryServiceTest" assertions="2" time="0.053986"/>
        <testcase name="test_reject_creates_no_fact" file="C:\Users\hedra\Desktop\Sourcecode\NexusV2\Nexus-backend\tests\Unit\HedraSoul\HedraMemoryServiceTest.php" line="131" class="Tests\Unit\HedraSoul\HedraMemoryServiceTest" classname="Tests.Unit.HedraSoul.HedraMemoryServiceTest" assertions="1" time="0.031093"/>
        <testcase name="test_create_fact_directly" file="C:\Users\hedra\Desktop\Sourcecode\NexusV2\Nexus-backend\tests\Unit\HedraSoul\HedraMemoryServiceTest.php" line="155" class="Tests\Unit\HedraSoul\HedraMemoryServiceTest" classname="Tests.Unit.HedraSoul.HedraMemoryServiceTest" assertions="5" time="0.051791"/>
        <testcase name="test_update_fact_creates_version" file="C:\Users\hedra\Desktop\Sourcecode\NexusV2\Nexus-backend\tests\Unit\HedraSoul\HedraMemoryServiceTest.php" line="182" class="Tests\Unit\HedraSoul\HedraMemoryServiceTest" classname="Tests.Unit.HedraSoul.HedraMemoryServiceTest" assertions="3" time="0.068174"/>
        <testcase name="test_delete_fact" file="C:\Users\hedra\Desktop\Sourcecode\NexusV2\Nexus-backend\tests\Unit\HedraSoul\HedraMemoryServiceTest.php" line="213" class="Tests\Unit\HedraSoul\HedraMemoryServiceTest" classname="Tests.Unit.HedraSoul.HedraMemoryServiceTest" assertions="1" time="0.041863"/>
        <testcase name="test_search_finds_facts" file="C:\Users\hedra\Desktop\Sourcecode\NexusV2\Nexus-backend\tests\Unit\HedraSoul\HedraMemoryServiceTest.php" line="236" class="Tests\Unit\HedraSoul\HedraMemoryServiceTest" classname="Tests.Unit.HedraSoul.HedraMemoryServiceTest" assertions="2" time="0.072386"/>
        <testcase name="test_get_pending_suggestions" file="C:\Users\hedra\Desktop\Sourcecode\NexusV2\Nexus-backend\tests\Unit\HedraSoul\HedraMemoryServiceTest.php" line="258" class="Tests\Unit\HedraSoul\HedraMemoryServiceTest" classname="Tests.Unit.HedraSoul.HedraMemoryServiceTest" assertions="3" time="0.059002"/>
        <testcase name="test_get_facts_returns_approved" file="C:\Users\hedra\Desktop\Sourcecode\NexusV2\Nexus-backend\tests\Unit\HedraSoul\HedraMemoryServiceTest.php" line="293" class="Tests\Unit\HedraSoul\HedraMemoryServiceTest" classname="Tests.Unit.HedraSoul.HedraMemoryServiceTest" assertions="1" time="0.054587"/>
        <testcase name="test_get_facts_with_type_filter" file="C:\Users\hedra\Desktop\Sourcecode\NexusV2\Nexus-backend\tests\Unit\HedraSoul\HedraMemoryServiceTest.php" line="314" class="Tests\Unit\HedraSoul\HedraMemoryServiceTest" classname="Tests.Unit.HedraSoul.HedraMemoryServiceTest" assertions="1" time="0.070994"/>
        <testcase name="test_pbt_100_random_suggestions_facts_only_for_approved" file="C:\Users\hedra\Desktop\Sourcecode\NexusV2\Nexus-backend\tests\Unit\HedraSoul\HedraMemoryServiceTest.php" line="348" class="Tests\Unit\HedraSoul\HedraMemoryServiceTest" classname="Tests.Unit.HedraSoul.HedraMemoryServiceTest" assertions="100" time="0.383792"/>
        <testcase name="test_memory_type_classification" file="C:\Users\hedra\Desktop\Sourcecode\NexusV2\Nexus-backend\tests\Unit\HedraSoul\HedraMemoryServiceTest.php" line="403" class="Tests\Unit\HedraSoul\HedraMemoryServiceTest" classname="Tests.Unit.HedraSoul.HedraMemoryServiceTest" assertions="4" time="0.065318"/>
        <testcase name="test_approve_creates_version_record" file="C:\Users\hedra\Desktop\Sourcecode\NexusV2\Nexus-backend\tests\Unit\HedraSoul\HedraMemoryServiceTest.php" line="436" class="Tests\Unit\HedraSoul\HedraMemoryServiceTest" classname="Tests.Unit.HedraSoul.HedraMemoryServiceTest" assertions="2" time="0.062789"/>
        <testcase name="test_multiple_suggestion_cycles" file="C:\Users\hedra\Desktop\Sourcecode\NexusV2\Nexus-backend\tests\Unit\HedraSoul\HedraMemoryServiceTest.php" line="459" class="Tests\Unit\HedraSoul\HedraMemoryServiceTest" classname="Tests.Unit.HedraSoul.HedraMemoryServiceTest" assertions="4" time="0.071052"/>
      </testsuite>
      <testsuite name="Tests\Unit\HedraSoul\MessageServiceTest" file="C:\Users\hedra\Desktop\Sourcecode\NexusV2\Nexus-backend\tests\Unit\HedraSoul\MessageServiceTest.php" tests="1" assertions="4" errors="0" failures="0" skipped="0" time="0.055511">
        <testcase name="test_it_stores_a_message" file="C:\Users\hedra\Desktop\Sourcecode\NexusV2\Nexus-backend\tests\Unit\HedraSoul\MessageServiceTest.php" line="16" class="Tests\Unit\HedraSoul\MessageServiceTest" classname="Tests.Unit.HedraSoul.MessageServiceTest" assertions="4" time="0.055511"/>
      </testsuite>
      <testsuite name="Tests\Unit\HedraSoul\SessionServiceTest" file="C:\Users\hedra\Desktop\Sourcecode\NexusV2\Nexus-backend\tests\Unit\HedraSoul\SessionServiceTest.php" tests="2" assertions="4" errors="0" failures="0" skipped="0" time="0.110428">
        <testcase name="test_it_creates_a_new_session" file="C:\Users\hedra\Desktop\Sourcecode\NexusV2\Nexus-backend\tests\Unit\HedraSoul\SessionServiceTest.php" line="15" class="Tests\Unit\HedraSoul\SessionServiceTest" classname="Tests.Unit.HedraSoul.SessionServiceTest" assertions="3" time="0.059165"/>
        <testcase name="test_it_retrieves_current_session" file="C:\Users\hedra\Desktop\Sourcecode\NexusV2\Nexus-backend\tests\Unit\HedraSoul\SessionServiceTest.php" line="28" class="Tests\Unit\HedraSoul\SessionServiceTest" classname="Tests.Unit.HedraSoul.SessionServiceTest" assertions="1" time="0.051263"/>
      </testsuite>
      <testsuite name="Tests\Unit\HedraSoul\SoulyActionPolicyServiceTest" file="C:\Users\hedra\Desktop\Sourcecode\NexusV2\Nexus-backend\tests\Unit\HedraSoul\SoulyActionPolicyServiceTest.php" tests="11" assertions="115" errors="0" failures="0" skipped="0" time="0.769391">
        <testcase name="test_chat_only_blocks_write_actions" file="C:\Users\hedra\Desktop\Sourcecode\NexusV2\Nexus-backend\tests\Unit\HedraSoul\SoulyActionPolicyServiceTest.php" line="30" class="Tests\Unit\HedraSoul\SoulyActionPolicyServiceTest" classname="Tests.Unit.HedraSoul.SoulyActionPolicyServiceTest" assertions="4" time="0.069229"/>
        <testcase name="test_chat_only_allows_read_actions" file="C:\Users\hedra\Desktop\Sourcecode\NexusV2\Nexus-backend\tests\Unit\HedraSoul\SoulyActionPolicyServiceTest.php" line="56" class="Tests\Unit\HedraSoul\SoulyActionPolicyServiceTest" classname="Tests.Unit.HedraSoul.SoulyActionPolicyServiceTest" assertions="2" time="0.061702"/>
        <testcase name="test_copilot_mode_enforcement" file="C:\Users\hedra\Desktop\Sourcecode\NexusV2\Nexus-backend\tests\Unit\HedraSoul\SoulyActionPolicyServiceTest.php" line="78" class="Tests\Unit\HedraSoul\SoulyActionPolicyServiceTest" classname="Tests.Unit.HedraSoul.SoulyActionPolicyServiceTest" assertions="3" time="0.062386"/>
        <testcase name="test_operator_mode_enforcement" file="C:\Users\hedra\Desktop\Sourcecode\NexusV2\Nexus-backend\tests\Unit\HedraSoul\SoulyActionPolicyServiceTest.php" line="103" class="Tests\Unit\HedraSoul\SoulyActionPolicyServiceTest" classname="Tests.Unit.HedraSoul.SoulyActionPolicyServiceTest" assertions="3" time="0.091189"/>
        <testcase name="test_autopilot_limited_mode_enforcement" file="C:\Users\hedra\Desktop\Sourcecode\NexusV2\Nexus-backend\tests\Unit\HedraSoul\SoulyActionPolicyServiceTest.php" line="128" class="Tests\Unit\HedraSoul\SoulyActionPolicyServiceTest" classname="Tests.Unit.HedraSoul.SoulyActionPolicyServiceTest" assertions="2" time="0.083735"/>
        <testcase name="test_emergency_paused_blocks_all" file="C:\Users\hedra\Desktop\Sourcecode\NexusV2\Nexus-backend\tests\Unit\HedraSoul\SoulyActionPolicyServiceTest.php" line="152" class="Tests\Unit\HedraSoul\SoulyActionPolicyServiceTest" classname="Tests.Unit.HedraSoul.SoulyActionPolicyServiceTest" assertions="3" time="0.064893"/>
        <testcase name="test_quarantine_blocks_all_intents" file="C:\Users\hedra\Desktop\Sourcecode\NexusV2\Nexus-backend\tests\Unit\HedraSoul\SoulyActionPolicyServiceTest.php" line="177" class="Tests\Unit\HedraSoul\SoulyActionPolicyServiceTest" classname="Tests.Unit.HedraSoul.SoulyActionPolicyServiceTest" assertions="3" time="0.062273"/>
        <testcase name="test_blocked_action_returns_explanation" file="C:\Users\hedra\Desktop\Sourcecode\NexusV2\Nexus-backend\tests\Unit\HedraSoul\SoulyActionPolicyServiceTest.php" line="202" class="Tests\Unit\HedraSoul\SoulyActionPolicyServiceTest" classname="Tests.Unit.HedraSoul.SoulyActionPolicyServiceTest" assertions="3" time="0.049274"/>
        <testcase name="test_100_random_mode_risk_combinations" file="C:\Users\hedra\Desktop\Sourcecode\NexusV2\Nexus-backend\tests\Unit\HedraSoul\SoulyActionPolicyServiceTest.php" line="225" class="Tests\Unit\HedraSoul\SoulyActionPolicyServiceTest" classname="Tests.Unit.HedraSoul.SoulyActionPolicyServiceTest" assertions="85" time="0.139106"/>
        <testcase name="test_policy_result_always_has_required_fields" file="C:\Users\hedra\Desktop\Sourcecode\NexusV2\Nexus-backend\tests\Unit\HedraSoul\SoulyActionPolicyServiceTest.php" line="334" class="Tests\Unit\HedraSoul\SoulyActionPolicyServiceTest" classname="Tests.Unit.HedraSoul.SoulyActionPolicyServiceTest" assertions="4" time="0.046311"/>
        <testcase name="test_allowed_action_returns_explanation" file="C:\Users\hedra\Desktop\Sourcecode\NexusV2\Nexus-backend\tests\Unit\HedraSoul\SoulyActionPolicyServiceTest.php" line="357" class="Tests\Unit\HedraSoul\SoulyActionPolicyServiceTest" classname="Tests.Unit.HedraSoul.SoulyActionPolicyServiceTest" assertions="3" time="0.039293"/>
      </testsuite>
      <testsuite name="Tests\Unit\HedraSoul\SoulyCommandRouterTest" file="C:\Users\hedra\Desktop\Sourcecode\NexusV2\Nexus-backend\tests\Unit\HedraSoul\SoulyCommandRouterTest.php" tests="14" assertions="56" errors="0" failures="0" skipped="0" time="0.664189">
        <testcase name="test_plain_question_returns_answer_intent" file="C:\Users\hedra\Desktop\Sourcecode\NexusV2\Nexus-backend\tests\Unit\HedraSoul\SoulyCommandRouterTest.php" line="46" class="Tests\Unit\HedraSoul\SoulyCommandRouterTest" classname="Tests.Unit.HedraSoul.SoulyCommandRouterTest" assertions="4" time="0.043753"/>
        <testcase name="test_draft_intent_classification" file="C:\Users\hedra\Desktop\Sourcecode\NexusV2\Nexus-backend\tests\Unit\HedraSoul\SoulyCommandRouterTest.php" line="69" class="Tests\Unit\HedraSoul\SoulyCommandRouterTest" classname="Tests.Unit.HedraSoul.SoulyCommandRouterTest" assertions="2" time="0.043312"/>
        <testcase name="test_create_task_intent_classification" file="C:\Users\hedra\Desktop\Sourcecode\NexusV2\Nexus-backend\tests\Unit\HedraSoul\SoulyCommandRouterTest.php" line="90" class="Tests\Unit\HedraSoul\SoulyCommandRouterTest" classname="Tests.Unit.HedraSoul.SoulyCommandRouterTest" assertions="2" time="0.048957"/>
        <testcase name="test_execute_agent_intent_classification" file="C:\Users\hedra\Desktop\Sourcecode\NexusV2\Nexus-backend\tests\Unit\HedraSoul\SoulyCommandRouterTest.php" line="111" class="Tests\Unit\HedraSoul\SoulyCommandRouterTest" classname="Tests.Unit.HedraSoul.SoulyCommandRouterTest" assertions="2" time="0.046636"/>
        <testcase name="test_start_workflow_intent_classification" file="C:\Users\hedra\Desktop\Sourcecode\NexusV2\Nexus-backend\tests\Unit\HedraSoul\SoulyCommandRouterTest.php" line="132" class="Tests\Unit\HedraSoul\SoulyCommandRouterTest" classname="Tests.Unit.HedraSoul.SoulyCommandRouterTest" assertions="2" time="0.034412"/>
        <testcase name="test_schedule_work_intent_classification" file="C:\Users\hedra\Desktop\Sourcecode\NexusV2\Nexus-backend\tests\Unit\HedraSoul\SoulyCommandRouterTest.php" line="153" class="Tests\Unit\HedraSoul\SoulyCommandRouterTest" classname="Tests.Unit.HedraSoul.SoulyCommandRouterTest" assertions="2" time="0.042279"/>
        <testcase name="test_open_approval_intent_classification" file="C:\Users\hedra\Desktop\Sourcecode\NexusV2\Nexus-backend\tests\Unit\HedraSoul\SoulyCommandRouterTest.php" line="174" class="Tests\Unit\HedraSoul\SoulyCommandRouterTest" classname="Tests.Unit.HedraSoul.SoulyCommandRouterTest" assertions="2" time="0.041757"/>
        <testcase name="test_update_profile_intent_classification" file="C:\Users\hedra\Desktop\Sourcecode\NexusV2\Nexus-backend\tests\Unit\HedraSoul\SoulyCommandRouterTest.php" line="195" class="Tests\Unit\HedraSoul\SoulyCommandRouterTest" classname="Tests.Unit.HedraSoul.SoulyCommandRouterTest" assertions="2" time="0.058575"/>
        <testcase name="test_suggest_memory_intent_classification" file="C:\Users\hedra\Desktop\Sourcecode\NexusV2\Nexus-backend\tests\Unit\HedraSoul\SoulyCommandRouterTest.php" line="216" class="Tests\Unit\HedraSoul\SoulyCommandRouterTest" classname="Tests.Unit.HedraSoul.SoulyCommandRouterTest" assertions="2" time="0.067101"/>
        <testcase name="test_suggest_setting_intent_classification" file="C:\Users\hedra\Desktop\Sourcecode\NexusV2\Nexus-backend\tests\Unit\HedraSoul\SoulyCommandRouterTest.php" line="237" class="Tests\Unit\HedraSoul\SoulyCommandRouterTest" classname="Tests.Unit.HedraSoul.SoulyCommandRouterTest" assertions="2" time="0.052664"/>
        <testcase name="test_notify_intent_classification" file="C:\Users\hedra\Desktop\Sourcecode\NexusV2\Nexus-backend\tests\Unit\HedraSoul\SoulyCommandRouterTest.php" line="258" class="Tests\Unit\HedraSoul\SoulyCommandRouterTest" classname="Tests.Unit.HedraSoul.SoulyCommandRouterTest" assertions="2" time="0.043119"/>
        <testcase name="test_risk_levels_match_intent_types" file="C:\Users\hedra\Desktop\Sourcecode\NexusV2\Nexus-backend\tests\Unit\HedraSoul\SoulyCommandRouterTest.php" line="279" class="Tests\Unit\HedraSoul\SoulyCommandRouterTest" classname="Tests.Unit.HedraSoul.SoulyCommandRouterTest" assertions="22" time="0.044150"/>
        <testcase name="test_policy_service_invoked_and_result_included" file="C:\Users\hedra\Desktop\Sourcecode\NexusV2\Nexus-backend\tests\Unit\HedraSoul\SoulyCommandRouterTest.php" line="333" class="Tests\Unit\HedraSoul\SoulyCommandRouterTest" classname="Tests.Unit.HedraSoul.SoulyCommandRouterTest" assertions="5" time="0.051557"/>
        <testcase name="test_command_intent_contains_all_required_fields" file="C:\Users\hedra\Desktop\Sourcecode\NexusV2\Nexus-backend\tests\Unit\HedraSoul\SoulyCommandRouterTest.php" line="358" class="Tests\Unit\HedraSoul\SoulyCommandRouterTest" classname="Tests.Unit.HedraSoul.SoulyCommandRouterTest" assertions="5" time="0.045917"/>
      </testsuite>
      <testsuite name="Tests\Unit\HedraSoul\SoulyContextAssemblerTest" file="C:\Users\hedra\Desktop\Sourcecode\NexusV2\Nexus-backend\tests\Unit\HedraSoul\SoulyContextAssemblerTest.php" tests="10" assertions="31" errors="0" failures="0" skipped="0" time="0.674266">
        <testcase name="test_snapshot_includes_all_required_sections" file="C:\Users\hedra\Desktop\Sourcecode\NexusV2\Nexus-backend\tests\Unit\HedraSoul\SoulyContextAssemblerTest.php" line="58" class="Tests\Unit\HedraSoul\SoulyContextAssemblerTest" classname="Tests.Unit.HedraSoul.SoulyContextAssemblerTest" assertions="10" time="0.041623"/>
        <testcase name="test_token_estimate_calculation" file="C:\Users\hedra\Desktop\Sourcecode\NexusV2\Nexus-backend\tests\Unit\HedraSoul\SoulyContextAssemblerTest.php" line="97" class="Tests\Unit\HedraSoul\SoulyContextAssemblerTest" classname="Tests.Unit.HedraSoul.SoulyContextAssemblerTest" assertions="2" time="0.040271"/>
        <testcase name="test_old_messages_removed_when_over_budget" file="C:\Users\hedra\Desktop\Sourcecode\NexusV2\Nexus-backend\tests\Unit\HedraSoul\SoulyContextAssemblerTest.php" line="119" class="Tests\Unit\HedraSoul\SoulyContextAssemblerTest" classname="Tests.Unit.HedraSoul.SoulyContextAssemblerTest" assertions="2" time="0.048518"/>
        <testcase name="test_excluded_items_contains_keys_and_reasons" file="C:\Users\hedra\Desktop\Sourcecode\NexusV2\Nexus-backend\tests\Unit\HedraSoul\SoulyContextAssemblerTest.php" line="153" class="Tests\Unit\HedraSoul\SoulyContextAssemblerTest" classname="Tests.Unit.HedraSoul.SoulyContextAssemblerTest" assertions="0" time="0.066255"/>
        <testcase name="test_context_snapshot_record_persisted" file="C:\Users\hedra\Desktop\Sourcecode\NexusV2\Nexus-backend\tests\Unit\HedraSoul\SoulyContextAssemblerTest.php" line="187" class="Tests\Unit\HedraSoul\SoulyContextAssemblerTest" classname="Tests.Unit.HedraSoul.SoulyContextAssemblerTest" assertions="1" time="0.036183"/>
        <testcase name="test_snapshot_contains_instruction_content" file="C:\Users\hedra\Desktop\Sourcecode\NexusV2\Nexus-backend\tests\Unit\HedraSoul\SoulyContextAssemblerTest.php" line="211" class="Tests\Unit\HedraSoul\SoulyContextAssemblerTest" classname="Tests.Unit.HedraSoul.SoulyContextAssemblerTest" assertions="2" time="0.050737"/>
        <testcase name="test_snapshot_includes_recent_messages" file="C:\Users\hedra\Desktop\Sourcecode\NexusV2\Nexus-backend\tests\Unit\HedraSoul\SoulyContextAssemblerTest.php" line="236" class="Tests\Unit\HedraSoul\SoulyContextAssemblerTest" classname="Tests.Unit.HedraSoul.SoulyContextAssemblerTest" assertions="3" time="0.047515"/>
        <testcase name="test_snapshot_includes_injected_facts" file="C:\Users\hedra\Desktop\Sourcecode\NexusV2\Nexus-backend\tests\Unit\HedraSoul\SoulyContextAssemblerTest.php" line="262" class="Tests\Unit\HedraSoul\SoulyContextAssemblerTest" classname="Tests.Unit.HedraSoul.SoulyContextAssemblerTest" assertions="3" time="0.122387"/>
        <testcase name="test_snapshot_includes_tool_permissions" file="C:\Users\hedra\Desktop\Sourcecode\NexusV2\Nexus-backend\tests\Unit\HedraSoul\SoulyContextAssemblerTest.php" line="298" class="Tests\Unit\HedraSoul\SoulyContextAssemblerTest" classname="Tests.Unit.HedraSoul.SoulyContextAssemblerTest" assertions="6" time="0.132468"/>
        <testcase name="test_snapshot_risk_classification" file="C:\Users\hedra\Desktop\Sourcecode\NexusV2\Nexus-backend\tests\Unit\HedraSoul\SoulyContextAssemblerTest.php" line="324" class="Tests\Unit\HedraSoul\SoulyContextAssemblerTest" classname="Tests.Unit.HedraSoul.SoulyContextAssemblerTest" assertions="2" time="0.088309"/>
      </testsuite>
      <testsuite name="Tests\Unit\HedraSoul\SoulyInstructionVersionServiceTest" file="C:\Users\hedra\Desktop\Sourcecode\NexusV2\Nexus-backend\tests\Unit\HedraSoul\SoulyInstructionVersionServiceTest.php" tests="16" assertions="145" errors="0" failures="0" skipped="0" time="1.250543">
        <testcase name="test_create_draft_produces_draft_status" file="C:\Users\hedra\Desktop\Sourcecode\NexusV2\Nexus-backend\tests\Unit\HedraSoul\SoulyInstructionVersionServiceTest.php" line="53" class="Tests\Unit\HedraSoul\SoulyInstructionVersionServiceTest" classname="Tests.Unit.HedraSoul.SoulyInstructionVersionServiceTest" assertions="4" time="0.077081"/>
        <testcase name="test_create_draft_increments_version_number" file="C:\Users\hedra\Desktop\Sourcecode\NexusV2\Nexus-backend\tests\Unit\HedraSoul\SoulyInstructionVersionServiceTest.php" line="73" class="Tests\Unit\HedraSoul\SoulyInstructionVersionServiceTest" classname="Tests.Unit.HedraSoul.SoulyInstructionVersionServiceTest" assertions="3" time="0.086744"/>
        <testcase name="test_activate_sets_version_to_active" file="C:\Users\hedra\Desktop\Sourcecode\NexusV2\Nexus-backend\tests\Unit\HedraSoul\SoulyInstructionVersionServiceTest.php" line="88" class="Tests\Unit\HedraSoul\SoulyInstructionVersionServiceTest" classname="Tests.Unit.HedraSoul.SoulyInstructionVersionServiceTest" assertions="3" time="0.103093"/>
        <testcase name="test_activate_archives_previous_active" file="C:\Users\hedra\Desktop\Sourcecode\NexusV2\Nexus-backend\tests\Unit\HedraSoul\SoulyInstructionVersionServiceTest.php" line="103" class="Tests\Unit\HedraSoul\SoulyInstructionVersionServiceTest" classname="Tests.Unit.HedraSoul.SoulyInstructionVersionServiceTest" assertions="3" time="0.063744"/>
        <testcase name="test_rollback_activates_prior_version" file="C:\Users\hedra\Desktop\Sourcecode\NexusV2\Nexus-backend\tests\Unit\HedraSoul\SoulyInstructionVersionServiceTest.php" line="129" class="Tests\Unit\HedraSoul\SoulyInstructionVersionServiceTest" classname="Tests.Unit.HedraSoul.SoulyInstructionVersionServiceTest" assertions="2" time="0.038878"/>
        <testcase name="test_test_sandbox_returns_response" file="C:\Users\hedra\Desktop\Sourcecode\NexusV2\Nexus-backend\tests\Unit\HedraSoul\SoulyInstructionVersionServiceTest.php" line="150" class="Tests\Unit\HedraSoul\SoulyInstructionVersionServiceTest" classname="Tests.Unit.HedraSoul.SoulyInstructionVersionServiceTest" assertions="2" time="0.043192"/>
        <testcase name="test_test_sandbox_persists_no_side_effects" file="C:\Users\hedra\Desktop\Sourcecode\NexusV2\Nexus-backend\tests\Unit\HedraSoul\SoulyInstructionVersionServiceTest.php" line="163" class="Tests\Unit\HedraSoul\SoulyInstructionVersionServiceTest" classname="Tests.Unit.HedraSoul.SoulyInstructionVersionServiceTest" assertions="1" time="0.051320"/>
        <testcase name="test_pbt_activate_maintains_single_active_version" file="C:\Users\hedra\Desktop\Sourcecode\NexusV2\Nexus-backend\tests\Unit\HedraSoul\SoulyInstructionVersionServiceTest.php" line="179" class="Tests\Unit\HedraSoul\SoulyInstructionVersionServiceTest" classname="Tests.Unit.HedraSoul.SoulyInstructionVersionServiceTest" assertions="100" time="0.159907"/>
        <testcase name="test_diff_returns_version_info" file="C:\Users\hedra\Desktop\Sourcecode\NexusV2\Nexus-backend\tests\Unit\HedraSoul\SoulyInstructionVersionServiceTest.php" line="204" class="Tests\Unit\HedraSoul\SoulyInstructionVersionServiceTest" classname="Tests.Unit.HedraSoul.SoulyInstructionVersionServiceTest" assertions="6" time="0.046629"/>
        <testcase name="test_get_versions_returns_all" file="C:\Users\hedra\Desktop\Sourcecode\NexusV2\Nexus-backend\tests\Unit\HedraSoul\SoulyInstructionVersionServiceTest.php" line="224" class="Tests\Unit\HedraSoul\SoulyInstructionVersionServiceTest" classname="Tests.Unit.HedraSoul.SoulyInstructionVersionServiceTest" assertions="2" time="0.100847"/>
        <testcase name="test_get_versions_with_status_filter" file="C:\Users\hedra\Desktop\Sourcecode\NexusV2\Nexus-backend\tests\Unit\HedraSoul\SoulyInstructionVersionServiceTest.php" line="239" class="Tests\Unit\HedraSoul\SoulyInstructionVersionServiceTest" classname="Tests.Unit.HedraSoul.SoulyInstructionVersionServiceTest" assertions="2" time="0.120794"/>
        <testcase name="test_get_active_returns_current_active" file="C:\Users\hedra\Desktop\Sourcecode\NexusV2\Nexus-backend\tests\Unit\HedraSoul\SoulyInstructionVersionServiceTest.php" line="256" class="Tests\Unit\HedraSoul\SoulyInstructionVersionServiceTest" classname="Tests.Unit.HedraSoul.SoulyInstructionVersionServiceTest" assertions="3" time="0.080930"/>
        <testcase name="test_activate_updates_runtime_profile" file="C:\Users\hedra\Desktop\Sourcecode\NexusV2\Nexus-backend\tests\Unit\HedraSoul\SoulyInstructionVersionServiceTest.php" line="271" class="Tests\Unit\HedraSoul\SoulyInstructionVersionServiceTest" classname="Tests.Unit.HedraSoul.SoulyInstructionVersionServiceTest" assertions="1" time="0.052527"/>
        <testcase name="test_rollback_complex_scenario" file="C:\Users\hedra\Desktop\Sourcecode\NexusV2\Nexus-backend\tests\Unit\HedraSoul\SoulyInstructionVersionServiceTest.php" line="283" class="Tests\Unit\HedraSoul\SoulyInstructionVersionServiceTest" classname="Tests.Unit.HedraSoul.SoulyInstructionVersionServiceTest" assertions="3" time="0.074964"/>
        <testcase name="test_version_numbers_always_increase" file="C:\Users\hedra\Desktop\Sourcecode\NexusV2\Nexus-backend\tests\Unit\HedraSoul\SoulyInstructionVersionServiceTest.php" line="311" class="Tests\Unit\HedraSoul\SoulyInstructionVersionServiceTest" classname="Tests.Unit.HedraSoul.SoulyInstructionVersionServiceTest" assertions="9" time="0.076096"/>
        <testcase name="test_content_preserved_through_lifecycle" file="C:\Users\hedra\Desktop\Sourcecode\NexusV2\Nexus-backend\tests\Unit\HedraSoul\SoulyInstructionVersionServiceTest.php" line="328" class="Tests\Unit\HedraSoul\SoulyInstructionVersionServiceTest" classname="Tests.Unit.HedraSoul.SoulyInstructionVersionServiceTest" assertions="1" time="0.073797"/>
      </testsuite>
      <testsuite name="Tests\Unit\IntentRoutingEngineTest" file="C:\Users\hedra\Desktop\Sourcecode\NexusV2\Nexus-backend\tests\Unit\IntentRoutingEngineTest.php" tests="5" assertions="15" errors="0" failures="0" skipped="0" time="0.370305">
        <testcase name="it_resolves_intent_to_provider_and_model" file="C:\Users\hedra\Desktop\Sourcecode\NexusV2\Nexus-backend\tests\Unit\IntentRoutingEngineTest.php" line="17" class="Tests\Unit\IntentRoutingEngineTest" classname="Tests.Unit.IntentRoutingEngineTest" assertions="3" time="0.049832"/>
        <testcase name="it_returns_null_for_unknown_intent" file="C:\Users\hedra\Desktop\Sourcecode\NexusV2\Nexus-backend\tests\Unit\IntentRoutingEngineTest.php" line="41" class="Tests\Unit\IntentRoutingEngineTest" classname="Tests.Unit.IntentRoutingEngineTest" assertions="1" time="0.059379"/>
        <testcase name="it_gets_fallback_options" file="C:\Users\hedra\Desktop\Sourcecode\NexusV2\Nexus-backend\tests\Unit\IntentRoutingEngineTest.php" line="51" class="Tests\Unit\IntentRoutingEngineTest" classname="Tests.Unit.IntentRoutingEngineTest" assertions="4" time="0.089001"/>
        <testcase name="it_creates_or_updates_intent_routing" file="C:\Users\hedra\Desktop\Sourcecode\NexusV2\Nexus-backend\tests\Unit\IntentRoutingEngineTest.php" line="82" class="Tests\Unit\IntentRoutingEngineTest" classname="Tests.Unit.IntentRoutingEngineTest" assertions="5" time="0.106047"/>
        <testcase name="it_deletes_intent_routing" file="C:\Users\hedra\Desktop\Sourcecode\NexusV2\Nexus-backend\tests\Unit\IntentRoutingEngineTest.php" line="126" class="Tests\Unit\IntentRoutingEngineTest" classname="Tests.Unit.IntentRoutingEngineTest" assertions="2" time="0.066046"/>
      </testsuite>
      <testsuite name="Tests\Unit\LogServiceTest" file="C:\Users\hedra\Desktop\Sourcecode\NexusV2\Nexus-backend\tests\Unit\LogServiceTest.php" tests="14" assertions="43" errors="0" failures="0" skipped="0" time="0.848677">
        <testcase name="test_log_creates_record" file="C:\Users\hedra\Desktop\Sourcecode\NexusV2\Nexus-backend\tests\Unit\LogServiceTest.php" line="22" class="Tests\Unit\LogServiceTest" classname="Tests.Unit.LogServiceTest" assertions="4" time="0.062615"/>
        <testcase name="test_log_with_all_levels" file="C:\Users\hedra\Desktop\Sourcecode\NexusV2\Nexus-backend\tests\Unit\LogServiceTest.php" line="32" class="Tests\Unit\LogServiceTest" classname="Tests.Unit.LogServiceTest" assertions="16" time="0.068905"/>
        <testcase name="test_log_with_related_entity" file="C:\Users\hedra\Desktop\Sourcecode\NexusV2\Nexus-backend\tests\Unit\LogServiceTest.php" line="46" class="Tests\Unit\LogServiceTest" classname="Tests.Unit.LogServiceTest" assertions="2" time="0.051665"/>
        <testcase name="test_log_with_context" file="C:\Users\hedra\Desktop\Sourcecode\NexusV2\Nexus-backend\tests\Unit\LogServiceTest.php" line="58" class="Tests\Unit\LogServiceTest" classname="Tests.Unit.LogServiceTest" assertions="1" time="0.058269"/>
        <testcase name="test_get_stats" file="C:\Users\hedra\Desktop\Sourcecode\NexusV2\Nexus-backend\tests\Unit\LogServiceTest.php" line="69" class="Tests\Unit\LogServiceTest" classname="Tests.Unit.LogServiceTest" assertions="3" time="0.043787"/>
        <testcase name="test_get_levels" file="C:\Users\hedra\Desktop\Sourcecode\NexusV2\Nexus-backend\tests\Unit\LogServiceTest.php" line="81" class="Tests\Unit\LogServiceTest" classname="Tests.Unit.LogServiceTest" assertions="3" time="0.051228"/>
        <testcase name="test_get_channels" file="C:\Users\hedra\Desktop\Sourcecode\NexusV2\Nexus-backend\tests\Unit\LogServiceTest.php" line="90" class="Tests\Unit\LogServiceTest" classname="Tests.Unit.LogServiceTest" assertions="2" time="0.037434"/>
        <testcase name="test_get_errors" file="C:\Users\hedra\Desktop\Sourcecode\NexusV2\Nexus-backend\tests\Unit\LogServiceTest.php" line="101" class="Tests\Unit\LogServiceTest" classname="Tests.Unit.LogServiceTest" assertions="1" time="0.060616"/>
        <testcase name="test_get_by_id" file="C:\Users\hedra\Desktop\Sourcecode\NexusV2\Nexus-backend\tests\Unit\LogServiceTest.php" line="112" class="Tests\Unit\LogServiceTest" classname="Tests.Unit.LogServiceTest" assertions="1" time="0.050207"/>
        <testcase name="test_delete" file="C:\Users\hedra\Desktop\Sourcecode\NexusV2\Nexus-backend\tests\Unit\LogServiceTest.php" line="121" class="Tests\Unit\LogServiceTest" classname="Tests.Unit.LogServiceTest" assertions="2" time="0.079129"/>
        <testcase name="test_delete_nonexistent_returns_false" file="C:\Users\hedra\Desktop\Sourcecode\NexusV2\Nexus-backend\tests\Unit\LogServiceTest.php" line="131" class="Tests\Unit\LogServiceTest" classname="Tests.Unit.LogServiceTest" assertions="1" time="0.057367"/>
        <testcase name="test_by_channel" file="C:\Users\hedra\Desktop\Sourcecode\NexusV2\Nexus-backend\tests\Unit\LogServiceTest.php" line="138" class="Tests\Unit\LogServiceTest" classname="Tests.Unit.LogServiceTest" assertions="1" time="0.068101"/>
        <testcase name="test_clear_old_logs" file="C:\Users\hedra\Desktop\Sourcecode\NexusV2\Nexus-backend\tests\Unit\LogServiceTest.php" line="148" class="Tests\Unit\LogServiceTest" classname="Tests.Unit.LogServiceTest" assertions="3" time="0.077324"/>
        <testcase name="test_log_related_helper" file="C:\Users\hedra\Desktop\Sourcecode\NexusV2\Nexus-backend\tests\Unit\LogServiceTest.php" line="164" class="Tests\Unit\LogServiceTest" classname="Tests.Unit.LogServiceTest" assertions="3" time="0.082030"/>
      </testsuite>
      <testsuite name="Tests\Unit\ModelTest" file="C:\Users\hedra\Desktop\Sourcecode\NexusV2\Nexus-backend\tests\Unit\ModelTest.php" tests="85" assertions="158" errors="0" failures="0" skipped="0" time="4.365461">
        <testcase name="test_agent_has_correct_fillable_attributes" file="C:\Users\hedra\Desktop\Sourcecode\NexusV2\Nexus-backend\tests\Unit\ModelTest.php" line="22" class="Tests\Unit\ModelTest" classname="Tests.Unit.ModelTest" assertions="1" time="0.082372"/>
        <testcase name="test_agent_has_correct_casts" file="C:\Users\hedra\Desktop\Sourcecode\NexusV2\Nexus-backend\tests\Unit\ModelTest.php" line="33" class="Tests\Unit\ModelTest" classname="Tests.Unit.ModelTest" assertions="5" time="0.059233"/>
        <testcase name="test_agent_default_status_is_idle" file="C:\Users\hedra\Desktop\Sourcecode\NexusV2\Nexus-backend\tests\Unit\ModelTest.php" line="44" class="Tests\Unit\ModelTest" classname="Tests.Unit.ModelTest" assertions="1" time="0.059897"/>
        <testcase name="test_agent_default_is_active_is_true" file="C:\Users\hedra\Desktop\Sourcecode\NexusV2\Nexus-backend\tests\Unit\ModelTest.php" line="50" class="Tests\Unit\ModelTest" classname="Tests.Unit.ModelTest" assertions="1" time="0.047397"/>
        <testcase name="test_agent_type_constants_exist" file="C:\Users\hedra\Desktop\Sourcecode\NexusV2\Nexus-backend\tests\Unit\ModelTest.php" line="56" class="Tests\Unit\ModelTest" classname="Tests.Unit.ModelTest" assertions="5" time="0.044156"/>
        <testcase name="test_agent_status_constants_exist" file="C:\Users\hedra\Desktop\Sourcecode\NexusV2\Nexus-backend\tests\Unit\ModelTest.php" line="65" class="Tests\Unit\ModelTest" classname="Tests.Unit.ModelTest" assertions="5" time="0.048606"/>
        <testcase name="test_agent_can_be_created_with_factory" file="C:\Users\hedra\Desktop\Sourcecode\NexusV2\Nexus-backend\tests\Unit\ModelTest.php" line="74" class="Tests\Unit\ModelTest" classname="Tests.Unit.ModelTest" assertions="3" time="0.045847"/>
        <testcase name="test_agent_has_tools_relationship" file="C:\Users\hedra\Desktop\Sourcecode\NexusV2\Nexus-backend\tests\Unit\ModelTest.php" line="82" class="Tests\Unit\ModelTest" classname="Tests.Unit.ModelTest" assertions="1" time="0.048859"/>
        <testcase name="test_agent_has_skills_relationship" file="C:\Users\hedra\Desktop\Sourcecode\NexusV2\Nexus-backend\tests\Unit\ModelTest.php" line="89" class="Tests\Unit\ModelTest" classname="Tests.Unit.ModelTest" assertions="1" time="0.053997"/>
        <testcase name="test_agent_has_tasks_relationship" file="C:\Users\hedra\Desktop\Sourcecode\NexusV2\Nexus-backend\tests\Unit\ModelTest.php" line="96" class="Tests\Unit\ModelTest" classname="Tests.Unit.ModelTest" assertions="1" time="0.050246"/>
        <testcase name="test_agent_active_tools_returns_only_active" file="C:\Users\hedra\Desktop\Sourcecode\NexusV2\Nexus-backend\tests\Unit\ModelTest.php" line="103" class="Tests\Unit\ModelTest" classname="Tests.Unit.ModelTest" assertions="2" time="0.055130"/>
        <testcase name="test_agent_is_running_returns_true_when_running" file="C:\Users\hedra\Desktop\Sourcecode\NexusV2\Nexus-backend\tests\Unit\ModelTest.php" line="114" class="Tests\Unit\ModelTest" classname="Tests.Unit.ModelTest" assertions="1" time="0.042700"/>
        <testcase name="test_agent_is_idle_returns_true_when_idle" file="C:\Users\hedra\Desktop\Sourcecode\NexusV2\Nexus-backend\tests\Unit\ModelTest.php" line="120" class="Tests\Unit\ModelTest" classname="Tests.Unit.ModelTest" assertions="1" time="0.047015"/>
        <testcase name="test_agent_has_error_returns_true_when_error" file="C:\Users\hedra\Desktop\Sourcecode\NexusV2\Nexus-backend\tests\Unit\ModelTest.php" line="126" class="Tests\Unit\ModelTest" classname="Tests.Unit.ModelTest" assertions="1" time="0.050284"/>
        <testcase name="test_agent_get_success_rate_returns_zero_when_no_executions" file="C:\Users\hedra\Desktop\Sourcecode\NexusV2\Nexus-backend\tests\Unit\ModelTest.php" line="132" class="Tests\Unit\ModelTest" classname="Tests.Unit.ModelTest" assertions="1" time="0.036530"/>
        <testcase name="test_agent_get_success_rate_calculates_correctly" file="C:\Users\hedra\Desktop\Sourcecode\NexusV2\Nexus-backend\tests\Unit\ModelTest.php" line="138" class="Tests\Unit\ModelTest" classname="Tests.Unit.ModelTest" assertions="1" time="0.031760"/>
        <testcase name="test_agent_increment_execution_updates_counters" file="C:\Users\hedra\Desktop\Sourcecode\NexusV2\Nexus-backend\tests\Unit\ModelTest.php" line="147" class="Tests\Unit\ModelTest" classname="Tests.Unit.ModelTest" assertions="2" time="0.034759"/>
        <testcase name="test_agent_record_success_updates_status" file="C:\Users\hedra\Desktop\Sourcecode\NexusV2\Nexus-backend\tests\Unit\ModelTest.php" line="156" class="Tests\Unit\ModelTest" classname="Tests.Unit.ModelTest" assertions="2" time="0.044204"/>
        <testcase name="test_agent_record_error_updates_status" file="C:\Users\hedra\Desktop\Sourcecode\NexusV2\Nexus-backend\tests\Unit\ModelTest.php" line="168" class="Tests\Unit\ModelTest" classname="Tests.Unit.ModelTest" assertions="2" time="0.043426"/>
        <testcase name="test_agent_scope_by_type_filters_correctly" file="C:\Users\hedra\Desktop\Sourcecode\NexusV2\Nexus-backend\tests\Unit\ModelTest.php" line="180" class="Tests\Unit\ModelTest" classname="Tests.Unit.ModelTest" assertions="2" time="0.045992"/>
        <testcase name="test_agent_scope_active_filters_correctly" file="C:\Users\hedra\Desktop\Sourcecode\NexusV2\Nexus-backend\tests\Unit\ModelTest.php" line="190" class="Tests\Unit\ModelTest" classname="Tests.Unit.ModelTest" assertions="2" time="0.054871"/>
        <testcase name="test_agent_type_label_attribute" file="C:\Users\hedra\Desktop\Sourcecode\NexusV2\Nexus-backend\tests\Unit\ModelTest.php" line="200" class="Tests\Unit\ModelTest" classname="Tests.Unit.ModelTest" assertions="2" time="0.040199"/>
        <testcase name="test_agent_status_label_attribute" file="C:\Users\hedra\Desktop\Sourcecode\NexusV2\Nexus-backend\tests\Unit\ModelTest.php" line="209" class="Tests\Unit\ModelTest" classname="Tests.Unit.ModelTest" assertions="2" time="0.041147"/>
        <testcase name="test_workflow_has_correct_fillable_attributes" file="C:\Users\hedra\Desktop\Sourcecode\NexusV2\Nexus-backend\tests\Unit\ModelTest.php" line="220" class="Tests\Unit\ModelTest" classname="Tests.Unit.ModelTest" assertions="1" time="0.038401"/>
        <testcase name="test_workflow_has_correct_casts" file="C:\Users\hedra\Desktop\Sourcecode\NexusV2\Nexus-backend\tests\Unit\ModelTest.php" line="231" class="Tests\Unit\ModelTest" classname="Tests.Unit.ModelTest" assertions="6" time="0.044155"/>
        <testcase name="test_workflow_default_status_is_draft" file="C:\Users\hedra\Desktop\Sourcecode\NexusV2\Nexus-backend\tests\Unit\ModelTest.php" line="243" class="Tests\Unit\ModelTest" classname="Tests.Unit.ModelTest" assertions="1" time="0.041940"/>
        <testcase name="test_workflow_default_trigger_type_is_manual" file="C:\Users\hedra\Desktop\Sourcecode\NexusV2\Nexus-backend\tests\Unit\ModelTest.php" line="249" class="Tests\Unit\ModelTest" classname="Tests.Unit.ModelTest" assertions="1" time="0.039404"/>
        <testcase name="test_workflow_status_constants_exist" file="C:\Users\hedra\Desktop\Sourcecode\NexusV2\Nexus-backend\tests\Unit\ModelTest.php" line="255" class="Tests\Unit\ModelTest" classname="Tests.Unit.ModelTest" assertions="7" time="0.040826"/>
        <testcase name="test_workflow_trigger_constants_exist" file="C:\Users\hedra\Desktop\Sourcecode\NexusV2\Nexus-backend\tests\Unit\ModelTest.php" line="266" class="Tests\Unit\ModelTest" classname="Tests.Unit.ModelTest" assertions="4" time="0.029107"/>
        <testcase name="test_workflow_can_be_created_with_factory" file="C:\Users\hedra\Desktop\Sourcecode\NexusV2\Nexus-backend\tests\Unit\ModelTest.php" line="274" class="Tests\Unit\ModelTest" classname="Tests.Unit.ModelTest" assertions="2" time="0.032905"/>
        <testcase name="test_workflow_has_tasks_relationship" file="C:\Users\hedra\Desktop\Sourcecode\NexusV2\Nexus-backend\tests\Unit\ModelTest.php" line="281" class="Tests\Unit\ModelTest" classname="Tests.Unit.ModelTest" assertions="1" time="0.045759"/>
        <testcase name="test_workflow_is_running_returns_true_when_running" file="C:\Users\hedra\Desktop\Sourcecode\NexusV2\Nexus-backend\tests\Unit\ModelTest.php" line="288" class="Tests\Unit\ModelTest" classname="Tests.Unit.ModelTest" assertions="1" time="0.036684"/>
        <testcase name="test_workflow_is_draft_returns_true_when_draft" file="C:\Users\hedra\Desktop\Sourcecode\NexusV2\Nexus-backend\tests\Unit\ModelTest.php" line="294" class="Tests\Unit\ModelTest" classname="Tests.Unit.ModelTest" assertions="1" time="0.039339"/>
        <testcase name="test_workflow_can_execute_returns_true_for_draft_active_workflow" file="C:\Users\hedra\Desktop\Sourcecode\NexusV2\Nexus-backend\tests\Unit\ModelTest.php" line="300" class="Tests\Unit\ModelTest" classname="Tests.Unit.ModelTest" assertions="1" time="0.041282"/>
        <testcase name="test_workflow_can_execute_returns_false_when_inactive" file="C:\Users\hedra\Desktop\Sourcecode\NexusV2\Nexus-backend\tests\Unit\ModelTest.php" line="309" class="Tests\Unit\ModelTest" classname="Tests.Unit.ModelTest" assertions="1" time="0.048177"/>
        <testcase name="test_workflow_get_success_rate_calculates_correctly" file="C:\Users\hedra\Desktop\Sourcecode\NexusV2\Nexus-backend\tests\Unit\ModelTest.php" line="318" class="Tests\Unit\ModelTest" classname="Tests.Unit.ModelTest" assertions="1" time="0.041832"/>
        <testcase name="test_workflow_progress_attribute_calculates_correctly" file="C:\Users\hedra\Desktop\Sourcecode\NexusV2\Nexus-backend\tests\Unit\ModelTest.php" line="327" class="Tests\Unit\ModelTest" classname="Tests.Unit.ModelTest" assertions="1" time="0.053622"/>
        <testcase name="test_workflow_progress_returns_zero_for_empty_steps" file="C:\Users\hedra\Desktop\Sourcecode\NexusV2\Nexus-backend\tests\Unit\ModelTest.php" line="339" class="Tests\Unit\ModelTest" classname="Tests.Unit.ModelTest" assertions="1" time="0.053124"/>
        <testcase name="test_workflow_total_steps_attribute" file="C:\Users\hedra\Desktop\Sourcecode\NexusV2\Nexus-backend\tests\Unit\ModelTest.php" line="345" class="Tests\Unit\ModelTest" classname="Tests.Unit.ModelTest" assertions="1" time="0.041111"/>
        <testcase name="test_workflow_completed_steps_attribute" file="C:\Users\hedra\Desktop\Sourcecode\NexusV2\Nexus-backend\tests\Unit\ModelTest.php" line="357" class="Tests\Unit\ModelTest" classname="Tests.Unit.ModelTest" assertions="1" time="0.043955"/>
        <testcase name="test_workflow_scope_by_status_filters_correctly" file="C:\Users\hedra\Desktop\Sourcecode\NexusV2\Nexus-backend\tests\Unit\ModelTest.php" line="369" class="Tests\Unit\ModelTest" classname="Tests.Unit.ModelTest" assertions="1" time="0.033741"/>
        <testcase name="test_workflow_scope_active_filters_correctly" file="C:\Users\hedra\Desktop\Sourcecode\NexusV2\Nexus-backend\tests\Unit\ModelTest.php" line="378" class="Tests\Unit\ModelTest" classname="Tests.Unit.ModelTest" assertions="1" time="0.033870"/>
        <testcase name="test_workflow_status_label_attribute" file="C:\Users\hedra\Desktop\Sourcecode\NexusV2\Nexus-backend\tests\Unit\ModelTest.php" line="387" class="Tests\Unit\ModelTest" classname="Tests.Unit.ModelTest" assertions="1" time="0.043463"/>
        <testcase name="test_workflow_trigger_type_label_attribute" file="C:\Users\hedra\Desktop\Sourcecode\NexusV2\Nexus-backend\tests\Unit\ModelTest.php" line="393" class="Tests\Unit\ModelTest" classname="Tests.Unit.ModelTest" assertions="1" time="0.053233"/>
        <testcase name="test_setting_has_correct_fillable_attributes" file="C:\Users\hedra\Desktop\Sourcecode\NexusV2\Nexus-backend\tests\Unit\ModelTest.php" line="401" class="Tests\Unit\ModelTest" classname="Tests.Unit.ModelTest" assertions="1" time="0.035027"/>
        <testcase name="test_setting_has_correct_casts" file="C:\Users\hedra\Desktop\Sourcecode\NexusV2\Nexus-backend\tests\Unit\ModelTest.php" line="410" class="Tests\Unit\ModelTest" classname="Tests.Unit.ModelTest" assertions="3" time="0.046852"/>
        <testcase name="test_setting_type_constants_exist" file="C:\Users\hedra\Desktop\Sourcecode\NexusV2\Nexus-backend\tests\Unit\ModelTest.php" line="419" class="Tests\Unit\ModelTest" classname="Tests.Unit.ModelTest" assertions="5" time="0.032350"/>
        <testcase name="test_setting_group_constants_exist" file="C:\Users\hedra\Desktop\Sourcecode\NexusV2\Nexus-backend\tests\Unit\ModelTest.php" line="428" class="Tests\Unit\ModelTest" classname="Tests.Unit.ModelTest" assertions="6" time="0.042032"/>
        <testcase name="test_setting_can_be_created_with_factory" file="C:\Users\hedra\Desktop\Sourcecode\NexusV2\Nexus-backend\tests\Unit\ModelTest.php" line="438" class="Tests\Unit\ModelTest" classname="Tests.Unit.ModelTest" assertions="2" time="0.040525"/>
        <testcase name="test_setting_get_typed_value_returns_boolean" file="C:\Users\hedra\Desktop\Sourcecode\NexusV2\Nexus-backend\tests\Unit\ModelTest.php" line="445" class="Tests\Unit\ModelTest" classname="Tests.Unit.ModelTest" assertions="1" time="0.053309"/>
        <testcase name="test_setting_get_typed_value_returns_integer" file="C:\Users\hedra\Desktop\Sourcecode\NexusV2\Nexus-backend\tests\Unit\ModelTest.php" line="454" class="Tests\Unit\ModelTest" classname="Tests.Unit.ModelTest" assertions="1" time="0.048977"/>
        <testcase name="test_setting_get_typed_value_returns_json" file="C:\Users\hedra\Desktop\Sourcecode\NexusV2\Nexus-backend\tests\Unit\ModelTest.php" line="463" class="Tests\Unit\ModelTest" classname="Tests.Unit.ModelTest" assertions="1" time="0.031046"/>
        <testcase name="test_setting_scope_by_group_filters_correctly" file="C:\Users\hedra\Desktop\Sourcecode\NexusV2\Nexus-backend\tests\Unit\ModelTest.php" line="472" class="Tests\Unit\ModelTest" classname="Tests.Unit.ModelTest" assertions="1" time="0.038138"/>
        <testcase name="test_setting_scope_public_filters_correctly" file="C:\Users\hedra\Desktop\Sourcecode\NexusV2\Nexus-backend\tests\Unit\ModelTest.php" line="481" class="Tests\Unit\ModelTest" classname="Tests.Unit.ModelTest" assertions="2" time="0.039616"/>
        <testcase name="test_setting_group_label_attribute" file="C:\Users\hedra\Desktop\Sourcecode\NexusV2\Nexus-backend\tests\Unit\ModelTest.php" line="491" class="Tests\Unit\ModelTest" classname="Tests.Unit.ModelTest" assertions="2" time="0.038004"/>
        <testcase name="test_contact_has_correct_fillable_attributes" file="C:\Users\hedra\Desktop\Sourcecode\NexusV2\Nexus-backend\tests\Unit\ModelTest.php" line="502" class="Tests\Unit\ModelTest" classname="Tests.Unit.ModelTest" assertions="1" time="0.041831"/>
        <testcase name="test_contact_type_constants_exist" file="C:\Users\hedra\Desktop\Sourcecode\NexusV2\Nexus-backend\tests\Unit\ModelTest.php" line="515" class="Tests\Unit\ModelTest" classname="Tests.Unit.ModelTest" assertions="8" time="0.052042"/>
        <testcase name="test_contact_can_be_created_with_factory" file="C:\Users\hedra\Desktop\Sourcecode\NexusV2\Nexus-backend\tests\Unit\ModelTest.php" line="527" class="Tests\Unit\ModelTest" classname="Tests.Unit.ModelTest" assertions="2" time="0.049434"/>
        <testcase name="test_contact_has_conversations_relationship" file="C:\Users\hedra\Desktop\Sourcecode\NexusV2\Nexus-backend\tests\Unit\ModelTest.php" line="534" class="Tests\Unit\ModelTest" classname="Tests.Unit.ModelTest" assertions="1" time="0.063534"/>
        <testcase name="test_contact_has_notes_relationship" file="C:\Users\hedra\Desktop\Sourcecode\NexusV2\Nexus-backend\tests\Unit\ModelTest.php" line="541" class="Tests\Unit\ModelTest" classname="Tests.Unit.ModelTest" assertions="1" time="0.071467"/>
        <testcase name="test_contact_has_memories_relationship" file="C:\Users\hedra\Desktop\Sourcecode\NexusV2\Nexus-backend\tests\Unit\ModelTest.php" line="548" class="Tests\Unit\ModelTest" classname="Tests.Unit.ModelTest" assertions="1" time="0.074384"/>
        <testcase name="test_contact_scope_of_type_filters_correctly" file="C:\Users\hedra\Desktop\Sourcecode\NexusV2\Nexus-backend\tests\Unit\ModelTest.php" line="555" class="Tests\Unit\ModelTest" classname="Tests.Unit.ModelTest" assertions="2" time="0.081889"/>
        <testcase name="test_contact_scope_search_filters_by_name" file="C:\Users\hedra\Desktop\Sourcecode\NexusV2\Nexus-backend\tests\Unit\ModelTest.php" line="565" class="Tests\Unit\ModelTest" classname="Tests.Unit.ModelTest" assertions="2" time="0.064989"/>
        <testcase name="test_contact_scope_search_filters_by_email" file="C:\Users\hedra\Desktop\Sourcecode\NexusV2\Nexus-backend\tests\Unit\ModelTest.php" line="575" class="Tests\Unit\ModelTest" classname="Tests.Unit.ModelTest" assertions="1" time="0.063953"/>
        <testcase name="test_contact_type_label_attribute" file="C:\Users\hedra\Desktop\Sourcecode\NexusV2\Nexus-backend\tests\Unit\ModelTest.php" line="584" class="Tests\Unit\ModelTest" classname="Tests.Unit.ModelTest" assertions="2" time="0.051305"/>
        <testcase name="test_contact_get_available_types_returns_all_types" file="C:\Users\hedra\Desktop\Sourcecode\NexusV2\Nexus-backend\tests\Unit\ModelTest.php" line="593" class="Tests\Unit\ModelTest" classname="Tests.Unit.ModelTest" assertions="3" time="0.051970"/>
        <testcase name="test_memory_has_correct_fillable_attributes" file="C:\Users\hedra\Desktop\Sourcecode\NexusV2\Nexus-backend\tests\Unit\ModelTest.php" line="603" class="Tests\Unit\ModelTest" classname="Tests.Unit.ModelTest" assertions="1" time="0.062563"/>
        <testcase name="test_memory_has_correct_casts" file="C:\Users\hedra\Desktop\Sourcecode\NexusV2\Nexus-backend\tests\Unit\ModelTest.php" line="612" class="Tests\Unit\ModelTest" classname="Tests.Unit.ModelTest" assertions="4" time="0.118796"/>
        <testcase name="test_memory_belongs_to_contact" file="C:\Users\hedra\Desktop\Sourcecode\NexusV2\Nexus-backend\tests\Unit\ModelTest.php" line="622" class="Tests\Unit\ModelTest" classname="Tests.Unit.ModelTest" assertions="1" time="0.147945"/>
        <testcase name="test_memory_belongs_to_conversation" file="C:\Users\hedra\Desktop\Sourcecode\NexusV2\Nexus-backend\tests\Unit\ModelTest.php" line="629" class="Tests\Unit\ModelTest" classname="Tests.Unit.ModelTest" assertions="1" time="0.103338"/>
        <testcase name="test_message_has_correct_fillable_attributes" file="C:\Users\hedra\Desktop\Sourcecode\NexusV2\Nexus-backend\tests\Unit\ModelTest.php" line="642" class="Tests\Unit\ModelTest" classname="Tests.Unit.ModelTest" assertions="1" time="0.069118"/>
        <testcase name="test_message_has_correct_casts" file="C:\Users\hedra\Desktop\Sourcecode\NexusV2\Nexus-backend\tests\Unit\ModelTest.php" line="652" class="Tests\Unit\ModelTest" classname="Tests.Unit.ModelTest" assertions="3" time="0.059749"/>
        <testcase name="test_message_belongs_to_conversation" file="C:\Users\hedra\Desktop\Sourcecode\NexusV2\Nexus-backend\tests\Unit\ModelTest.php" line="661" class="Tests\Unit\ModelTest" classname="Tests.Unit.ModelTest" assertions="1" time="0.062278"/>
        <testcase name="test_conversation_has_correct_fillable_attributes" file="C:\Users\hedra\Desktop\Sourcecode\NexusV2\Nexus-backend\tests\Unit\ModelTest.php" line="671" class="Tests\Unit\ModelTest" classname="Tests.Unit.ModelTest" assertions="1" time="0.059437"/>
        <testcase name="test_conversation_has_correct_casts" file="C:\Users\hedra\Desktop\Sourcecode\NexusV2\Nexus-backend\tests\Unit\ModelTest.php" line="679" class="Tests\Unit\ModelTest" classname="Tests.Unit.ModelTest" assertions="2" time="0.055699"/>
        <testcase name="test_conversation_belongs_to_contact" file="C:\Users\hedra\Desktop\Sourcecode\NexusV2\Nexus-backend\tests\Unit\ModelTest.php" line="687" class="Tests\Unit\ModelTest" classname="Tests.Unit.ModelTest" assertions="1" time="0.054734"/>
        <testcase name="test_conversation_belongs_to_topic" file="C:\Users\hedra\Desktop\Sourcecode\NexusV2\Nexus-backend\tests\Unit\ModelTest.php" line="694" class="Tests\Unit\ModelTest" classname="Tests.Unit.ModelTest" assertions="1" time="0.070711"/>
        <testcase name="test_conversation_has_messages_relationship" file="C:\Users\hedra\Desktop\Sourcecode\NexusV2\Nexus-backend\tests\Unit\ModelTest.php" line="705" class="Tests\Unit\ModelTest" classname="Tests.Unit.ModelTest" assertions="1" time="0.056150"/>
        <testcase name="test_conversation_has_sessions_relationship" file="C:\Users\hedra\Desktop\Sourcecode\NexusV2\Nexus-backend\tests\Unit\ModelTest.php" line="713" class="Tests\Unit\ModelTest" classname="Tests.Unit.ModelTest" assertions="1" time="0.058285"/>
        <testcase name="test_base_model_has_common_casts" file="C:\Users\hedra\Desktop\Sourcecode\NexusV2\Nexus-backend\tests\Unit\ModelTest.php" line="723" class="Tests\Unit\ModelTest" classname="Tests.Unit.ModelTest" assertions="4" time="0.053996"/>
        <testcase name="test_base_model_generates_uuid" file="C:\Users\hedra\Desktop\Sourcecode\NexusV2\Nexus-backend\tests\Unit\ModelTest.php" line="733" class="Tests\Unit\ModelTest" classname="Tests.Unit.ModelTest" assertions="1" time="0.045824"/>
        <testcase name="test_base_model_scope_by_status_single_status" file="C:\Users\hedra\Desktop\Sourcecode\NexusV2\Nexus-backend\tests\Unit\ModelTest.php" line="739" class="Tests\Unit\ModelTest" classname="Tests.Unit.ModelTest" assertions="1" time="0.046912"/>
        <testcase name="test_base_model_scope_by_status_array_status" file="C:\Users\hedra\Desktop\Sourcecode\NexusV2\Nexus-backend\tests\Unit\ModelTest.php" line="748" class="Tests\Unit\ModelTest" classname="Tests.Unit.ModelTest" assertions="1" time="0.044542"/>
        <testcase name="test_base_model_scope_active_filters_correctly" file="C:\Users\hedra\Desktop\Sourcecode\NexusV2\Nexus-backend\tests\Unit\ModelTest.php" line="758" class="Tests\Unit\ModelTest" classname="Tests.Unit.ModelTest" assertions="1" time="0.043747"/>
        <testcase name="test_base_model_scope_inactive_filters_correctly" file="C:\Users\hedra\Desktop\Sourcecode\NexusV2\Nexus-backend\tests\Unit\ModelTest.php" line="767" class="Tests\Unit\ModelTest" classname="Tests.Unit.ModelTest" assertions="1" time="0.054406"/>
      </testsuite>
      <testsuite name="Tests\Unit\PayloadAdapterFactoryTest" file="C:\Users\hedra\Desktop\Sourcecode\NexusV2\Nexus-backend\tests\Unit\PayloadAdapterFactoryTest.php" tests="7" assertions="30" errors="0" failures="0" skipped="0" time="0.344190">
        <testcase name="it_adapts_payload_for_openai_format" file="C:\Users\hedra\Desktop\Sourcecode\NexusV2\Nexus-backend\tests\Unit\PayloadAdapterFactoryTest.php" line="11" class="Tests\Unit\PayloadAdapterFactoryTest" classname="Tests.Unit.PayloadAdapterFactoryTest" assertions="4" time="0.066206"/>
        <testcase name="it_adapts_payload_for_anthropic_format" file="C:\Users\hedra\Desktop\Sourcecode\NexusV2\Nexus-backend\tests\Unit\PayloadAdapterFactoryTest.php" line="35" class="Tests\Unit\PayloadAdapterFactoryTest" classname="Tests.Unit.PayloadAdapterFactoryTest" assertions="5" time="0.040884"/>
        <testcase name="it_adapts_payload_for_groq_format" file="C:\Users\hedra\Desktop\Sourcecode\NexusV2\Nexus-backend\tests\Unit\PayloadAdapterFactoryTest.php" line="63" class="Tests\Unit\PayloadAdapterFactoryTest" classname="Tests.Unit.PayloadAdapterFactoryTest" assertions="4" time="0.044779"/>
        <testcase name="it_adapts_payload_for_gemini_format" file="C:\Users\hedra\Desktop\Sourcecode\NexusV2\Nexus-backend\tests\Unit\PayloadAdapterFactoryTest.php" line="87" class="Tests\Unit\PayloadAdapterFactoryTest" classname="Tests.Unit.PayloadAdapterFactoryTest" assertions="5" time="0.043251"/>
        <testcase name="it_adapts_response_from_openai_format" file="C:\Users\hedra\Desktop\Sourcecode\NexusV2\Nexus-backend\tests\Unit\PayloadAdapterFactoryTest.php" line="112" class="Tests\Unit\PayloadAdapterFactoryTest" classname="Tests.Unit.PayloadAdapterFactoryTest" assertions="4" time="0.044399"/>
        <testcase name="it_adapts_response_from_anthropic_format" file="C:\Users\hedra\Desktop\Sourcecode\NexusV2\Nexus-backend\tests\Unit\PayloadAdapterFactoryTest.php" line="147" class="Tests\Unit\PayloadAdapterFactoryTest" classname="Tests.Unit.PayloadAdapterFactoryTest" assertions="4" time="0.044002"/>
        <testcase name="it_adapts_response_from_gemini_format" file="C:\Users\hedra\Desktop\Sourcecode\NexusV2\Nexus-backend\tests\Unit\PayloadAdapterFactoryTest.php" line="179" class="Tests\Unit\PayloadAdapterFactoryTest" classname="Tests.Unit.PayloadAdapterFactoryTest" assertions="4" time="0.060669"/>
      </testsuite>
      <testsuite name="Tests\Unit\ServiceTest" file="C:\Users\hedra\Desktop\Sourcecode\NexusV2\Nexus-backend\tests\Unit\ServiceTest.php" tests="67" assertions="94" errors="0" failures="0" skipped="0" time="4.250692">
        <testcase name="test_agent_lifecycle_initialize_sets_running_status" file="C:\Users\hedra\Desktop\Sourcecode\NexusV2\Nexus-backend\tests\Unit\ServiceTest.php" line="25" class="Tests\Unit\ServiceTest" classname="Tests.Unit.ServiceTest" assertions="3" time="0.049377"/>
        <testcase name="test_agent_lifecycle_transition_to_valid_status" file="C:\Users\hedra\Desktop\Sourcecode\NexusV2\Nexus-backend\tests\Unit\ServiceTest.php" line="37" class="Tests\Unit\ServiceTest" classname="Tests.Unit.ServiceTest" assertions="1" time="0.051263"/>
        <testcase name="test_agent_lifecycle_transition_to_invalid_status_throws_exception" file="C:\Users\hedra\Desktop\Sourcecode\NexusV2\Nexus-backend\tests\Unit\ServiceTest.php" line="47" class="Tests\Unit\ServiceTest" classname="Tests.Unit.ServiceTest" assertions="1" time="0.054912"/>
        <testcase name="test_agent_lifecycle_idle_sets_idle_status" file="C:\Users\hedra\Desktop\Sourcecode\NexusV2\Nexus-backend\tests\Unit\ServiceTest.php" line="56" class="Tests\Unit\ServiceTest" classname="Tests.Unit.ServiceTest" assertions="1" time="0.052783"/>
        <testcase name="test_agent_lifecycle_pause_sets_paused_status" file="C:\Users\hedra\Desktop\Sourcecode\NexusV2\Nexus-backend\tests\Unit\ServiceTest.php" line="66" class="Tests\Unit\ServiceTest" classname="Tests.Unit.ServiceTest" assertions="1" time="0.088483"/>
        <testcase name="test_agent_lifecycle_resume_sets_running_status" file="C:\Users\hedra\Desktop\Sourcecode\NexusV2\Nexus-backend\tests\Unit\ServiceTest.php" line="76" class="Tests\Unit\ServiceTest" classname="Tests.Unit.ServiceTest" assertions="1" time="0.073355"/>
        <testcase name="test_agent_lifecycle_complete_records_success" file="C:\Users\hedra\Desktop\Sourcecode\NexusV2\Nexus-backend\tests\Unit\ServiceTest.php" line="86" class="Tests\Unit\ServiceTest" classname="Tests.Unit.ServiceTest" assertions="2" time="0.071664"/>
        <testcase name="test_agent_lifecycle_fail_records_error" file="C:\Users\hedra\Desktop\Sourcecode\NexusV2\Nexus-backend\tests\Unit\ServiceTest.php" line="100" class="Tests\Unit\ServiceTest" classname="Tests.Unit.ServiceTest" assertions="2" time="0.058227"/>
        <testcase name="test_agent_lifecycle_can_transition_returns_true_for_valid" file="C:\Users\hedra\Desktop\Sourcecode\NexusV2\Nexus-backend\tests\Unit\ServiceTest.php" line="114" class="Tests\Unit\ServiceTest" classname="Tests.Unit.ServiceTest" assertions="1" time="0.064650"/>
        <testcase name="test_agent_lifecycle_can_transition_returns_false_for_invalid" file="C:\Users\hedra\Desktop\Sourcecode\NexusV2\Nexus-backend\tests\Unit\ServiceTest.php" line="122" class="Tests\Unit\ServiceTest" classname="Tests.Unit.ServiceTest" assertions="1" time="0.068220"/>
        <testcase name="test_agent_lifecycle_get_available_transitions" file="C:\Users\hedra\Desktop\Sourcecode\NexusV2\Nexus-backend\tests\Unit\ServiceTest.php" line="130" class="Tests\Unit\ServiceTest" classname="Tests.Unit.ServiceTest" assertions="1" time="0.089468"/>
        <testcase name="test_agent_lifecycle_get_lifecycle_state" file="C:\Users\hedra\Desktop\Sourcecode\NexusV2\Nexus-backend\tests\Unit\ServiceTest.php" line="140" class="Tests\Unit\ServiceTest" classname="Tests.Unit.ServiceTest" assertions="2" time="0.059678"/>
        <testcase name="test_agent_configuration_load_returns_merged_config" file="C:\Users\hedra\Desktop\Sourcecode\NexusV2\Nexus-backend\tests\Unit\ServiceTest.php" line="151" class="Tests\Unit\ServiceTest" classname="Tests.Unit.ServiceTest" assertions="2" time="0.033589"/>
        <testcase name="test_agent_configuration_get_returns_specific_value" file="C:\Users\hedra\Desktop\Sourcecode\NexusV2\Nexus-backend\tests\Unit\ServiceTest.php" line="162" class="Tests\Unit\ServiceTest" classname="Tests.Unit.ServiceTest" assertions="1" time="0.040345"/>
        <testcase name="test_agent_configuration_get_returns_default_for_missing" file="C:\Users\hedra\Desktop\Sourcecode\NexusV2\Nexus-backend\tests\Unit\ServiceTest.php" line="172" class="Tests\Unit\ServiceTest" classname="Tests.Unit.ServiceTest" assertions="1" time="0.050355"/>
        <testcase name="test_agent_configuration_set_updates_setting" file="C:\Users\hedra\Desktop\Sourcecode\NexusV2\Nexus-backend\tests\Unit\ServiceTest.php" line="182" class="Tests\Unit\ServiceTest" classname="Tests.Unit.ServiceTest" assertions="1" time="0.043892"/>
        <testcase name="test_agent_configuration_update_bulk_updates_settings" file="C:\Users\hedra\Desktop\Sourcecode\NexusV2\Nexus-backend\tests\Unit\ServiceTest.php" line="192" class="Tests\Unit\ServiceTest" classname="Tests.Unit.ServiceTest" assertions="2" time="0.057864"/>
        <testcase name="test_agent_configuration_reset_restores_defaults" file="C:\Users\hedra\Desktop\Sourcecode\NexusV2\Nexus-backend\tests\Unit\ServiceTest.php" line="203" class="Tests\Unit\ServiceTest" classname="Tests.Unit.ServiceTest" assertions="1" time="0.053904"/>
        <testcase name="test_agent_configuration_validate_returns_errors_for_missing_required" file="C:\Users\hedra\Desktop\Sourcecode\NexusV2\Nexus-backend\tests\Unit\ServiceTest.php" line="213" class="Tests\Unit\ServiceTest" classname="Tests.Unit.ServiceTest" assertions="1" time="0.047315"/>
        <testcase name="test_agent_configuration_validate_returns_errors_for_wrong_type" file="C:\Users\hedra\Desktop\Sourcecode\NexusV2\Nexus-backend\tests\Unit\ServiceTest.php" line="223" class="Tests\Unit\ServiceTest" classname="Tests.Unit.ServiceTest" assertions="1" time="0.062713"/>
        <testcase name="test_agent_configuration_get_default_config" file="C:\Users\hedra\Desktop\Sourcecode\NexusV2\Nexus-backend\tests\Unit\ServiceTest.php" line="233" class="Tests\Unit\ServiceTest" classname="Tests.Unit.ServiceTest" assertions="2" time="0.057461"/>
        <testcase name="test_agent_registry_resolve_returns_agent_instance" file="C:\Users\hedra\Desktop\Sourcecode\NexusV2\Nexus-backend\tests\Unit\ServiceTest.php" line="244" class="Tests\Unit\ServiceTest" classname="Tests.Unit.ServiceTest" assertions="1" time="0.059082"/>
        <testcase name="test_agent_registry_resolve_throws_for_unknown_type" file="C:\Users\hedra\Desktop\Sourcecode\NexusV2\Nexus-backend\tests\Unit\ServiceTest.php" line="254" class="Tests\Unit\ServiceTest" classname="Tests.Unit.ServiceTest" assertions="1" time="0.063896"/>
        <testcase name="test_agent_registry_has_returns_true_for_registered_type" file="C:\Users\hedra\Desktop\Sourcecode\NexusV2\Nexus-backend\tests\Unit\ServiceTest.php" line="263" class="Tests\Unit\ServiceTest" classname="Tests.Unit.ServiceTest" assertions="1" time="0.046971"/>
        <testcase name="test_agent_registry_has_returns_false_for_unknown_type" file="C:\Users\hedra\Desktop\Sourcecode\NexusV2\Nexus-backend\tests\Unit\ServiceTest.php" line="270" class="Tests\Unit\ServiceTest" classname="Tests.Unit.ServiceTest" assertions="1" time="0.053414"/>
        <testcase name="test_agent_registry_register_adds_new_type" file="C:\Users\hedra\Desktop\Sourcecode\NexusV2\Nexus-backend\tests\Unit\ServiceTest.php" line="277" class="Tests\Unit\ServiceTest" classname="Tests.Unit.ServiceTest" assertions="1" time="0.054160"/>
        <testcase name="test_agent_registry_all_returns_all_types" file="C:\Users\hedra\Desktop\Sourcecode\NexusV2\Nexus-backend\tests\Unit\ServiceTest.php" line="285" class="Tests\Unit\ServiceTest" classname="Tests.Unit.ServiceTest" assertions="2" time="0.074166"/>
        <testcase name="test_agent_registry_get_registered_types" file="C:\Users\hedra\Desktop\Sourcecode\NexusV2\Nexus-backend\tests\Unit\ServiceTest.php" line="294" class="Tests\Unit\ServiceTest" classname="Tests.Unit.ServiceTest" assertions="1" time="0.090117"/>
        <testcase name="test_agent_registry_get_agent_class" file="C:\Users\hedra\Desktop\Sourcecode\NexusV2\Nexus-backend\tests\Unit\ServiceTest.php" line="302" class="Tests\Unit\ServiceTest" classname="Tests.Unit.ServiceTest" assertions="1" time="0.138717"/>
        <testcase name="test_agent_registry_clear_cache_resets_instances" file="C:\Users\hedra\Desktop\Sourcecode\NexusV2\Nexus-backend\tests\Unit\ServiceTest.php" line="310" class="Tests\Unit\ServiceTest" classname="Tests.Unit.ServiceTest" assertions="1" time="0.096271"/>
        <testcase name="test_agent_tool_registry_register_adds_tool" file="C:\Users\hedra\Desktop\Sourcecode\NexusV2\Nexus-backend\tests\Unit\ServiceTest.php" line="324" class="Tests\Unit\ServiceTest" classname="Tests.Unit.ServiceTest" assertions="1" time="0.091362"/>
        <testcase name="test_agent_tool_registry_get_returns_tool_definition" file="C:\Users\hedra\Desktop\Sourcecode\NexusV2\Nexus-backend\tests\Unit\ServiceTest.php" line="332" class="Tests\Unit\ServiceTest" classname="Tests.Unit.ServiceTest" assertions="1" time="0.078538"/>
        <testcase name="test_agent_tool_registry_get_returns_null_for_missing" file="C:\Users\hedra\Desktop\Sourcecode\NexusV2\Nexus-backend\tests\Unit\ServiceTest.php" line="342" class="Tests\Unit\ServiceTest" classname="Tests.Unit.ServiceTest" assertions="1" time="0.071138"/>
        <testcase name="test_agent_tool_registry_execute_with_callback" file="C:\Users\hedra\Desktop\Sourcecode\NexusV2\Nexus-backend\tests\Unit\ServiceTest.php" line="349" class="Tests\Unit\ServiceTest" classname="Tests.Unit.ServiceTest" assertions="2" time="0.054094"/>
        <testcase name="test_agent_tool_registry_execute_without_callback_uses_default" file="C:\Users\hedra\Desktop\Sourcecode\NexusV2\Nexus-backend\tests\Unit\ServiceTest.php" line="365" class="Tests\Unit\ServiceTest" classname="Tests.Unit.ServiceTest" assertions="2" time="0.062477"/>
        <testcase name="test_agent_tool_registry_execute_throws_for_missing_tool" file="C:\Users\hedra\Desktop\Sourcecode\NexusV2\Nexus-backend\tests\Unit\ServiceTest.php" line="376" class="Tests\Unit\ServiceTest" classname="Tests.Unit.ServiceTest" assertions="1" time="0.047543"/>
        <testcase name="test_agent_tool_registry_validate_parameters_throws_for_missing_required" file="C:\Users\hedra\Desktop\Sourcecode\NexusV2\Nexus-backend\tests\Unit\ServiceTest.php" line="384" class="Tests\Unit\ServiceTest" classname="Tests.Unit.ServiceTest" assertions="1" time="0.049422"/>
        <testcase name="test_agent_tool_registry_register_from_model" file="C:\Users\hedra\Desktop\Sourcecode\NexusV2\Nexus-backend\tests\Unit\ServiceTest.php" line="393" class="Tests\Unit\ServiceTest" classname="Tests.Unit.ServiceTest" assertions="1" time="0.047397"/>
        <testcase name="test_agent_tool_registry_unregister_removes_tool" file="C:\Users\hedra\Desktop\Sourcecode\NexusV2\Nexus-backend\tests\Unit\ServiceTest.php" line="404" class="Tests\Unit\ServiceTest" classname="Tests.Unit.ServiceTest" assertions="2" time="0.052843"/>
        <testcase name="test_agent_tool_registry_clear_removes_all_tools" file="C:\Users\hedra\Desktop\Sourcecode\NexusV2\Nexus-backend\tests\Unit\ServiceTest.php" line="415" class="Tests\Unit\ServiceTest" classname="Tests.Unit.ServiceTest" assertions="1" time="0.063607"/>
        <testcase name="test_agent_tool_executor_execute_tool_success" file="C:\Users\hedra\Desktop\Sourcecode\NexusV2\Nexus-backend\tests\Unit\ServiceTest.php" line="428" class="Tests\Unit\ServiceTest" classname="Tests.Unit.ServiceTest" assertions="3" time="0.088961"/>
        <testcase name="test_agent_tool_executor_execute_tool_not_found" file="C:\Users\hedra\Desktop\Sourcecode\NexusV2\Nexus-backend\tests\Unit\ServiceTest.php" line="442" class="Tests\Unit\ServiceTest" classname="Tests.Unit.ServiceTest" assertions="2" time="0.061322"/>
        <testcase name="test_agent_tool_executor_execute_tools_multiple" file="C:\Users\hedra\Desktop\Sourcecode\NexusV2\Nexus-backend\tests\Unit\ServiceTest.php" line="454" class="Tests\Unit\ServiceTest" classname="Tests.Unit.ServiceTest" assertions="3" time="0.067068"/>
        <testcase name="test_agent_tool_executor_execute_tools_missing_name" file="C:\Users\hedra\Desktop\Sourcecode\NexusV2\Nexus-backend\tests\Unit\ServiceTest.php" line="472" class="Tests\Unit\ServiceTest" classname="Tests.Unit.ServiceTest" assertions="2" time="0.052382"/>
        <testcase name="test_agent_tool_executor_get_execution_history" file="C:\Users\hedra\Desktop\Sourcecode\NexusV2\Nexus-backend\tests\Unit\ServiceTest.php" line="486" class="Tests\Unit\ServiceTest" classname="Tests.Unit.ServiceTest" assertions="2" time="0.060174"/>
        <testcase name="test_agent_tool_executor_clear_history" file="C:\Users\hedra\Desktop\Sourcecode\NexusV2\Nexus-backend\tests\Unit\ServiceTest.php" line="500" class="Tests\Unit\ServiceTest" classname="Tests.Unit.ServiceTest" assertions="1" time="0.070595"/>
        <testcase name="test_agent_tool_executor_get_success_rate" file="C:\Users\hedra\Desktop\Sourcecode\NexusV2\Nexus-backend\tests\Unit\ServiceTest.php" line="513" class="Tests\Unit\ServiceTest" classname="Tests.Unit.ServiceTest" assertions="1" time="0.074927"/>
        <testcase name="test_agent_skill_library_register_adds_skill" file="C:\Users\hedra\Desktop\Sourcecode\NexusV2\Nexus-backend\tests\Unit\ServiceTest.php" line="528" class="Tests\Unit\ServiceTest" classname="Tests.Unit.ServiceTest" assertions="1" time="0.057496"/>
        <testcase name="test_agent_skill_library_get_returns_skill_definition" file="C:\Users\hedra\Desktop\Sourcecode\NexusV2\Nexus-backend\tests\Unit\ServiceTest.php" line="536" class="Tests\Unit\ServiceTest" classname="Tests.Unit.ServiceTest" assertions="1" time="0.059320"/>
        <testcase name="test_agent_skill_library_get_by_category_filters_correctly" file="C:\Users\hedra\Desktop\Sourcecode\NexusV2\Nexus-backend\tests\Unit\ServiceTest.php" line="546" class="Tests\Unit\ServiceTest" classname="Tests.Unit.ServiceTest" assertions="1" time="0.057617"/>
        <testcase name="test_agent_skill_library_execute_with_callback" file="C:\Users\hedra\Desktop\Sourcecode\NexusV2\Nexus-backend\tests\Unit\ServiceTest.php" line="557" class="Tests\Unit\ServiceTest" classname="Tests.Unit.ServiceTest" assertions="2" time="0.051003"/>
        <testcase name="test_agent_skill_library_execute_throws_for_missing_skill" file="C:\Users\hedra\Desktop\Sourcecode\NexusV2\Nexus-backend\tests\Unit\ServiceTest.php" line="573" class="Tests\Unit\ServiceTest" classname="Tests.Unit.ServiceTest" assertions="1" time="0.060892"/>
        <testcase name="test_agent_skill_library_register_from_model" file="C:\Users\hedra\Desktop\Sourcecode\NexusV2\Nexus-backend\tests\Unit\ServiceTest.php" line="581" class="Tests\Unit\ServiceTest" classname="Tests.Unit.ServiceTest" assertions="1" time="0.083596"/>
        <testcase name="test_agent_skill_library_search_finds_skill_by_name" file="C:\Users\hedra\Desktop\Sourcecode\NexusV2\Nexus-backend\tests\Unit\ServiceTest.php" line="592" class="Tests\Unit\ServiceTest" classname="Tests.Unit.ServiceTest" assertions="1" time="0.053422"/>
        <testcase name="test_agent_skill_library_clear_removes_all_skills" file="C:\Users\hedra\Desktop\Sourcecode\NexusV2\Nexus-backend\tests\Unit\ServiceTest.php" line="602" class="Tests\Unit\ServiceTest" classname="Tests.Unit.ServiceTest" assertions="1" time="0.062625"/>
        <testcase name="test_mcp_integration_service_register_server" file="C:\Users\hedra\Desktop\Sourcecode\NexusV2\Nexus-backend\tests\Unit\ServiceTest.php" line="615" class="Tests\Unit\ServiceTest" classname="Tests.Unit.ServiceTest" assertions="1" time="0.077876"/>
        <testcase name="test_mcp_integration_service_get_server" file="C:\Users\hedra\Desktop\Sourcecode\NexusV2\Nexus-backend\tests\Unit\ServiceTest.php" line="623" class="Tests\Unit\ServiceTest" classname="Tests.Unit.ServiceTest" assertions="1" time="0.067242"/>
        <testcase name="test_mcp_integration_service_connect_returns_success" file="C:\Users\hedra\Desktop\Sourcecode\NexusV2\Nexus-backend\tests\Unit\ServiceTest.php" line="633" class="Tests\Unit\ServiceTest" classname="Tests.Unit.ServiceTest" assertions="2" time="0.066843"/>
        <testcase name="test_mcp_integration_service_connect_throws_for_disabled_server" file="C:\Users\hedra\Desktop\Sourcecode\NexusV2\Nexus-backend\tests\Unit\ServiceTest.php" line="644" class="Tests\Unit\ServiceTest" classname="Tests.Unit.ServiceTest" assertions="1" time="0.088017"/>
        <testcase name="test_mcp_integration_service_disconnect" file="C:\Users\hedra\Desktop\Sourcecode\NexusV2\Nexus-backend\tests\Unit\ServiceTest.php" line="653" class="Tests\Unit\ServiceTest" classname="Tests.Unit.ServiceTest" assertions="2" time="0.062309"/>
        <testcase name="test_mcp_integration_service_list_tools" file="C:\Users\hedra\Desktop\Sourcecode\NexusV2\Nexus-backend\tests\Unit\ServiceTest.php" line="665" class="Tests\Unit\ServiceTest" classname="Tests.Unit.ServiceTest" assertions="2" time="0.058535"/>
        <testcase name="test_mcp_integration_service_call_tool" file="C:\Users\hedra\Desktop\Sourcecode\NexusV2\Nexus-backend\tests\Unit\ServiceTest.php" line="680" class="Tests\Unit\ServiceTest" classname="Tests.Unit.ServiceTest" assertions="2" time="0.059792"/>
        <testcase name="test_mcp_integration_service_attach_to_agent" file="C:\Users\hedra\Desktop\Sourcecode\NexusV2\Nexus-backend\tests\Unit\ServiceTest.php" line="691" class="Tests\Unit\ServiceTest" classname="Tests.Unit.ServiceTest" assertions="2" time="0.063314"/>
        <testcase name="test_mcp_integration_service_detach_from_agent" file="C:\Users\hedra\Desktop\Sourcecode\NexusV2\Nexus-backend\tests\Unit\ServiceTest.php" line="704" class="Tests\Unit\ServiceTest" classname="Tests.Unit.ServiceTest" assertions="2" time="0.064647"/>
        <testcase name="test_mcp_integration_service_get_agent_servers" file="C:\Users\hedra\Desktop\Sourcecode\NexusV2\Nexus-backend\tests\Unit\ServiceTest.php" line="717" class="Tests\Unit\ServiceTest" classname="Tests.Unit.ServiceTest" assertions="1" time="0.074852"/>
        <testcase name="test_mcp_integration_service_unregister" file="C:\Users\hedra\Desktop\Sourcecode\NexusV2\Nexus-backend\tests\Unit\ServiceTest.php" line="729" class="Tests\Unit\ServiceTest" classname="Tests.Unit.ServiceTest" assertions="2" time="0.042135"/>
        <testcase name="test_mcp_integration_service_clear" file="C:\Users\hedra\Desktop\Sourcecode\NexusV2\Nexus-backend\tests\Unit\ServiceTest.php" line="740" class="Tests\Unit\ServiceTest" classname="Tests.Unit.ServiceTest" assertions="1" time="0.038995"/>
      </testsuite>
      <testsuite name="Tests\Unit\UsageTrackerTest" file="C:\Users\hedra\Desktop\Sourcecode\NexusV2\Nexus-backend\tests\Unit\UsageTrackerTest.php" tests="5" assertions="9" errors="0" failures="0" skipped="0" time="0.264383">
        <testcase name="it_tracks_usage_for_a_provider" file="C:\Users\hedra\Desktop\Sourcecode\NexusV2\Nexus-backend\tests\Unit\UsageTrackerTest.php" line="16" class="Tests\Unit\UsageTrackerTest" classname="Tests.Unit.UsageTrackerTest" assertions="1" time="0.044403"/>
        <testcase name="it_gets_usage_stats_for_a_provider" file="C:\Users\hedra\Desktop\Sourcecode\NexusV2\Nexus-backend\tests\Unit\UsageTrackerTest.php" line="47" class="Tests\Unit\UsageTrackerTest" classname="Tests.Unit.UsageTrackerTest" assertions="3" time="0.046842"/>
        <testcase name="it_gets_usage_stats_for_a_model" file="C:\Users\hedra\Desktop\Sourcecode\NexusV2\Nexus-backend\tests\Unit\UsageTrackerTest.php" line="68" class="Tests\Unit\UsageTrackerTest" classname="Tests.Unit.UsageTrackerTest" assertions="3" time="0.051670"/>
        <testcase name="it_gets_total_cost_for_a_provider" file="C:\Users\hedra\Desktop\Sourcecode\NexusV2\Nexus-backend\tests\Unit\UsageTrackerTest.php" line="89" class="Tests\Unit\UsageTrackerTest" classname="Tests.Unit.UsageTrackerTest" assertions="1" time="0.056520"/>
        <testcase name="it_gets_total_cost_for_a_model" file="C:\Users\hedra\Desktop\Sourcecode\NexusV2\Nexus-backend\tests\Unit\UsageTrackerTest.php" line="109" class="Tests\Unit\UsageTrackerTest" classname="Tests.Unit.UsageTrackerTest" assertions="1" time="0.064950"/>
      </testsuite>
    </testsuite>
    <testsuite name="Feature" tests="313" assertions="605" errors="96" failures="96" skipped="0" time="27.123693">
      <testsuite name="Tests\Feature\AIInteractionTest" file="C:\Users\hedra\Desktop\Sourcecode\NexusV2\Nexus-backend\tests\Feature\AIInteractionTest.php" tests="7" assertions="6" errors="1" failures="6" skipped="0" time="0.482394">
        <testcase name="test_ai_model_execute_returns_response_structure" file="C:\Users\hedra\Desktop\Sourcecode\NexusV2\Nexus-backend\tests\Feature\AIInteractionTest.php" line="14" class="Tests\Feature\AIInteractionTest" classname="Tests.Feature.AIInteractionTest" assertions="0" time="0.068857">
          <error type="Illuminate\Database\QueryException">Tests\Feature\AIInteractionTest::test_ai_model_execute_returns_response_structure&#13;
Illuminate\Database\QueryException: SQLSTATE[HY000]: General error: 1 table ai_models has no column named provider (Connection: sqlite, Database: :memory:, SQL: insert into "ai_models" ("name", "provider_id", "context_window", "input_cost_per_m", "output_cost_per_m", "last_synced_at", "provider", "model", "api_key", "id", "updated_at", "created_at") values (amet Model, ?, 8040, ?, 0.055976, ?, openai, gpt-4, test-key, 796da518-300f-462c-85ef-19640abf044c, 2026-06-24 04:28:29, 2026-06-24 04:28:29))
&#13;
C:\Users\hedra\Desktop\Sourcecode\NexusV2\Nexus-backend\vendor\laravel\framework\src\Illuminate\Database\Connection.php:857
C:\Users\hedra\Desktop\Sourcecode\NexusV2\Nexus-backend\vendor\laravel\framework\src\Illuminate\Database\Connection.php:813
C:\Users\hedra\Desktop\Sourcecode\NexusV2\Nexus-backend\vendor\laravel\framework\src\Illuminate\Database\Connection.php:590
C:\Users\hedra\Desktop\Sourcecode\NexusV2\Nexus-backend\vendor\laravel\framework\src\Illuminate\Database\Connection.php:554
C:\Users\hedra\Desktop\Sourcecode\NexusV2\Nexus-backend\vendor\laravel\framework\src\Illuminate\Database\Query\Builder.php:4164
C:\Users\hedra\Desktop\Sourcecode\NexusV2\Nexus-backend\vendor\laravel\framework\src\Illuminate\Database\Eloquent\Builder.php:2271
C:\Users\hedra\Desktop\Sourcecode\NexusV2\Nexus-backend\vendor\laravel\framework\src\Illuminate\Database\Eloquent\Model.php:1589
C:\Users\hedra\Desktop\Sourcecode\NexusV2\Nexus-backend\vendor\laravel\framework\src\Illuminate\Database\Eloquent\Model.php:1382
C:\Users\hedra\Desktop\Sourcecode\NexusV2\Nexus-backend\vendor\laravel\framework\src\Illuminate\Database\Eloquent\Factories\Factory.php:379
C:\Users\hedra\Desktop\Sourcecode\NexusV2\Nexus-backend\vendor\laravel\framework\src\Illuminate\Collections\Traits\EnumeratesValues.php:275
C:\Users\hedra\Desktop\Sourcecode\NexusV2\Nexus-backend\vendor\laravel\framework\src\Illuminate\Database\Eloquent\Factories\Factory.php:374
C:\Users\hedra\Desktop\Sourcecode\NexusV2\Nexus-backend\vendor\laravel\framework\src\Illuminate\Database\Eloquent\Factories\Factory.php:330
C:\Users\hedra\Desktop\Sourcecode\NexusV2\Nexus-backend\vendor\laravel\framework\src\Illuminate\Database\Eloquent\Factories\Factory.php:324
C:\Users\hedra\Desktop\Sourcecode\NexusV2\Nexus-backend\tests\Feature\AIInteractionTest.php:16</error>
        </testcase>
        <testcase name="test_ai_model_execute_with_fallback_chain" file="C:\Users\hedra\Desktop\Sourcecode\NexusV2\Nexus-backend\tests\Feature\AIInteractionTest.php" line="38" class="Tests\Feature\AIInteractionTest" classname="Tests.Feature.AIInteractionTest" assertions="1" time="0.107925">
          <failure type="PHPUnit\Framework\ExpectationFailedException">Tests\Feature\AIInteractionTest::test_ai_model_execute_with_fallback_chain&#13;
Expected response status code [200] but received 405.
Failed asserting that 405 is identical to 200.
&#13;
C:\Users\hedra\Desktop\Sourcecode\NexusV2\Nexus-backend\vendor\laravel\framework\src\Illuminate\Testing\TestResponseAssert.php:45
C:\Users\hedra\Desktop\Sourcecode\NexusV2\Nexus-backend\vendor\laravel\framework\src\Illuminate\Testing\TestResponse.php:176
C:\Users\hedra\Desktop\Sourcecode\NexusV2\Nexus-backend\tests\Feature\AIInteractionTest.php:45</failure>
        </testcase>
        <testcase name="test_ai_model_select_by_criteria" file="C:\Users\hedra\Desktop\Sourcecode\NexusV2\Nexus-backend\tests\Feature\AIInteractionTest.php" line="53" class="Tests\Feature\AIInteractionTest" classname="Tests.Feature.AIInteractionTest" assertions="1" time="0.044487">
          <failure type="PHPUnit\Framework\ExpectationFailedException">Tests\Feature\AIInteractionTest::test_ai_model_select_by_criteria&#13;
Expected response status code [200] but received 405.
Failed asserting that 405 is identical to 200.
&#13;
C:\Users\hedra\Desktop\Sourcecode\NexusV2\Nexus-backend\vendor\laravel\framework\src\Illuminate\Testing\TestResponseAssert.php:45
C:\Users\hedra\Desktop\Sourcecode\NexusV2\Nexus-backend\vendor\laravel\framework\src\Illuminate\Testing\TestResponse.php:176
C:\Users\hedra\Desktop\Sourcecode\NexusV2\Nexus-backend\tests\Feature\AIInteractionTest.php:59</failure>
        </testcase>
        <testcase name="test_ai_model_cost_optimization" file="C:\Users\hedra\Desktop\Sourcecode\NexusV2\Nexus-backend\tests\Feature\AIInteractionTest.php" line="63" class="Tests\Feature\AIInteractionTest" classname="Tests.Feature.AIInteractionTest" assertions="1" time="0.060806">
          <failure type="PHPUnit\Framework\ExpectationFailedException">Tests\Feature\AIInteractionTest::test_ai_model_cost_optimization&#13;
Expected response status code [200] but received 405.
Failed asserting that 405 is identical to 200.
&#13;
C:\Users\hedra\Desktop\Sourcecode\NexusV2\Nexus-backend\vendor\laravel\framework\src\Illuminate\Testing\TestResponseAssert.php:45
C:\Users\hedra\Desktop\Sourcecode\NexusV2\Nexus-backend\vendor\laravel\framework\src\Illuminate\Testing\TestResponse.php:176
C:\Users\hedra\Desktop\Sourcecode\NexusV2\Nexus-backend\tests\Feature\AIInteractionTest.php:70</failure>
        </testcase>
        <testcase name="test_ai_model_quality_routing" file="C:\Users\hedra\Desktop\Sourcecode\NexusV2\Nexus-backend\tests\Feature\AIInteractionTest.php" line="74" class="Tests\Feature\AIInteractionTest" classname="Tests.Feature.AIInteractionTest" assertions="1" time="0.056172">
          <failure type="PHPUnit\Framework\ExpectationFailedException">Tests\Feature\AIInteractionTest::test_ai_model_quality_routing&#13;
Expected response status code [200] but received 405.
Failed asserting that 405 is identical to 200.
&#13;
C:\Users\hedra\Desktop\Sourcecode\NexusV2\Nexus-backend\vendor\laravel\framework\src\Illuminate\Testing\TestResponseAssert.php:45
C:\Users\hedra\Desktop\Sourcecode\NexusV2\Nexus-backend\vendor\laravel\framework\src\Illuminate\Testing\TestResponse.php:176
C:\Users\hedra\Desktop\Sourcecode\NexusV2\Nexus-backend\tests\Feature\AIInteractionTest.php:81</failure>
        </testcase>
        <testcase name="test_ai_model_speed_routing" file="C:\Users\hedra\Desktop\Sourcecode\NexusV2\Nexus-backend\tests\Feature\AIInteractionTest.php" line="85" class="Tests\Feature\AIInteractionTest" classname="Tests.Feature.AIInteractionTest" assertions="1" time="0.058104">
          <failure type="PHPUnit\Framework\ExpectationFailedException">Tests\Feature\AIInteractionTest::test_ai_model_speed_routing&#13;
Expected response status code [200] but received 405.
Failed asserting that 405 is identical to 200.
&#13;
C:\Users\hedra\Desktop\Sourcecode\NexusV2\Nexus-backend\vendor\laravel\framework\src\Illuminate\Testing\TestResponseAssert.php:45
C:\Users\hedra\Desktop\Sourcecode\NexusV2\Nexus-backend\vendor\laravel\framework\src\Illuminate\Testing\TestResponse.php:176
C:\Users\hedra\Desktop\Sourcecode\NexusV2\Nexus-backend\tests\Feature\AIInteractionTest.php:92</failure>
        </testcase>
        <testcase name="test_agent_execute_with_ai_model" file="C:\Users\hedra\Desktop\Sourcecode\NexusV2\Nexus-backend\tests\Feature\AIInteractionTest.php" line="96" class="Tests\Feature\AIInteractionTest" classname="Tests.Feature.AIInteractionTest" assertions="1" time="0.086042">
          <failure type="PHPUnit\Framework\ExpectationFailedException">Tests\Feature\AIInteractionTest::test_agent_execute_with_ai_model&#13;
Expected response status code [200] but received 405.
Failed asserting that 405 is identical to 200.
&#13;
C:\Users\hedra\Desktop\Sourcecode\NexusV2\Nexus-backend\vendor\laravel\framework\src\Illuminate\Testing\TestResponseAssert.php:45
C:\Users\hedra\Desktop\Sourcecode\NexusV2\Nexus-backend\vendor\laravel\framework\src\Illuminate\Testing\TestResponse.php:176
C:\Users\hedra\Desktop\Sourcecode\NexusV2\Nexus-backend\tests\Feature\AIInteractionTest.php:108</failure>
        </testcase>
      </testsuite>
      <testsuite name="Tests\Feature\AgentUpdateTest" file="C:\Users\hedra\Desktop\Sourcecode\NexusV2\Nexus-backend\tests\Feature\AgentUpdateTest.php" tests="1" assertions="1" errors="0" failures="1" skipped="0" time="0.062927">
        <testcase name="test_agent_update_merges_settings" file="C:\Users\hedra\Desktop\Sourcecode\NexusV2\Nexus-backend\tests\Feature\AgentUpdateTest.php" line="14" class="Tests\Feature\AgentUpdateTest" classname="Tests.Feature.AgentUpdateTest" assertions="1" time="0.062927">
          <failure type="PHPUnit\Framework\ExpectationFailedException">Tests\Feature\AgentUpdateTest::test_agent_update_merges_settings&#13;
Expected response status code [200] but received 405.
Failed asserting that 405 is identical to 200.
&#13;
C:\Users\hedra\Desktop\Sourcecode\NexusV2\Nexus-backend\vendor\laravel\framework\src\Illuminate\Testing\TestResponseAssert.php:45
C:\Users\hedra\Desktop\Sourcecode\NexusV2\Nexus-backend\vendor\laravel\framework\src\Illuminate\Testing\TestResponse.php:176
C:\Users\hedra\Desktop\Sourcecode\NexusV2\Nexus-backend\tests\Feature\AgentUpdateTest.php:29</failure>
        </testcase>
      </testsuite>
      <testsuite name="Tests\Feature\AiProviderTest" file="C:\Users\hedra\Desktop\Sourcecode\NexusV2\Nexus-backend\tests\Feature\AiProviderTest.php" tests="7" assertions="32" errors="0" failures="0" skipped="0" time="0.375839">
        <testcase name="it_creates_a_new_provider" file="C:\Users\hedra\Desktop\Sourcecode\NexusV2\Nexus-backend\tests\Feature\AiProviderTest.php" line="27" class="Tests\Feature\AiProviderTest" classname="Tests.Feature.AiProviderTest" assertions="15" time="0.077893"/>
        <testcase name="it_lists_all_providers" file="C:\Users\hedra\Desktop\Sourcecode\NexusV2\Nexus-backend\tests\Feature\AiProviderTest.php" line="64" class="Tests\Feature\AiProviderTest" classname="Tests.Feature.AiProviderTest" assertions="2" time="0.054383"/>
        <testcase name="it_gets_a_specific_provider" file="C:\Users\hedra\Desktop\Sourcecode\NexusV2\Nexus-backend\tests\Feature\AiProviderTest.php" line="75" class="Tests\Feature\AiProviderTest" classname="Tests.Feature.AiProviderTest" assertions="2" time="0.049128"/>
        <testcase name="it_updates_a_provider" file="C:\Users\hedra\Desktop\Sourcecode\NexusV2\Nexus-backend\tests\Feature\AiProviderTest.php" line="92" class="Tests\Feature\AiProviderTest" classname="Tests.Feature.AiProviderTest" assertions="3" time="0.054545"/>
        <testcase name="it_deletes_a_provider" file="C:\Users\hedra\Desktop\Sourcecode\NexusV2\Nexus-backend\tests\Feature\AiProviderTest.php" line="122" class="Tests\Feature\AiProviderTest" classname="Tests.Feature.AiProviderTest" assertions="3" time="0.038781"/>
        <testcase name="it_syncs_models_for_a_provider" file="C:\Users\hedra\Desktop\Sourcecode\NexusV2\Nexus-backend\tests\Feature\AiProviderTest.php" line="137" class="Tests\Feature\AiProviderTest" classname="Tests.Feature.AiProviderTest" assertions="5" time="0.051470"/>
        <testcase name="it_tests_provider_connection_successfully_with_case_insensitive_headers" file="C:\Users\hedra\Desktop\Sourcecode\NexusV2\Nexus-backend\tests\Feature\AiProviderTest.php" line="182" class="Tests\Feature\AiProviderTest" classname="Tests.Feature.AiProviderTest" assertions="2" time="0.049639"/>
      </testsuite>
      <testsuite name="Tests\Feature\AiRequestTest" file="C:\Users\hedra\Desktop\Sourcecode\NexusV2\Nexus-backend\tests\Feature\AiRequestTest.php" tests="3" assertions="14" errors="0" failures="0" skipped="0" time="0.220403">
        <testcase name="it_handles_an_ai_request_via_intent_routing" file="C:\Users\hedra\Desktop\Sourcecode\NexusV2\Nexus-backend\tests\Feature\AiRequestTest.php" line="27" class="Tests\Feature\AiRequestTest" classname="Tests.Feature.AiRequestTest" assertions="9" time="0.063077"/>
        <testcase name="it_returns_error_for_unknown_intent" file="C:\Users\hedra\Desktop\Sourcecode\NexusV2\Nexus-backend\tests\Feature\AiRequestTest.php" line="105" class="Tests\Feature\AiRequestTest" classname="Tests.Feature.AiRequestTest" assertions="3" time="0.066319"/>
        <testcase name="it_uses_fallback_when_primary_provider_fails" file="C:\Users\hedra\Desktop\Sourcecode\NexusV2\Nexus-backend\tests\Feature\AiRequestTest.php" line="120" class="Tests\Feature\AiRequestTest" classname="Tests.Feature.AiRequestTest" assertions="2" time="0.091008"/>
      </testsuite>
      <testsuite name="Tests\Feature\ApiTest" file="C:\Users\hedra\Desktop\Sourcecode\NexusV2\Nexus-backend\tests\Feature\ApiTest.php" tests="11" assertions="24" errors="1" failures="2" skipped="0" time="0.993672">
        <testcase name="test_api_requires_authentication_for_protected_routes" file="C:\Users\hedra\Desktop\Sourcecode\NexusV2\Nexus-backend\tests\Feature\ApiTest.php" line="18" class="Tests\Feature\ApiTest" classname="Tests.Feature.ApiTest" assertions="5" time="0.070720"/>
        <testcase name="test_api_allows_access_with_valid_token" file="C:\Users\hedra\Desktop\Sourcecode\NexusV2\Nexus-backend\tests\Feature\ApiTest.php" line="34" class="Tests\Feature\ApiTest" classname="Tests.Feature.ApiTest" assertions="1" time="0.073017"/>
        <testcase name="test_api_returns_json_content_type" file="C:\Users\hedra\Desktop\Sourcecode\NexusV2\Nexus-backend\tests\Feature\ApiTest.php" line="48" class="Tests\Feature\ApiTest" classname="Tests.Feature.ApiTest" assertions="2" time="0.068448"/>
        <testcase name="test_api_returns_consistent_error_format" file="C:\Users\hedra\Desktop\Sourcecode\NexusV2\Nexus-backend\tests\Feature\ApiTest.php" line="58" class="Tests\Feature\ApiTest" classname="Tests.Feature.ApiTest" assertions="2" time="0.099008"/>
        <testcase name="test_api_paginates_index_responses" file="C:\Users\hedra\Desktop\Sourcecode\NexusV2\Nexus-backend\tests\Feature\ApiTest.php" line="71" class="Tests\Feature\ApiTest" classname="Tests.Feature.ApiTest" assertions="3" time="0.152285">
          <failure type="PHPUnit\Framework\ExpectationFailedException">Tests\Feature\ApiTest::test_api_paginates_index_responses&#13;
Failed asserting that an array has the key 'meta'.
&#13;
C:\Users\hedra\Desktop\Sourcecode\NexusV2\Nexus-backend\vendor\laravel\framework\src\Illuminate\Testing\AssertableJsonString.php:299
C:\Users\hedra\Desktop\Sourcecode\NexusV2\Nexus-backend\vendor\laravel\framework\src\Illuminate\Testing\TestResponse.php:1039
C:\Users\hedra\Desktop\Sourcecode\NexusV2\Nexus-backend\tests\Feature\ApiTest.php:81</failure>
        </testcase>
        <testcase name="test_api_filters_agents_by_type" file="C:\Users\hedra\Desktop\Sourcecode\NexusV2\Nexus-backend\tests\Feature\ApiTest.php" line="94" class="Tests\Feature\ApiTest" classname="Tests.Feature.ApiTest" assertions="2" time="0.062593"/>
        <testcase name="test_api_filters_workflows_by_status" file="C:\Users\hedra\Desktop\Sourcecode\NexusV2\Nexus-backend\tests\Feature\ApiTest.php" line="108" class="Tests\Feature\ApiTest" classname="Tests.Feature.ApiTest" assertions="2" time="0.058647"/>
        <testcase name="test_api_searches_contacts_by_name" file="C:\Users\hedra\Desktop\Sourcecode\NexusV2\Nexus-backend\tests\Feature\ApiTest.php" line="124" class="Tests\Feature\ApiTest" classname="Tests.Feature.ApiTest" assertions="1" time="0.065692">
          <error type="TypeError">Tests\Feature\ApiTest::test_api_searches_contacts_by_name&#13;
TypeError: PHPUnit\Framework\Assert::assertCount(): Argument #2 ($haystack) must be of type Countable|Traversable|array, null given, called in C:\Users\hedra\Desktop\Sourcecode\NexusV2\Nexus-backend\vendor\laravel\framework\src\Illuminate\Testing\AssertableJsonString.php on line 74
&#13;
C:\Users\hedra\Desktop\Sourcecode\NexusV2\Nexus-backend\vendor\laravel\framework\src\Illuminate\Testing\AssertableJsonString.php:74
C:\Users\hedra\Desktop\Sourcecode\NexusV2\Nexus-backend\vendor\laravel\framework\src\Illuminate\Testing\TestResponse.php:1067
C:\Users\hedra\Desktop\Sourcecode\NexusV2\Nexus-backend\tests\Feature\ApiTest.php:135</error>
        </testcase>
        <testcase name="test_api_enforces_rate_limits" file="C:\Users\hedra\Desktop\Sourcecode\NexusV2\Nexus-backend\tests\Feature\ApiTest.php" line="140" class="Tests\Feature\ApiTest" classname="Tests.Feature.ApiTest" assertions="1" time="0.230857"/>
        <testcase name="test_api_handles_cors_preflight" file="C:\Users\hedra\Desktop\Sourcecode\NexusV2\Nexus-backend\tests\Feature\ApiTest.php" line="158" class="Tests\Feature\ApiTest" classname="Tests.Feature.ApiTest" assertions="1" time="0.047026"/>
        <testcase name="test_api_health_endpoint_returns_status" file="C:\Users\hedra\Desktop\Sourcecode\NexusV2\Nexus-backend\tests\Feature\ApiTest.php" line="167" class="Tests\Feature\ApiTest" classname="Tests.Feature.ApiTest" assertions="4" time="0.065379">
          <failure type="PHPUnit\Framework\ExpectationFailedException">Tests\Feature\ApiTest::test_api_health_endpoint_returns_status&#13;
Failed asserting that an array has the key 'services'.
&#13;
C:\Users\hedra\Desktop\Sourcecode\NexusV2\Nexus-backend\vendor\laravel\framework\src\Illuminate\Testing\AssertableJsonString.php:299
C:\Users\hedra\Desktop\Sourcecode\NexusV2\Nexus-backend\vendor\laravel\framework\src\Illuminate\Testing\TestResponse.php:1039
C:\Users\hedra\Desktop\Sourcecode\NexusV2\Nexus-backend\tests\Feature\ApiTest.php:172</failure>
        </testcase>
      </testsuite>
      <testsuite name="Tests\Feature\AsyncEngineFlowTest" file="C:\Users\hedra\Desktop\Sourcecode\NexusV2\Nexus-backend\tests\Feature\AsyncEngineFlowTest.php" tests="2" assertions="4" errors="0" failures="1" skipped="0" time="0.123180">
        <testcase name="test_webhook_endpoint_dispatches_ai_inference_job" file="C:\Users\hedra\Desktop\Sourcecode\NexusV2\Nexus-backend\tests\Feature\AsyncEngineFlowTest.php" line="18" class="Tests\Feature\AsyncEngineFlowTest" classname="Tests.Feature.AsyncEngineFlowTest" assertions="1" time="0.055616">
          <failure type="PHPUnit\Framework\ExpectationFailedException">Tests\Feature\AsyncEngineFlowTest::test_webhook_endpoint_dispatches_ai_inference_job&#13;
Expected response status code [202] but received 422.
Failed asserting that 422 is identical to 202.&#13;
&#13;
The following errors occurred during the last request:

{
    "message": "The event field is required. (and 2 more errors)",
    "errors": {
        "event": [
            "The event field is required."
        ],
        "session": [
            "The session field is required."
        ],
        "payload": [
            "The payload field is required."
        ]
    }
}
&#13;
C:\Users\hedra\Desktop\Sourcecode\NexusV2\Nexus-backend\vendor\laravel\framework\src\Illuminate\Testing\TestResponseAssert.php:45
C:\Users\hedra\Desktop\Sourcecode\NexusV2\Nexus-backend\vendor\laravel\framework\src\Illuminate\Testing\TestResponse.php:176
C:\Users\hedra\Desktop\Sourcecode\NexusV2\Nexus-backend\tests\Feature\AsyncEngineFlowTest.php:33</failure>
        </testcase>
        <testcase name="test_memory_index_endpoint_dispatches_extract_memory_job" file="C:\Users\hedra\Desktop\Sourcecode\NexusV2\Nexus-backend\tests\Feature\AsyncEngineFlowTest.php" line="44" class="Tests\Feature\AsyncEngineFlowTest" classname="Tests.Feature.AsyncEngineFlowTest" assertions="3" time="0.067565"/>
      </testsuite>
      <testsuite name="Tests\Feature\CircuitBreakerTest" file="C:\Users\hedra\Desktop\Sourcecode\NexusV2\Nexus-backend\tests\Feature\CircuitBreakerTest.php" tests="4" assertions="12" errors="0" failures="0" skipped="0" time="0.217943">
        <testcase name="it_executes_primary_callback_successfully" file="C:\Users\hedra\Desktop\Sourcecode\NexusV2\Nexus-backend\tests\Feature\CircuitBreakerTest.php" line="20" class="Tests\Feature\CircuitBreakerTest" classname="Tests.Feature.CircuitBreakerTest" assertions="3" time="0.050035"/>
        <testcase name="it_falls_back_to_secondary_when_primary_fails" file="C:\Users\hedra\Desktop\Sourcecode\NexusV2\Nexus-backend\tests\Feature\CircuitBreakerTest.php" line="33" class="Tests\Feature\CircuitBreakerTest" classname="Tests.Feature.CircuitBreakerTest" assertions="3" time="0.056116"/>
        <testcase name="it_returns_failure_when_all_providers_fail" file="C:\Users\hedra\Desktop\Sourcecode\NexusV2\Nexus-backend\tests\Feature\CircuitBreakerTest.php" line="48" class="Tests\Feature\CircuitBreakerTest" classname="Tests.Feature.CircuitBreakerTest" assertions="3" time="0.054354"/>
        <testcase name="it_logs_rate_limit_exceptions_and_tries_fallback" file="C:\Users\hedra\Desktop\Sourcecode\NexusV2\Nexus-backend\tests\Feature\CircuitBreakerTest.php" line="64" class="Tests\Feature\CircuitBreakerTest" classname="Tests.Feature.CircuitBreakerTest" assertions="3" time="0.057438"/>
      </testsuite>
      <testsuite name="Tests\Feature\Console\MonitorReverbHealthCommandTest" file="C:\Users\hedra\Desktop\Sourcecode\NexusV2\Nexus-backend\tests\Feature\Console\MonitorReverbHealthCommandTest.php" tests="2" assertions="5" errors="0" failures="2" skipped="0" time="4.197108">
        <testcase name="test_monitor_reverb_health_command_returns_success_when_reverb_is_healthy" file="C:\Users\hedra\Desktop\Sourcecode\NexusV2\Nexus-backend\tests\Feature\Console\MonitorReverbHealthCommandTest.php" line="13" class="Tests\Feature\Console\MonitorReverbHealthCommandTest" classname="Tests.Feature.Console.MonitorReverbHealthCommandTest" assertions="2" time="2.080366">
          <failure type="PHPUnit\Framework\ExpectationFailedException">Tests\Feature\Console\MonitorReverbHealthCommandTest::test_monitor_reverb_health_command_returns_success_when_reverb_is_healthy&#13;
Expected status code 0 but received 1.
Failed asserting that 1 matches expected 0.
&#13;
C:\Users\hedra\Desktop\Sourcecode\NexusV2\Nexus-backend\vendor\laravel\framework\src\Illuminate\Testing\PendingCommand.php:463
C:\Users\hedra\Desktop\Sourcecode\NexusV2\Nexus-backend\vendor\laravel\framework\src\Illuminate\Testing\PendingCommand.php:675
C:\Users\hedra\Desktop\Sourcecode\NexusV2\Nexus-backend\tests\Feature\Console\MonitorReverbHealthCommandTest.php:27</failure>
        </testcase>
        <testcase name="test_monitor_reverb_health_command_reports_failure_when_reverb_is_unhealthy" file="C:\Users\hedra\Desktop\Sourcecode\NexusV2\Nexus-backend\tests\Feature\Console\MonitorReverbHealthCommandTest.php" line="30" class="Tests\Feature\Console\MonitorReverbHealthCommandTest" classname="Tests.Feature.Console.MonitorReverbHealthCommandTest" assertions="3" time="2.116742">
          <failure type="PHPUnit\Framework\AssertionFailedError">Tests\Feature\Console\MonitorReverbHealthCommandTest::test_monitor_reverb_health_command_reports_failure_when_reverb_is_unhealthy&#13;
Output "Reverb health check failed with status 503." was not printed.
&#13;
C:\Users\hedra\Desktop\Sourcecode\NexusV2\Nexus-backend\vendor\laravel\framework\src\Illuminate\Testing\PendingCommand.php:527
C:\Users\hedra\Desktop\Sourcecode\NexusV2\Nexus-backend\vendor\laravel\framework\src\Illuminate\Testing\PendingCommand.php:474
C:\Users\hedra\Desktop\Sourcecode\NexusV2\Nexus-backend\vendor\laravel\framework\src\Illuminate\Testing\PendingCommand.php:675
C:\Users\hedra\Desktop\Sourcecode\NexusV2\Nexus-backend\tests\Feature\Console\MonitorReverbHealthCommandTest.php:44</failure>
        </testcase>
      </testsuite>
      <testsuite name="Tests\Feature\Console\MonitorSettingsHealthCommandTest" file="C:\Users\hedra\Desktop\Sourcecode\NexusV2\Nexus-backend\tests\Feature\Console\MonitorSettingsHealthCommandTest.php" tests="3" assertions="5" errors="1" failures="0" skipped="0" time="0.280416">
        <testcase name="test_monitor_settings_health_command_executes" file="C:\Users\hedra\Desktop\Sourcecode\NexusV2\Nexus-backend\tests\Feature\Console\MonitorSettingsHealthCommandTest.php" line="13" class="Tests\Feature\Console\MonitorSettingsHealthCommandTest" classname="Tests.Feature.Console.MonitorSettingsHealthCommandTest" assertions="3" time="0.080178"/>
        <testcase name="test_monitor_settings_health_command_handles_failures" file="C:\Users\hedra\Desktop\Sourcecode\NexusV2\Nexus-backend\tests\Feature\Console\MonitorSettingsHealthCommandTest.php" line="21" class="Tests\Feature\Console\MonitorSettingsHealthCommandTest" classname="Tests.Feature.Console.MonitorSettingsHealthCommandTest" assertions="2" time="0.105814"/>
        <testcase name="test_settings_health_check_is_scheduled" file="C:\Users\hedra\Desktop\Sourcecode\NexusV2\Nexus-backend\tests\Feature\Console\MonitorSettingsHealthCommandTest.php" line="34" class="Tests\Feature\Console\MonitorSettingsHealthCommandTest" classname="Tests.Feature.Console.MonitorSettingsHealthCommandTest" assertions="0" time="0.094424">
          <error type="Illuminate\Contracts\Container\BindingResolutionException">Tests\Feature\Console\MonitorSettingsHealthCommandTest::test_settings_health_check_is_scheduled&#13;
Illuminate\Contracts\Container\BindingResolutionException: Target class [App\Console\Kernel] does not exist.
&#13;
C:\Users\hedra\Desktop\Sourcecode\NexusV2\Nexus-backend\vendor\laravel\framework\src\Illuminate\Container\Container.php:1127
C:\Users\hedra\Desktop\Sourcecode\NexusV2\Nexus-backend\vendor\laravel\framework\src\Illuminate\Container\Container.php:936
C:\Users\hedra\Desktop\Sourcecode\NexusV2\Nexus-backend\vendor\laravel\framework\src\Illuminate\Foundation\Application.php:1078
C:\Users\hedra\Desktop\Sourcecode\NexusV2\Nexus-backend\vendor\laravel\framework\src\Illuminate\Container\Container.php:864
C:\Users\hedra\Desktop\Sourcecode\NexusV2\Nexus-backend\vendor\laravel\framework\src\Illuminate\Foundation\Application.php:1058
C:\Users\hedra\Desktop\Sourcecode\NexusV2\Nexus-backend\tests\Feature\Console\MonitorSettingsHealthCommandTest.php:36</error>
        </testcase>
      </testsuite>
      <testsuite name="Tests\Feature\ContactAnalyticsTest" file="C:\Users\hedra\Desktop\Sourcecode\NexusV2\Nexus-backend\tests\Feature\ContactAnalyticsTest.php" tests="1" assertions="0" errors="1" failures="0" skipped="0" time="0.097666">
        <testcase name="test_contact_analytics_returns_time_series_and_counts" file="C:\Users\hedra\Desktop\Sourcecode\NexusV2\Nexus-backend\tests\Feature\ContactAnalyticsTest.php" line="17" class="Tests\Feature\ContactAnalyticsTest" classname="Tests.Feature.ContactAnalyticsTest" assertions="0" time="0.097666">
          <error type="BadMethodCallException">Tests\Feature\ContactAnalyticsTest::test_contact_analytics_returns_time_series_and_counts&#13;
BadMethodCallException: Call to undefined method App\Models\Contact::user()
&#13;
C:\Users\hedra\Desktop\Sourcecode\NexusV2\Nexus-backend\vendor\laravel\framework\src\Illuminate\Support\Traits\ForwardsCalls.php:67
C:\Users\hedra\Desktop\Sourcecode\NexusV2\Nexus-backend\vendor\laravel\framework\src\Illuminate\Support\Traits\ForwardsCalls.php:36
C:\Users\hedra\Desktop\Sourcecode\NexusV2\Nexus-backend\vendor\laravel\framework\src\Illuminate\Database\Eloquent\Model.php:2809
C:\Users\hedra\Desktop\Sourcecode\NexusV2\Nexus-backend\vendor\laravel\framework\src\Illuminate\Database\Eloquent\Factories\BelongsToRelationship.php:51
C:\Users\hedra\Desktop\Sourcecode\NexusV2\Nexus-backend\vendor\laravel\framework\src\Illuminate\Database\Eloquent\Factories\Factory.php:570
C:\Users\hedra\Desktop\Sourcecode\NexusV2\Nexus-backend\vendor\laravel\framework\src\Illuminate\Collections\Arr.php:842
C:\Users\hedra\Desktop\Sourcecode\NexusV2\Nexus-backend\vendor\laravel\framework\src\Illuminate\Collections\Collection.php:827
C:\Users\hedra\Desktop\Sourcecode\NexusV2\Nexus-backend\vendor\laravel\framework\src\Illuminate\Database\Eloquent\Factories\Factory.php:570
C:\Users\hedra\Desktop\Sourcecode\NexusV2\Nexus-backend\vendor\laravel\framework\src\Illuminate\Database\Eloquent\Factories\Factory.php:551
C:\Users\hedra\Desktop\Sourcecode\NexusV2\Nexus-backend\vendor\laravel\framework\src\Illuminate\Database\Eloquent\Factories\Factory.php:558
C:\Users\hedra\Desktop\Sourcecode\NexusV2\Nexus-backend\vendor\laravel\framework\src\Illuminate\Collections\Traits\EnumeratesValues.php:854
C:\Users\hedra\Desktop\Sourcecode\NexusV2\Nexus-backend\vendor\laravel\framework\src\Illuminate\Database\Eloquent\Factories\Factory.php:553
C:\Users\hedra\Desktop\Sourcecode\NexusV2\Nexus-backend\vendor\laravel\framework\src\Illuminate\Database\Eloquent\Factories\Factory.php:538
C:\Users\hedra\Desktop\Sourcecode\NexusV2\Nexus-backend\vendor\laravel\framework\src\Illuminate\Database\Eloquent\Factories\Factory.php:522
C:\Users\hedra\Desktop\Sourcecode\NexusV2\Nexus-backend\vendor\laravel\framework\src\Illuminate\Database\Eloquent\Concerns\GuardsAttributes.php:185
C:\Users\hedra\Desktop\Sourcecode\NexusV2\Nexus-backend\vendor\laravel\framework\src\Illuminate\Database\Eloquent\Factories\Factory.php:521
C:\Users\hedra\Desktop\Sourcecode\NexusV2\Nexus-backend\vendor\laravel\framework\src\Illuminate\Database\Eloquent\Factories\Factory.php:438
C:\Users\hedra\Desktop\Sourcecode\NexusV2\Nexus-backend\vendor\laravel\framework\src\Illuminate\Database\Eloquent\Factories\Factory.php:327
C:\Users\hedra\Desktop\Sourcecode\NexusV2\Nexus-backend\tests\Feature\ContactAnalyticsTest.php:20</error>
        </testcase>
      </testsuite>
      <testsuite name="Tests\Feature\ContactImportAndMessagesTest" file="C:\Users\hedra\Desktop\Sourcecode\NexusV2\Nexus-backend\tests\Feature\ContactImportAndMessagesTest.php" tests="4" assertions="7" errors="0" failures="4" skipped="0" time="0.405543">
        <testcase name="test_whatsapp_txt_preview_and_commit_create_messages" file="C:\Users\hedra\Desktop\Sourcecode\NexusV2\Nexus-backend\tests\Feature\ContactImportAndMessagesTest.php" line="24" class="Tests\Feature\ContactImportAndMessagesTest" classname="Tests.Feature.ContactImportAndMessagesTest" assertions="1" time="0.091294">
          <failure type="PHPUnit\Framework\ExpectationFailedException">Tests\Feature\ContactImportAndMessagesTest::test_whatsapp_txt_preview_and_commit_create_messages&#13;
Expected response status code [200] but received 500.
Failed asserting that 500 is identical to 200.&#13;
&#13;
The following exception occurred during the last request:

TypeError: Cannot assign null to property App\Services\Contact\WahaImportService::$wahaSecret of type string in C:\Users\hedra\Desktop\Sourcecode\NexusV2\Nexus-backend\app\Services\Contact\WahaImportService.php:16
Stack trace:
#0 C:\Users\hedra\Desktop\Sourcecode\NexusV2\Nexus-backend\app\Services\Contact\ContactImportPipeline.php(22): App\Services\Contact\WahaImportService-&gt;__construct()
#1 C:\Users\hedra\Desktop\Sourcecode\NexusV2\Nexus-backend\vendor\laravel\framework\src\Illuminate\Container\Container.php(1171): App\Services\Contact\ContactImportPipeline-&gt;__construct()
#2 C:\Users\hedra\Desktop\Sourcecode\NexusV2\Nexus-backend\vendor\laravel\framework\src\Illuminate\Container\Container.php(936): Illuminate\Container\Container-&gt;build('App\\Services\\Co...')
#3 C:\Users\hedra\Desktop\Sourcecode\NexusV2\Nexus-backend\vendor\laravel\framework\src\Illuminate\Foundation\Application.php(1078): Illuminate\Container\Container-&gt;resolve('App\\Services\\Co...', Array, true)
#4 C:\Users\hedra\Desktop\Sourcecode\NexusV2\Nexus-backend\vendor\laravel\framework\src\Illuminate\Container\Container.php(864): Illuminate\Foundation\Application-&gt;resolve('App\\Services\\Co...', Array)
#5 C:\Users\hedra\Desktop\Sourcecode\NexusV2\Nexus-backend\vendor\laravel\framework\src\Illuminate\Foundation\Application.php(1058): Illuminate\Container\Container-&gt;make('App\\Services\\Co...', Array)
#6 C:\Users\hedra\Desktop\Sourcecode\NexusV2\Nexus-backend\vendor\laravel\framework\src\Illuminate\Container\Container.php(1339): Illuminate\Foundation\Application-&gt;make('App\\Services\\Co...')
#7 C:\Users\hedra\Desktop\Sourcecode\NexusV2\Nexus-backend\vendor\laravel\framework\src\Illuminate\Container\Container.php(1240): Illuminate\Container\Container-&gt;resolveClass(Object(ReflectionParameter), 'App\\Services\\Co...')
#8 C:\Users\hedra\Desktop\Sourcecode\NexusV2\Nexus-backend\vendor\laravel\framework\src\Illuminate\Container\Container.php(1165): Illuminate\Container\Container-&gt;resolveDependencies(Array)
#9 C:\Users\hedra\Desktop\Sourcecode\NexusV2\Nexus-backend\vendor\laravel\framework\src\Illuminate\Container\Container.php(936): Illuminate\Container\Container-&gt;build('App\\Http\\Contro...')
#10 C:\Users\hedra\Desktop\Sourcecode\NexusV2\Nexus-backend\vendor\laravel\framework\src\Illuminate\Foundation\Application.php(1078): Illuminate\Container\Container-&gt;resolve('App\\Http\\Contro...', Array, true)
#11 C:\Users\hedra\Desktop\Sourcecode\NexusV2\Nexus-backend\vendor\laravel\framework\src\Illuminate\Container\Container.php(864): Illuminate\Foundation\Application-&gt;resolve('App\\Http\\Contro...', Array)
#12 C:\Users\hedra\Desktop\Sourcecode\NexusV2\Nexus-backend\vendor\laravel\framework\src\Illuminate\Foundation\Application.php(1058): Illuminate\Container\Container-&gt;make('App\\Http\\Contro...', Array)
#13 C:\Users\hedra\Desktop\Sourcecode\NexusV2\Nexus-backend\vendor\laravel\framework\src\Illuminate\Routing\Route.php(296): Illuminate\Foundation\Application-&gt;make('App\\Http\\Contro...')
#14 C:\Users\hedra\Desktop\Sourcecode\NexusV2\Nexus-backend\vendor\laravel\framework\src\Illuminate\Routing\Route.php(276): Illuminate\Routing\Route-&gt;getController()
#15 C:\Users\hedra\Desktop\Sourcecode\NexusV2\Nexus-backend\vendor\laravel\framework\src\Illuminate\Routing\Route.php(215): Illuminate\Routing\Route-&gt;runController()
#16 C:\Users\hedra\Desktop\Sourcecode\NexusV2\Nexus-backend\vendor\laravel\framework\src\Illuminate\Routing\Router.php(822): Illuminate\Routing\Route-&gt;run()
#17 C:\Users\hedra\Desktop\Sourcecode\NexusV2\Nexus-backend\vendor\laravel\framework\src\Illuminate\Pipeline\Pipeline.php(180): Illuminate\Routing\Router-&gt;{closure:Illuminate\Routing\Router::runRouteWithinStack():821}(Object(Illuminate\Http\Request))
#18 C:\Users\hedra\Desktop\Sourcecode\NexusV2\Nexus-backend\vendor\laravel\framework\src\Illuminate\Routing\Middleware\SubstituteBindings.php(52): Illuminate\Pipeline\Pipeline-&gt;{closure:Illuminate\Pipeline\Pipeline::prepareDestination():178}(Object(Illuminate\Http\Request))
#19 C:\Users\hedra\Desktop\Sourcecode\NexusV2\Nexus-backend\vendor\laravel\framework\src\Illuminate\Pipeline\Pipeline.php(219): Illuminate\Routing\Middleware\SubstituteBindings-&gt;handle(Object(Illuminate\Http\Request), Object(Closure))
#20 C:\Users\hedra\Desktop\Sourcecode\NexusV2\Nexus-backend\vendor\laravel\framework\src\Illuminate\Auth\Middleware\Authenticate.php(63): Illuminate\Pipeline\Pipeline-&gt;{closure:{closure:Illuminate\Pipeline\Pipeline::carry():194}:195}(Object(Illuminate\Http\Request))
#21 C:\Users\hedra\Desktop\Sourcecode\NexusV2\Nexus-backend\vendor\laravel\framework\src\Illuminate\Pipeline\Pipeline.php(219): Illuminate\Auth\Middleware\Authenticate-&gt;handle(Object(Illuminate\Http\Request), Object(Closure), 'sanctum')
#22 C:\Users\hedra\Desktop\Sourcecode\NexusV2\Nexus-backend\vendor\laravel\framework\src\Illuminate\Pipeline\Pipeline.php(137): Illuminate\Pipeline\Pipeline-&gt;{closure:{closure:Illuminate\Pipeline\Pipeline::carry():194}:195}(Object(Illuminate\Http\Request))
#23 C:\Users\hedra\Desktop\Sourcecode\NexusV2\Nexus-backend\vendor\laravel\framework\src\Illuminate\Routing\Router.php(821): Illuminate\Pipeline\Pipeline-&gt;then(Object(Closure))
#24 C:\Users\hedra\Desktop\Sourcecode\NexusV2\Nexus-backend\vendor\laravel\framework\src\Illuminate\Routing\Router.php(800): Illuminate\Routing\Router-&gt;runRouteWithinStack(Object(Illuminate\Routing\Route), Object(Illuminate\Http\Request))
#25 C:\Users\hedra\Desktop\Sourcecode\NexusV2\Nexus-backend\vendor\laravel\framework\src\Illuminate\Routing\Router.php(764): Illuminate\Routing\Router-&gt;runRoute(Object(Illuminate\Http\Request), Object(Illuminate\Routing\Route))
#26 C:\Users\hedra\Desktop\Sourcecode\NexusV2\Nexus-backend\vendor\laravel\framework\src\Illuminate\Routing\Router.php(753): Illuminate\Routing\Router-&gt;dispatchToRoute(Object(Illuminate\Http\Request))
#27 C:\Users\hedra\Desktop\Sourcecode\NexusV2\Nexus-backend\vendor\laravel\framework\src\Illuminate\Foundation\Http\Kernel.php(200): Illuminate\Routing\Router-&gt;dispatch(Object(Illuminate\Http\Request))
#28 C:\Users\hedra\Desktop\Sourcecode\NexusV2\Nexus-backend\vendor\laravel\framework\src\Illuminate\Pipeline\Pipeline.php(180): Illuminate\Foundation\Http\Kernel-&gt;{closure:Illuminate\Foundation\Http\Kernel::dispatchToRouter():197}(Object(Illuminate\Http\Request))
#29 C:\Users\hedra\Desktop\Sourcecode\NexusV2\Nexus-backend\app\Http\Middleware\AutoLoginDevMiddleware.php(29): Illuminate\Pipeline\Pipeline-&gt;{closure:Illuminate\Pipeline\Pipeline::prepareDestination():178}(Object(Illuminate\Http\Request))
#30 C:\Users\hedra\Desktop\Sourcecode\NexusV2\Nexus-backend\vendor\laravel\framework\src\Illuminate\Pipeline\Pipeline.php(219): App\Http\Middleware\AutoLoginDevMiddleware-&gt;handle(Object(Illuminate\Http\Request), Object(Closure))
#31 C:\Users\hedra\Desktop\Sourcecode\NexusV2\Nexus-backend\vendor\laravel\framework\src\Illuminate\Foundation\Http\Middleware\TransformsRequest.php(21): Illuminate\Pipeline\Pipeline-&gt;{closure:{closure:Illuminate\Pipeline\Pipeline::carry():194}:195}(Object(Illuminate\Http\Request))
#32 C:\Users\hedra\Desktop\Sourcecode\NexusV2\Nexus-backend\vendor\laravel\framework\src\Illuminate\Foundation\Http\Middleware\ConvertEmptyStringsToNull.php(31): Illuminate\Foundation\Http\Middleware\TransformsRequest-&gt;handle(Object(Illuminate\Http\Request), Object(Closure))
#33 C:\Users\hedra\Desktop\Sourcecode\NexusV2\Nexus-backend\vendor\laravel\framework\src\Illuminate\Pipeline\Pipeline.php(219): Illuminate\Foundation\Http\Middleware\ConvertEmptyStringsToNull-&gt;handle(Object(Illuminate\Http\Request), Object(Closure))
#34 C:\Users\hedra\Desktop\Sourcecode\NexusV2\Nexus-backend\vendor\laravel\framework\src\Illuminate\Foundation\Http\Middleware\TransformsRequest.php(21): Illuminate\Pipeline\Pipeline-&gt;{closure:{closure:Illuminate\Pipeline\Pipeline::carry():194}:195}(Object(Illuminate\Http\Request))
#35 C:\Users\hedra\Desktop\Sourcecode\NexusV2\Nexus-backend\vendor\laravel\framework\src\Illuminate\Foundation\Http\Middleware\TrimStrings.php(51): Illuminate\Foundation\Http\Middleware\TransformsRequest-&gt;handle(Object(Illuminate\Http\Request), Object(Closure))
#36 C:\Users\hedra\Desktop\Sourcecode\NexusV2\Nexus-backend\vendor\laravel\framework\src\Illuminate\Pipeline\Pipeline.php(219): Illuminate\Foundation\Http\Middleware\TrimStrings-&gt;handle(Object(Illuminate\Http\Request), Object(Closure))
#37 C:\Users\hedra\Desktop\Sourcecode\NexusV2\Nexus-backend\vendor\laravel\framework\src\Illuminate\Http\Middleware\ValidatePostSize.php(27): Illuminate\Pipeline\Pipeline-&gt;{closure:{closure:Illuminate\Pipeline\Pipeline::carry():194}:195}(Object(Illuminate\Http\Request))
#38 C:\Users\hedra\Desktop\Sourcecode\NexusV2\Nexus-backend\vendor\laravel\framework\src\Illuminate\Pipeline\Pipeline.php(219): Illuminate\Http\Middleware\ValidatePostSize-&gt;handle(Object(Illuminate\Http\Request), Object(Closure))
#39 C:\Users\hedra\Desktop\Sourcecode\NexusV2\Nexus-backend\vendor\laravel\framework\src\Illuminate\Foundation\Http\Middleware\PreventRequestsDuringMaintenance.php(109): Illuminate\Pipeline\Pipeline-&gt;{closure:{closure:Illuminate\Pipeline\Pipeline::carry():194}:195}(Object(Illuminate\Http\Request))
#40 C:\Users\hedra\Desktop\Sourcecode\NexusV2\Nexus-backend\vendor\laravel\framework\src\Illuminate\Pipeline\Pipeline.php(219): Illuminate\Foundation\Http\Middleware\PreventRequestsDuringMaintenance-&gt;handle(Object(Illuminate\Http\Request), Object(Closure))
#41 C:\Users\hedra\Desktop\Sourcecode\NexusV2\Nexus-backend\vendor\laravel\framework\src\Illuminate\Http\Middleware\HandleCors.php(74): Illuminate\Pipeline\Pipeline-&gt;{closure:{closure:Illuminate\Pipeline\Pipeline::carry():194}:195}(Object(Illuminate\Http\Request))
#42 C:\Users\hedra\Desktop\Sourcecode\NexusV2\Nexus-backend\vendor\laravel\framework\src\Illuminate\Pipeline\Pipeline.php(219): Illuminate\Http\Middleware\HandleCors-&gt;handle(Object(Illuminate\Http\Request), Object(Closure))
#43 C:\Users\hedra\Desktop\Sourcecode\NexusV2\Nexus-backend\vendor\laravel\framework\src\Illuminate\Http\Middleware\TrustProxies.php(58): Illuminate\Pipeline\Pipeline-&gt;{closure:{closure:Illuminate\Pipeline\Pipeline::carry():194}:195}(Object(Illuminate\Http\Request))
#44 C:\Users\hedra\Desktop\Sourcecode\NexusV2\Nexus-backend\vendor\laravel\framework\src\Illuminate\Pipeline\Pipeline.php(219): Illuminate\Http\Middleware\TrustProxies-&gt;handle(Object(Illuminate\Http\Request), Object(Closure))
#45 C:\Users\hedra\Desktop\Sourcecode\NexusV2\Nexus-backend\vendor\laravel\framework\src\Illuminate\Foundation\Http\Middleware\InvokeDeferredCallbacks.php(22): Illuminate\Pipeline\Pipeline-&gt;{closure:{closure:Illuminate\Pipeline\Pipeline::carry():194}:195}(Object(Illuminate\Http\Request))
#46 C:\Users\hedra\Desktop\Sourcecode\NexusV2\Nexus-backend\vendor\laravel\framework\src\Illuminate\Pipeline\Pipeline.php(219): Illuminate\Foundation\Http\Middleware\InvokeDeferredCallbacks-&gt;handle(Object(Illuminate\Http\Request), Object(Closure))
#47 C:\Users\hedra\Desktop\Sourcecode\NexusV2\Nexus-backend\vendor\laravel\framework\src\Illuminate\Http\Middleware\ValidatePathEncoding.php(28): Illuminate\Pipeline\Pipeline-&gt;{closure:{closure:Illuminate\Pipeline\Pipeline::carry():194}:195}(Object(Illuminate\Http\Request))
#48 C:\Users\hedra\Desktop\Sourcecode\NexusV2\Nexus-backend\vendor\laravel\framework\src\Illuminate\Pipeline\Pipeline.php(219): Illuminate\Http\Middleware\ValidatePathEncoding-&gt;handle(Object(Illuminate\Http\Request), Object(Closure))
#49 C:\Users\hedra\Desktop\Sourcecode\NexusV2\Nexus-backend\vendor\laravel\framework\src\Illuminate\Pipeline\Pipeline.php(137): Illuminate\Pipeline\Pipeline-&gt;{closure:{closure:Illuminate\Pipeline\Pipeline::carry():194}:195}(Object(Illuminate\Http\Request))
#50 C:\Users\hedra\Desktop\Sourcecode\NexusV2\Nexus-backend\vendor\laravel\framework\src\Illuminate\Foundation\Http\Kernel.php(175): Illuminate\Pipeline\Pipeline-&gt;then(Object(Closure))
#51 C:\Users\hedra\Desktop\Sourcecode\NexusV2\Nexus-backend\vendor\laravel\framework\src\Illuminate\Foundation\Http\Kernel.php(144): Illuminate\Foundation\Http\Kernel-&gt;sendRequestThroughRouter(Object(Illuminate\Http\Request))
#52 C:\Users\hedra\Desktop\Sourcecode\NexusV2\Nexus-backend\vendor\laravel\framework\src\Illuminate\Foundation\Testing\Concerns\MakesHttpRequests.php(607): Illuminate\Foundation\Http\Kernel-&gt;handle(Object(Illuminate\Http\Request))
#53 C:\Users\hedra\Desktop\Sourcecode\NexusV2\Nexus-backend\vendor\laravel\framework\src\Illuminate\Foundation\Testing\Concerns\MakesHttpRequests.php(573): Illuminate\Foundation\Testing\TestCase-&gt;call('POST', '/api/v1/contact...', Array, Array, Array, Array, '{"contact_id":1...')
#54 C:\Users\hedra\Desktop\Sourcecode\NexusV2\Nexus-backend\vendor\laravel\framework\src\Illuminate\Foundation\Testing\Concerns\MakesHttpRequests.php(411): Illuminate\Foundation\Testing\TestCase-&gt;json('POST', '/api/v1/contact...', Array, Array, 0)
#55 C:\Users\hedra\Desktop\Sourcecode\NexusV2\Nexus-backend\tests\Feature\ContactImportAndMessagesTest.php(37): Illuminate\Foundation\Testing\TestCase-&gt;postJson('/api/v1/contact...', Array)
#56 C:\Users\hedra\Desktop\Sourcecode\NexusV2\Nexus-backend\vendor\phpunit\phpunit\src\Framework\TestCase.php(1667): Tests\Feature\ContactImportAndMessagesTest-&gt;test_whatsapp_txt_preview_and_commit_create_messages()
#57 C:\Users\hedra\Desktop\Sourcecode\NexusV2\Nexus-backend\vendor\phpunit\phpunit\src\Framework\TestCase.php(519): PHPUnit\Framework\TestCase-&gt;runTest()
#58 C:\Users\hedra\Desktop\Sourcecode\NexusV2\Nexus-backend\vendor\phpunit\phpunit\src\Framework\TestRunner\TestRunner.php(87): PHPUnit\Framework\TestCase-&gt;runBare()
#59 C:\Users\hedra\Desktop\Sourcecode\NexusV2\Nexus-backend\vendor\phpunit\phpunit\src\Framework\TestCase.php(365): PHPUnit\Framework\TestRunner-&gt;run(Object(Tests\Feature\ContactImportAndMessagesTest))
#60 C:\Users\hedra\Desktop\Sourcecode\NexusV2\Nexus-backend\vendor\phpunit\phpunit\src\Framework\TestSuite.php(369): PHPUnit\Framework\TestCase-&gt;run()
#61 C:\Users\hedra\Desktop\Sourcecode\NexusV2\Nexus-backend\vendor\phpunit\phpunit\src\Framework\TestSuite.php(369): PHPUnit\Framework\TestSuite-&gt;run()
#62 C:\Users\hedra\Desktop\Sourcecode\NexusV2\Nexus-backend\vendor\phpunit\phpunit\src\Framework\TestSuite.php(369): PHPUnit\Framework\TestSuite-&gt;run()
#63 C:\Users\hedra\Desktop\Sourcecode\NexusV2\Nexus-backend\vendor\phpunit\phpunit\src\TextUI\TestRunner.php(64): PHPUnit\Framework\TestSuite-&gt;run()
#64 C:\Users\hedra\Desktop\Sourcecode\NexusV2\Nexus-backend\vendor\phpunit\phpunit\src\TextUI\Application.php(211): PHPUnit\TextUI\TestRunner-&gt;run(Object(PHPUnit\TextUI\Configuration\Configuration), Object(PHPUnit\Runner\ResultCache\DefaultResultCache), Object(PHPUnit\Framework\TestSuite))
#65 C:\Users\hedra\Desktop\Sourcecode\NexusV2\Nexus-backend\vendor\phpunit\phpunit\phpunit(104): PHPUnit\TextUI\Application-&gt;run(Array)
#66 C:\Users\hedra\Desktop\Sourcecode\NexusV2\Nexus-backend\vendor\bin\phpunit(122): include('C:\\Users\\hedra\\...')
#67 {main}

----------------------------------------------------------------------------------

Cannot assign null to property App\Services\Contact\WahaImportService::$wahaSecret of type string
&#13;
C:\Users\hedra\Desktop\Sourcecode\NexusV2\Nexus-backend\vendor\laravel\framework\src\Illuminate\Testing\TestResponseAssert.php:45
C:\Users\hedra\Desktop\Sourcecode\NexusV2\Nexus-backend\vendor\laravel\framework\src\Illuminate\Testing\TestResponse.php:176
C:\Users\hedra\Desktop\Sourcecode\NexusV2\Nexus-backend\tests\Feature\ContactImportAndMessagesTest.php:43</failure>
        </testcase>
        <testcase name="test_message_routes_filter_search_and_source_specific_views" file="C:\Users\hedra\Desktop\Sourcecode\NexusV2\Nexus-backend\tests\Feature\ContactImportAndMessagesTest.php" line="79" class="Tests\Feature\ContactImportAndMessagesTest" classname="Tests.Feature.ContactImportAndMessagesTest" assertions="1" time="0.076969">
          <failure type="PHPUnit\Framework\ExpectationFailedException">Tests\Feature\ContactImportAndMessagesTest::test_message_routes_filter_search_and_source_specific_views&#13;
Expected response status code [200] but received 500.
Failed asserting that 500 is identical to 200.&#13;
&#13;
The following exception occurred during the last request:

TypeError: Cannot assign null to property App\Services\Contact\WahaImportService::$wahaSecret of type string in C:\Users\hedra\Desktop\Sourcecode\NexusV2\Nexus-backend\app\Services\Contact\WahaImportService.php:16
Stack trace:
#0 C:\Users\hedra\Desktop\Sourcecode\NexusV2\Nexus-backend\app\Services\Contact\ContactImportPipeline.php(22): App\Services\Contact\WahaImportService-&gt;__construct()
#1 C:\Users\hedra\Desktop\Sourcecode\NexusV2\Nexus-backend\vendor\laravel\framework\src\Illuminate\Container\Container.php(1171): App\Services\Contact\ContactImportPipeline-&gt;__construct()
#2 C:\Users\hedra\Desktop\Sourcecode\NexusV2\Nexus-backend\vendor\laravel\framework\src\Illuminate\Container\Container.php(936): Illuminate\Container\Container-&gt;build('App\\Services\\Co...')
#3 C:\Users\hedra\Desktop\Sourcecode\NexusV2\Nexus-backend\vendor\laravel\framework\src\Illuminate\Foundation\Application.php(1078): Illuminate\Container\Container-&gt;resolve('App\\Services\\Co...', Array, true)
#4 C:\Users\hedra\Desktop\Sourcecode\NexusV2\Nexus-backend\vendor\laravel\framework\src\Illuminate\Container\Container.php(864): Illuminate\Foundation\Application-&gt;resolve('App\\Services\\Co...', Array)
#5 C:\Users\hedra\Desktop\Sourcecode\NexusV2\Nexus-backend\vendor\laravel\framework\src\Illuminate\Foundation\Application.php(1058): Illuminate\Container\Container-&gt;make('App\\Services\\Co...', Array)
#6 C:\Users\hedra\Desktop\Sourcecode\NexusV2\Nexus-backend\vendor\laravel\framework\src\Illuminate\Container\Container.php(1339): Illuminate\Foundation\Application-&gt;make('App\\Services\\Co...')
#7 C:\Users\hedra\Desktop\Sourcecode\NexusV2\Nexus-backend\vendor\laravel\framework\src\Illuminate\Container\Container.php(1240): Illuminate\Container\Container-&gt;resolveClass(Object(ReflectionParameter), 'App\\Services\\Co...')
#8 C:\Users\hedra\Desktop\Sourcecode\NexusV2\Nexus-backend\vendor\laravel\framework\src\Illuminate\Container\Container.php(1165): Illuminate\Container\Container-&gt;resolveDependencies(Array)
#9 C:\Users\hedra\Desktop\Sourcecode\NexusV2\Nexus-backend\vendor\laravel\framework\src\Illuminate\Container\Container.php(936): Illuminate\Container\Container-&gt;build('App\\Http\\Contro...')
#10 C:\Users\hedra\Desktop\Sourcecode\NexusV2\Nexus-backend\vendor\laravel\framework\src\Illuminate\Foundation\Application.php(1078): Illuminate\Container\Container-&gt;resolve('App\\Http\\Contro...', Array, true)
#11 C:\Users\hedra\Desktop\Sourcecode\NexusV2\Nexus-backend\vendor\laravel\framework\src\Illuminate\Container\Container.php(864): Illuminate\Foundation\Application-&gt;resolve('App\\Http\\Contro...', Array)
#12 C:\Users\hedra\Desktop\Sourcecode\NexusV2\Nexus-backend\vendor\laravel\framework\src\Illuminate\Foundation\Application.php(1058): Illuminate\Container\Container-&gt;make('App\\Http\\Contro...', Array)
#13 C:\Users\hedra\Desktop\Sourcecode\NexusV2\Nexus-backend\vendor\laravel\framework\src\Illuminate\Routing\Route.php(296): Illuminate\Foundation\Application-&gt;make('App\\Http\\Contro...')
#14 C:\Users\hedra\Desktop\Sourcecode\NexusV2\Nexus-backend\vendor\laravel\framework\src\Illuminate\Routing\Route.php(276): Illuminate\Routing\Route-&gt;getController()
#15 C:\Users\hedra\Desktop\Sourcecode\NexusV2\Nexus-backend\vendor\laravel\framework\src\Illuminate\Routing\Route.php(215): Illuminate\Routing\Route-&gt;runController()
#16 C:\Users\hedra\Desktop\Sourcecode\NexusV2\Nexus-backend\vendor\laravel\framework\src\Illuminate\Routing\Router.php(822): Illuminate\Routing\Route-&gt;run()
#17 C:\Users\hedra\Desktop\Sourcecode\NexusV2\Nexus-backend\vendor\laravel\framework\src\Illuminate\Pipeline\Pipeline.php(180): Illuminate\Routing\Router-&gt;{closure:Illuminate\Routing\Router::runRouteWithinStack():821}(Object(Illuminate\Http\Request))
#18 C:\Users\hedra\Desktop\Sourcecode\NexusV2\Nexus-backend\vendor\laravel\framework\src\Illuminate\Routing\Middleware\SubstituteBindings.php(52): Illuminate\Pipeline\Pipeline-&gt;{closure:Illuminate\Pipeline\Pipeline::prepareDestination():178}(Object(Illuminate\Http\Request))
#19 C:\Users\hedra\Desktop\Sourcecode\NexusV2\Nexus-backend\vendor\laravel\framework\src\Illuminate\Pipeline\Pipeline.php(219): Illuminate\Routing\Middleware\SubstituteBindings-&gt;handle(Object(Illuminate\Http\Request), Object(Closure))
#20 C:\Users\hedra\Desktop\Sourcecode\NexusV2\Nexus-backend\vendor\laravel\framework\src\Illuminate\Routing\Middleware\ThrottleRequests.php(168): Illuminate\Pipeline\Pipeline-&gt;{closure:{closure:Illuminate\Pipeline\Pipeline::carry():194}:195}(Object(Illuminate\Http\Request))
#21 C:\Users\hedra\Desktop\Sourcecode\NexusV2\Nexus-backend\vendor\laravel\framework\src\Illuminate\Routing\Middleware\ThrottleRequests.php(93): Illuminate\Routing\Middleware\ThrottleRequests-&gt;handleRequest(Object(Illuminate\Http\Request), Object(Closure), Array)
#22 C:\Users\hedra\Desktop\Sourcecode\NexusV2\Nexus-backend\vendor\laravel\framework\src\Illuminate\Pipeline\Pipeline.php(219): Illuminate\Routing\Middleware\ThrottleRequests-&gt;handle(Object(Illuminate\Http\Request), Object(Closure), '5', '1')
#23 C:\Users\hedra\Desktop\Sourcecode\NexusV2\Nexus-backend\vendor\laravel\framework\src\Illuminate\Auth\Middleware\Authenticate.php(63): Illuminate\Pipeline\Pipeline-&gt;{closure:{closure:Illuminate\Pipeline\Pipeline::carry():194}:195}(Object(Illuminate\Http\Request))
#24 C:\Users\hedra\Desktop\Sourcecode\NexusV2\Nexus-backend\vendor\laravel\framework\src\Illuminate\Pipeline\Pipeline.php(219): Illuminate\Auth\Middleware\Authenticate-&gt;handle(Object(Illuminate\Http\Request), Object(Closure), 'sanctum')
#25 C:\Users\hedra\Desktop\Sourcecode\NexusV2\Nexus-backend\vendor\laravel\framework\src\Illuminate\Pipeline\Pipeline.php(137): Illuminate\Pipeline\Pipeline-&gt;{closure:{closure:Illuminate\Pipeline\Pipeline::carry():194}:195}(Object(Illuminate\Http\Request))
#26 C:\Users\hedra\Desktop\Sourcecode\NexusV2\Nexus-backend\vendor\laravel\framework\src\Illuminate\Routing\Router.php(821): Illuminate\Pipeline\Pipeline-&gt;then(Object(Closure))
#27 C:\Users\hedra\Desktop\Sourcecode\NexusV2\Nexus-backend\vendor\laravel\framework\src\Illuminate\Routing\Router.php(800): Illuminate\Routing\Router-&gt;runRouteWithinStack(Object(Illuminate\Routing\Route), Object(Illuminate\Http\Request))
#28 C:\Users\hedra\Desktop\Sourcecode\NexusV2\Nexus-backend\vendor\laravel\framework\src\Illuminate\Routing\Router.php(764): Illuminate\Routing\Router-&gt;runRoute(Object(Illuminate\Http\Request), Object(Illuminate\Routing\Route))
#29 C:\Users\hedra\Desktop\Sourcecode\NexusV2\Nexus-backend\vendor\laravel\framework\src\Illuminate\Routing\Router.php(753): Illuminate\Routing\Router-&gt;dispatchToRoute(Object(Illuminate\Http\Request))
#30 C:\Users\hedra\Desktop\Sourcecode\NexusV2\Nexus-backend\vendor\laravel\framework\src\Illuminate\Foundation\Http\Kernel.php(200): Illuminate\Routing\Router-&gt;dispatch(Object(Illuminate\Http\Request))
#31 C:\Users\hedra\Desktop\Sourcecode\NexusV2\Nexus-backend\vendor\laravel\framework\src\Illuminate\Pipeline\Pipeline.php(180): Illuminate\Foundation\Http\Kernel-&gt;{closure:Illuminate\Foundation\Http\Kernel::dispatchToRouter():197}(Object(Illuminate\Http\Request))
#32 C:\Users\hedra\Desktop\Sourcecode\NexusV2\Nexus-backend\app\Http\Middleware\AutoLoginDevMiddleware.php(29): Illuminate\Pipeline\Pipeline-&gt;{closure:Illuminate\Pipeline\Pipeline::prepareDestination():178}(Object(Illuminate\Http\Request))
#33 C:\Users\hedra\Desktop\Sourcecode\NexusV2\Nexus-backend\vendor\laravel\framework\src\Illuminate\Pipeline\Pipeline.php(219): App\Http\Middleware\AutoLoginDevMiddleware-&gt;handle(Object(Illuminate\Http\Request), Object(Closure))
#34 C:\Users\hedra\Desktop\Sourcecode\NexusV2\Nexus-backend\vendor\laravel\framework\src\Illuminate\Foundation\Http\Middleware\TransformsRequest.php(21): Illuminate\Pipeline\Pipeline-&gt;{closure:{closure:Illuminate\Pipeline\Pipeline::carry():194}:195}(Object(Illuminate\Http\Request))
#35 C:\Users\hedra\Desktop\Sourcecode\NexusV2\Nexus-backend\vendor\laravel\framework\src\Illuminate\Foundation\Http\Middleware\ConvertEmptyStringsToNull.php(31): Illuminate\Foundation\Http\Middleware\TransformsRequest-&gt;handle(Object(Illuminate\Http\Request), Object(Closure))
#36 C:\Users\hedra\Desktop\Sourcecode\NexusV2\Nexus-backend\vendor\laravel\framework\src\Illuminate\Pipeline\Pipeline.php(219): Illuminate\Foundation\Http\Middleware\ConvertEmptyStringsToNull-&gt;handle(Object(Illuminate\Http\Request), Object(Closure))
#37 C:\Users\hedra\Desktop\Sourcecode\NexusV2\Nexus-backend\vendor\laravel\framework\src\Illuminate\Foundation\Http\Middleware\TransformsRequest.php(21): Illuminate\Pipeline\Pipeline-&gt;{closure:{closure:Illuminate\Pipeline\Pipeline::carry():194}:195}(Object(Illuminate\Http\Request))
#38 C:\Users\hedra\Desktop\Sourcecode\NexusV2\Nexus-backend\vendor\laravel\framework\src\Illuminate\Foundation\Http\Middleware\TrimStrings.php(51): Illuminate\Foundation\Http\Middleware\TransformsRequest-&gt;handle(Object(Illuminate\Http\Request), Object(Closure))
#39 C:\Users\hedra\Desktop\Sourcecode\NexusV2\Nexus-backend\vendor\laravel\framework\src\Illuminate\Pipeline\Pipeline.php(219): Illuminate\Foundation\Http\Middleware\TrimStrings-&gt;handle(Object(Illuminate\Http\Request), Object(Closure))
#40 C:\Users\hedra\Desktop\Sourcecode\NexusV2\Nexus-backend\vendor\laravel\framework\src\Illuminate\Http\Middleware\ValidatePostSize.php(27): Illuminate\Pipeline\Pipeline-&gt;{closure:{closure:Illuminate\Pipeline\Pipeline::carry():194}:195}(Object(Illuminate\Http\Request))
#41 C:\Users\hedra\Desktop\Sourcecode\NexusV2\Nexus-backend\vendor\laravel\framework\src\Illuminate\Pipeline\Pipeline.php(219): Illuminate\Http\Middleware\ValidatePostSize-&gt;handle(Object(Illuminate\Http\Request), Object(Closure))
#42 C:\Users\hedra\Desktop\Sourcecode\NexusV2\Nexus-backend\vendor\laravel\framework\src\Illuminate\Foundation\Http\Middleware\PreventRequestsDuringMaintenance.php(109): Illuminate\Pipeline\Pipeline-&gt;{closure:{closure:Illuminate\Pipeline\Pipeline::carry():194}:195}(Object(Illuminate\Http\Request))
#43 C:\Users\hedra\Desktop\Sourcecode\NexusV2\Nexus-backend\vendor\laravel\framework\src\Illuminate\Pipeline\Pipeline.php(219): Illuminate\Foundation\Http\Middleware\PreventRequestsDuringMaintenance-&gt;handle(Object(Illuminate\Http\Request), Object(Closure))
#44 C:\Users\hedra\Desktop\Sourcecode\NexusV2\Nexus-backend\vendor\laravel\framework\src\Illuminate\Http\Middleware\HandleCors.php(74): Illuminate\Pipeline\Pipeline-&gt;{closure:{closure:Illuminate\Pipeline\Pipeline::carry():194}:195}(Object(Illuminate\Http\Request))
#45 C:\Users\hedra\Desktop\Sourcecode\NexusV2\Nexus-backend\vendor\laravel\framework\src\Illuminate\Pipeline\Pipeline.php(219): Illuminate\Http\Middleware\HandleCors-&gt;handle(Object(Illuminate\Http\Request), Object(Closure))
#46 C:\Users\hedra\Desktop\Sourcecode\NexusV2\Nexus-backend\vendor\laravel\framework\src\Illuminate\Http\Middleware\TrustProxies.php(58): Illuminate\Pipeline\Pipeline-&gt;{closure:{closure:Illuminate\Pipeline\Pipeline::carry():194}:195}(Object(Illuminate\Http\Request))
#47 C:\Users\hedra\Desktop\Sourcecode\NexusV2\Nexus-backend\vendor\laravel\framework\src\Illuminate\Pipeline\Pipeline.php(219): Illuminate\Http\Middleware\TrustProxies-&gt;handle(Object(Illuminate\Http\Request), Object(Closure))
#48 C:\Users\hedra\Desktop\Sourcecode\NexusV2\Nexus-backend\vendor\laravel\framework\src\Illuminate\Foundation\Http\Middleware\InvokeDeferredCallbacks.php(22): Illuminate\Pipeline\Pipeline-&gt;{closure:{closure:Illuminate\Pipeline\Pipeline::carry():194}:195}(Object(Illuminate\Http\Request))
#49 C:\Users\hedra\Desktop\Sourcecode\NexusV2\Nexus-backend\vendor\laravel\framework\src\Illuminate\Pipeline\Pipeline.php(219): Illuminate\Foundation\Http\Middleware\InvokeDeferredCallbacks-&gt;handle(Object(Illuminate\Http\Request), Object(Closure))
#50 C:\Users\hedra\Desktop\Sourcecode\NexusV2\Nexus-backend\vendor\laravel\framework\src\Illuminate\Http\Middleware\ValidatePathEncoding.php(28): Illuminate\Pipeline\Pipeline-&gt;{closure:{closure:Illuminate\Pipeline\Pipeline::carry():194}:195}(Object(Illuminate\Http\Request))
#51 C:\Users\hedra\Desktop\Sourcecode\NexusV2\Nexus-backend\vendor\laravel\framework\src\Illuminate\Pipeline\Pipeline.php(219): Illuminate\Http\Middleware\ValidatePathEncoding-&gt;handle(Object(Illuminate\Http\Request), Object(Closure))
#52 C:\Users\hedra\Desktop\Sourcecode\NexusV2\Nexus-backend\vendor\laravel\framework\src\Illuminate\Pipeline\Pipeline.php(137): Illuminate\Pipeline\Pipeline-&gt;{closure:{closure:Illuminate\Pipeline\Pipeline::carry():194}:195}(Object(Illuminate\Http\Request))
#53 C:\Users\hedra\Desktop\Sourcecode\NexusV2\Nexus-backend\vendor\laravel\framework\src\Illuminate\Foundation\Http\Kernel.php(175): Illuminate\Pipeline\Pipeline-&gt;then(Object(Closure))
#54 C:\Users\hedra\Desktop\Sourcecode\NexusV2\Nexus-backend\vendor\laravel\framework\src\Illuminate\Foundation\Http\Kernel.php(144): Illuminate\Foundation\Http\Kernel-&gt;sendRequestThroughRouter(Object(Illuminate\Http\Request))
#55 C:\Users\hedra\Desktop\Sourcecode\NexusV2\Nexus-backend\vendor\laravel\framework\src\Illuminate\Foundation\Testing\Concerns\MakesHttpRequests.php(607): Illuminate\Foundation\Http\Kernel-&gt;handle(Object(Illuminate\Http\Request))
#56 C:\Users\hedra\Desktop\Sourcecode\NexusV2\Nexus-backend\vendor\laravel\framework\src\Illuminate\Foundation\Testing\Concerns\MakesHttpRequests.php(573): Illuminate\Foundation\Testing\TestCase-&gt;call('POST', '/api/v1/contact...', Array, Array, Array, Array, '{"contact_id":1...')
#57 C:\Users\hedra\Desktop\Sourcecode\NexusV2\Nexus-backend\vendor\laravel\framework\src\Illuminate\Foundation\Testing\Concerns\MakesHttpRequests.php(411): Illuminate\Foundation\Testing\TestCase-&gt;json('POST', '/api/v1/contact...', Array, Array, 0)
#58 C:\Users\hedra\Desktop\Sourcecode\NexusV2\Nexus-backend\tests\Feature\ContactImportAndMessagesTest.php(83): Illuminate\Foundation\Testing\TestCase-&gt;postJson('/api/v1/contact...', Array)
#59 C:\Users\hedra\Desktop\Sourcecode\NexusV2\Nexus-backend\vendor\phpunit\phpunit\src\Framework\TestCase.php(1667): Tests\Feature\ContactImportAndMessagesTest-&gt;test_message_routes_filter_search_and_source_specific_views()
#60 C:\Users\hedra\Desktop\Sourcecode\NexusV2\Nexus-backend\vendor\phpunit\phpunit\src\Framework\TestCase.php(519): PHPUnit\Framework\TestCase-&gt;runTest()
#61 C:\Users\hedra\Desktop\Sourcecode\NexusV2\Nexus-backend\vendor\phpunit\phpunit\src\Framework\TestRunner\TestRunner.php(87): PHPUnit\Framework\TestCase-&gt;runBare()
#62 C:\Users\hedra\Desktop\Sourcecode\NexusV2\Nexus-backend\vendor\phpunit\phpunit\src\Framework\TestCase.php(365): PHPUnit\Framework\TestRunner-&gt;run(Object(Tests\Feature\ContactImportAndMessagesTest))
#63 C:\Users\hedra\Desktop\Sourcecode\NexusV2\Nexus-backend\vendor\phpunit\phpunit\src\Framework\TestSuite.php(369): PHPUnit\Framework\TestCase-&gt;run()
#64 C:\Users\hedra\Desktop\Sourcecode\NexusV2\Nexus-backend\vendor\phpunit\phpunit\src\Framework\TestSuite.php(369): PHPUnit\Framework\TestSuite-&gt;run()
#65 C:\Users\hedra\Desktop\Sourcecode\NexusV2\Nexus-backend\vendor\phpunit\phpunit\src\Framework\TestSuite.php(369): PHPUnit\Framework\TestSuite-&gt;run()
#66 C:\Users\hedra\Desktop\Sourcecode\NexusV2\Nexus-backend\vendor\phpunit\phpunit\src\TextUI\TestRunner.php(64): PHPUnit\Framework\TestSuite-&gt;run()
#67 C:\Users\hedra\Desktop\Sourcecode\NexusV2\Nexus-backend\vendor\phpunit\phpunit\src\TextUI\Application.php(211): PHPUnit\TextUI\TestRunner-&gt;run(Object(PHPUnit\TextUI\Configuration\Configuration), Object(PHPUnit\Runner\ResultCache\DefaultResultCache), Object(PHPUnit\Framework\TestSuite))
#68 C:\Users\hedra\Desktop\Sourcecode\NexusV2\Nexus-backend\vendor\phpunit\phpunit\phpunit(104): PHPUnit\TextUI\Application-&gt;run(Array)
#69 C:\Users\hedra\Desktop\Sourcecode\NexusV2\Nexus-backend\vendor\bin\phpunit(122): include('C:\\Users\\hedra\\...')
#70 {main}

----------------------------------------------------------------------------------

Cannot assign null to property App\Services\Contact\WahaImportService::$wahaSecret of type string
&#13;
C:\Users\hedra\Desktop\Sourcecode\NexusV2\Nexus-backend\vendor\laravel\framework\src\Illuminate\Testing\TestResponseAssert.php:45
C:\Users\hedra\Desktop\Sourcecode\NexusV2\Nexus-backend\vendor\laravel\framework\src\Illuminate\Testing\TestResponse.php:176
C:\Users\hedra\Desktop\Sourcecode\NexusV2\Nexus-backend\tests\Feature\ContactImportAndMessagesTest.php:106</failure>
        </testcase>
        <testcase name="test_facebook_import_and_rollback" file="C:\Users\hedra\Desktop\Sourcecode\NexusV2\Nexus-backend\tests\Feature\ContactImportAndMessagesTest.php" line="121" class="Tests\Feature\ContactImportAndMessagesTest" classname="Tests.Feature.ContactImportAndMessagesTest" assertions="1" time="0.118650">
          <failure type="PHPUnit\Framework\ExpectationFailedException">Tests\Feature\ContactImportAndMessagesTest::test_facebook_import_and_rollback&#13;
Expected response status code [200] but received 500.
Failed asserting that 500 is identical to 200.&#13;
&#13;
The following exception occurred during the last request:

TypeError: Cannot assign null to property App\Services\Contact\WahaImportService::$wahaSecret of type string in C:\Users\hedra\Desktop\Sourcecode\NexusV2\Nexus-backend\app\Services\Contact\WahaImportService.php:16
Stack trace:
#0 C:\Users\hedra\Desktop\Sourcecode\NexusV2\Nexus-backend\app\Services\Contact\ContactImportPipeline.php(22): App\Services\Contact\WahaImportService-&gt;__construct()
#1 C:\Users\hedra\Desktop\Sourcecode\NexusV2\Nexus-backend\vendor\laravel\framework\src\Illuminate\Container\Container.php(1171): App\Services\Contact\ContactImportPipeline-&gt;__construct()
#2 C:\Users\hedra\Desktop\Sourcecode\NexusV2\Nexus-backend\vendor\laravel\framework\src\Illuminate\Container\Container.php(936): Illuminate\Container\Container-&gt;build('App\\Services\\Co...')
#3 C:\Users\hedra\Desktop\Sourcecode\NexusV2\Nexus-backend\vendor\laravel\framework\src\Illuminate\Foundation\Application.php(1078): Illuminate\Container\Container-&gt;resolve('App\\Services\\Co...', Array, true)
#4 C:\Users\hedra\Desktop\Sourcecode\NexusV2\Nexus-backend\vendor\laravel\framework\src\Illuminate\Container\Container.php(864): Illuminate\Foundation\Application-&gt;resolve('App\\Services\\Co...', Array)
#5 C:\Users\hedra\Desktop\Sourcecode\NexusV2\Nexus-backend\vendor\laravel\framework\src\Illuminate\Foundation\Application.php(1058): Illuminate\Container\Container-&gt;make('App\\Services\\Co...', Array)
#6 C:\Users\hedra\Desktop\Sourcecode\NexusV2\Nexus-backend\vendor\laravel\framework\src\Illuminate\Container\Container.php(1339): Illuminate\Foundation\Application-&gt;make('App\\Services\\Co...')
#7 C:\Users\hedra\Desktop\Sourcecode\NexusV2\Nexus-backend\vendor\laravel\framework\src\Illuminate\Container\Container.php(1240): Illuminate\Container\Container-&gt;resolveClass(Object(ReflectionParameter), 'App\\Services\\Co...')
#8 C:\Users\hedra\Desktop\Sourcecode\NexusV2\Nexus-backend\vendor\laravel\framework\src\Illuminate\Container\Container.php(1165): Illuminate\Container\Container-&gt;resolveDependencies(Array)
#9 C:\Users\hedra\Desktop\Sourcecode\NexusV2\Nexus-backend\vendor\laravel\framework\src\Illuminate\Container\Container.php(936): Illuminate\Container\Container-&gt;build('App\\Http\\Contro...')
#10 C:\Users\hedra\Desktop\Sourcecode\NexusV2\Nexus-backend\vendor\laravel\framework\src\Illuminate\Foundation\Application.php(1078): Illuminate\Container\Container-&gt;resolve('App\\Http\\Contro...', Array, true)
#11 C:\Users\hedra\Desktop\Sourcecode\NexusV2\Nexus-backend\vendor\laravel\framework\src\Illuminate\Container\Container.php(864): Illuminate\Foundation\Application-&gt;resolve('App\\Http\\Contro...', Array)
#12 C:\Users\hedra\Desktop\Sourcecode\NexusV2\Nexus-backend\vendor\laravel\framework\src\Illuminate\Foundation\Application.php(1058): Illuminate\Container\Container-&gt;make('App\\Http\\Contro...', Array)
#13 C:\Users\hedra\Desktop\Sourcecode\NexusV2\Nexus-backend\vendor\laravel\framework\src\Illuminate\Routing\Route.php(296): Illuminate\Foundation\Application-&gt;make('App\\Http\\Contro...')
#14 C:\Users\hedra\Desktop\Sourcecode\NexusV2\Nexus-backend\vendor\laravel\framework\src\Illuminate\Routing\Route.php(276): Illuminate\Routing\Route-&gt;getController()
#15 C:\Users\hedra\Desktop\Sourcecode\NexusV2\Nexus-backend\vendor\laravel\framework\src\Illuminate\Routing\Route.php(215): Illuminate\Routing\Route-&gt;runController()
#16 C:\Users\hedra\Desktop\Sourcecode\NexusV2\Nexus-backend\vendor\laravel\framework\src\Illuminate\Routing\Router.php(822): Illuminate\Routing\Route-&gt;run()
#17 C:\Users\hedra\Desktop\Sourcecode\NexusV2\Nexus-backend\vendor\laravel\framework\src\Illuminate\Pipeline\Pipeline.php(180): Illuminate\Routing\Router-&gt;{closure:Illuminate\Routing\Router::runRouteWithinStack():821}(Object(Illuminate\Http\Request))
#18 C:\Users\hedra\Desktop\Sourcecode\NexusV2\Nexus-backend\vendor\laravel\framework\src\Illuminate\Routing\Middleware\SubstituteBindings.php(52): Illuminate\Pipeline\Pipeline-&gt;{closure:Illuminate\Pipeline\Pipeline::prepareDestination():178}(Object(Illuminate\Http\Request))
#19 C:\Users\hedra\Desktop\Sourcecode\NexusV2\Nexus-backend\vendor\laravel\framework\src\Illuminate\Pipeline\Pipeline.php(219): Illuminate\Routing\Middleware\SubstituteBindings-&gt;handle(Object(Illuminate\Http\Request), Object(Closure))
#20 C:\Users\hedra\Desktop\Sourcecode\NexusV2\Nexus-backend\vendor\laravel\framework\src\Illuminate\Routing\Middleware\ThrottleRequests.php(168): Illuminate\Pipeline\Pipeline-&gt;{closure:{closure:Illuminate\Pipeline\Pipeline::carry():194}:195}(Object(Illuminate\Http\Request))
#21 C:\Users\hedra\Desktop\Sourcecode\NexusV2\Nexus-backend\vendor\laravel\framework\src\Illuminate\Routing\Middleware\ThrottleRequests.php(93): Illuminate\Routing\Middleware\ThrottleRequests-&gt;handleRequest(Object(Illuminate\Http\Request), Object(Closure), Array)
#22 C:\Users\hedra\Desktop\Sourcecode\NexusV2\Nexus-backend\vendor\laravel\framework\src\Illuminate\Pipeline\Pipeline.php(219): Illuminate\Routing\Middleware\ThrottleRequests-&gt;handle(Object(Illuminate\Http\Request), Object(Closure), '5', '1')
#23 C:\Users\hedra\Desktop\Sourcecode\NexusV2\Nexus-backend\vendor\laravel\framework\src\Illuminate\Auth\Middleware\Authenticate.php(63): Illuminate\Pipeline\Pipeline-&gt;{closure:{closure:Illuminate\Pipeline\Pipeline::carry():194}:195}(Object(Illuminate\Http\Request))
#24 C:\Users\hedra\Desktop\Sourcecode\NexusV2\Nexus-backend\vendor\laravel\framework\src\Illuminate\Pipeline\Pipeline.php(219): Illuminate\Auth\Middleware\Authenticate-&gt;handle(Object(Illuminate\Http\Request), Object(Closure), 'sanctum')
#25 C:\Users\hedra\Desktop\Sourcecode\NexusV2\Nexus-backend\vendor\laravel\framework\src\Illuminate\Pipeline\Pipeline.php(137): Illuminate\Pipeline\Pipeline-&gt;{closure:{closure:Illuminate\Pipeline\Pipeline::carry():194}:195}(Object(Illuminate\Http\Request))
#26 C:\Users\hedra\Desktop\Sourcecode\NexusV2\Nexus-backend\vendor\laravel\framework\src\Illuminate\Routing\Router.php(821): Illuminate\Pipeline\Pipeline-&gt;then(Object(Closure))
#27 C:\Users\hedra\Desktop\Sourcecode\NexusV2\Nexus-backend\vendor\laravel\framework\src\Illuminate\Routing\Router.php(800): Illuminate\Routing\Router-&gt;runRouteWithinStack(Object(Illuminate\Routing\Route), Object(Illuminate\Http\Request))
#28 C:\Users\hedra\Desktop\Sourcecode\NexusV2\Nexus-backend\vendor\laravel\framework\src\Illuminate\Routing\Router.php(764): Illuminate\Routing\Router-&gt;runRoute(Object(Illuminate\Http\Request), Object(Illuminate\Routing\Route))
#29 C:\Users\hedra\Desktop\Sourcecode\NexusV2\Nexus-backend\vendor\laravel\framework\src\Illuminate\Routing\Router.php(753): Illuminate\Routing\Router-&gt;dispatchToRoute(Object(Illuminate\Http\Request))
#30 C:\Users\hedra\Desktop\Sourcecode\NexusV2\Nexus-backend\vendor\laravel\framework\src\Illuminate\Foundation\Http\Kernel.php(200): Illuminate\Routing\Router-&gt;dispatch(Object(Illuminate\Http\Request))
#31 C:\Users\hedra\Desktop\Sourcecode\NexusV2\Nexus-backend\vendor\laravel\framework\src\Illuminate\Pipeline\Pipeline.php(180): Illuminate\Foundation\Http\Kernel-&gt;{closure:Illuminate\Foundation\Http\Kernel::dispatchToRouter():197}(Object(Illuminate\Http\Request))
#32 C:\Users\hedra\Desktop\Sourcecode\NexusV2\Nexus-backend\app\Http\Middleware\AutoLoginDevMiddleware.php(29): Illuminate\Pipeline\Pipeline-&gt;{closure:Illuminate\Pipeline\Pipeline::prepareDestination():178}(Object(Illuminate\Http\Request))
#33 C:\Users\hedra\Desktop\Sourcecode\NexusV2\Nexus-backend\vendor\laravel\framework\src\Illuminate\Pipeline\Pipeline.php(219): App\Http\Middleware\AutoLoginDevMiddleware-&gt;handle(Object(Illuminate\Http\Request), Object(Closure))
#34 C:\Users\hedra\Desktop\Sourcecode\NexusV2\Nexus-backend\vendor\laravel\framework\src\Illuminate\Foundation\Http\Middleware\TransformsRequest.php(21): Illuminate\Pipeline\Pipeline-&gt;{closure:{closure:Illuminate\Pipeline\Pipeline::carry():194}:195}(Object(Illuminate\Http\Request))
#35 C:\Users\hedra\Desktop\Sourcecode\NexusV2\Nexus-backend\vendor\laravel\framework\src\Illuminate\Foundation\Http\Middleware\ConvertEmptyStringsToNull.php(31): Illuminate\Foundation\Http\Middleware\TransformsRequest-&gt;handle(Object(Illuminate\Http\Request), Object(Closure))
#36 C:\Users\hedra\Desktop\Sourcecode\NexusV2\Nexus-backend\vendor\laravel\framework\src\Illuminate\Pipeline\Pipeline.php(219): Illuminate\Foundation\Http\Middleware\ConvertEmptyStringsToNull-&gt;handle(Object(Illuminate\Http\Request), Object(Closure))
#37 C:\Users\hedra\Desktop\Sourcecode\NexusV2\Nexus-backend\vendor\laravel\framework\src\Illuminate\Foundation\Http\Middleware\TransformsRequest.php(21): Illuminate\Pipeline\Pipeline-&gt;{closure:{closure:Illuminate\Pipeline\Pipeline::carry():194}:195}(Object(Illuminate\Http\Request))
#38 C:\Users\hedra\Desktop\Sourcecode\NexusV2\Nexus-backend\vendor\laravel\framework\src\Illuminate\Foundation\Http\Middleware\TrimStrings.php(51): Illuminate\Foundation\Http\Middleware\TransformsRequest-&gt;handle(Object(Illuminate\Http\Request), Object(Closure))
#39 C:\Users\hedra\Desktop\Sourcecode\NexusV2\Nexus-backend\vendor\laravel\framework\src\Illuminate\Pipeline\Pipeline.php(219): Illuminate\Foundation\Http\Middleware\TrimStrings-&gt;handle(Object(Illuminate\Http\Request), Object(Closure))
#40 C:\Users\hedra\Desktop\Sourcecode\NexusV2\Nexus-backend\vendor\laravel\framework\src\Illuminate\Http\Middleware\ValidatePostSize.php(27): Illuminate\Pipeline\Pipeline-&gt;{closure:{closure:Illuminate\Pipeline\Pipeline::carry():194}:195}(Object(Illuminate\Http\Request))
#41 C:\Users\hedra\Desktop\Sourcecode\NexusV2\Nexus-backend\vendor\laravel\framework\src\Illuminate\Pipeline\Pipeline.php(219): Illuminate\Http\Middleware\ValidatePostSize-&gt;handle(Object(Illuminate\Http\Request), Object(Closure))
#42 C:\Users\hedra\Desktop\Sourcecode\NexusV2\Nexus-backend\vendor\laravel\framework\src\Illuminate\Foundation\Http\Middleware\PreventRequestsDuringMaintenance.php(109): Illuminate\Pipeline\Pipeline-&gt;{closure:{closure:Illuminate\Pipeline\Pipeline::carry():194}:195}(Object(Illuminate\Http\Request))
#43 C:\Users\hedra\Desktop\Sourcecode\NexusV2\Nexus-backend\vendor\laravel\framework\src\Illuminate\Pipeline\Pipeline.php(219): Illuminate\Foundation\Http\Middleware\PreventRequestsDuringMaintenance-&gt;handle(Object(Illuminate\Http\Request), Object(Closure))
#44 C:\Users\hedra\Desktop\Sourcecode\NexusV2\Nexus-backend\vendor\laravel\framework\src\Illuminate\Http\Middleware\HandleCors.php(74): Illuminate\Pipeline\Pipeline-&gt;{closure:{closure:Illuminate\Pipeline\Pipeline::carry():194}:195}(Object(Illuminate\Http\Request))
#45 C:\Users\hedra\Desktop\Sourcecode\NexusV2\Nexus-backend\vendor\laravel\framework\src\Illuminate\Pipeline\Pipeline.php(219): Illuminate\Http\Middleware\HandleCors-&gt;handle(Object(Illuminate\Http\Request), Object(Closure))
#46 C:\Users\hedra\Desktop\Sourcecode\NexusV2\Nexus-backend\vendor\laravel\framework\src\Illuminate\Http\Middleware\TrustProxies.php(58): Illuminate\Pipeline\Pipeline-&gt;{closure:{closure:Illuminate\Pipeline\Pipeline::carry():194}:195}(Object(Illuminate\Http\Request))
#47 C:\Users\hedra\Desktop\Sourcecode\NexusV2\Nexus-backend\vendor\laravel\framework\src\Illuminate\Pipeline\Pipeline.php(219): Illuminate\Http\Middleware\TrustProxies-&gt;handle(Object(Illuminate\Http\Request), Object(Closure))
#48 C:\Users\hedra\Desktop\Sourcecode\NexusV2\Nexus-backend\vendor\laravel\framework\src\Illuminate\Foundation\Http\Middleware\InvokeDeferredCallbacks.php(22): Illuminate\Pipeline\Pipeline-&gt;{closure:{closure:Illuminate\Pipeline\Pipeline::carry():194}:195}(Object(Illuminate\Http\Request))
#49 C:\Users\hedra\Desktop\Sourcecode\NexusV2\Nexus-backend\vendor\laravel\framework\src\Illuminate\Pipeline\Pipeline.php(219): Illuminate\Foundation\Http\Middleware\InvokeDeferredCallbacks-&gt;handle(Object(Illuminate\Http\Request), Object(Closure))
#50 C:\Users\hedra\Desktop\Sourcecode\NexusV2\Nexus-backend\vendor\laravel\framework\src\Illuminate\Http\Middleware\ValidatePathEncoding.php(28): Illuminate\Pipeline\Pipeline-&gt;{closure:{closure:Illuminate\Pipeline\Pipeline::carry():194}:195}(Object(Illuminate\Http\Request))
#51 C:\Users\hedra\Desktop\Sourcecode\NexusV2\Nexus-backend\vendor\laravel\framework\src\Illuminate\Pipeline\Pipeline.php(219): Illuminate\Http\Middleware\ValidatePathEncoding-&gt;handle(Object(Illuminate\Http\Request), Object(Closure))
#52 C:\Users\hedra\Desktop\Sourcecode\NexusV2\Nexus-backend\vendor\laravel\framework\src\Illuminate\Pipeline\Pipeline.php(137): Illuminate\Pipeline\Pipeline-&gt;{closure:{closure:Illuminate\Pipeline\Pipeline::carry():194}:195}(Object(Illuminate\Http\Request))
#53 C:\Users\hedra\Desktop\Sourcecode\NexusV2\Nexus-backend\vendor\laravel\framework\src\Illuminate\Foundation\Http\Kernel.php(175): Illuminate\Pipeline\Pipeline-&gt;then(Object(Closure))
#54 C:\Users\hedra\Desktop\Sourcecode\NexusV2\Nexus-backend\vendor\laravel\framework\src\Illuminate\Foundation\Http\Kernel.php(144): Illuminate\Foundation\Http\Kernel-&gt;sendRequestThroughRouter(Object(Illuminate\Http\Request))
#55 C:\Users\hedra\Desktop\Sourcecode\NexusV2\Nexus-backend\vendor\laravel\framework\src\Illuminate\Foundation\Testing\Concerns\MakesHttpRequests.php(607): Illuminate\Foundation\Http\Kernel-&gt;handle(Object(Illuminate\Http\Request))
#56 C:\Users\hedra\Desktop\Sourcecode\NexusV2\Nexus-backend\vendor\laravel\framework\src\Illuminate\Foundation\Testing\Concerns\MakesHttpRequests.php(573): Illuminate\Foundation\Testing\TestCase-&gt;call('POST', '/api/v1/contact...', Array, Array, Array, Array, '{"contact_id":1...')
#57 C:\Users\hedra\Desktop\Sourcecode\NexusV2\Nexus-backend\vendor\laravel\framework\src\Illuminate\Foundation\Testing\Concerns\MakesHttpRequests.php(411): Illuminate\Foundation\Testing\TestCase-&gt;json('POST', '/api/v1/contact...', Array, Array, 0)
#58 C:\Users\hedra\Desktop\Sourcecode\NexusV2\Nexus-backend\tests\Feature\ContactImportAndMessagesTest.php(125): Illuminate\Foundation\Testing\TestCase-&gt;postJson('/api/v1/contact...', Array)
#59 C:\Users\hedra\Desktop\Sourcecode\NexusV2\Nexus-backend\vendor\phpunit\phpunit\src\Framework\TestCase.php(1667): Tests\Feature\ContactImportAndMessagesTest-&gt;test_facebook_import_and_rollback()
#60 C:\Users\hedra\Desktop\Sourcecode\NexusV2\Nexus-backend\vendor\phpunit\phpunit\src\Framework\TestCase.php(519): PHPUnit\Framework\TestCase-&gt;runTest()
#61 C:\Users\hedra\Desktop\Sourcecode\NexusV2\Nexus-backend\vendor\phpunit\phpunit\src\Framework\TestRunner\TestRunner.php(87): PHPUnit\Framework\TestCase-&gt;runBare()
#62 C:\Users\hedra\Desktop\Sourcecode\NexusV2\Nexus-backend\vendor\phpunit\phpunit\src\Framework\TestCase.php(365): PHPUnit\Framework\TestRunner-&gt;run(Object(Tests\Feature\ContactImportAndMessagesTest))
#63 C:\Users\hedra\Desktop\Sourcecode\NexusV2\Nexus-backend\vendor\phpunit\phpunit\src\Framework\TestSuite.php(369): PHPUnit\Framework\TestCase-&gt;run()
#64 C:\Users\hedra\Desktop\Sourcecode\NexusV2\Nexus-backend\vendor\phpunit\phpunit\src\Framework\TestSuite.php(369): PHPUnit\Framework\TestSuite-&gt;run()
#65 C:\Users\hedra\Desktop\Sourcecode\NexusV2\Nexus-backend\vendor\phpunit\phpunit\src\Framework\TestSuite.php(369): PHPUnit\Framework\TestSuite-&gt;run()
#66 C:\Users\hedra\Desktop\Sourcecode\NexusV2\Nexus-backend\vendor\phpunit\phpunit\src\TextUI\TestRunner.php(64): PHPUnit\Framework\TestSuite-&gt;run()
#67 C:\Users\hedra\Desktop\Sourcecode\NexusV2\Nexus-backend\vendor\phpunit\phpunit\src\TextUI\Application.php(211): PHPUnit\TextUI\TestRunner-&gt;run(Object(PHPUnit\TextUI\Configuration\Configuration), Object(PHPUnit\Runner\ResultCache\DefaultResultCache), Object(PHPUnit\Framework\TestSuite))
#68 C:\Users\hedra\Desktop\Sourcecode\NexusV2\Nexus-backend\vendor\phpunit\phpunit\phpunit(104): PHPUnit\TextUI\Application-&gt;run(Array)
#69 C:\Users\hedra\Desktop\Sourcecode\NexusV2\Nexus-backend\vendor\bin\phpunit(122): include('C:\\Users\\hedra\\...')
#70 {main}

----------------------------------------------------------------------------------

Cannot assign null to property App\Services\Contact\WahaImportService::$wahaSecret of type string
&#13;
C:\Users\hedra\Desktop\Sourcecode\NexusV2\Nexus-backend\vendor\laravel\framework\src\Illuminate\Testing\TestResponseAssert.php:45
C:\Users\hedra\Desktop\Sourcecode\NexusV2\Nexus-backend\vendor\laravel\framework\src\Illuminate\Testing\TestResponse.php:176
C:\Users\hedra\Desktop\Sourcecode\NexusV2\Nexus-backend\tests\Feature\ContactImportAndMessagesTest.php:139</failure>
        </testcase>
        <testcase name="test_contacthub_supporting_vnext_endpoints" file="C:\Users\hedra\Desktop\Sourcecode\NexusV2\Nexus-backend\tests\Feature\ContactImportAndMessagesTest.php" line="153" class="Tests\Feature\ContactImportAndMessagesTest" classname="Tests.Feature.ContactImportAndMessagesTest" assertions="4" time="0.118630">
          <failure type="PHPUnit\Framework\ExpectationFailedException">Tests\Feature\ContactImportAndMessagesTest::test_contacthub_supporting_vnext_endpoints&#13;
Failed asserting that two strings are identical.
--- Expected
+++ Actual
@@ @@
-'pending'
+'queued'
&#13;
C:\Users\hedra\Desktop\Sourcecode\NexusV2\Nexus-backend\vendor\laravel\framework\src\Illuminate\Testing\AssertableJsonString.php:243
C:\Users\hedra\Desktop\Sourcecode\NexusV2\Nexus-backend\vendor\laravel\framework\src\Illuminate\Testing\TestResponse.php:875
C:\Users\hedra\Desktop\Sourcecode\NexusV2\Nexus-backend\tests\Feature\ContactImportAndMessagesTest.php:165</failure>
        </testcase>
      </testsuite>
      <testsuite name="Tests\Feature\ContactIntelligenceTest" file="C:\Users\hedra\Desktop\Sourcecode\NexusV2\Nexus-backend\tests\Feature\ContactIntelligenceTest.php" tests="6" assertions="0" errors="6" failures="0" skipped="0" time="0.369861">
        <testcase name="test_successful_analysis_populates_evidence_references_and_source_message_ids" file="C:\Users\hedra\Desktop\Sourcecode\NexusV2\Nexus-backend\tests\Feature\ContactIntelligenceTest.php" line="43" class="Tests\Feature\ContactIntelligenceTest" classname="Tests.Feature.ContactIntelligenceTest" assertions="0" time="0.061187">
          <error type="BadMethodCallException">Tests\Feature\ContactIntelligenceTest::test_successful_analysis_populates_evidence_references_and_source_message_ids&#13;
BadMethodCallException: Call to undefined method App\Models\ContactMessage::factory()
&#13;
C:\Users\hedra\Desktop\Sourcecode\NexusV2\Nexus-backend\vendor\laravel\framework\src\Illuminate\Support\Traits\ForwardsCalls.php:67
C:\Users\hedra\Desktop\Sourcecode\NexusV2\Nexus-backend\vendor\laravel\framework\src\Illuminate\Support\Traits\ForwardsCalls.php:36
C:\Users\hedra\Desktop\Sourcecode\NexusV2\Nexus-backend\vendor\laravel\framework\src\Illuminate\Database\Eloquent\Model.php:2809
C:\Users\hedra\Desktop\Sourcecode\NexusV2\Nexus-backend\vendor\laravel\framework\src\Illuminate\Database\Eloquent\Model.php:2825
C:\Users\hedra\Desktop\Sourcecode\NexusV2\Nexus-backend\tests\Feature\ContactIntelligenceTest.php:49</error>
        </testcase>
        <testcase name="test_ai_failure_marks_run_failed_without_writing_findings" file="C:\Users\hedra\Desktop\Sourcecode\NexusV2\Nexus-backend\tests\Feature\ContactIntelligenceTest.php" line="120" class="Tests\Feature\ContactIntelligenceTest" classname="Tests.Feature.ContactIntelligenceTest" assertions="0" time="0.050345">
          <error type="BadMethodCallException">Tests\Feature\ContactIntelligenceTest::test_ai_failure_marks_run_failed_without_writing_findings&#13;
BadMethodCallException: Call to undefined method App\Models\ContactMessage::factory()
&#13;
C:\Users\hedra\Desktop\Sourcecode\NexusV2\Nexus-backend\vendor\laravel\framework\src\Illuminate\Support\Traits\ForwardsCalls.php:67
C:\Users\hedra\Desktop\Sourcecode\NexusV2\Nexus-backend\vendor\laravel\framework\src\Illuminate\Support\Traits\ForwardsCalls.php:36
C:\Users\hedra\Desktop\Sourcecode\NexusV2\Nexus-backend\vendor\laravel\framework\src\Illuminate\Database\Eloquent\Model.php:2809
C:\Users\hedra\Desktop\Sourcecode\NexusV2\Nexus-backend\vendor\laravel\framework\src\Illuminate\Database\Eloquent\Model.php:2825
C:\Users\hedra\Desktop\Sourcecode\NexusV2\Nexus-backend\tests\Feature\ContactIntelligenceTest.php:126</error>
        </testcase>
        <testcase name="test_evidence_references_include_message_details" file="C:\Users\hedra\Desktop\Sourcecode\NexusV2\Nexus-backend\tests\Feature\ContactIntelligenceTest.php" line="175" class="Tests\Feature\ContactIntelligenceTest" classname="Tests.Feature.ContactIntelligenceTest" assertions="0" time="0.055623">
          <error type="BadMethodCallException">Tests\Feature\ContactIntelligenceTest::test_evidence_references_include_message_details&#13;
BadMethodCallException: Call to undefined method App\Models\ContactMessage::factory()
&#13;
C:\Users\hedra\Desktop\Sourcecode\NexusV2\Nexus-backend\vendor\laravel\framework\src\Illuminate\Support\Traits\ForwardsCalls.php:67
C:\Users\hedra\Desktop\Sourcecode\NexusV2\Nexus-backend\vendor\laravel\framework\src\Illuminate\Support\Traits\ForwardsCalls.php:36
C:\Users\hedra\Desktop\Sourcecode\NexusV2\Nexus-backend\vendor\laravel\framework\src\Illuminate\Database\Eloquent\Model.php:2809
C:\Users\hedra\Desktop\Sourcecode\NexusV2\Nexus-backend\vendor\laravel\framework\src\Illuminate\Database\Eloquent\Model.php:2825
C:\Users\hedra\Desktop\Sourcecode\NexusV2\Nexus-backend\tests\Feature\ContactIntelligenceTest.php:181</error>
        </testcase>
        <testcase name="test_all_finding_types_have_independent_evidence" file="C:\Users\hedra\Desktop\Sourcecode\NexusV2\Nexus-backend\tests\Feature\ContactIntelligenceTest.php" line="230" class="Tests\Feature\ContactIntelligenceTest" classname="Tests.Feature.ContactIntelligenceTest" assertions="0" time="0.074892">
          <error type="BadMethodCallException">Tests\Feature\ContactIntelligenceTest::test_all_finding_types_have_independent_evidence&#13;
BadMethodCallException: Call to undefined method App\Models\ContactMessage::factory()
&#13;
C:\Users\hedra\Desktop\Sourcecode\NexusV2\Nexus-backend\vendor\laravel\framework\src\Illuminate\Support\Traits\ForwardsCalls.php:67
C:\Users\hedra\Desktop\Sourcecode\NexusV2\Nexus-backend\vendor\laravel\framework\src\Illuminate\Support\Traits\ForwardsCalls.php:36
C:\Users\hedra\Desktop\Sourcecode\NexusV2\Nexus-backend\vendor\laravel\framework\src\Illuminate\Database\Eloquent\Model.php:2809
C:\Users\hedra\Desktop\Sourcecode\NexusV2\Nexus-backend\vendor\laravel\framework\src\Illuminate\Database\Eloquent\Model.php:2825
C:\Users\hedra\Desktop\Sourcecode\NexusV2\Nexus-backend\tests\Feature\ContactIntelligenceTest.php:236</error>
        </testcase>
        <testcase name="test_empty_message_body_excludes_from_evidence" file="C:\Users\hedra\Desktop\Sourcecode\NexusV2\Nexus-backend\tests\Feature\ContactIntelligenceTest.php" line="275" class="Tests\Feature\ContactIntelligenceTest" classname="Tests.Feature.ContactIntelligenceTest" assertions="0" time="0.055620">
          <error type="BadMethodCallException">Tests\Feature\ContactIntelligenceTest::test_empty_message_body_excludes_from_evidence&#13;
BadMethodCallException: Call to undefined method App\Models\ContactMessage::factory()
&#13;
C:\Users\hedra\Desktop\Sourcecode\NexusV2\Nexus-backend\vendor\laravel\framework\src\Illuminate\Support\Traits\ForwardsCalls.php:67
C:\Users\hedra\Desktop\Sourcecode\NexusV2\Nexus-backend\vendor\laravel\framework\src\Illuminate\Support\Traits\ForwardsCalls.php:36
C:\Users\hedra\Desktop\Sourcecode\NexusV2\Nexus-backend\vendor\laravel\framework\src\Illuminate\Database\Eloquent\Model.php:2809
C:\Users\hedra\Desktop\Sourcecode\NexusV2\Nexus-backend\vendor\laravel\framework\src\Illuminate\Database\Eloquent\Model.php:2825
C:\Users\hedra\Desktop\Sourcecode\NexusV2\Nexus-backend\tests\Feature\ContactIntelligenceTest.php:281</error>
        </testcase>
        <testcase name="test_one_finding_failure_does_not_abort_entire_run" file="C:\Users\hedra\Desktop\Sourcecode\NexusV2\Nexus-backend\tests\Feature\ContactIntelligenceTest.php" line="319" class="Tests\Feature\ContactIntelligenceTest" classname="Tests.Feature.ContactIntelligenceTest" assertions="0" time="0.072194">
          <error type="BadMethodCallException">Tests\Feature\ContactIntelligenceTest::test_one_finding_failure_does_not_abort_entire_run&#13;
BadMethodCallException: Call to undefined method App\Models\ContactMessage::factory()
&#13;
C:\Users\hedra\Desktop\Sourcecode\NexusV2\Nexus-backend\vendor\laravel\framework\src\Illuminate\Support\Traits\ForwardsCalls.php:67
C:\Users\hedra\Desktop\Sourcecode\NexusV2\Nexus-backend\vendor\laravel\framework\src\Illuminate\Support\Traits\ForwardsCalls.php:36
C:\Users\hedra\Desktop\Sourcecode\NexusV2\Nexus-backend\vendor\laravel\framework\src\Illuminate\Database\Eloquent\Model.php:2809
C:\Users\hedra\Desktop\Sourcecode\NexusV2\Nexus-backend\vendor\laravel\framework\src\Illuminate\Database\Eloquent\Model.php:2825
C:\Users\hedra\Desktop\Sourcecode\NexusV2\Nexus-backend\tests\Feature\ContactIntelligenceTest.php:325</error>
        </testcase>
      </testsuite>
      <testsuite name="Tests\Feature\ContactPhase2Test" file="C:\Users\hedra\Desktop\Sourcecode\NexusV2\Nexus-backend\tests\Feature\ContactPhase2Test.php" tests="8" assertions="36" errors="0" failures="0" skipped="0" time="0.742331">
        <testcase name="test_stats_endpoint_returns_expected_keys" file="C:\Users\hedra\Desktop\Sourcecode\NexusV2\Nexus-backend\tests\Feature\ContactPhase2Test.php" line="29" class="Tests\Feature\ContactPhase2Test" classname="Tests.Feature.ContactPhase2Test" assertions="14" time="0.093646"/>
        <testcase name="test_get_global_reply_mode_defaults_to_manual" file="C:\Users\hedra\Desktop\Sourcecode\NexusV2\Nexus-backend\tests\Feature\ContactPhase2Test.php" line="57" class="Tests\Feature\ContactPhase2Test" classname="Tests.Feature.ContactPhase2Test" assertions="3" time="0.075811"/>
        <testcase name="test_set_global_reply_mode_to_copilot" file="C:\Users\hedra\Desktop\Sourcecode\NexusV2\Nexus-backend\tests\Feature\ContactPhase2Test.php" line="67" class="Tests\Feature\ContactPhase2Test" classname="Tests.Feature.ContactPhase2Test" assertions="3" time="0.108051"/>
        <testcase name="test_set_global_reply_mode_to_autopilot_returns_warning_flag" file="C:\Users\hedra\Desktop\Sourcecode\NexusV2\Nexus-backend\tests\Feature\ContactPhase2Test.php" line="81" class="Tests\Feature\ContactPhase2Test" classname="Tests.Feature.ContactPhase2Test" assertions="3" time="0.082659"/>
        <testcase name="test_set_global_reply_mode_rejects_invalid_mode" file="C:\Users\hedra\Desktop\Sourcecode\NexusV2\Nexus-backend\tests\Feature\ContactPhase2Test.php" line="91" class="Tests\Feature\ContactPhase2Test" classname="Tests.Feature.ContactPhase2Test" assertions="1" time="0.090311"/>
        <testcase name="test_get_contact_reply_mode_inherits_global" file="C:\Users\hedra\Desktop\Sourcecode\NexusV2\Nexus-backend\tests\Feature\ContactPhase2Test.php" line="101" class="Tests\Feature\ContactPhase2Test" classname="Tests.Feature.ContactPhase2Test" assertions="4" time="0.093487"/>
        <testcase name="test_set_contact_reply_mode_override" file="C:\Users\hedra\Desktop\Sourcecode\NexusV2\Nexus-backend\tests\Feature\ContactPhase2Test.php" line="113" class="Tests\Feature\ContactPhase2Test" classname="Tests.Feature.ContactPhase2Test" assertions="5" time="0.085920"/>
        <testcase name="test_clear_contact_reply_mode_override" file="C:\Users\hedra\Desktop\Sourcecode\NexusV2\Nexus-backend\tests\Feature\ContactPhase2Test.php" line="136" class="Tests\Feature\ContactPhase2Test" classname="Tests.Feature.ContactPhase2Test" assertions="3" time="0.112446"/>
      </testsuite>
      <testsuite name="Tests\Feature\ContactServicesTest" file="C:\Users\hedra\Desktop\Sourcecode\NexusV2\Nexus-backend\tests\Feature\ContactServicesTest.php" tests="5" assertions="18" errors="0" failures="0" skipped="0" time="0.474649">
        <testcase name="test_identity_resolver_resolves_correctly" file="C:\Users\hedra\Desktop\Sourcecode\NexusV2\Nexus-backend\tests\Feature\ContactServicesTest.php" line="40" class="Tests\Feature\ContactServicesTest" classname="Tests.Feature.ContactServicesTest" assertions="2" time="0.065313"/>
        <testcase name="test_profile_assembler_builds_complete_profile" file="C:\Users\hedra\Desktop\Sourcecode\NexusV2\Nexus-backend\tests\Feature\ContactServicesTest.php" line="59" class="Tests\Feature\ContactServicesTest" classname="Tests.Feature.ContactServicesTest" assertions="6" time="0.087092"/>
        <testcase name="test_audit_service_logs_events" file="C:\Users\hedra\Desktop\Sourcecode\NexusV2\Nexus-backend\tests\Feature\ContactServicesTest.php" line="85" class="Tests\Feature\ContactServicesTest" classname="Tests.Feature.ContactServicesTest" assertions="3" time="0.072617"/>
        <testcase name="test_privacy_service_erases_and_exports" file="C:\Users\hedra\Desktop\Sourcecode\NexusV2\Nexus-backend\tests\Feature\ContactServicesTest.php" line="105" class="Tests\Feature\ContactServicesTest" classname="Tests.Feature.ContactServicesTest" assertions="4" time="0.148219"/>
        <testcase name="test_analytics_service_gets_metrics" file="C:\Users\hedra\Desktop\Sourcecode\NexusV2\Nexus-backend\tests\Feature\ContactServicesTest.php" line="121" class="Tests\Feature\ContactServicesTest" classname="Tests.Feature.ContactServicesTest" assertions="3" time="0.101408"/>
      </testsuite>
      <testsuite name="Tests\Feature\ContactsHubTest" file="C:\Users\hedra\Desktop\Sourcecode\NexusV2\Nexus-backend\tests\Feature\ContactsHubTest.php" tests="6" assertions="47" errors="0" failures="1" skipped="0" time="0.658007">
        <testcase name="test_contact_crud_and_search_workflow" file="C:\Users\hedra\Desktop\Sourcecode\NexusV2\Nexus-backend\tests\Feature\ContactsHubTest.php" line="14" class="Tests\Feature\ContactsHubTest" classname="Tests.Feature.ContactsHubTest" assertions="11" time="0.156958"/>
        <testcase name="test_contact_import_export_endpoints" file="C:\Users\hedra\Desktop\Sourcecode\NexusV2\Nexus-backend\tests\Feature\ContactsHubTest.php" line="53" class="Tests\Feature\ContactsHubTest" classname="Tests.Feature.ContactsHubTest" assertions="7" time="0.097783"/>
        <testcase name="test_contact_upsert_with_identifiers_updates_existing_contact" file="C:\Users\hedra\Desktop\Sourcecode\NexusV2\Nexus-backend\tests\Feature\ContactsHubTest.php" line="88" class="Tests\Feature\ContactsHubTest" classname="Tests.Feature.ContactsHubTest" assertions="4" time="0.089287"/>
        <testcase name="test_contact_merge_and_erase_and_enrich_workflows" file="C:\Users\hedra\Desktop\Sourcecode\NexusV2\Nexus-backend\tests\Feature\ContactsHubTest.php" line="113" class="Tests\Feature\ContactsHubTest" classname="Tests.Feature.ContactsHubTest" assertions="6" time="0.107724">
          <failure type="PHPUnit\Framework\ExpectationFailedException">Tests\Feature\ContactsHubTest::test_contact_merge_and_erase_and_enrich_workflows&#13;
Expected response status code [200] but received 405.
Failed asserting that 405 is identical to 200.
&#13;
C:\Users\hedra\Desktop\Sourcecode\NexusV2\Nexus-backend\vendor\laravel\framework\src\Illuminate\Testing\TestResponseAssert.php:45
C:\Users\hedra\Desktop\Sourcecode\NexusV2\Nexus-backend\vendor\laravel\framework\src\Illuminate\Testing\TestResponse.php:176
C:\Users\hedra\Desktop\Sourcecode\NexusV2\Nexus-backend\tests\Feature\ContactsHubTest.php:139</failure>
        </testcase>
        <testcase name="test_contact_analytics_and_related_endpoints" file="C:\Users\hedra\Desktop\Sourcecode\NexusV2\Nexus-backend\tests\Feature\ContactsHubTest.php" line="144" class="Tests\Feature\ContactsHubTest" classname="Tests.Feature.ContactsHubTest" assertions="3" time="0.075693"/>
        <testcase name="test_contact_subresource_endpoints_work" file="C:\Users\hedra\Desktop\Sourcecode\NexusV2\Nexus-backend\tests\Feature\ContactsHubTest.php" line="157" class="Tests\Feature\ContactsHubTest" classname="Tests.Feature.ContactsHubTest" assertions="16" time="0.130562"/>
      </testsuite>
      <testsuite name="Tests\Feature\ControllerTest" file="C:\Users\hedra\Desktop\Sourcecode\NexusV2\Nexus-backend\tests\Feature\ControllerTest.php" tests="13" assertions="28" errors="0" failures="7" skipped="0" time="0.930627">
        <testcase name="test_agent_controller_index_returns_paginated_results" file="C:\Users\hedra\Desktop\Sourcecode\NexusV2\Nexus-backend\tests\Feature\ControllerTest.php" line="25" class="Tests\Feature\ControllerTest" classname="Tests.Feature.ControllerTest" assertions="3" time="0.096477">
          <failure type="PHPUnit\Framework\ExpectationFailedException">Tests\Feature\ControllerTest::test_agent_controller_index_returns_paginated_results&#13;
Failed asserting that an array has the key 'meta'.
&#13;
C:\Users\hedra\Desktop\Sourcecode\NexusV2\Nexus-backend\vendor\laravel\framework\src\Illuminate\Testing\AssertableJsonString.php:299
C:\Users\hedra\Desktop\Sourcecode\NexusV2\Nexus-backend\vendor\laravel\framework\src\Illuminate\Testing\TestResponse.php:1039
C:\Users\hedra\Desktop\Sourcecode\NexusV2\Nexus-backend\tests\Feature\ControllerTest.php:30</failure>
        </testcase>
        <testcase name="test_agent_controller_store_creates_new_agent" file="C:\Users\hedra\Desktop\Sourcecode\NexusV2\Nexus-backend\tests\Feature\ControllerTest.php" line="33" class="Tests\Feature\ControllerTest" classname="Tests.Feature.ControllerTest" assertions="3" time="0.076905"/>
        <testcase name="test_agent_controller_execute_starts_agent" file="C:\Users\hedra\Desktop\Sourcecode\NexusV2\Nexus-backend\tests\Feature\ControllerTest.php" line="45" class="Tests\Feature\ControllerTest" classname="Tests.Feature.ControllerTest" assertions="1" time="0.072542">
          <failure type="PHPUnit\Framework\ExpectationFailedException">Tests\Feature\ControllerTest::test_agent_controller_execute_starts_agent&#13;
Expected response status code [200] but received 405.
Failed asserting that 405 is identical to 200.
&#13;
C:\Users\hedra\Desktop\Sourcecode\NexusV2\Nexus-backend\vendor\laravel\framework\src\Illuminate\Testing\TestResponseAssert.php:45
C:\Users\hedra\Desktop\Sourcecode\NexusV2\Nexus-backend\vendor\laravel\framework\src\Illuminate\Testing\TestResponse.php:176
C:\Users\hedra\Desktop\Sourcecode\NexusV2\Nexus-backend\tests\Feature\ControllerTest.php:49</failure>
        </testcase>
        <testcase name="test_workflow_controller_store_creates_new_workflow" file="C:\Users\hedra\Desktop\Sourcecode\NexusV2\Nexus-backend\tests\Feature\ControllerTest.php" line="53" class="Tests\Feature\ControllerTest" classname="Tests.Feature.ControllerTest" assertions="2" time="0.064537"/>
        <testcase name="test_workflow_controller_execute_runs_workflow" file="C:\Users\hedra\Desktop\Sourcecode\NexusV2\Nexus-backend\tests\Feature\ControllerTest.php" line="65" class="Tests\Feature\ControllerTest" classname="Tests.Feature.ControllerTest" assertions="1" time="0.078855">
          <failure type="PHPUnit\Framework\ExpectationFailedException">Tests\Feature\ControllerTest::test_workflow_controller_execute_runs_workflow&#13;
Expected response status code [200] but received 422.
Failed asserting that 422 is identical to 200.&#13;
&#13;
The following errors occurred during the last request:

{
    "message": "Workflow must have at least one step.",
    "errors": {
        "steps": [
            "Workflow must have at least one step."
        ]
    }
}
&#13;
C:\Users\hedra\Desktop\Sourcecode\NexusV2\Nexus-backend\vendor\laravel\framework\src\Illuminate\Testing\TestResponseAssert.php:45
C:\Users\hedra\Desktop\Sourcecode\NexusV2\Nexus-backend\vendor\laravel\framework\src\Illuminate\Testing\TestResponse.php:176
C:\Users\hedra\Desktop\Sourcecode\NexusV2\Nexus-backend\tests\Feature\ControllerTest.php:73</failure>
        </testcase>
        <testcase name="test_task_controller_store_creates_and_enqueues_task" file="C:\Users\hedra\Desktop\Sourcecode\NexusV2\Nexus-backend\tests\Feature\ControllerTest.php" line="77" class="Tests\Feature\ControllerTest" classname="Tests.Feature.ControllerTest" assertions="3" time="0.068894">
          <failure type="PHPUnit\Framework\ExpectationFailedException">Tests\Feature\ControllerTest::test_task_controller_store_creates_and_enqueues_task&#13;
Failed asserting that a row in the table [agent_tasks] matches the attributes {
    "title": "Test Task",
    "status": "pending"
}.

Found similar results: [
    {
        "title": "Test Task",
        "status": "in-progress"
    }
].
&#13;
C:\Users\hedra\Desktop\Sourcecode\NexusV2\Nexus-backend\vendor\laravel\framework\src\Illuminate\Foundation\Testing\Concerns\InteractsWithDatabase.php:51
C:\Users\hedra\Desktop\Sourcecode\NexusV2\Nexus-backend\tests\Feature\ControllerTest.php:86</failure>
        </testcase>
        <testcase name="test_task_controller_cancel_updates_status" file="C:\Users\hedra\Desktop\Sourcecode\NexusV2\Nexus-backend\tests\Feature\ControllerTest.php" line="89" class="Tests\Feature\ControllerTest" classname="Tests.Feature.ControllerTest" assertions="2" time="0.064282"/>
        <testcase name="test_memory_controller_store_working_memory" file="C:\Users\hedra\Desktop\Sourcecode\NexusV2\Nexus-backend\tests\Feature\ControllerTest.php" line="97" class="Tests\Feature\ControllerTest" classname="Tests.Feature.ControllerTest" assertions="1" time="0.050531">
          <failure type="PHPUnit\Framework\ExpectationFailedException">Tests\Feature\ControllerTest::test_memory_controller_store_working_memory&#13;
Expected response status code [201] but received 500.
Failed asserting that 500 is identical to 201.
&#13;
C:\Users\hedra\Desktop\Sourcecode\NexusV2\Nexus-backend\vendor\laravel\framework\src\Illuminate\Testing\TestResponseAssert.php:45
C:\Users\hedra\Desktop\Sourcecode\NexusV2\Nexus-backend\vendor\laravel\framework\src\Illuminate\Testing\TestResponse.php:176
C:\Users\hedra\Desktop\Sourcecode\NexusV2\Nexus-backend\tests\Feature\ControllerTest.php:104</failure>
        </testcase>
        <testcase name="test_memory_controller_store_episodic_memory" file="C:\Users\hedra\Desktop\Sourcecode\NexusV2\Nexus-backend\tests\Feature\ControllerTest.php" line="108" class="Tests\Feature\ControllerTest" classname="Tests.Feature.ControllerTest" assertions="2" time="0.087881"/>
        <testcase name="test_setting_controller_store_creates_setting" file="C:\Users\hedra\Desktop\Sourcecode\NexusV2\Nexus-backend\tests\Feature\ControllerTest.php" line="120" class="Tests\Feature\ControllerTest" classname="Tests.Feature.ControllerTest" assertions="1" time="0.065541">
          <failure type="PHPUnit\Framework\ExpectationFailedException">Tests\Feature\ControllerTest::test_setting_controller_store_creates_setting&#13;
Expected response status code [201] but received 500.
Failed asserting that 500 is identical to 201.&#13;
&#13;
The following exception occurred during the last request:

TypeError: App\Policies\SettingPolicy::create(): Return value must be of type bool, null returned in C:\Users\hedra\Desktop\Sourcecode\NexusV2\Nexus-backend\app\Policies\SettingPolicy.php:37
Stack trace:
#0 C:\Users\hedra\Desktop\Sourcecode\NexusV2\Nexus-backend\vendor\laravel\framework\src\Illuminate\Auth\Access\Gate.php(844): App\Policies\SettingPolicy-&gt;create(Object(App\Models\User))
#1 C:\Users\hedra\Desktop\Sourcecode\NexusV2\Nexus-backend\vendor\laravel\framework\src\Illuminate\Auth\Access\Gate.php(797): Illuminate\Auth\Access\Gate-&gt;callPolicyMethod(Object(App\Policies\SettingPolicy), 'create', Object(App\Models\User), Array)
#2 C:\Users\hedra\Desktop\Sourcecode\NexusV2\Nexus-backend\vendor\laravel\framework\src\Illuminate\Auth\Access\Gate.php(553): Illuminate\Auth\Access\Gate-&gt;{closure:Illuminate\Auth\Access\Gate::resolvePolicyCallback():780}(Object(App\Models\User), 'App\\Models\\Sett...')
#3 C:\Users\hedra\Desktop\Sourcecode\NexusV2\Nexus-backend\vendor\laravel\framework\src\Illuminate\Auth\Access\Gate.php(448): Illuminate\Auth\Access\Gate-&gt;callAuthCallback(Object(App\Models\User), 'create', Array)
#4 C:\Users\hedra\Desktop\Sourcecode\NexusV2\Nexus-backend\vendor\laravel\framework\src\Illuminate\Auth\Access\Gate.php(411): Illuminate\Auth\Access\Gate-&gt;raw('create', Array)
#5 C:\Users\hedra\Desktop\Sourcecode\NexusV2\Nexus-backend\vendor\laravel\framework\src\Illuminate\Auth\Access\Gate.php(398): Illuminate\Auth\Access\Gate-&gt;inspect('create', 'App\\Models\\Sett...')
#6 C:\Users\hedra\Desktop\Sourcecode\NexusV2\Nexus-backend\vendor\laravel\framework\src\Illuminate\Foundation\Auth\Access\AuthorizesRequests.php(25): Illuminate\Auth\Access\Gate-&gt;authorize('create', 'App\\Models\\Sett...')
#7 C:\Users\hedra\Desktop\Sourcecode\NexusV2\Nexus-backend\app\Http\Controllers\SettingController.php(150): App\Http\Controllers\Controller-&gt;authorize('create', 'App\\Models\\Sett...')
#8 C:\Users\hedra\Desktop\Sourcecode\NexusV2\Nexus-backend\vendor\laravel\framework\src\Illuminate\Routing\ControllerDispatcher.php(46): App\Http\Controllers\SettingController-&gt;store(Object(Illuminate\Http\Request))
#9 C:\Users\hedra\Desktop\Sourcecode\NexusV2\Nexus-backend\vendor\laravel\framework\src\Illuminate\Routing\Route.php(275): Illuminate\Routing\ControllerDispatcher-&gt;dispatch(Object(Illuminate\Routing\Route), Object(App\Http\Controllers\SettingController), 'store')
#10 C:\Users\hedra\Desktop\Sourcecode\NexusV2\Nexus-backend\vendor\laravel\framework\src\Illuminate\Routing\Route.php(215): Illuminate\Routing\Route-&gt;runController()
#11 C:\Users\hedra\Desktop\Sourcecode\NexusV2\Nexus-backend\vendor\laravel\framework\src\Illuminate\Routing\Router.php(822): Illuminate\Routing\Route-&gt;run()
#12 C:\Users\hedra\Desktop\Sourcecode\NexusV2\Nexus-backend\vendor\laravel\framework\src\Illuminate\Pipeline\Pipeline.php(180): Illuminate\Routing\Router-&gt;{closure:Illuminate\Routing\Router::runRouteWithinStack():821}(Object(Illuminate\Http\Request))
#13 C:\Users\hedra\Desktop\Sourcecode\NexusV2\Nexus-backend\vendor\laravel\framework\src\Illuminate\Routing\Middleware\SubstituteBindings.php(52): Illuminate\Pipeline\Pipeline-&gt;{closure:Illuminate\Pipeline\Pipeline::prepareDestination():178}(Object(Illuminate\Http\Request))
#14 C:\Users\hedra\Desktop\Sourcecode\NexusV2\Nexus-backend\vendor\laravel\framework\src\Illuminate\Pipeline\Pipeline.php(219): Illuminate\Routing\Middleware\SubstituteBindings-&gt;handle(Object(Illuminate\Http\Request), Object(Closure))
#15 C:\Users\hedra\Desktop\Sourcecode\NexusV2\Nexus-backend\vendor\laravel\framework\src\Illuminate\Auth\Middleware\Authenticate.php(63): Illuminate\Pipeline\Pipeline-&gt;{closure:{closure:Illuminate\Pipeline\Pipeline::carry():194}:195}(Object(Illuminate\Http\Request))
#16 C:\Users\hedra\Desktop\Sourcecode\NexusV2\Nexus-backend\vendor\laravel\framework\src\Illuminate\Pipeline\Pipeline.php(219): Illuminate\Auth\Middleware\Authenticate-&gt;handle(Object(Illuminate\Http\Request), Object(Closure), 'sanctum')
#17 C:\Users\hedra\Desktop\Sourcecode\NexusV2\Nexus-backend\vendor\laravel\framework\src\Illuminate\Pipeline\Pipeline.php(137): Illuminate\Pipeline\Pipeline-&gt;{closure:{closure:Illuminate\Pipeline\Pipeline::carry():194}:195}(Object(Illuminate\Http\Request))
#18 C:\Users\hedra\Desktop\Sourcecode\NexusV2\Nexus-backend\vendor\laravel\framework\src\Illuminate\Routing\Router.php(821): Illuminate\Pipeline\Pipeline-&gt;then(Object(Closure))
#19 C:\Users\hedra\Desktop\Sourcecode\NexusV2\Nexus-backend\vendor\laravel\framework\src\Illuminate\Routing\Router.php(800): Illuminate\Routing\Router-&gt;runRouteWithinStack(Object(Illuminate\Routing\Route), Object(Illuminate\Http\Request))
#20 C:\Users\hedra\Desktop\Sourcecode\NexusV2\Nexus-backend\vendor\laravel\framework\src\Illuminate\Routing\Router.php(764): Illuminate\Routing\Router-&gt;runRoute(Object(Illuminate\Http\Request), Object(Illuminate\Routing\Route))
#21 C:\Users\hedra\Desktop\Sourcecode\NexusV2\Nexus-backend\vendor\laravel\framework\src\Illuminate\Routing\Router.php(753): Illuminate\Routing\Router-&gt;dispatchToRoute(Object(Illuminate\Http\Request))
#22 C:\Users\hedra\Desktop\Sourcecode\NexusV2\Nexus-backend\vendor\laravel\framework\src\Illuminate\Foundation\Http\Kernel.php(200): Illuminate\Routing\Router-&gt;dispatch(Object(Illuminate\Http\Request))
#23 C:\Users\hedra\Desktop\Sourcecode\NexusV2\Nexus-backend\vendor\laravel\framework\src\Illuminate\Pipeline\Pipeline.php(180): Illuminate\Foundation\Http\Kernel-&gt;{closure:Illuminate\Foundation\Http\Kernel::dispatchToRouter():197}(Object(Illuminate\Http\Request))
#24 C:\Users\hedra\Desktop\Sourcecode\NexusV2\Nexus-backend\app\Http\Middleware\AutoLoginDevMiddleware.php(29): Illuminate\Pipeline\Pipeline-&gt;{closure:Illuminate\Pipeline\Pipeline::prepareDestination():178}(Object(Illuminate\Http\Request))
#25 C:\Users\hedra\Desktop\Sourcecode\NexusV2\Nexus-backend\vendor\laravel\framework\src\Illuminate\Pipeline\Pipeline.php(219): App\Http\Middleware\AutoLoginDevMiddleware-&gt;handle(Object(Illuminate\Http\Request), Object(Closure))
#26 C:\Users\hedra\Desktop\Sourcecode\NexusV2\Nexus-backend\vendor\laravel\framework\src\Illuminate\Foundation\Http\Middleware\TransformsRequest.php(21): Illuminate\Pipeline\Pipeline-&gt;{closure:{closure:Illuminate\Pipeline\Pipeline::carry():194}:195}(Object(Illuminate\Http\Request))
#27 C:\Users\hedra\Desktop\Sourcecode\NexusV2\Nexus-backend\vendor\laravel\framework\src\Illuminate\Foundation\Http\Middleware\ConvertEmptyStringsToNull.php(31): Illuminate\Foundation\Http\Middleware\TransformsRequest-&gt;handle(Object(Illuminate\Http\Request), Object(Closure))
#28 C:\Users\hedra\Desktop\Sourcecode\NexusV2\Nexus-backend\vendor\laravel\framework\src\Illuminate\Pipeline\Pipeline.php(219): Illuminate\Foundation\Http\Middleware\ConvertEmptyStringsToNull-&gt;handle(Object(Illuminate\Http\Request), Object(Closure))
#29 C:\Users\hedra\Desktop\Sourcecode\NexusV2\Nexus-backend\vendor\laravel\framework\src\Illuminate\Foundation\Http\Middleware\TransformsRequest.php(21): Illuminate\Pipeline\Pipeline-&gt;{closure:{closure:Illuminate\Pipeline\Pipeline::carry():194}:195}(Object(Illuminate\Http\Request))
#30 C:\Users\hedra\Desktop\Sourcecode\NexusV2\Nexus-backend\vendor\laravel\framework\src\Illuminate\Foundation\Http\Middleware\TrimStrings.php(51): Illuminate\Foundation\Http\Middleware\TransformsRequest-&gt;handle(Object(Illuminate\Http\Request), Object(Closure))
#31 C:\Users\hedra\Desktop\Sourcecode\NexusV2\Nexus-backend\vendor\laravel\framework\src\Illuminate\Pipeline\Pipeline.php(219): Illuminate\Foundation\Http\Middleware\TrimStrings-&gt;handle(Object(Illuminate\Http\Request), Object(Closure))
#32 C:\Users\hedra\Desktop\Sourcecode\NexusV2\Nexus-backend\vendor\laravel\framework\src\Illuminate\Http\Middleware\ValidatePostSize.php(27): Illuminate\Pipeline\Pipeline-&gt;{closure:{closure:Illuminate\Pipeline\Pipeline::carry():194}:195}(Object(Illuminate\Http\Request))
#33 C:\Users\hedra\Desktop\Sourcecode\NexusV2\Nexus-backend\vendor\laravel\framework\src\Illuminate\Pipeline\Pipeline.php(219): Illuminate\Http\Middleware\ValidatePostSize-&gt;handle(Object(Illuminate\Http\Request), Object(Closure))
#34 C:\Users\hedra\Desktop\Sourcecode\NexusV2\Nexus-backend\vendor\laravel\framework\src\Illuminate\Foundation\Http\Middleware\PreventRequestsDuringMaintenance.php(109): Illuminate\Pipeline\Pipeline-&gt;{closure:{closure:Illuminate\Pipeline\Pipeline::carry():194}:195}(Object(Illuminate\Http\Request))
#35 C:\Users\hedra\Desktop\Sourcecode\NexusV2\Nexus-backend\vendor\laravel\framework\src\Illuminate\Pipeline\Pipeline.php(219): Illuminate\Foundation\Http\Middleware\PreventRequestsDuringMaintenance-&gt;handle(Object(Illuminate\Http\Request), Object(Closure))
#36 C:\Users\hedra\Desktop\Sourcecode\NexusV2\Nexus-backend\vendor\laravel\framework\src\Illuminate\Http\Middleware\HandleCors.php(74): Illuminate\Pipeline\Pipeline-&gt;{closure:{closure:Illuminate\Pipeline\Pipeline::carry():194}:195}(Object(Illuminate\Http\Request))
#37 C:\Users\hedra\Desktop\Sourcecode\NexusV2\Nexus-backend\vendor\laravel\framework\src\Illuminate\Pipeline\Pipeline.php(219): Illuminate\Http\Middleware\HandleCors-&gt;handle(Object(Illuminate\Http\Request), Object(Closure))
#38 C:\Users\hedra\Desktop\Sourcecode\NexusV2\Nexus-backend\vendor\laravel\framework\src\Illuminate\Http\Middleware\TrustProxies.php(58): Illuminate\Pipeline\Pipeline-&gt;{closure:{closure:Illuminate\Pipeline\Pipeline::carry():194}:195}(Object(Illuminate\Http\Request))
#39 C:\Users\hedra\Desktop\Sourcecode\NexusV2\Nexus-backend\vendor\laravel\framework\src\Illuminate\Pipeline\Pipeline.php(219): Illuminate\Http\Middleware\TrustProxies-&gt;handle(Object(Illuminate\Http\Request), Object(Closure))
#40 C:\Users\hedra\Desktop\Sourcecode\NexusV2\Nexus-backend\vendor\laravel\framework\src\Illuminate\Foundation\Http\Middleware\InvokeDeferredCallbacks.php(22): Illuminate\Pipeline\Pipeline-&gt;{closure:{closure:Illuminate\Pipeline\Pipeline::carry():194}:195}(Object(Illuminate\Http\Request))
#41 C:\Users\hedra\Desktop\Sourcecode\NexusV2\Nexus-backend\vendor\laravel\framework\src\Illuminate\Pipeline\Pipeline.php(219): Illuminate\Foundation\Http\Middleware\InvokeDeferredCallbacks-&gt;handle(Object(Illuminate\Http\Request), Object(Closure))
#42 C:\Users\hedra\Desktop\Sourcecode\NexusV2\Nexus-backend\vendor\laravel\framework\src\Illuminate\Http\Middleware\ValidatePathEncoding.php(28): Illuminate\Pipeline\Pipeline-&gt;{closure:{closure:Illuminate\Pipeline\Pipeline::carry():194}:195}(Object(Illuminate\Http\Request))
#43 C:\Users\hedra\Desktop\Sourcecode\NexusV2\Nexus-backend\vendor\laravel\framework\src\Illuminate\Pipeline\Pipeline.php(219): Illuminate\Http\Middleware\ValidatePathEncoding-&gt;handle(Object(Illuminate\Http\Request), Object(Closure))
#44 C:\Users\hedra\Desktop\Sourcecode\NexusV2\Nexus-backend\vendor\laravel\framework\src\Illuminate\Pipeline\Pipeline.php(137): Illuminate\Pipeline\Pipeline-&gt;{closure:{closure:Illuminate\Pipeline\Pipeline::carry():194}:195}(Object(Illuminate\Http\Request))
#45 C:\Users\hedra\Desktop\Sourcecode\NexusV2\Nexus-backend\vendor\laravel\framework\src\Illuminate\Foundation\Http\Kernel.php(175): Illuminate\Pipeline\Pipeline-&gt;then(Object(Closure))
#46 C:\Users\hedra\Desktop\Sourcecode\NexusV2\Nexus-backend\vendor\laravel\framework\src\Illuminate\Foundation\Http\Kernel.php(144): Illuminate\Foundation\Http\Kernel-&gt;sendRequestThroughRouter(Object(Illuminate\Http\Request))
#47 C:\Users\hedra\Desktop\Sourcecode\NexusV2\Nexus-backend\vendor\laravel\framework\src\Illuminate\Foundation\Testing\Concerns\MakesHttpRequests.php(607): Illuminate\Foundation\Http\Kernel-&gt;handle(Object(Illuminate\Http\Request))
#48 C:\Users\hedra\Desktop\Sourcecode\NexusV2\Nexus-backend\vendor\laravel\framework\src\Illuminate\Foundation\Testing\Concerns\MakesHttpRequests.php(573): Illuminate\Foundation\Testing\TestCase-&gt;call('POST', '/api/v1/setting...', Array, Array, Array, Array, '{"key":"test_se...')
#49 C:\Users\hedra\Desktop\Sourcecode\NexusV2\Nexus-backend\vendor\laravel\framework\src\Illuminate\Foundation\Testing\Concerns\MakesHttpRequests.php(411): Illuminate\Foundation\Testing\TestCase-&gt;json('POST', '/api/v1/setting...', Array, Array, 0)
#50 C:\Users\hedra\Desktop\Sourcecode\NexusV2\Nexus-backend\tests\Feature\ControllerTest.php(122): Illuminate\Foundation\Testing\TestCase-&gt;postJson('/api/v1/setting...', Array)
#51 C:\Users\hedra\Desktop\Sourcecode\NexusV2\Nexus-backend\vendor\phpunit\phpunit\src\Framework\TestCase.php(1667): Tests\Feature\ControllerTest-&gt;test_setting_controller_store_creates_setting()
#52 C:\Users\hedra\Desktop\Sourcecode\NexusV2\Nexus-backend\vendor\phpunit\phpunit\src\Framework\TestCase.php(519): PHPUnit\Framework\TestCase-&gt;runTest()
#53 C:\Users\hedra\Desktop\Sourcecode\NexusV2\Nexus-backend\vendor\phpunit\phpunit\src\Framework\TestRunner\TestRunner.php(87): PHPUnit\Framework\TestCase-&gt;runBare()
#54 C:\Users\hedra\Desktop\Sourcecode\NexusV2\Nexus-backend\vendor\phpunit\phpunit\src\Framework\TestCase.php(365): PHPUnit\Framework\TestRunner-&gt;run(Object(Tests\Feature\ControllerTest))
#55 C:\Users\hedra\Desktop\Sourcecode\NexusV2\Nexus-backend\vendor\phpunit\phpunit\src\Framework\TestSuite.php(369): PHPUnit\Framework\TestCase-&gt;run()
#56 C:\Users\hedra\Desktop\Sourcecode\NexusV2\Nexus-backend\vendor\phpunit\phpunit\src\Framework\TestSuite.php(369): PHPUnit\Framework\TestSuite-&gt;run()
#57 C:\Users\hedra\Desktop\Sourcecode\NexusV2\Nexus-backend\vendor\phpunit\phpunit\src\Framework\TestSuite.php(369): PHPUnit\Framework\TestSuite-&gt;run()
#58 C:\Users\hedra\Desktop\Sourcecode\NexusV2\Nexus-backend\vendor\phpunit\phpunit\src\TextUI\TestRunner.php(64): PHPUnit\Framework\TestSuite-&gt;run()
#59 C:\Users\hedra\Desktop\Sourcecode\NexusV2\Nexus-backend\vendor\phpunit\phpunit\src\TextUI\Application.php(211): PHPUnit\TextUI\TestRunner-&gt;run(Object(PHPUnit\TextUI\Configuration\Configuration), Object(PHPUnit\Runner\ResultCache\DefaultResultCache), Object(PHPUnit\Framework\TestSuite))
#60 C:\Users\hedra\Desktop\Sourcecode\NexusV2\Nexus-backend\vendor\phpunit\phpunit\phpunit(104): PHPUnit\TextUI\Application-&gt;run(Array)
#61 C:\Users\hedra\Desktop\Sourcecode\NexusV2\Nexus-backend\vendor\bin\phpunit(122): include('C:\\Users\\hedra\\...')
#62 {main}

----------------------------------------------------------------------------------

App\Policies\SettingPolicy::create(): Return value must be of type bool, null returned
&#13;
C:\Users\hedra\Desktop\Sourcecode\NexusV2\Nexus-backend\vendor\laravel\framework\src\Illuminate\Testing\TestResponseAssert.php:45
C:\Users\hedra\Desktop\Sourcecode\NexusV2\Nexus-backend\vendor\laravel\framework\src\Illuminate\Testing\TestResponse.php:176
C:\Users\hedra\Desktop\Sourcecode\NexusV2\Nexus-backend\tests\Feature\ControllerTest.php:128</failure>
        </testcase>
        <testcase name="test_log_controller_stats_returns_statistics" file="C:\Users\hedra\Desktop\Sourcecode\NexusV2\Nexus-backend\tests\Feature\ControllerTest.php" line="132" class="Tests\Feature\ControllerTest" classname="Tests.Feature.ControllerTest" assertions="5" time="0.051411">
          <failure type="PHPUnit\Framework\ExpectationFailedException">Tests\Feature\ControllerTest::test_log_controller_stats_returns_statistics&#13;
Failed asserting that an array has the key 'by_category'.
&#13;
C:\Users\hedra\Desktop\Sourcecode\NexusV2\Nexus-backend\vendor\laravel\framework\src\Illuminate\Testing\AssertableJsonString.php:303
C:\Users\hedra\Desktop\Sourcecode\NexusV2\Nexus-backend\vendor\laravel\framework\src\Illuminate\Testing\AssertableJsonString.php:278
C:\Users\hedra\Desktop\Sourcecode\NexusV2\Nexus-backend\vendor\laravel\framework\src\Illuminate\Testing\AssertableJsonString.php:301
C:\Users\hedra\Desktop\Sourcecode\NexusV2\Nexus-backend\vendor\laravel\framework\src\Illuminate\Testing\TestResponse.php:1039
C:\Users\hedra\Desktop\Sourcecode\NexusV2\Nexus-backend\tests\Feature\ControllerTest.php:136</failure>
        </testcase>
        <testcase name="test_ai_model_controller_store_creates_model" file="C:\Users\hedra\Desktop\Sourcecode\NexusV2\Nexus-backend\tests\Feature\ControllerTest.php" line="139" class="Tests\Feature\ControllerTest" classname="Tests.Feature.ControllerTest" assertions="2" time="0.068378"/>
        <testcase name="test_contact_controller_import_creates_multiple_contacts" file="C:\Users\hedra\Desktop\Sourcecode\NexusV2\Nexus-backend\tests\Feature\ControllerTest.php" line="151" class="Tests\Feature\ControllerTest" classname="Tests.Feature.ControllerTest" assertions="2" time="0.084392"/>
      </testsuite>
      <testsuite name="Tests\Feature\ConversationHubTest" file="C:\Users\hedra\Desktop\Sourcecode\NexusV2\Nexus-backend\tests\Feature\ConversationHubTest.php" tests="2" assertions="2" errors="0" failures="2" skipped="0" time="0.127402">
        <testcase name="test_conversation_messages_payload_contains_channel_thread_and_metadata" file="C:\Users\hedra\Desktop\Sourcecode\NexusV2\Nexus-backend\tests\Feature\ConversationHubTest.php" line="12" class="Tests\Feature\ConversationHubTest" classname="Tests.Feature.ConversationHubTest" assertions="1" time="0.060535">
          <failure type="PHPUnit\Framework\ExpectationFailedException">Tests\Feature\ConversationHubTest::test_conversation_messages_payload_contains_channel_thread_and_metadata&#13;
Expected response status code [200] but received 404.
Failed asserting that 404 is identical to 200.
&#13;
C:\Users\hedra\Desktop\Sourcecode\NexusV2\Nexus-backend\vendor\laravel\framework\src\Illuminate\Testing\TestResponseAssert.php:45
C:\Users\hedra\Desktop\Sourcecode\NexusV2\Nexus-backend\vendor\laravel\framework\src\Illuminate\Testing\TestResponse.php:176
C:\Users\hedra\Desktop\Sourcecode\NexusV2\Nexus-backend\tests\Feature\ConversationHubTest.php:21</failure>
        </testcase>
        <testcase name="test_send_message_accepts_channel_thread_and_metadata" file="C:\Users\hedra\Desktop\Sourcecode\NexusV2\Nexus-backend\tests\Feature\ConversationHubTest.php" line="34" class="Tests\Feature\ConversationHubTest" classname="Tests.Feature.ConversationHubTest" assertions="1" time="0.066867">
          <failure type="PHPUnit\Framework\ExpectationFailedException">Tests\Feature\ConversationHubTest::test_send_message_accepts_channel_thread_and_metadata&#13;
Expected response status code [201] but received 404.
Failed asserting that 404 is identical to 201.
&#13;
C:\Users\hedra\Desktop\Sourcecode\NexusV2\Nexus-backend\vendor\laravel\framework\src\Illuminate\Testing\TestResponseAssert.php:45
C:\Users\hedra\Desktop\Sourcecode\NexusV2\Nexus-backend\vendor\laravel\framework\src\Illuminate\Testing\TestResponse.php:176
C:\Users\hedra\Desktop\Sourcecode\NexusV2\Nexus-backend\tests\Feature\ConversationHubTest.php:51</failure>
        </testcase>
      </testsuite>
      <testsuite name="Tests\Feature\CostAnalyticsTest" file="C:\Users\hedra\Desktop\Sourcecode\NexusV2\Nexus-backend\tests\Feature\CostAnalyticsTest.php" tests="5" assertions="21" errors="0" failures="0" skipped="0" time="0.296906">
        <testcase name="forecast_endpoint_returns_valid_structure" file="C:\Users\hedra\Desktop\Sourcecode\NexusV2\Nexus-backend\tests\Feature\CostAnalyticsTest.php" line="24" class="Tests\Feature\CostAnalyticsTest" classname="Tests.Feature.CostAnalyticsTest" assertions="9" time="0.055489"/>
        <testcase name="forecast_status_is_healthy_when_no_budget_set" file="C:\Users\hedra\Desktop\Sourcecode\NexusV2\Nexus-backend\tests\Feature\CostAnalyticsTest.php" line="43" class="Tests\Feature\CostAnalyticsTest" classname="Tests.Feature.CostAnalyticsTest" assertions="2" time="0.068872"/>
        <testcase name="set_budget_endpoint_requires_monthly_limit" file="C:\Users\hedra\Desktop\Sourcecode\NexusV2\Nexus-backend\tests\Feature\CostAnalyticsTest.php" line="53" class="Tests\Feature\CostAnalyticsTest" classname="Tests.Feature.CostAnalyticsTest" assertions="1" time="0.056582"/>
        <testcase name="set_budget_endpoint_creates_budget" file="C:\Users\hedra\Desktop\Sourcecode\NexusV2\Nexus-backend\tests\Feature\CostAnalyticsTest.php" line="60" class="Tests\Feature\CostAnalyticsTest" classname="Tests.Feature.CostAnalyticsTest" assertions="2" time="0.053419"/>
        <testcase name="audit_trail_endpoint_returns_list" file="C:\Users\hedra\Desktop\Sourcecode\NexusV2\Nexus-backend\tests\Feature\CostAnalyticsTest.php" line="69" class="Tests\Feature\CostAnalyticsTest" classname="Tests.Feature.CostAnalyticsTest" assertions="7" time="0.062544"/>
      </testsuite>
      <testsuite name="Tests\Feature\DashboardTest" file="C:\Users\hedra\Desktop\Sourcecode\NexusV2\Nexus-backend\tests\Feature\DashboardTest.php" tests="6" assertions="48" errors="3" failures="0" skipped="0" time="0.410265">
        <testcase name="test_dashboard_stats_endpoint_returns_aggregated_data" file="C:\Users\hedra\Desktop\Sourcecode\NexusV2\Nexus-backend\tests\Feature\DashboardTest.php" line="26" class="Tests\Feature\DashboardTest" classname="Tests.Feature.DashboardTest" assertions="0" time="0.067462">
          <error type="Illuminate\Database\QueryException">Tests\Feature\DashboardTest::test_dashboard_stats_endpoint_returns_aggregated_data&#13;
Illuminate\Database\QueryException: SQLSTATE[HY000]: General error: 1 table conversations has no column named user_id (Connection: sqlite, Database: :memory:, SQL: insert into "conversations" ("user_id", "status", "created_at", "updated_at") values (1, active, 2026-06-24 04:28:40, 2026-06-24 04:28:40))
&#13;
C:\Users\hedra\Desktop\Sourcecode\NexusV2\Nexus-backend\vendor\laravel\framework\src\Illuminate\Database\Connection.php:857
C:\Users\hedra\Desktop\Sourcecode\NexusV2\Nexus-backend\vendor\laravel\framework\src\Illuminate\Database\Connection.php:813
C:\Users\hedra\Desktop\Sourcecode\NexusV2\Nexus-backend\vendor\laravel\framework\src\Illuminate\Database\Connection.php:590
C:\Users\hedra\Desktop\Sourcecode\NexusV2\Nexus-backend\vendor\laravel\framework\src\Illuminate\Database\Connection.php:554
C:\Users\hedra\Desktop\Sourcecode\NexusV2\Nexus-backend\vendor\laravel\framework\src\Illuminate\Database\Query\Builder.php:4164
C:\Users\hedra\Desktop\Sourcecode\NexusV2\Nexus-backend\tests\Feature\DashboardTest.php:38</error>
        </testcase>
        <testcase name="test_dashboard_stats_are_cached" file="C:\Users\hedra\Desktop\Sourcecode\NexusV2\Nexus-backend\tests\Feature\DashboardTest.php" line="107" class="Tests\Feature\DashboardTest" classname="Tests.Feature.DashboardTest" assertions="2" time="0.055693"/>
        <testcase name="test_dashboard_health_returns_service_statuses" file="C:\Users\hedra\Desktop\Sourcecode\NexusV2\Nexus-backend\tests\Feature\DashboardTest.php" line="122" class="Tests\Feature\DashboardTest" classname="Tests.Feature.DashboardTest" assertions="35" time="0.075908"/>
        <testcase name="test_dashboard_activity_feed_returns_paginated_logs" file="C:\Users\hedra\Desktop\Sourcecode\NexusV2\Nexus-backend\tests\Feature\DashboardTest.php" line="143" class="Tests\Feature\DashboardTest" classname="Tests.Feature.DashboardTest" assertions="11" time="0.066033"/>
        <testcase name="test_job_retry_endpoint_requeues_job" file="C:\Users\hedra\Desktop\Sourcecode\NexusV2\Nexus-backend\tests\Feature\DashboardTest.php" line="185" class="Tests\Feature\DashboardTest" classname="Tests.Feature.DashboardTest" assertions="0" time="0.085120">
          <error type="Illuminate\Database\QueryException">Tests\Feature\DashboardTest::test_job_retry_endpoint_requeues_job&#13;
Illuminate\Database\QueryException: SQLSTATE[23000]: Integrity constraint violation: 19 NOT NULL constraint failed: failed_jobs.uuid (Connection: sqlite, Database: :memory:, SQL: insert into "failed_jobs" ("connection", "queue", "payload", "exception", "failed_at") values (redis, default, {"displayName":"TestJob"}, SomeException, 2026-06-24 04:28:41))
&#13;
C:\Users\hedra\Desktop\Sourcecode\NexusV2\Nexus-backend\vendor\laravel\framework\src\Illuminate\Database\Connection.php:857
C:\Users\hedra\Desktop\Sourcecode\NexusV2\Nexus-backend\vendor\laravel\framework\src\Illuminate\Database\Connection.php:813
C:\Users\hedra\Desktop\Sourcecode\NexusV2\Nexus-backend\vendor\laravel\framework\src\Illuminate\Database\Connection.php:590
C:\Users\hedra\Desktop\Sourcecode\NexusV2\Nexus-backend\vendor\laravel\framework\src\Illuminate\Database\Connection.php:554
C:\Users\hedra\Desktop\Sourcecode\NexusV2\Nexus-backend\vendor\laravel\framework\src\Illuminate\Database\Query\Processors\Processor.php:32
C:\Users\hedra\Desktop\Sourcecode\NexusV2\Nexus-backend\vendor\laravel\framework\src\Illuminate\Database\Query\Builder.php:4257
C:\Users\hedra\Desktop\Sourcecode\NexusV2\Nexus-backend\tests\Feature\DashboardTest.php:187</error>
        </testcase>
        <testcase name="test_proactive_ai_suggestions_actions" file="C:\Users\hedra\Desktop\Sourcecode\NexusV2\Nexus-backend\tests\Feature\DashboardTest.php" line="210" class="Tests\Feature\DashboardTest" classname="Tests.Feature.DashboardTest" assertions="0" time="0.060049">
          <error type="Illuminate\Database\QueryException">Tests\Feature\DashboardTest::test_proactive_ai_suggestions_actions&#13;
Illuminate\Database\QueryException: SQLSTATE[HY000]: General error: 1 no such table: proactive_logs (Connection: sqlite, Database: :memory:, SQL: insert into "proactive_logs" ("user_id", "title", "body", "category", "status", "created_at", "updated_at") values (1, Optimize Prompt, Make agent faster, contact_insight, pending, 2026-06-24 04:28:41, 2026-06-24 04:28:41))
&#13;
C:\Users\hedra\Desktop\Sourcecode\NexusV2\Nexus-backend\vendor\laravel\framework\src\Illuminate\Database\Connection.php:857
C:\Users\hedra\Desktop\Sourcecode\NexusV2\Nexus-backend\vendor\laravel\framework\src\Illuminate\Database\Connection.php:813
C:\Users\hedra\Desktop\Sourcecode\NexusV2\Nexus-backend\vendor\laravel\framework\src\Illuminate\Database\Connection.php:590
C:\Users\hedra\Desktop\Sourcecode\NexusV2\Nexus-backend\vendor\laravel\framework\src\Illuminate\Database\Connection.php:554
C:\Users\hedra\Desktop\Sourcecode\NexusV2\Nexus-backend\vendor\laravel\framework\src\Illuminate\Database\Query\Processors\Processor.php:32
C:\Users\hedra\Desktop\Sourcecode\NexusV2\Nexus-backend\vendor\laravel\framework\src\Illuminate\Database\Query\Builder.php:4257
C:\Users\hedra\Desktop\Sourcecode\NexusV2\Nexus-backend\tests\Feature\DashboardTest.php:218</error>
        </testcase>
      </testsuite>
      <testsuite name="Tests\Feature\DatabaseModelsTest" file="C:\Users\hedra\Desktop\Sourcecode\NexusV2\Nexus-backend\tests\Feature\DatabaseModelsTest.php" tests="2" assertions="27" errors="0" failures="0" skipped="0" time="0.118645">
        <testcase name="test_phase_two_tables_exist" file="C:\Users\hedra\Desktop\Sourcecode\NexusV2\Nexus-backend\tests\Feature\DatabaseModelsTest.php" line="13" class="Tests\Feature\DatabaseModelsTest" classname="Tests.Feature.DatabaseModelsTest" assertions="20" time="0.055127"/>
        <testcase name="test_conversation_sessions_table_has_expected_columns" file="C:\Users\hedra\Desktop\Sourcecode\NexusV2\Nexus-backend\tests\Feature\DatabaseModelsTest.php" line="43" class="Tests\Feature\DatabaseModelsTest" classname="Tests.Feature.DatabaseModelsTest" assertions="7" time="0.063519"/>
      </testsuite>
      <testsuite name="Tests\Feature\ErrorHandlingTest" file="C:\Users\hedra\Desktop\Sourcecode\NexusV2\Nexus-backend\tests\Feature\ErrorHandlingTest.php" tests="12" assertions="11" errors="0" failures="11" skipped="0" time="0.742217">
        <testcase name="test_agent_creation_validates_required_fields" file="C:\Users\hedra\Desktop\Sourcecode\NexusV2\Nexus-backend\tests\Feature\ErrorHandlingTest.php" line="17" class="Tests\Feature\ErrorHandlingTest" classname="Tests.Feature.ErrorHandlingTest" assertions="1" time="0.066288">
          <failure type="PHPUnit\Framework\ExpectationFailedException">Tests\Feature\ErrorHandlingTest::test_agent_creation_validates_required_fields&#13;
Expected response status code [422] but received 401.
Failed asserting that 401 is identical to 422.
&#13;
C:\Users\hedra\Desktop\Sourcecode\NexusV2\Nexus-backend\vendor\laravel\framework\src\Illuminate\Testing\TestResponseAssert.php:45
C:\Users\hedra\Desktop\Sourcecode\NexusV2\Nexus-backend\vendor\laravel\framework\src\Illuminate\Testing\TestResponse.php:176
C:\Users\hedra\Desktop\Sourcecode\NexusV2\Nexus-backend\tests\Feature\ErrorHandlingTest.php:21</failure>
        </testcase>
        <testcase name="test_workflow_creation_validates_required_steps" file="C:\Users\hedra\Desktop\Sourcecode\NexusV2\Nexus-backend\tests\Feature\ErrorHandlingTest.php" line="25" class="Tests\Feature\ErrorHandlingTest" classname="Tests.Feature.ErrorHandlingTest" assertions="1" time="0.066474">
          <failure type="PHPUnit\Framework\ExpectationFailedException">Tests\Feature\ErrorHandlingTest::test_workflow_creation_validates_required_steps&#13;
Expected response status code [422] but received 401.
Failed asserting that 401 is identical to 422.
&#13;
C:\Users\hedra\Desktop\Sourcecode\NexusV2\Nexus-backend\vendor\laravel\framework\src\Illuminate\Testing\TestResponseAssert.php:45
C:\Users\hedra\Desktop\Sourcecode\NexusV2\Nexus-backend\vendor\laravel\framework\src\Illuminate\Testing\TestResponse.php:176
C:\Users\hedra\Desktop\Sourcecode\NexusV2\Nexus-backend\tests\Feature\ErrorHandlingTest.php:34</failure>
        </testcase>
        <testcase name="test_memory_creation_validates_type" file="C:\Users\hedra\Desktop\Sourcecode\NexusV2\Nexus-backend\tests\Feature\ErrorHandlingTest.php" line="38" class="Tests\Feature\ErrorHandlingTest" classname="Tests.Feature.ErrorHandlingTest" assertions="1" time="0.064778">
          <failure type="PHPUnit\Framework\ExpectationFailedException">Tests\Feature\ErrorHandlingTest::test_memory_creation_validates_type&#13;
Expected response status code [422] but received 401.
Failed asserting that 401 is identical to 422.
&#13;
C:\Users\hedra\Desktop\Sourcecode\NexusV2\Nexus-backend\vendor\laravel\framework\src\Illuminate\Testing\TestResponseAssert.php:45
C:\Users\hedra\Desktop\Sourcecode\NexusV2\Nexus-backend\vendor\laravel\framework\src\Illuminate\Testing\TestResponse.php:176
C:\Users\hedra\Desktop\Sourcecode\NexusV2\Nexus-backend\tests\Feature\ErrorHandlingTest.php:44</failure>
        </testcase>
        <testcase name="test_agent_not_found_returns_404" file="C:\Users\hedra\Desktop\Sourcecode\NexusV2\Nexus-backend\tests\Feature\ErrorHandlingTest.php" line="50" class="Tests\Feature\ErrorHandlingTest" classname="Tests.Feature.ErrorHandlingTest" assertions="1" time="0.053656">
          <failure type="PHPUnit\Framework\ExpectationFailedException">Tests\Feature\ErrorHandlingTest::test_agent_not_found_returns_404&#13;
Expected response status code [404] but received 401.
Failed asserting that 401 is identical to 404.
&#13;
C:\Users\hedra\Desktop\Sourcecode\NexusV2\Nexus-backend\vendor\laravel\framework\src\Illuminate\Testing\TestResponseAssert.php:45
C:\Users\hedra\Desktop\Sourcecode\NexusV2\Nexus-backend\vendor\laravel\framework\src\Illuminate\Testing\TestResponse.php:176
C:\Users\hedra\Desktop\Sourcecode\NexusV2\Nexus-backend\tests\Feature\ErrorHandlingTest.php:53</failure>
        </testcase>
        <testcase name="test_workflow_not_found_returns_404" file="C:\Users\hedra\Desktop\Sourcecode\NexusV2\Nexus-backend\tests\Feature\ErrorHandlingTest.php" line="56" class="Tests\Feature\ErrorHandlingTest" classname="Tests.Feature.ErrorHandlingTest" assertions="1" time="0.057967">
          <failure type="PHPUnit\Framework\ExpectationFailedException">Tests\Feature\ErrorHandlingTest::test_workflow_not_found_returns_404&#13;
Expected response status code [404] but received 401.
Failed asserting that 401 is identical to 404.
&#13;
C:\Users\hedra\Desktop\Sourcecode\NexusV2\Nexus-backend\vendor\laravel\framework\src\Illuminate\Testing\TestResponseAssert.php:45
C:\Users\hedra\Desktop\Sourcecode\NexusV2\Nexus-backend\vendor\laravel\framework\src\Illuminate\Testing\TestResponse.php:176
C:\Users\hedra\Desktop\Sourcecode\NexusV2\Nexus-backend\tests\Feature\ErrorHandlingTest.php:59</failure>
        </testcase>
        <testcase name="test_contact_not_found_returns_404" file="C:\Users\hedra\Desktop\Sourcecode\NexusV2\Nexus-backend\tests\Feature\ErrorHandlingTest.php" line="62" class="Tests\Feature\ErrorHandlingTest" classname="Tests.Feature.ErrorHandlingTest" assertions="1" time="0.051936">
          <failure type="PHPUnit\Framework\ExpectationFailedException">Tests\Feature\ErrorHandlingTest::test_contact_not_found_returns_404&#13;
Expected response status code [404] but received 401.
Failed asserting that 401 is identical to 404.
&#13;
C:\Users\hedra\Desktop\Sourcecode\NexusV2\Nexus-backend\vendor\laravel\framework\src\Illuminate\Testing\TestResponseAssert.php:45
C:\Users\hedra\Desktop\Sourcecode\NexusV2\Nexus-backend\vendor\laravel\framework\src\Illuminate\Testing\TestResponse.php:176
C:\Users\hedra\Desktop\Sourcecode\NexusV2\Nexus-backend\tests\Feature\ErrorHandlingTest.php:65</failure>
        </testcase>
        <testcase name="test_agent_already_running_returns_conflict" file="C:\Users\hedra\Desktop\Sourcecode\NexusV2\Nexus-backend\tests\Feature\ErrorHandlingTest.php" line="70" class="Tests\Feature\ErrorHandlingTest" classname="Tests.Feature.ErrorHandlingTest" assertions="1" time="0.081701">
          <failure type="PHPUnit\Framework\ExpectationFailedException">Tests\Feature\ErrorHandlingTest::test_agent_already_running_returns_conflict&#13;
Expected response status code [409] but received 405.
Failed asserting that 405 is identical to 409.
&#13;
C:\Users\hedra\Desktop\Sourcecode\NexusV2\Nexus-backend\vendor\laravel\framework\src\Illuminate\Testing\TestResponseAssert.php:45
C:\Users\hedra\Desktop\Sourcecode\NexusV2\Nexus-backend\vendor\laravel\framework\src\Illuminate\Testing\TestResponse.php:176
C:\Users\hedra\Desktop\Sourcecode\NexusV2\Nexus-backend\tests\Feature\ErrorHandlingTest.php:74</failure>
        </testcase>
        <testcase name="test_workflow_already_running_returns_conflict" file="C:\Users\hedra\Desktop\Sourcecode\NexusV2\Nexus-backend\tests\Feature\ErrorHandlingTest.php" line="78" class="Tests\Feature\ErrorHandlingTest" classname="Tests.Feature.ErrorHandlingTest" assertions="1" time="0.062032">
          <failure type="PHPUnit\Framework\ExpectationFailedException">Tests\Feature\ErrorHandlingTest::test_workflow_already_running_returns_conflict&#13;
Expected response status code [409] but received 401.
Failed asserting that 401 is identical to 409.
&#13;
C:\Users\hedra\Desktop\Sourcecode\NexusV2\Nexus-backend\vendor\laravel\framework\src\Illuminate\Testing\TestResponseAssert.php:45
C:\Users\hedra\Desktop\Sourcecode\NexusV2\Nexus-backend\vendor\laravel\framework\src\Illuminate\Testing\TestResponse.php:176
C:\Users\hedra\Desktop\Sourcecode\NexusV2\Nexus-backend\tests\Feature\ErrorHandlingTest.php:82</failure>
        </testcase>
        <testcase name="test_invalid_json_returns_400" file="C:\Users\hedra\Desktop\Sourcecode\NexusV2\Nexus-backend\tests\Feature\ErrorHandlingTest.php" line="88" class="Tests\Feature\ErrorHandlingTest" classname="Tests.Feature.ErrorHandlingTest" assertions="1" time="0.060766">
          <failure type="PHPUnit\Framework\ExpectationFailedException">Tests\Feature\ErrorHandlingTest::test_invalid_json_returns_400&#13;
Expected response status code [422] but received 401.
Failed asserting that 401 is identical to 422.
&#13;
C:\Users\hedra\Desktop\Sourcecode\NexusV2\Nexus-backend\vendor\laravel\framework\src\Illuminate\Testing\TestResponseAssert.php:45
C:\Users\hedra\Desktop\Sourcecode\NexusV2\Nexus-backend\vendor\laravel\framework\src\Illuminate\Testing\TestResponse.php:176
C:\Users\hedra\Desktop\Sourcecode\NexusV2\Nexus-backend\tests\Feature\ErrorHandlingTest.php:94</failure>
        </testcase>
        <testcase name="test_memory_service_unavailable_returns_error" file="C:\Users\hedra\Desktop\Sourcecode\NexusV2\Nexus-backend\tests\Feature\ErrorHandlingTest.php" line="99" class="Tests\Feature\ErrorHandlingTest" classname="Tests.Feature.ErrorHandlingTest" assertions="1" time="0.056940">
          <failure type="PHPUnit\Framework\ExpectationFailedException">Tests\Feature\ErrorHandlingTest::test_memory_service_unavailable_returns_error&#13;
Expected response status code [422] but received 401.
Failed asserting that 401 is identical to 422.
&#13;
C:\Users\hedra\Desktop\Sourcecode\NexusV2\Nexus-backend\vendor\laravel\framework\src\Illuminate\Testing\TestResponseAssert.php:45
C:\Users\hedra\Desktop\Sourcecode\NexusV2\Nexus-backend\vendor\laravel\framework\src\Illuminate\Testing\TestResponse.php:176
C:\Users\hedra\Desktop\Sourcecode\NexusV2\Nexus-backend\tests\Feature\ErrorHandlingTest.php:107</failure>
        </testcase>
        <testcase name="test_error_responses_have_consistent_format" file="C:\Users\hedra\Desktop\Sourcecode\NexusV2\Nexus-backend\tests\Feature\ErrorHandlingTest.php" line="112" class="Tests\Feature\ErrorHandlingTest" classname="Tests.Feature.ErrorHandlingTest" assertions="1" time="0.064940">
          <failure type="PHPUnit\Framework\ExpectationFailedException">Tests\Feature\ErrorHandlingTest::test_error_responses_have_consistent_format&#13;
Expected response status code [422] but received 401.
Failed asserting that 401 is identical to 422.
&#13;
C:\Users\hedra\Desktop\Sourcecode\NexusV2\Nexus-backend\vendor\laravel\framework\src\Illuminate\Testing\TestResponseAssert.php:45
C:\Users\hedra\Desktop\Sourcecode\NexusV2\Nexus-backend\vendor\laravel\framework\src\Illuminate\Testing\TestResponse.php:176
C:\Users\hedra\Desktop\Sourcecode\NexusV2\Nexus-backend\tests\Feature\ErrorHandlingTest.php:116</failure>
        </testcase>
        <testcase name="test_server_errors_have_message_and_error_fields" file="C:\Users\hedra\Desktop\Sourcecode\NexusV2\Nexus-backend\tests\Feature\ErrorHandlingTest.php" line="120" class="Tests\Feature\ErrorHandlingTest" classname="Tests.Feature.ErrorHandlingTest" assertions="0" time="0.054739"/>
      </testsuite>
      <testsuite name="Tests\Feature\EventTest" file="C:\Users\hedra\Desktop\Sourcecode\NexusV2\Nexus-backend\tests\Feature\EventTest.php" tests="6" assertions="7" errors="0" failures="6" skipped="0" time="0.403962">
        <testcase name="test_contact_created_event_is_dispatched" file="C:\Users\hedra\Desktop\Sourcecode\NexusV2\Nexus-backend\tests\Feature\EventTest.php" line="20" class="Tests\Feature\EventTest" classname="Tests.Feature.EventTest" assertions="1" time="0.058804">
          <failure type="PHPUnit\Framework\ExpectationFailedException">Tests\Feature\EventTest::test_contact_created_event_is_dispatched&#13;
Expected response status code [201] but received 401.
Failed asserting that 401 is identical to 201.
&#13;
C:\Users\hedra\Desktop\Sourcecode\NexusV2\Nexus-backend\vendor\laravel\framework\src\Illuminate\Testing\TestResponseAssert.php:45
C:\Users\hedra\Desktop\Sourcecode\NexusV2\Nexus-backend\vendor\laravel\framework\src\Illuminate\Testing\TestResponse.php:176
C:\Users\hedra\Desktop\Sourcecode\NexusV2\Nexus-backend\tests\Feature\EventTest.php:28</failure>
        </testcase>
        <testcase name="test_message_received_event_is_dispatched" file="C:\Users\hedra\Desktop\Sourcecode\NexusV2\Nexus-backend\tests\Feature\EventTest.php" line="32" class="Tests\Feature\EventTest" classname="Tests.Feature.EventTest" assertions="1" time="0.053344">
          <failure type="PHPUnit\Framework\ExpectationFailedException">Tests\Feature\EventTest::test_message_received_event_is_dispatched&#13;
Expected response status code [200] but received 422.
Failed asserting that 422 is identical to 200.&#13;
&#13;
The following errors occurred during the last request:

{
    "message": "The session field is required. (and 2 more errors)",
    "errors": {
        "session": [
            "The session field is required."
        ],
        "payload": [
            "The payload field is required."
        ],
        "payload.id": [
            "The payload.id field is required when event is message."
        ]
    }
}
&#13;
C:\Users\hedra\Desktop\Sourcecode\NexusV2\Nexus-backend\vendor\laravel\framework\src\Illuminate\Testing\TestResponseAssert.php:45
C:\Users\hedra\Desktop\Sourcecode\NexusV2\Nexus-backend\vendor\laravel\framework\src\Illuminate\Testing\TestResponse.php:176
C:\Users\hedra\Desktop\Sourcecode\NexusV2\Nexus-backend\tests\Feature\EventTest.php:43</failure>
        </testcase>
        <testcase name="test_memory_indexed_event_is_dispatched_after_episodic_memory_store" file="C:\Users\hedra\Desktop\Sourcecode\NexusV2\Nexus-backend\tests\Feature\EventTest.php" line="47" class="Tests\Feature\EventTest" classname="Tests.Feature.EventTest" assertions="2" time="0.082938">
          <failure type="PHPUnit\Framework\ExpectationFailedException">Tests\Feature\EventTest::test_memory_indexed_event_is_dispatched_after_episodic_memory_store&#13;
The expected [App\Events\MemoryIndexed] event was not dispatched.
Failed asserting that false is true.
&#13;
C:\Users\hedra\Desktop\Sourcecode\NexusV2\Nexus-backend\vendor\laravel\framework\src\Illuminate\Support\Testing\Fakes\EventFake.php:144
C:\Users\hedra\Desktop\Sourcecode\NexusV2\Nexus-backend\vendor\laravel\framework\src\Illuminate\Support\Facades\Facade.php:363
C:\Users\hedra\Desktop\Sourcecode\NexusV2\Nexus-backend\tests\Feature\EventTest.php:64</failure>
        </testcase>
        <testcase name="test_workflow_started_event_is_dispatched" file="C:\Users\hedra\Desktop\Sourcecode\NexusV2\Nexus-backend\tests\Feature\EventTest.php" line="71" class="Tests\Feature\EventTest" classname="Tests.Feature.EventTest" assertions="1" time="0.065789">
          <failure type="PHPUnit\Framework\ExpectationFailedException">Tests\Feature\EventTest::test_workflow_started_event_is_dispatched&#13;
Expected response status code [200] but received 401.
Failed asserting that 401 is identical to 200.
&#13;
C:\Users\hedra\Desktop\Sourcecode\NexusV2\Nexus-backend\vendor\laravel\framework\src\Illuminate\Testing\TestResponseAssert.php:45
C:\Users\hedra\Desktop\Sourcecode\NexusV2\Nexus-backend\vendor\laravel\framework\src\Illuminate\Testing\TestResponse.php:176
C:\Users\hedra\Desktop\Sourcecode\NexusV2\Nexus-backend\tests\Feature\EventTest.php:80</failure>
        </testcase>
        <testcase name="test_workflow_completed_event_is_dispatched" file="C:\Users\hedra\Desktop\Sourcecode\NexusV2\Nexus-backend\tests\Feature\EventTest.php" line="84" class="Tests\Feature\EventTest" classname="Tests.Feature.EventTest" assertions="1" time="0.074153">
          <failure type="PHPUnit\Framework\ExpectationFailedException">Tests\Feature\EventTest::test_workflow_completed_event_is_dispatched&#13;
Expected response status code [200] but received 401.
Failed asserting that 401 is identical to 200.
&#13;
C:\Users\hedra\Desktop\Sourcecode\NexusV2\Nexus-backend\vendor\laravel\framework\src\Illuminate\Testing\TestResponseAssert.php:45
C:\Users\hedra\Desktop\Sourcecode\NexusV2\Nexus-backend\vendor\laravel\framework\src\Illuminate\Testing\TestResponse.php:176
C:\Users\hedra\Desktop\Sourcecode\NexusV2\Nexus-backend\tests\Feature\EventTest.php:93</failure>
        </testcase>
        <testcase name="test_agent_executed_event_is_dispatched" file="C:\Users\hedra\Desktop\Sourcecode\NexusV2\Nexus-backend\tests\Feature\EventTest.php" line="97" class="Tests\Feature\EventTest" classname="Tests.Feature.EventTest" assertions="1" time="0.068933">
          <failure type="PHPUnit\Framework\ExpectationFailedException">Tests\Feature\EventTest::test_agent_executed_event_is_dispatched&#13;
Expected response status code [200] but received 405.
Failed asserting that 405 is identical to 200.
&#13;
C:\Users\hedra\Desktop\Sourcecode\NexusV2\Nexus-backend\vendor\laravel\framework\src\Illuminate\Testing\TestResponseAssert.php:45
C:\Users\hedra\Desktop\Sourcecode\NexusV2\Nexus-backend\vendor\laravel\framework\src\Illuminate\Testing\TestResponse.php:176
C:\Users\hedra\Desktop\Sourcecode\NexusV2\Nexus-backend\tests\Feature\EventTest.php:102</failure>
        </testcase>
      </testsuite>
      <testsuite name="Tests\Feature\ExampleTest" file="C:\Users\hedra\Desktop\Sourcecode\NexusV2\Nexus-backend\tests\Feature\ExampleTest.php" tests="1" assertions="1" errors="0" failures="1" skipped="0" time="0.104390">
        <testcase name="test_the_application_returns_a_successful_response" file="C:\Users\hedra\Desktop\Sourcecode\NexusV2\Nexus-backend\tests\Feature\ExampleTest.php" line="13" class="Tests\Feature\ExampleTest" classname="Tests.Feature.ExampleTest" assertions="1" time="0.104390">
          <failure type="PHPUnit\Framework\ExpectationFailedException">Tests\Feature\ExampleTest::test_the_application_returns_a_successful_response&#13;
Expected response status code [200] but received 404.
Failed asserting that 404 is identical to 200.
&#13;
C:\Users\hedra\Desktop\Sourcecode\NexusV2\Nexus-backend\vendor\laravel\framework\src\Illuminate\Testing\TestResponseAssert.php:45
C:\Users\hedra\Desktop\Sourcecode\NexusV2\Nexus-backend\vendor\laravel\framework\src\Illuminate\Testing\TestResponse.php:176
C:\Users\hedra\Desktop\Sourcecode\NexusV2\Nexus-backend\tests\Feature\ExampleTest.php:17</failure>
        </testcase>
      </testsuite>
      <testsuite name="Tests\Feature\HedraSoul\HedraSoulApiTest" file="C:\Users\hedra\Desktop\Sourcecode\NexusV2\Nexus-backend\tests\Feature\HedraSoul\HedraSoulApiTest.php" tests="2" assertions="0" errors="2" failures="0" skipped="0" time="0.112874">
        <testcase name="test_it_can_get_current_session" file="C:\Users\hedra\Desktop\Sourcecode\NexusV2\Nexus-backend\tests\Feature\HedraSoul\HedraSoulApiTest.php" line="15" class="Tests\Feature\HedraSoul\HedraSoulApiTest" classname="Tests.Feature.HedraSoul.HedraSoulApiTest" assertions="0" time="0.054190">
          <error type="Illuminate\Database\QueryException">Tests\Feature\HedraSoul\HedraSoulApiTest::test_it_can_get_current_session&#13;
Illuminate\Database\QueryException: SQLSTATE[23000]: Integrity constraint violation: 19 NOT NULL constraint failed: hedrasoul_context_snapshots.session_id (Connection: sqlite, Database: :memory:, SQL: insert into "hedrasoul_context_snapshots" ("created_at") values (2026-06-24 04:28:42))
&#13;
C:\Users\hedra\Desktop\Sourcecode\NexusV2\Nexus-backend\vendor\laravel\framework\src\Illuminate\Database\Connection.php:857
C:\Users\hedra\Desktop\Sourcecode\NexusV2\Nexus-backend\vendor\laravel\framework\src\Illuminate\Database\Connection.php:813
C:\Users\hedra\Desktop\Sourcecode\NexusV2\Nexus-backend\vendor\laravel\framework\src\Illuminate\Database\Connection.php:590
C:\Users\hedra\Desktop\Sourcecode\NexusV2\Nexus-backend\vendor\laravel\framework\src\Illuminate\Database\Connection.php:554
C:\Users\hedra\Desktop\Sourcecode\NexusV2\Nexus-backend\vendor\laravel\framework\src\Illuminate\Database\Query\Processors\Processor.php:32
C:\Users\hedra\Desktop\Sourcecode\NexusV2\Nexus-backend\vendor\laravel\framework\src\Illuminate\Database\Query\Builder.php:4257
C:\Users\hedra\Desktop\Sourcecode\NexusV2\Nexus-backend\vendor\laravel\framework\src\Illuminate\Database\Eloquent\Builder.php:2271
C:\Users\hedra\Desktop\Sourcecode\NexusV2\Nexus-backend\vendor\laravel\framework\src\Illuminate\Database\Eloquent\Model.php:1662
C:\Users\hedra\Desktop\Sourcecode\NexusV2\Nexus-backend\vendor\laravel\framework\src\Illuminate\Database\Eloquent\Model.php:1578
C:\Users\hedra\Desktop\Sourcecode\NexusV2\Nexus-backend\vendor\laravel\framework\src\Illuminate\Database\Eloquent\Model.php:1382
C:\Users\hedra\Desktop\Sourcecode\NexusV2\Nexus-backend\vendor\laravel\framework\src\Illuminate\Database\Eloquent\Builder.php:1225
C:\Users\hedra\Desktop\Sourcecode\NexusV2\Nexus-backend\vendor\laravel\framework\src\Illuminate\Support\helpers.php:393
C:\Users\hedra\Desktop\Sourcecode\NexusV2\Nexus-backend\vendor\laravel\framework\src\Illuminate\Database\Eloquent\Builder.php:1224
C:\Users\hedra\Desktop\Sourcecode\NexusV2\Nexus-backend\vendor\laravel\framework\src\Illuminate\Support\Traits\ForwardsCalls.php:23
C:\Users\hedra\Desktop\Sourcecode\NexusV2\Nexus-backend\vendor\laravel\framework\src\Illuminate\Database\Eloquent\Model.php:2809
C:\Users\hedra\Desktop\Sourcecode\NexusV2\Nexus-backend\vendor\laravel\framework\src\Illuminate\Database\Eloquent\Model.php:2825
C:\Users\hedra\Desktop\Sourcecode\NexusV2\Nexus-backend\tests\Feature\HedraSoul\HedraSoulApiTest.php:18</error>
        </testcase>
        <testcase name="test_it_can_post_a_message" file="C:\Users\hedra\Desktop\Sourcecode\NexusV2\Nexus-backend\tests\Feature\HedraSoul\HedraSoulApiTest.php" line="31" class="Tests\Feature\HedraSoul\HedraSoulApiTest" classname="Tests.Feature.HedraSoul.HedraSoulApiTest" assertions="0" time="0.058684">
          <error type="Illuminate\Database\QueryException">Tests\Feature\HedraSoul\HedraSoulApiTest::test_it_can_post_a_message&#13;
Illuminate\Database\QueryException: SQLSTATE[23000]: Integrity constraint violation: 19 NOT NULL constraint failed: hedrasoul_context_snapshots.session_id (Connection: sqlite, Database: :memory:, SQL: insert into "hedrasoul_context_snapshots" ("created_at") values (2026-06-24 04:28:42))
&#13;
C:\Users\hedra\Desktop\Sourcecode\NexusV2\Nexus-backend\vendor\laravel\framework\src\Illuminate\Database\Connection.php:857
C:\Users\hedra\Desktop\Sourcecode\NexusV2\Nexus-backend\vendor\laravel\framework\src\Illuminate\Database\Connection.php:813
C:\Users\hedra\Desktop\Sourcecode\NexusV2\Nexus-backend\vendor\laravel\framework\src\Illuminate\Database\Connection.php:590
C:\Users\hedra\Desktop\Sourcecode\NexusV2\Nexus-backend\vendor\laravel\framework\src\Illuminate\Database\Connection.php:554
C:\Users\hedra\Desktop\Sourcecode\NexusV2\Nexus-backend\vendor\laravel\framework\src\Illuminate\Database\Query\Processors\Processor.php:32
C:\Users\hedra\Desktop\Sourcecode\NexusV2\Nexus-backend\vendor\laravel\framework\src\Illuminate\Database\Query\Builder.php:4257
C:\Users\hedra\Desktop\Sourcecode\NexusV2\Nexus-backend\vendor\laravel\framework\src\Illuminate\Database\Eloquent\Builder.php:2271
C:\Users\hedra\Desktop\Sourcecode\NexusV2\Nexus-backend\vendor\laravel\framework\src\Illuminate\Database\Eloquent\Model.php:1662
C:\Users\hedra\Desktop\Sourcecode\NexusV2\Nexus-backend\vendor\laravel\framework\src\Illuminate\Database\Eloquent\Model.php:1578
C:\Users\hedra\Desktop\Sourcecode\NexusV2\Nexus-backend\vendor\laravel\framework\src\Illuminate\Database\Eloquent\Model.php:1382
C:\Users\hedra\Desktop\Sourcecode\NexusV2\Nexus-backend\vendor\laravel\framework\src\Illuminate\Database\Eloquent\Builder.php:1225
C:\Users\hedra\Desktop\Sourcecode\NexusV2\Nexus-backend\vendor\laravel\framework\src\Illuminate\Support\helpers.php:393
C:\Users\hedra\Desktop\Sourcecode\NexusV2\Nexus-backend\vendor\laravel\framework\src\Illuminate\Database\Eloquent\Builder.php:1224
C:\Users\hedra\Desktop\Sourcecode\NexusV2\Nexus-backend\vendor\laravel\framework\src\Illuminate\Support\Traits\ForwardsCalls.php:23
C:\Users\hedra\Desktop\Sourcecode\NexusV2\Nexus-backend\vendor\laravel\framework\src\Illuminate\Database\Eloquent\Model.php:2809
C:\Users\hedra\Desktop\Sourcecode\NexusV2\Nexus-backend\vendor\laravel\framework\src\Illuminate\Database\Eloquent\Model.php:2825
C:\Users\hedra\Desktop\Sourcecode\NexusV2\Nexus-backend\tests\Feature\HedraSoul\HedraSoulApiTest.php:34</error>
        </testcase>
      </testsuite>
      <testsuite name="Tests\Feature\HedraSoul\HedraSoulApprovalsApiTest" file="C:\Users\hedra\Desktop\Sourcecode\NexusV2\Nexus-backend\tests\Feature\HedraSoul\HedraSoulApprovalsApiTest.php" tests="13" assertions="1" errors="12" failures="1" skipped="0" time="0.799177">
        <testcase name="test_post_approve_sets_approved_status_and_metadata" file="C:\Users\hedra\Desktop\Sourcecode\NexusV2\Nexus-backend\tests\Feature\HedraSoul\HedraSoulApprovalsApiTest.php" line="28" class="Tests\Feature\HedraSoul\HedraSoulApprovalsApiTest" classname="Tests.Feature.HedraSoul.HedraSoulApprovalsApiTest" assertions="0" time="0.065170">
          <error type="BadMethodCallException">Tests\Feature\HedraSoul\HedraSoulApprovalsApiTest::test_post_approve_sets_approved_status_and_metadata&#13;
BadMethodCallException: Call to undefined method App\Models\HedrasoulApprovalRequest::factory()
&#13;
C:\Users\hedra\Desktop\Sourcecode\NexusV2\Nexus-backend\vendor\laravel\framework\src\Illuminate\Support\Traits\ForwardsCalls.php:67
C:\Users\hedra\Desktop\Sourcecode\NexusV2\Nexus-backend\vendor\laravel\framework\src\Illuminate\Support\Traits\ForwardsCalls.php:36
C:\Users\hedra\Desktop\Sourcecode\NexusV2\Nexus-backend\vendor\laravel\framework\src\Illuminate\Database\Eloquent\Model.php:2809
C:\Users\hedra\Desktop\Sourcecode\NexusV2\Nexus-backend\vendor\laravel\framework\src\Illuminate\Database\Eloquent\Model.php:2825
C:\Users\hedra\Desktop\Sourcecode\NexusV2\Nexus-backend\tests\Feature\HedraSoul\HedraSoulApprovalsApiTest.php:30</error>
        </testcase>
        <testcase name="test_execute_souly_command_job_is_dispatched_on_approve" file="C:\Users\hedra\Desktop\Sourcecode\NexusV2\Nexus-backend\tests\Feature\HedraSoul\HedraSoulApprovalsApiTest.php" line="55" class="Tests\Feature\HedraSoul\HedraSoulApprovalsApiTest" classname="Tests.Feature.HedraSoul.HedraSoulApprovalsApiTest" assertions="0" time="0.062728">
          <error type="BadMethodCallException">Tests\Feature\HedraSoul\HedraSoulApprovalsApiTest::test_execute_souly_command_job_is_dispatched_on_approve&#13;
BadMethodCallException: Call to undefined method App\Models\HedrasoulApprovalRequest::factory()
&#13;
C:\Users\hedra\Desktop\Sourcecode\NexusV2\Nexus-backend\vendor\laravel\framework\src\Illuminate\Support\Traits\ForwardsCalls.php:67
C:\Users\hedra\Desktop\Sourcecode\NexusV2\Nexus-backend\vendor\laravel\framework\src\Illuminate\Support\Traits\ForwardsCalls.php:36
C:\Users\hedra\Desktop\Sourcecode\NexusV2\Nexus-backend\vendor\laravel\framework\src\Illuminate\Database\Eloquent\Model.php:2809
C:\Users\hedra\Desktop\Sourcecode\NexusV2\Nexus-backend\vendor\laravel\framework\src\Illuminate\Database\Eloquent\Model.php:2825
C:\Users\hedra\Desktop\Sourcecode\NexusV2\Nexus-backend\tests\Feature\HedraSoul\HedraSoulApprovalsApiTest.php:59</error>
        </testcase>
        <testcase name="test_post_reject_sets_rejected_status_no_job_dispatch" file="C:\Users\hedra\Desktop\Sourcecode\NexusV2\Nexus-backend\tests\Feature\HedraSoul\HedraSoulApprovalsApiTest.php" line="72" class="Tests\Feature\HedraSoul\HedraSoulApprovalsApiTest" classname="Tests.Feature.HedraSoul.HedraSoulApprovalsApiTest" assertions="0" time="0.057728">
          <error type="BadMethodCallException">Tests\Feature\HedraSoul\HedraSoulApprovalsApiTest::test_post_reject_sets_rejected_status_no_job_dispatch&#13;
BadMethodCallException: Call to undefined method App\Models\HedrasoulApprovalRequest::factory()
&#13;
C:\Users\hedra\Desktop\Sourcecode\NexusV2\Nexus-backend\vendor\laravel\framework\src\Illuminate\Support\Traits\ForwardsCalls.php:67
C:\Users\hedra\Desktop\Sourcecode\NexusV2\Nexus-backend\vendor\laravel\framework\src\Illuminate\Support\Traits\ForwardsCalls.php:36
C:\Users\hedra\Desktop\Sourcecode\NexusV2\Nexus-backend\vendor\laravel\framework\src\Illuminate\Database\Eloquent\Model.php:2809
C:\Users\hedra\Desktop\Sourcecode\NexusV2\Nexus-backend\vendor\laravel\framework\src\Illuminate\Database\Eloquent\Model.php:2825
C:\Users\hedra\Desktop\Sourcecode\NexusV2\Nexus-backend\tests\Feature\HedraSoul\HedraSoulApprovalsApiTest.php:76</error>
        </testcase>
        <testcase name="test_post_defer_sets_deferred_status" file="C:\Users\hedra\Desktop\Sourcecode\NexusV2\Nexus-backend\tests\Feature\HedraSoul\HedraSoulApprovalsApiTest.php" line="99" class="Tests\Feature\HedraSoul\HedraSoulApprovalsApiTest" classname="Tests.Feature.HedraSoul.HedraSoulApprovalsApiTest" assertions="0" time="0.063957">
          <error type="BadMethodCallException">Tests\Feature\HedraSoul\HedraSoulApprovalsApiTest::test_post_defer_sets_deferred_status&#13;
BadMethodCallException: Call to undefined method App\Models\HedrasoulApprovalRequest::factory()
&#13;
C:\Users\hedra\Desktop\Sourcecode\NexusV2\Nexus-backend\vendor\laravel\framework\src\Illuminate\Support\Traits\ForwardsCalls.php:67
C:\Users\hedra\Desktop\Sourcecode\NexusV2\Nexus-backend\vendor\laravel\framework\src\Illuminate\Support\Traits\ForwardsCalls.php:36
C:\Users\hedra\Desktop\Sourcecode\NexusV2\Nexus-backend\vendor\laravel\framework\src\Illuminate\Database\Eloquent\Model.php:2809
C:\Users\hedra\Desktop\Sourcecode\NexusV2\Nexus-backend\vendor\laravel\framework\src\Illuminate\Database\Eloquent\Model.php:2825
C:\Users\hedra\Desktop\Sourcecode\NexusV2\Nexus-backend\tests\Feature\HedraSoul\HedraSoulApprovalsApiTest.php:101</error>
        </testcase>
        <testcase name="test_dispatch_approval_reminder_job_is_scheduled_on_defer" file="C:\Users\hedra\Desktop\Sourcecode\NexusV2\Nexus-backend\tests\Feature\HedraSoul\HedraSoulApprovalsApiTest.php" line="122" class="Tests\Feature\HedraSoul\HedraSoulApprovalsApiTest" classname="Tests.Feature.HedraSoul.HedraSoulApprovalsApiTest" assertions="0" time="0.067846">
          <error type="BadMethodCallException">Tests\Feature\HedraSoul\HedraSoulApprovalsApiTest::test_dispatch_approval_reminder_job_is_scheduled_on_defer&#13;
BadMethodCallException: Call to undefined method App\Models\HedrasoulApprovalRequest::factory()
&#13;
C:\Users\hedra\Desktop\Sourcecode\NexusV2\Nexus-backend\vendor\laravel\framework\src\Illuminate\Support\Traits\ForwardsCalls.php:67
C:\Users\hedra\Desktop\Sourcecode\NexusV2\Nexus-backend\vendor\laravel\framework\src\Illuminate\Support\Traits\ForwardsCalls.php:36
C:\Users\hedra\Desktop\Sourcecode\NexusV2\Nexus-backend\vendor\laravel\framework\src\Illuminate\Database\Eloquent\Model.php:2809
C:\Users\hedra\Desktop\Sourcecode\NexusV2\Nexus-backend\vendor\laravel\framework\src\Illuminate\Database\Eloquent\Model.php:2825
C:\Users\hedra\Desktop\Sourcecode\NexusV2\Nexus-backend\tests\Feature\HedraSoul\HedraSoulApprovalsApiTest.php:126</error>
        </testcase>
        <testcase name="test_get_approvals_returns_list_with_status_filter" file="C:\Users\hedra\Desktop\Sourcecode\NexusV2\Nexus-backend\tests\Feature\HedraSoul\HedraSoulApprovalsApiTest.php" line="141" class="Tests\Feature\HedraSoul\HedraSoulApprovalsApiTest" classname="Tests.Feature.HedraSoul.HedraSoulApprovalsApiTest" assertions="0" time="0.060057">
          <error type="BadMethodCallException">Tests\Feature\HedraSoul\HedraSoulApprovalsApiTest::test_get_approvals_returns_list_with_status_filter&#13;
BadMethodCallException: Call to undefined method App\Models\HedrasoulApprovalRequest::factory()
&#13;
C:\Users\hedra\Desktop\Sourcecode\NexusV2\Nexus-backend\vendor\laravel\framework\src\Illuminate\Support\Traits\ForwardsCalls.php:67
C:\Users\hedra\Desktop\Sourcecode\NexusV2\Nexus-backend\vendor\laravel\framework\src\Illuminate\Support\Traits\ForwardsCalls.php:36
C:\Users\hedra\Desktop\Sourcecode\NexusV2\Nexus-backend\vendor\laravel\framework\src\Illuminate\Database\Eloquent\Model.php:2809
C:\Users\hedra\Desktop\Sourcecode\NexusV2\Nexus-backend\vendor\laravel\framework\src\Illuminate\Database\Eloquent\Model.php:2825
C:\Users\hedra\Desktop\Sourcecode\NexusV2\Nexus-backend\tests\Feature\HedraSoul\HedraSoulApprovalsApiTest.php:143</error>
        </testcase>
        <testcase name="test_get_approvals_returns_full_list" file="C:\Users\hedra\Desktop\Sourcecode\NexusV2\Nexus-backend\tests\Feature\HedraSoul\HedraSoulApprovalsApiTest.php" line="160" class="Tests\Feature\HedraSoul\HedraSoulApprovalsApiTest" classname="Tests.Feature.HedraSoul.HedraSoulApprovalsApiTest" assertions="0" time="0.057568">
          <error type="BadMethodCallException">Tests\Feature\HedraSoul\HedraSoulApprovalsApiTest::test_get_approvals_returns_full_list&#13;
BadMethodCallException: Call to undefined method App\Models\HedrasoulApprovalRequest::factory()
&#13;
C:\Users\hedra\Desktop\Sourcecode\NexusV2\Nexus-backend\vendor\laravel\framework\src\Illuminate\Support\Traits\ForwardsCalls.php:67
C:\Users\hedra\Desktop\Sourcecode\NexusV2\Nexus-backend\vendor\laravel\framework\src\Illuminate\Support\Traits\ForwardsCalls.php:36
C:\Users\hedra\Desktop\Sourcecode\NexusV2\Nexus-backend\vendor\laravel\framework\src\Illuminate\Database\Eloquent\Model.php:2809
C:\Users\hedra\Desktop\Sourcecode\NexusV2\Nexus-backend\vendor\laravel\framework\src\Illuminate\Database\Eloquent\Model.php:2825
C:\Users\hedra\Desktop\Sourcecode\NexusV2\Nexus-backend\tests\Feature\HedraSoul\HedraSoulApprovalsApiTest.php:162</error>
        </testcase>
        <testcase name="test_get_approval_detail_returns_full_data" file="C:\Users\hedra\Desktop\Sourcecode\NexusV2\Nexus-backend\tests\Feature\HedraSoul\HedraSoulApprovalsApiTest.php" line="177" class="Tests\Feature\HedraSoul\HedraSoulApprovalsApiTest" classname="Tests.Feature.HedraSoul.HedraSoulApprovalsApiTest" assertions="0" time="0.074697">
          <error type="BadMethodCallException">Tests\Feature\HedraSoul\HedraSoulApprovalsApiTest::test_get_approval_detail_returns_full_data&#13;
BadMethodCallException: Call to undefined method App\Models\HedrasoulApprovalRequest::factory()
&#13;
C:\Users\hedra\Desktop\Sourcecode\NexusV2\Nexus-backend\vendor\laravel\framework\src\Illuminate\Support\Traits\ForwardsCalls.php:67
C:\Users\hedra\Desktop\Sourcecode\NexusV2\Nexus-backend\vendor\laravel\framework\src\Illuminate\Support\Traits\ForwardsCalls.php:36
C:\Users\hedra\Desktop\Sourcecode\NexusV2\Nexus-backend\vendor\laravel\framework\src\Illuminate\Database\Eloquent\Model.php:2809
C:\Users\hedra\Desktop\Sourcecode\NexusV2\Nexus-backend\vendor\laravel\framework\src\Illuminate\Database\Eloquent\Model.php:2825
C:\Users\hedra\Desktop\Sourcecode\NexusV2\Nexus-backend\tests\Feature\HedraSoul\HedraSoulApprovalsApiTest.php:179</error>
        </testcase>
        <testcase name="test_post_approve_returns_401_without_auth" file="C:\Users\hedra\Desktop\Sourcecode\NexusV2\Nexus-backend\tests\Feature\HedraSoul\HedraSoulApprovalsApiTest.php" line="191" class="Tests\Feature\HedraSoul\HedraSoulApprovalsApiTest" classname="Tests.Feature.HedraSoul.HedraSoulApprovalsApiTest" assertions="0" time="0.054229">
          <error type="BadMethodCallException">Tests\Feature\HedraSoul\HedraSoulApprovalsApiTest::test_post_approve_returns_401_without_auth&#13;
BadMethodCallException: Call to undefined method App\Models\HedrasoulApprovalRequest::factory()
&#13;
C:\Users\hedra\Desktop\Sourcecode\NexusV2\Nexus-backend\vendor\laravel\framework\src\Illuminate\Support\Traits\ForwardsCalls.php:67
C:\Users\hedra\Desktop\Sourcecode\NexusV2\Nexus-backend\vendor\laravel\framework\src\Illuminate\Support\Traits\ForwardsCalls.php:36
C:\Users\hedra\Desktop\Sourcecode\NexusV2\Nexus-backend\vendor\laravel\framework\src\Illuminate\Database\Eloquent\Model.php:2809
C:\Users\hedra\Desktop\Sourcecode\NexusV2\Nexus-backend\vendor\laravel\framework\src\Illuminate\Database\Eloquent\Model.php:2825
C:\Users\hedra\Desktop\Sourcecode\NexusV2\Nexus-backend\tests\Feature\HedraSoul\HedraSoulApprovalsApiTest.php:193</error>
        </testcase>
        <testcase name="test_post_reject_returns_401_without_auth" file="C:\Users\hedra\Desktop\Sourcecode\NexusV2\Nexus-backend\tests\Feature\HedraSoul\HedraSoulApprovalsApiTest.php" line="203" class="Tests\Feature\HedraSoul\HedraSoulApprovalsApiTest" classname="Tests.Feature.HedraSoul.HedraSoulApprovalsApiTest" assertions="0" time="0.056411">
          <error type="BadMethodCallException">Tests\Feature\HedraSoul\HedraSoulApprovalsApiTest::test_post_reject_returns_401_without_auth&#13;
BadMethodCallException: Call to undefined method App\Models\HedrasoulApprovalRequest::factory()
&#13;
C:\Users\hedra\Desktop\Sourcecode\NexusV2\Nexus-backend\vendor\laravel\framework\src\Illuminate\Support\Traits\ForwardsCalls.php:67
C:\Users\hedra\Desktop\Sourcecode\NexusV2\Nexus-backend\vendor\laravel\framework\src\Illuminate\Support\Traits\ForwardsCalls.php:36
C:\Users\hedra\Desktop\Sourcecode\NexusV2\Nexus-backend\vendor\laravel\framework\src\Illuminate\Database\Eloquent\Model.php:2809
C:\Users\hedra\Desktop\Sourcecode\NexusV2\Nexus-backend\vendor\laravel\framework\src\Illuminate\Database\Eloquent\Model.php:2825
C:\Users\hedra\Desktop\Sourcecode\NexusV2\Nexus-backend\tests\Feature\HedraSoul\HedraSoulApprovalsApiTest.php:205</error>
        </testcase>
        <testcase name="test_post_defer_returns_401_without_auth" file="C:\Users\hedra\Desktop\Sourcecode\NexusV2\Nexus-backend\tests\Feature\HedraSoul\HedraSoulApprovalsApiTest.php" line="215" class="Tests\Feature\HedraSoul\HedraSoulApprovalsApiTest" classname="Tests.Feature.HedraSoul.HedraSoulApprovalsApiTest" assertions="0" time="0.054745">
          <error type="BadMethodCallException">Tests\Feature\HedraSoul\HedraSoulApprovalsApiTest::test_post_defer_returns_401_without_auth&#13;
BadMethodCallException: Call to undefined method App\Models\HedrasoulApprovalRequest::factory()
&#13;
C:\Users\hedra\Desktop\Sourcecode\NexusV2\Nexus-backend\vendor\laravel\framework\src\Illuminate\Support\Traits\ForwardsCalls.php:67
C:\Users\hedra\Desktop\Sourcecode\NexusV2\Nexus-backend\vendor\laravel\framework\src\Illuminate\Support\Traits\ForwardsCalls.php:36
C:\Users\hedra\Desktop\Sourcecode\NexusV2\Nexus-backend\vendor\laravel\framework\src\Illuminate\Database\Eloquent\Model.php:2809
C:\Users\hedra\Desktop\Sourcecode\NexusV2\Nexus-backend\vendor\laravel\framework\src\Illuminate\Database\Eloquent\Model.php:2825
C:\Users\hedra\Desktop\Sourcecode\NexusV2\Nexus-backend\tests\Feature\HedraSoul\HedraSoulApprovalsApiTest.php:217</error>
        </testcase>
        <testcase name="test_get_approvals_returns_401_without_auth" file="C:\Users\hedra\Desktop\Sourcecode\NexusV2\Nexus-backend\tests\Feature\HedraSoul\HedraSoulApprovalsApiTest.php" line="229" class="Tests\Feature\HedraSoul\HedraSoulApprovalsApiTest" classname="Tests.Feature.HedraSoul.HedraSoulApprovalsApiTest" assertions="1" time="0.060539">
          <failure type="PHPUnit\Framework\ExpectationFailedException">Tests\Feature\HedraSoul\HedraSoulApprovalsApiTest::test_get_approvals_returns_401_without_auth&#13;
Expected response status code [401] but received 404.
Failed asserting that 404 is identical to 401.
&#13;
C:\Users\hedra\Desktop\Sourcecode\NexusV2\Nexus-backend\vendor\laravel\framework\src\Illuminate\Testing\TestResponseAssert.php:45
C:\Users\hedra\Desktop\Sourcecode\NexusV2\Nexus-backend\vendor\laravel\framework\src\Illuminate\Testing\TestResponse.php:176
C:\Users\hedra\Desktop\Sourcecode\NexusV2\Nexus-backend\tests\Feature\HedraSoul\HedraSoulApprovalsApiTest.php:233</failure>
        </testcase>
        <testcase name="test_get_approval_detail_returns_401_without_auth" file="C:\Users\hedra\Desktop\Sourcecode\NexusV2\Nexus-backend\tests\Feature\HedraSoul\HedraSoulApprovalsApiTest.php" line="239" class="Tests\Feature\HedraSoul\HedraSoulApprovalsApiTest" classname="Tests.Feature.HedraSoul.HedraSoulApprovalsApiTest" assertions="0" time="0.063500">
          <error type="BadMethodCallException">Tests\Feature\HedraSoul\HedraSoulApprovalsApiTest::test_get_approval_detail_returns_401_without_auth&#13;
BadMethodCallException: Call to undefined method App\Models\HedrasoulApprovalRequest::factory()
&#13;
C:\Users\hedra\Desktop\Sourcecode\NexusV2\Nexus-backend\vendor\laravel\framework\src\Illuminate\Support\Traits\ForwardsCalls.php:67
C:\Users\hedra\Desktop\Sourcecode\NexusV2\Nexus-backend\vendor\laravel\framework\src\Illuminate\Support\Traits\ForwardsCalls.php:36
C:\Users\hedra\Desktop\Sourcecode\NexusV2\Nexus-backend\vendor\laravel\framework\src\Illuminate\Database\Eloquent\Model.php:2809
C:\Users\hedra\Desktop\Sourcecode\NexusV2\Nexus-backend\vendor\laravel\framework\src\Illuminate\Database\Eloquent\Model.php:2825
C:\Users\hedra\Desktop\Sourcecode\NexusV2\Nexus-backend\tests\Feature\HedraSoul\HedraSoulApprovalsApiTest.php:241</error>
        </testcase>
      </testsuite>
      <testsuite name="Tests\Feature\HedraSoul\HedraSoulInstructionsApiTest" file="C:\Users\hedra\Desktop\Sourcecode\NexusV2\Nexus-backend\tests\Feature\HedraSoul\HedraSoulInstructionsApiTest.php" tests="10" assertions="1" errors="9" failures="1" skipped="0" time="0.624270">
        <testcase name="test_post_instructions_creates_draft_and_returns_201" file="C:\Users\hedra\Desktop\Sourcecode\NexusV2\Nexus-backend\tests\Feature\HedraSoul\HedraSoulInstructionsApiTest.php" line="26" class="Tests\Feature\HedraSoul\HedraSoulInstructionsApiTest" classname="Tests.Feature.HedraSoul.HedraSoulInstructionsApiTest" assertions="1" time="0.053430">
          <failure type="PHPUnit\Framework\ExpectationFailedException">Tests\Feature\HedraSoul\HedraSoulInstructionsApiTest::test_post_instructions_creates_draft_and_returns_201&#13;
Expected response status code [201] but received 405.
Failed asserting that 405 is identical to 201.
&#13;
C:\Users\hedra\Desktop\Sourcecode\NexusV2\Nexus-backend\vendor\laravel\framework\src\Illuminate\Testing\TestResponseAssert.php:45
C:\Users\hedra\Desktop\Sourcecode\NexusV2\Nexus-backend\vendor\laravel\framework\src\Illuminate\Testing\TestResponse.php:176
C:\Users\hedra\Desktop\Sourcecode\NexusV2\Nexus-backend\tests\Feature\HedraSoul\HedraSoulInstructionsApiTest.php:34</failure>
        </testcase>
        <testcase name="test_post_activate_sets_active_and_archives_previous" file="C:\Users\hedra\Desktop\Sourcecode\NexusV2\Nexus-backend\tests\Feature\HedraSoul\HedraSoulInstructionsApiTest.php" line="46" class="Tests\Feature\HedraSoul\HedraSoulInstructionsApiTest" classname="Tests.Feature.HedraSoul.HedraSoulInstructionsApiTest" assertions="0" time="0.049470">
          <error type="BadMethodCallException">Tests\Feature\HedraSoul\HedraSoulInstructionsApiTest::test_post_activate_sets_active_and_archives_previous&#13;
BadMethodCallException: Call to undefined method App\Models\SoulyInstructionVersion::factory()
&#13;
C:\Users\hedra\Desktop\Sourcecode\NexusV2\Nexus-backend\vendor\laravel\framework\src\Illuminate\Support\Traits\ForwardsCalls.php:67
C:\Users\hedra\Desktop\Sourcecode\NexusV2\Nexus-backend\vendor\laravel\framework\src\Illuminate\Support\Traits\ForwardsCalls.php:36
C:\Users\hedra\Desktop\Sourcecode\NexusV2\Nexus-backend\vendor\laravel\framework\src\Illuminate\Database\Eloquent\Model.php:2809
C:\Users\hedra\Desktop\Sourcecode\NexusV2\Nexus-backend\vendor\laravel\framework\src\Illuminate\Database\Eloquent\Model.php:2825
C:\Users\hedra\Desktop\Sourcecode\NexusV2\Nexus-backend\tests\Feature\HedraSoul\HedraSoulInstructionsApiTest.php:48</error>
        </testcase>
        <testcase name="test_post_activate_returns_202_when_autonomy_expands" file="C:\Users\hedra\Desktop\Sourcecode\NexusV2\Nexus-backend\tests\Feature\HedraSoul\HedraSoulInstructionsApiTest.php" line="80" class="Tests\Feature\HedraSoul\HedraSoulInstructionsApiTest" classname="Tests.Feature.HedraSoul.HedraSoulInstructionsApiTest" assertions="0" time="0.060560">
          <error type="BadMethodCallException">Tests\Feature\HedraSoul\HedraSoulInstructionsApiTest::test_post_activate_returns_202_when_autonomy_expands&#13;
BadMethodCallException: Call to undefined method App\Models\SoulyInstructionVersion::factory()
&#13;
C:\Users\hedra\Desktop\Sourcecode\NexusV2\Nexus-backend\vendor\laravel\framework\src\Illuminate\Support\Traits\ForwardsCalls.php:67
C:\Users\hedra\Desktop\Sourcecode\NexusV2\Nexus-backend\vendor\laravel\framework\src\Illuminate\Support\Traits\ForwardsCalls.php:36
C:\Users\hedra\Desktop\Sourcecode\NexusV2\Nexus-backend\vendor\laravel\framework\src\Illuminate\Database\Eloquent\Model.php:2809
C:\Users\hedra\Desktop\Sourcecode\NexusV2\Nexus-backend\vendor\laravel\framework\src\Illuminate\Database\Eloquent\Model.php:2825
C:\Users\hedra\Desktop\Sourcecode\NexusV2\Nexus-backend\tests\Feature\HedraSoul\HedraSoulInstructionsApiTest.php:82</error>
        </testcase>
        <testcase name="test_post_rollback_restores_prior_version" file="C:\Users\hedra\Desktop\Sourcecode\NexusV2\Nexus-backend\tests\Feature\HedraSoul\HedraSoulInstructionsApiTest.php" line="97" class="Tests\Feature\HedraSoul\HedraSoulInstructionsApiTest" classname="Tests.Feature.HedraSoul.HedraSoulInstructionsApiTest" assertions="0" time="0.097744">
          <error type="BadMethodCallException">Tests\Feature\HedraSoul\HedraSoulInstructionsApiTest::test_post_rollback_restores_prior_version&#13;
BadMethodCallException: Call to undefined method App\Models\SoulyInstructionVersion::factory()
&#13;
C:\Users\hedra\Desktop\Sourcecode\NexusV2\Nexus-backend\vendor\laravel\framework\src\Illuminate\Support\Traits\ForwardsCalls.php:67
C:\Users\hedra\Desktop\Sourcecode\NexusV2\Nexus-backend\vendor\laravel\framework\src\Illuminate\Support\Traits\ForwardsCalls.php:36
C:\Users\hedra\Desktop\Sourcecode\NexusV2\Nexus-backend\vendor\laravel\framework\src\Illuminate\Database\Eloquent\Model.php:2809
C:\Users\hedra\Desktop\Sourcecode\NexusV2\Nexus-backend\vendor\laravel\framework\src\Illuminate\Database\Eloquent\Model.php:2825
C:\Users\hedra\Desktop\Sourcecode\NexusV2\Nexus-backend\tests\Feature\HedraSoul\HedraSoulInstructionsApiTest.php:99</error>
        </testcase>
        <testcase name="test_post_test_returns_response_no_side_effects" file="C:\Users\hedra\Desktop\Sourcecode\NexusV2\Nexus-backend\tests\Feature\HedraSoul\HedraSoulInstructionsApiTest.php" line="124" class="Tests\Feature\HedraSoul\HedraSoulInstructionsApiTest" classname="Tests.Feature.HedraSoul.HedraSoulInstructionsApiTest" assertions="0" time="0.066655">
          <error type="BadMethodCallException">Tests\Feature\HedraSoul\HedraSoulInstructionsApiTest::test_post_test_returns_response_no_side_effects&#13;
BadMethodCallException: Call to undefined method App\Models\SoulyInstructionVersion::factory()
&#13;
C:\Users\hedra\Desktop\Sourcecode\NexusV2\Nexus-backend\vendor\laravel\framework\src\Illuminate\Support\Traits\ForwardsCalls.php:67
C:\Users\hedra\Desktop\Sourcecode\NexusV2\Nexus-backend\vendor\laravel\framework\src\Illuminate\Support\Traits\ForwardsCalls.php:36
C:\Users\hedra\Desktop\Sourcecode\NexusV2\Nexus-backend\vendor\laravel\framework\src\Illuminate\Database\Eloquent\Model.php:2809
C:\Users\hedra\Desktop\Sourcecode\NexusV2\Nexus-backend\vendor\laravel\framework\src\Illuminate\Database\Eloquent\Model.php:2825
C:\Users\hedra\Desktop\Sourcecode\NexusV2\Nexus-backend\tests\Feature\HedraSoul\HedraSoulInstructionsApiTest.php:126</error>
        </testcase>
        <testcase name="test_get_instructions_returns_list" file="C:\Users\hedra\Desktop\Sourcecode\NexusV2\Nexus-backend\tests\Feature\HedraSoul\HedraSoulInstructionsApiTest.php" line="151" class="Tests\Feature\HedraSoul\HedraSoulInstructionsApiTest" classname="Tests.Feature.HedraSoul.HedraSoulInstructionsApiTest" assertions="0" time="0.051064">
          <error type="BadMethodCallException">Tests\Feature\HedraSoul\HedraSoulInstructionsApiTest::test_get_instructions_returns_list&#13;
BadMethodCallException: Call to undefined method App\Models\SoulyInstructionVersion::factory()
&#13;
C:\Users\hedra\Desktop\Sourcecode\NexusV2\Nexus-backend\vendor\laravel\framework\src\Illuminate\Support\Traits\ForwardsCalls.php:67
C:\Users\hedra\Desktop\Sourcecode\NexusV2\Nexus-backend\vendor\laravel\framework\src\Illuminate\Support\Traits\ForwardsCalls.php:36
C:\Users\hedra\Desktop\Sourcecode\NexusV2\Nexus-backend\vendor\laravel\framework\src\Illuminate\Database\Eloquent\Model.php:2809
C:\Users\hedra\Desktop\Sourcecode\NexusV2\Nexus-backend\vendor\laravel\framework\src\Illuminate\Database\Eloquent\Model.php:2825
C:\Users\hedra\Desktop\Sourcecode\NexusV2\Nexus-backend\tests\Feature\HedraSoul\HedraSoulInstructionsApiTest.php:153</error>
        </testcase>
        <testcase name="test_get_instruction_by_id_returns_version_and_diff" file="C:\Users\hedra\Desktop\Sourcecode\NexusV2\Nexus-backend\tests\Feature\HedraSoul\HedraSoulInstructionsApiTest.php" line="168" class="Tests\Feature\HedraSoul\HedraSoulInstructionsApiTest" classname="Tests.Feature.HedraSoul.HedraSoulInstructionsApiTest" assertions="0" time="0.055180">
          <error type="BadMethodCallException">Tests\Feature\HedraSoul\HedraSoulInstructionsApiTest::test_get_instruction_by_id_returns_version_and_diff&#13;
BadMethodCallException: Call to undefined method App\Models\SoulyInstructionVersion::factory()
&#13;
C:\Users\hedra\Desktop\Sourcecode\NexusV2\Nexus-backend\vendor\laravel\framework\src\Illuminate\Support\Traits\ForwardsCalls.php:67
C:\Users\hedra\Desktop\Sourcecode\NexusV2\Nexus-backend\vendor\laravel\framework\src\Illuminate\Support\Traits\ForwardsCalls.php:36
C:\Users\hedra\Desktop\Sourcecode\NexusV2\Nexus-backend\vendor\laravel\framework\src\Illuminate\Database\Eloquent\Model.php:2809
C:\Users\hedra\Desktop\Sourcecode\NexusV2\Nexus-backend\vendor\laravel\framework\src\Illuminate\Database\Eloquent\Model.php:2825
C:\Users\hedra\Desktop\Sourcecode\NexusV2\Nexus-backend\tests\Feature\HedraSoul\HedraSoulInstructionsApiTest.php:170</error>
        </testcase>
        <testcase name="test_patch_instruction_updates_draft" file="C:\Users\hedra\Desktop\Sourcecode\NexusV2\Nexus-backend\tests\Feature\HedraSoul\HedraSoulInstructionsApiTest.php" line="185" class="Tests\Feature\HedraSoul\HedraSoulInstructionsApiTest" classname="Tests.Feature.HedraSoul.HedraSoulInstructionsApiTest" assertions="0" time="0.057518">
          <error type="BadMethodCallException">Tests\Feature\HedraSoul\HedraSoulInstructionsApiTest::test_patch_instruction_updates_draft&#13;
BadMethodCallException: Call to undefined method App\Models\SoulyInstructionVersion::factory()
&#13;
C:\Users\hedra\Desktop\Sourcecode\NexusV2\Nexus-backend\vendor\laravel\framework\src\Illuminate\Support\Traits\ForwardsCalls.php:67
C:\Users\hedra\Desktop\Sourcecode\NexusV2\Nexus-backend\vendor\laravel\framework\src\Illuminate\Support\Traits\ForwardsCalls.php:36
C:\Users\hedra\Desktop\Sourcecode\NexusV2\Nexus-backend\vendor\laravel\framework\src\Illuminate\Database\Eloquent\Model.php:2809
C:\Users\hedra\Desktop\Sourcecode\NexusV2\Nexus-backend\vendor\laravel\framework\src\Illuminate\Database\Eloquent\Model.php:2825
C:\Users\hedra\Desktop\Sourcecode\NexusV2\Nexus-backend\tests\Feature\HedraSoul\HedraSoulInstructionsApiTest.php:187</error>
        </testcase>
        <testcase name="test_patch_instruction_cannot_update_active_version" file="C:\Users\hedra\Desktop\Sourcecode\NexusV2\Nexus-backend\tests\Feature\HedraSoul\HedraSoulInstructionsApiTest.php" line="208" class="Tests\Feature\HedraSoul\HedraSoulInstructionsApiTest" classname="Tests.Feature.HedraSoul.HedraSoulInstructionsApiTest" assertions="0" time="0.058041">
          <error type="BadMethodCallException">Tests\Feature\HedraSoul\HedraSoulInstructionsApiTest::test_patch_instruction_cannot_update_active_version&#13;
BadMethodCallException: Call to undefined method App\Models\SoulyInstructionVersion::factory()
&#13;
C:\Users\hedra\Desktop\Sourcecode\NexusV2\Nexus-backend\vendor\laravel\framework\src\Illuminate\Support\Traits\ForwardsCalls.php:67
C:\Users\hedra\Desktop\Sourcecode\NexusV2\Nexus-backend\vendor\laravel\framework\src\Illuminate\Support\Traits\ForwardsCalls.php:36
C:\Users\hedra\Desktop\Sourcecode\NexusV2\Nexus-backend\vendor\laravel\framework\src\Illuminate\Database\Eloquent\Model.php:2809
C:\Users\hedra\Desktop\Sourcecode\NexusV2\Nexus-backend\vendor\laravel\framework\src\Illuminate\Database\Eloquent\Model.php:2825
C:\Users\hedra\Desktop\Sourcecode\NexusV2\Nexus-backend\tests\Feature\HedraSoul\HedraSoulInstructionsApiTest.php:210</error>
        </testcase>
        <testcase name="test_instructions_endpoints_return_401_without_auth" file="C:\Users\hedra\Desktop\Sourcecode\NexusV2\Nexus-backend\tests\Feature\HedraSoul\HedraSoulInstructionsApiTest.php" line="225" class="Tests\Feature\HedraSoul\HedraSoulInstructionsApiTest" classname="Tests.Feature.HedraSoul.HedraSoulInstructionsApiTest" assertions="0" time="0.074608">
          <error type="BadMethodCallException">Tests\Feature\HedraSoul\HedraSoulInstructionsApiTest::test_instructions_endpoints_return_401_without_auth&#13;
BadMethodCallException: Call to undefined method App\Models\SoulyInstructionVersion::factory()
&#13;
C:\Users\hedra\Desktop\Sourcecode\NexusV2\Nexus-backend\vendor\laravel\framework\src\Illuminate\Support\Traits\ForwardsCalls.php:67
C:\Users\hedra\Desktop\Sourcecode\NexusV2\Nexus-backend\vendor\laravel\framework\src\Illuminate\Support\Traits\ForwardsCalls.php:36
C:\Users\hedra\Desktop\Sourcecode\NexusV2\Nexus-backend\vendor\laravel\framework\src\Illuminate\Database\Eloquent\Model.php:2809
C:\Users\hedra\Desktop\Sourcecode\NexusV2\Nexus-backend\vendor\laravel\framework\src\Illuminate\Database\Eloquent\Model.php:2825
C:\Users\hedra\Desktop\Sourcecode\NexusV2\Nexus-backend\tests\Feature\HedraSoul\HedraSoulInstructionsApiTest.php:227</error>
        </testcase>
      </testsuite>
      <testsuite name="Tests\Feature\HedraSoul\HedraSoulMemoriesApiTest" file="C:\Users\hedra\Desktop\Sourcecode\NexusV2\Nexus-backend\tests\Feature\HedraSoul\HedraSoulMemoriesApiTest.php" tests="17" assertions="6" errors="11" failures="6" skipped="0" time="1.128874">
        <testcase name="test_post_memory_approve_sets_approved_status" file="C:\Users\hedra\Desktop\Sourcecode\NexusV2\Nexus-backend\tests\Feature\HedraSoul\HedraSoulMemoriesApiTest.php" line="26" class="Tests\Feature\HedraSoul\HedraSoulMemoriesApiTest" classname="Tests.Feature.HedraSoul.HedraSoulMemoriesApiTest" assertions="0" time="0.057466">
          <error type="BadMethodCallException">Tests\Feature\HedraSoul\HedraSoulMemoriesApiTest::test_post_memory_approve_sets_approved_status&#13;
BadMethodCallException: Call to undefined method App\Models\HedraMemorySuggestion::factory()
&#13;
C:\Users\hedra\Desktop\Sourcecode\NexusV2\Nexus-backend\vendor\laravel\framework\src\Illuminate\Support\Traits\ForwardsCalls.php:67
C:\Users\hedra\Desktop\Sourcecode\NexusV2\Nexus-backend\vendor\laravel\framework\src\Illuminate\Support\Traits\ForwardsCalls.php:36
C:\Users\hedra\Desktop\Sourcecode\NexusV2\Nexus-backend\vendor\laravel\framework\src\Illuminate\Database\Eloquent\Model.php:2809
C:\Users\hedra\Desktop\Sourcecode\NexusV2\Nexus-backend\vendor\laravel\framework\src\Illuminate\Database\Eloquent\Model.php:2825
C:\Users\hedra\Desktop\Sourcecode\NexusV2\Nexus-backend\tests\Feature\HedraSoul\HedraSoulMemoriesApiTest.php:28</error>
        </testcase>
        <testcase name="test_post_memory_approve_creates_profile_fact" file="C:\Users\hedra\Desktop\Sourcecode\NexusV2\Nexus-backend\tests\Feature\HedraSoul\HedraSoulMemoriesApiTest.php" line="47" class="Tests\Feature\HedraSoul\HedraSoulMemoriesApiTest" classname="Tests.Feature.HedraSoul.HedraSoulMemoriesApiTest" assertions="0" time="0.060535">
          <error type="BadMethodCallException">Tests\Feature\HedraSoul\HedraSoulMemoriesApiTest::test_post_memory_approve_creates_profile_fact&#13;
BadMethodCallException: Call to undefined method App\Models\HedraMemorySuggestion::factory()
&#13;
C:\Users\hedra\Desktop\Sourcecode\NexusV2\Nexus-backend\vendor\laravel\framework\src\Illuminate\Support\Traits\ForwardsCalls.php:67
C:\Users\hedra\Desktop\Sourcecode\NexusV2\Nexus-backend\vendor\laravel\framework\src\Illuminate\Support\Traits\ForwardsCalls.php:36
C:\Users\hedra\Desktop\Sourcecode\NexusV2\Nexus-backend\vendor\laravel\framework\src\Illuminate\Database\Eloquent\Model.php:2809
C:\Users\hedra\Desktop\Sourcecode\NexusV2\Nexus-backend\vendor\laravel\framework\src\Illuminate\Database\Eloquent\Model.php:2825
C:\Users\hedra\Desktop\Sourcecode\NexusV2\Nexus-backend\tests\Feature\HedraSoul\HedraSoulMemoriesApiTest.php:49</error>
        </testcase>
        <testcase name="test_post_memory_reject_sets_rejected_status" file="C:\Users\hedra\Desktop\Sourcecode\NexusV2\Nexus-backend\tests\Feature\HedraSoul\HedraSoulMemoriesApiTest.php" line="68" class="Tests\Feature\HedraSoul\HedraSoulMemoriesApiTest" classname="Tests.Feature.HedraSoul.HedraSoulMemoriesApiTest" assertions="0" time="0.060762">
          <error type="BadMethodCallException">Tests\Feature\HedraSoul\HedraSoulMemoriesApiTest::test_post_memory_reject_sets_rejected_status&#13;
BadMethodCallException: Call to undefined method App\Models\HedraMemorySuggestion::factory()
&#13;
C:\Users\hedra\Desktop\Sourcecode\NexusV2\Nexus-backend\vendor\laravel\framework\src\Illuminate\Support\Traits\ForwardsCalls.php:67
C:\Users\hedra\Desktop\Sourcecode\NexusV2\Nexus-backend\vendor\laravel\framework\src\Illuminate\Support\Traits\ForwardsCalls.php:36
C:\Users\hedra\Desktop\Sourcecode\NexusV2\Nexus-backend\vendor\laravel\framework\src\Illuminate\Database\Eloquent\Model.php:2809
C:\Users\hedra\Desktop\Sourcecode\NexusV2\Nexus-backend\vendor\laravel\framework\src\Illuminate\Database\Eloquent\Model.php:2825
C:\Users\hedra\Desktop\Sourcecode\NexusV2\Nexus-backend\tests\Feature\HedraSoul\HedraSoulMemoriesApiTest.php:70</error>
        </testcase>
        <testcase name="test_post_memory_reject_creates_no_fact" file="C:\Users\hedra\Desktop\Sourcecode\NexusV2\Nexus-backend\tests\Feature\HedraSoul\HedraSoulMemoriesApiTest.php" line="89" class="Tests\Feature\HedraSoul\HedraSoulMemoriesApiTest" classname="Tests.Feature.HedraSoul.HedraSoulMemoriesApiTest" assertions="0" time="0.072878">
          <error type="BadMethodCallException">Tests\Feature\HedraSoul\HedraSoulMemoriesApiTest::test_post_memory_reject_creates_no_fact&#13;
BadMethodCallException: Call to undefined method App\Models\HedraMemorySuggestion::factory()
&#13;
C:\Users\hedra\Desktop\Sourcecode\NexusV2\Nexus-backend\vendor\laravel\framework\src\Illuminate\Support\Traits\ForwardsCalls.php:67
C:\Users\hedra\Desktop\Sourcecode\NexusV2\Nexus-backend\vendor\laravel\framework\src\Illuminate\Support\Traits\ForwardsCalls.php:36
C:\Users\hedra\Desktop\Sourcecode\NexusV2\Nexus-backend\vendor\laravel\framework\src\Illuminate\Database\Eloquent\Model.php:2809
C:\Users\hedra\Desktop\Sourcecode\NexusV2\Nexus-backend\vendor\laravel\framework\src\Illuminate\Database\Eloquent\Model.php:2825
C:\Users\hedra\Desktop\Sourcecode\NexusV2\Nexus-backend\tests\Feature\HedraSoul\HedraSoulMemoriesApiTest.php:91</error>
        </testcase>
        <testcase name="test_get_memories_returns_facts_and_suggestions" file="C:\Users\hedra\Desktop\Sourcecode\NexusV2\Nexus-backend\tests\Feature\HedraSoul\HedraSoulMemoriesApiTest.php" line="108" class="Tests\Feature\HedraSoul\HedraSoulMemoriesApiTest" classname="Tests.Feature.HedraSoul.HedraSoulMemoriesApiTest" assertions="0" time="0.071961">
          <error type="BadMethodCallException">Tests\Feature\HedraSoul\HedraSoulMemoriesApiTest::test_get_memories_returns_facts_and_suggestions&#13;
BadMethodCallException: Call to undefined method App\Models\HedraProfileFact::factory()
&#13;
C:\Users\hedra\Desktop\Sourcecode\NexusV2\Nexus-backend\vendor\laravel\framework\src\Illuminate\Support\Traits\ForwardsCalls.php:67
C:\Users\hedra\Desktop\Sourcecode\NexusV2\Nexus-backend\vendor\laravel\framework\src\Illuminate\Support\Traits\ForwardsCalls.php:36
C:\Users\hedra\Desktop\Sourcecode\NexusV2\Nexus-backend\vendor\laravel\framework\src\Illuminate\Database\Eloquent\Model.php:2809
C:\Users\hedra\Desktop\Sourcecode\NexusV2\Nexus-backend\vendor\laravel\framework\src\Illuminate\Database\Eloquent\Model.php:2825
C:\Users\hedra\Desktop\Sourcecode\NexusV2\Nexus-backend\tests\Feature\HedraSoul\HedraSoulMemoriesApiTest.php:110</error>
        </testcase>
        <testcase name="test_get_memories_supports_status_filter" file="C:\Users\hedra\Desktop\Sourcecode\NexusV2\Nexus-backend\tests\Feature\HedraSoul\HedraSoulMemoriesApiTest.php" line="126" class="Tests\Feature\HedraSoul\HedraSoulMemoriesApiTest" classname="Tests.Feature.HedraSoul.HedraSoulMemoriesApiTest" assertions="0" time="0.060489">
          <error type="BadMethodCallException">Tests\Feature\HedraSoul\HedraSoulMemoriesApiTest::test_get_memories_supports_status_filter&#13;
BadMethodCallException: Call to undefined method App\Models\HedraProfileFact::factory()
&#13;
C:\Users\hedra\Desktop\Sourcecode\NexusV2\Nexus-backend\vendor\laravel\framework\src\Illuminate\Support\Traits\ForwardsCalls.php:67
C:\Users\hedra\Desktop\Sourcecode\NexusV2\Nexus-backend\vendor\laravel\framework\src\Illuminate\Support\Traits\ForwardsCalls.php:36
C:\Users\hedra\Desktop\Sourcecode\NexusV2\Nexus-backend\vendor\laravel\framework\src\Illuminate\Database\Eloquent\Model.php:2809
C:\Users\hedra\Desktop\Sourcecode\NexusV2\Nexus-backend\vendor\laravel\framework\src\Illuminate\Database\Eloquent\Model.php:2825
C:\Users\hedra\Desktop\Sourcecode\NexusV2\Nexus-backend\tests\Feature\HedraSoul\HedraSoulMemoriesApiTest.php:128</error>
        </testcase>
        <testcase name="test_get_memories_supports_type_filter" file="C:\Users\hedra\Desktop\Sourcecode\NexusV2\Nexus-backend\tests\Feature\HedraSoul\HedraSoulMemoriesApiTest.php" line="141" class="Tests\Feature\HedraSoul\HedraSoulMemoriesApiTest" classname="Tests.Feature.HedraSoul.HedraSoulMemoriesApiTest" assertions="0" time="0.066214">
          <error type="BadMethodCallException">Tests\Feature\HedraSoul\HedraSoulMemoriesApiTest::test_get_memories_supports_type_filter&#13;
BadMethodCallException: Call to undefined method App\Models\HedraProfileFact::factory()
&#13;
C:\Users\hedra\Desktop\Sourcecode\NexusV2\Nexus-backend\vendor\laravel\framework\src\Illuminate\Support\Traits\ForwardsCalls.php:67
C:\Users\hedra\Desktop\Sourcecode\NexusV2\Nexus-backend\vendor\laravel\framework\src\Illuminate\Support\Traits\ForwardsCalls.php:36
C:\Users\hedra\Desktop\Sourcecode\NexusV2\Nexus-backend\vendor\laravel\framework\src\Illuminate\Database\Eloquent\Model.php:2809
C:\Users\hedra\Desktop\Sourcecode\NexusV2\Nexus-backend\vendor\laravel\framework\src\Illuminate\Database\Eloquent\Model.php:2825
C:\Users\hedra\Desktop\Sourcecode\NexusV2\Nexus-backend\tests\Feature\HedraSoul\HedraSoulMemoriesApiTest.php:143</error>
        </testcase>
        <testcase name="test_post_memory_creates_fact_directly_and_returns_201" file="C:\Users\hedra\Desktop\Sourcecode\NexusV2\Nexus-backend\tests\Feature\HedraSoul\HedraSoulMemoriesApiTest.php" line="155" class="Tests\Feature\HedraSoul\HedraSoulMemoriesApiTest" classname="Tests.Feature.HedraSoul.HedraSoulMemoriesApiTest" assertions="1" time="0.064270">
          <failure type="PHPUnit\Framework\ExpectationFailedException">Tests\Feature\HedraSoul\HedraSoulMemoriesApiTest::test_post_memory_creates_fact_directly_and_returns_201&#13;
Expected response status code [201] but received 405.
Failed asserting that 405 is identical to 201.
&#13;
C:\Users\hedra\Desktop\Sourcecode\NexusV2\Nexus-backend\vendor\laravel\framework\src\Illuminate\Testing\TestResponseAssert.php:45
C:\Users\hedra\Desktop\Sourcecode\NexusV2\Nexus-backend\vendor\laravel\framework\src\Illuminate\Testing\TestResponse.php:176
C:\Users\hedra\Desktop\Sourcecode\NexusV2\Nexus-backend\tests\Feature\HedraSoul\HedraSoulMemoriesApiTest.php:166</failure>
        </testcase>
        <testcase name="test_patch_memory_updates_fact" file="C:\Users\hedra\Desktop\Sourcecode\NexusV2\Nexus-backend\tests\Feature\HedraSoul\HedraSoulMemoriesApiTest.php" line="180" class="Tests\Feature\HedraSoul\HedraSoulMemoriesApiTest" classname="Tests.Feature.HedraSoul.HedraSoulMemoriesApiTest" assertions="0" time="0.081085">
          <error type="BadMethodCallException">Tests\Feature\HedraSoul\HedraSoulMemoriesApiTest::test_patch_memory_updates_fact&#13;
BadMethodCallException: Call to undefined method App\Models\HedraProfileFact::factory()
&#13;
C:\Users\hedra\Desktop\Sourcecode\NexusV2\Nexus-backend\vendor\laravel\framework\src\Illuminate\Support\Traits\ForwardsCalls.php:67
C:\Users\hedra\Desktop\Sourcecode\NexusV2\Nexus-backend\vendor\laravel\framework\src\Illuminate\Support\Traits\ForwardsCalls.php:36
C:\Users\hedra\Desktop\Sourcecode\NexusV2\Nexus-backend\vendor\laravel\framework\src\Illuminate\Database\Eloquent\Model.php:2809
C:\Users\hedra\Desktop\Sourcecode\NexusV2\Nexus-backend\vendor\laravel\framework\src\Illuminate\Database\Eloquent\Model.php:2825
C:\Users\hedra\Desktop\Sourcecode\NexusV2\Nexus-backend\tests\Feature\HedraSoul\HedraSoulMemoriesApiTest.php:182</error>
        </testcase>
        <testcase name="test_post_memory_maintenance_rebuild_embeddings" file="C:\Users\hedra\Desktop\Sourcecode\NexusV2\Nexus-backend\tests\Feature\HedraSoul\HedraSoulMemoriesApiTest.php" line="203" class="Tests\Feature\HedraSoul\HedraSoulMemoriesApiTest" classname="Tests.Feature.HedraSoul.HedraSoulMemoriesApiTest" assertions="1" time="0.066241">
          <failure type="PHPUnit\Framework\ExpectationFailedException">Tests\Feature\HedraSoul\HedraSoulMemoriesApiTest::test_post_memory_maintenance_rebuild_embeddings&#13;
Expected response status code [202] but received 405.
Failed asserting that 405 is identical to 202.
&#13;
C:\Users\hedra\Desktop\Sourcecode\NexusV2\Nexus-backend\vendor\laravel\framework\src\Illuminate\Testing\TestResponseAssert.php:45
C:\Users\hedra\Desktop\Sourcecode\NexusV2\Nexus-backend\vendor\laravel\framework\src\Illuminate\Testing\TestResponse.php:176
C:\Users\hedra\Desktop\Sourcecode\NexusV2\Nexus-backend\tests\Feature\HedraSoul\HedraSoulMemoriesApiTest.php:210</failure>
        </testcase>
        <testcase name="test_post_memory_maintenance_prune_stale" file="C:\Users\hedra\Desktop\Sourcecode\NexusV2\Nexus-backend\tests\Feature\HedraSoul\HedraSoulMemoriesApiTest.php" line="216" class="Tests\Feature\HedraSoul\HedraSoulMemoriesApiTest" classname="Tests.Feature.HedraSoul.HedraSoulMemoriesApiTest" assertions="1" time="0.063830">
          <failure type="PHPUnit\Framework\ExpectationFailedException">Tests\Feature\HedraSoul\HedraSoulMemoriesApiTest::test_post_memory_maintenance_prune_stale&#13;
Expected response status code [202] but received 405.
Failed asserting that 405 is identical to 202.
&#13;
C:\Users\hedra\Desktop\Sourcecode\NexusV2\Nexus-backend\vendor\laravel\framework\src\Illuminate\Testing\TestResponseAssert.php:45
C:\Users\hedra\Desktop\Sourcecode\NexusV2\Nexus-backend\vendor\laravel\framework\src\Illuminate\Testing\TestResponse.php:176
C:\Users\hedra\Desktop\Sourcecode\NexusV2\Nexus-backend\tests\Feature\HedraSoul\HedraSoulMemoriesApiTest.php:223</failure>
        </testcase>
        <testcase name="test_post_memory_approve_returns_401_without_auth" file="C:\Users\hedra\Desktop\Sourcecode\NexusV2\Nexus-backend\tests\Feature\HedraSoul\HedraSoulMemoriesApiTest.php" line="229" class="Tests\Feature\HedraSoul\HedraSoulMemoriesApiTest" classname="Tests.Feature.HedraSoul.HedraSoulMemoriesApiTest" assertions="0" time="0.058995">
          <error type="BadMethodCallException">Tests\Feature\HedraSoul\HedraSoulMemoriesApiTest::test_post_memory_approve_returns_401_without_auth&#13;
BadMethodCallException: Call to undefined method App\Models\HedraMemorySuggestion::factory()
&#13;
C:\Users\hedra\Desktop\Sourcecode\NexusV2\Nexus-backend\vendor\laravel\framework\src\Illuminate\Support\Traits\ForwardsCalls.php:67
C:\Users\hedra\Desktop\Sourcecode\NexusV2\Nexus-backend\vendor\laravel\framework\src\Illuminate\Support\Traits\ForwardsCalls.php:36
C:\Users\hedra\Desktop\Sourcecode\NexusV2\Nexus-backend\vendor\laravel\framework\src\Illuminate\Database\Eloquent\Model.php:2809
C:\Users\hedra\Desktop\Sourcecode\NexusV2\Nexus-backend\vendor\laravel\framework\src\Illuminate\Database\Eloquent\Model.php:2825
C:\Users\hedra\Desktop\Sourcecode\NexusV2\Nexus-backend\tests\Feature\HedraSoul\HedraSoulMemoriesApiTest.php:231</error>
        </testcase>
        <testcase name="test_post_memory_reject_returns_401_without_auth" file="C:\Users\hedra\Desktop\Sourcecode\NexusV2\Nexus-backend\tests\Feature\HedraSoul\HedraSoulMemoriesApiTest.php" line="241" class="Tests\Feature\HedraSoul\HedraSoulMemoriesApiTest" classname="Tests.Feature.HedraSoul.HedraSoulMemoriesApiTest" assertions="0" time="0.078374">
          <error type="BadMethodCallException">Tests\Feature\HedraSoul\HedraSoulMemoriesApiTest::test_post_memory_reject_returns_401_without_auth&#13;
BadMethodCallException: Call to undefined method App\Models\HedraMemorySuggestion::factory()
&#13;
C:\Users\hedra\Desktop\Sourcecode\NexusV2\Nexus-backend\vendor\laravel\framework\src\Illuminate\Support\Traits\ForwardsCalls.php:67
C:\Users\hedra\Desktop\Sourcecode\NexusV2\Nexus-backend\vendor\laravel\framework\src\Illuminate\Support\Traits\ForwardsCalls.php:36
C:\Users\hedra\Desktop\Sourcecode\NexusV2\Nexus-backend\vendor\laravel\framework\src\Illuminate\Database\Eloquent\Model.php:2809
C:\Users\hedra\Desktop\Sourcecode\NexusV2\Nexus-backend\vendor\laravel\framework\src\Illuminate\Database\Eloquent\Model.php:2825
C:\Users\hedra\Desktop\Sourcecode\NexusV2\Nexus-backend\tests\Feature\HedraSoul\HedraSoulMemoriesApiTest.php:243</error>
        </testcase>
        <testcase name="test_get_memories_returns_401_without_auth" file="C:\Users\hedra\Desktop\Sourcecode\NexusV2\Nexus-backend\tests\Feature\HedraSoul\HedraSoulMemoriesApiTest.php" line="253" class="Tests\Feature\HedraSoul\HedraSoulMemoriesApiTest" classname="Tests.Feature.HedraSoul.HedraSoulMemoriesApiTest" assertions="1" time="0.064170">
          <failure type="PHPUnit\Framework\ExpectationFailedException">Tests\Feature\HedraSoul\HedraSoulMemoriesApiTest::test_get_memories_returns_401_without_auth&#13;
Expected response status code [401] but received 404.
Failed asserting that 404 is identical to 401.
&#13;
C:\Users\hedra\Desktop\Sourcecode\NexusV2\Nexus-backend\vendor\laravel\framework\src\Illuminate\Testing\TestResponseAssert.php:45
C:\Users\hedra\Desktop\Sourcecode\NexusV2\Nexus-backend\vendor\laravel\framework\src\Illuminate\Testing\TestResponse.php:176
C:\Users\hedra\Desktop\Sourcecode\NexusV2\Nexus-backend\tests\Feature\HedraSoul\HedraSoulMemoriesApiTest.php:257</failure>
        </testcase>
        <testcase name="test_post_memory_returns_401_without_auth" file="C:\Users\hedra\Desktop\Sourcecode\NexusV2\Nexus-backend\tests\Feature\HedraSoul\HedraSoulMemoriesApiTest.php" line="263" class="Tests\Feature\HedraSoul\HedraSoulMemoriesApiTest" classname="Tests.Feature.HedraSoul.HedraSoulMemoriesApiTest" assertions="1" time="0.064917">
          <failure type="PHPUnit\Framework\ExpectationFailedException">Tests\Feature\HedraSoul\HedraSoulMemoriesApiTest::test_post_memory_returns_401_without_auth&#13;
Expected response status code [401] but received 405.
Failed asserting that 405 is identical to 401.
&#13;
C:\Users\hedra\Desktop\Sourcecode\NexusV2\Nexus-backend\vendor\laravel\framework\src\Illuminate\Testing\TestResponseAssert.php:45
C:\Users\hedra\Desktop\Sourcecode\NexusV2\Nexus-backend\vendor\laravel\framework\src\Illuminate\Testing\TestResponse.php:176
C:\Users\hedra\Desktop\Sourcecode\NexusV2\Nexus-backend\tests\Feature\HedraSoul\HedraSoulMemoriesApiTest.php:271</failure>
        </testcase>
        <testcase name="test_patch_memory_returns_401_without_auth" file="C:\Users\hedra\Desktop\Sourcecode\NexusV2\Nexus-backend\tests\Feature\HedraSoul\HedraSoulMemoriesApiTest.php" line="277" class="Tests\Feature\HedraSoul\HedraSoulMemoriesApiTest" classname="Tests.Feature.HedraSoul.HedraSoulMemoriesApiTest" assertions="0" time="0.058479">
          <error type="BadMethodCallException">Tests\Feature\HedraSoul\HedraSoulMemoriesApiTest::test_patch_memory_returns_401_without_auth&#13;
BadMethodCallException: Call to undefined method App\Models\HedraProfileFact::factory()
&#13;
C:\Users\hedra\Desktop\Sourcecode\NexusV2\Nexus-backend\vendor\laravel\framework\src\Illuminate\Support\Traits\ForwardsCalls.php:67
C:\Users\hedra\Desktop\Sourcecode\NexusV2\Nexus-backend\vendor\laravel\framework\src\Illuminate\Support\Traits\ForwardsCalls.php:36
C:\Users\hedra\Desktop\Sourcecode\NexusV2\Nexus-backend\vendor\laravel\framework\src\Illuminate\Database\Eloquent\Model.php:2809
C:\Users\hedra\Desktop\Sourcecode\NexusV2\Nexus-backend\vendor\laravel\framework\src\Illuminate\Database\Eloquent\Model.php:2825
C:\Users\hedra\Desktop\Sourcecode\NexusV2\Nexus-backend\tests\Feature\HedraSoul\HedraSoulMemoriesApiTest.php:279</error>
        </testcase>
        <testcase name="test_post_memory_maintenance_returns_401_without_auth" file="C:\Users\hedra\Desktop\Sourcecode\NexusV2\Nexus-backend\tests\Feature\HedraSoul\HedraSoulMemoriesApiTest.php" line="291" class="Tests\Feature\HedraSoul\HedraSoulMemoriesApiTest" classname="Tests.Feature.HedraSoul.HedraSoulMemoriesApiTest" assertions="1" time="0.078210">
          <failure type="PHPUnit\Framework\ExpectationFailedException">Tests\Feature\HedraSoul\HedraSoulMemoriesApiTest::test_post_memory_maintenance_returns_401_without_auth&#13;
Expected response status code [401] but received 405.
Failed asserting that 405 is identical to 401.
&#13;
C:\Users\hedra\Desktop\Sourcecode\NexusV2\Nexus-backend\vendor\laravel\framework\src\Illuminate\Testing\TestResponseAssert.php:45
C:\Users\hedra\Desktop\Sourcecode\NexusV2\Nexus-backend\vendor\laravel\framework\src\Illuminate\Testing\TestResponse.php:176
C:\Users\hedra\Desktop\Sourcecode\NexusV2\Nexus-backend\tests\Feature\HedraSoul\HedraSoulMemoriesApiTest.php:297</failure>
        </testcase>
      </testsuite>
      <testsuite name="Tests\Feature\HedraSoul\HedraSoulMessageApiTest" file="C:\Users\hedra\Desktop\Sourcecode\NexusV2\Nexus-backend\tests\Feature\HedraSoul\HedraSoulMessageApiTest.php" tests="11" assertions="0" errors="11" failures="0" skipped="0" time="0.000000">
        <testcase name="test_post_message_saves_record_and_returns_202" file="C:\Users\hedra\Desktop\Sourcecode\NexusV2\Nexus-backend\tests\Feature\HedraSoul\HedraSoulMessageApiTest.php" line="32" class="Tests\Feature\HedraSoul\HedraSoulMessageApiTest" classname="Tests.Feature.HedraSoul.HedraSoulMessageApiTest" assertions="0" time="0.000000">
          <error type="BadMethodCallException">Tests\Feature\HedraSoul\HedraSoulMessageApiTest::test_post_message_saves_record_and_returns_202&#13;
BadMethodCallException: Call to undefined method App\Models\HedrasoulSession::factory()
&#13;
C:\Users\hedra\Desktop\Sourcecode\NexusV2\Nexus-backend\vendor\laravel\framework\src\Illuminate\Support\Traits\ForwardsCalls.php:67
C:\Users\hedra\Desktop\Sourcecode\NexusV2\Nexus-backend\vendor\laravel\framework\src\Illuminate\Support\Traits\ForwardsCalls.php:36
C:\Users\hedra\Desktop\Sourcecode\NexusV2\Nexus-backend\vendor\laravel\framework\src\Illuminate\Database\Eloquent\Model.php:2809
C:\Users\hedra\Desktop\Sourcecode\NexusV2\Nexus-backend\vendor\laravel\framework\src\Illuminate\Database\Eloquent\Model.php:2825
C:\Users\hedra\Desktop\Sourcecode\NexusV2\Nexus-backend\tests\Feature\HedraSoul\HedraSoulMessageApiTest.php:26</error>
        </testcase>
        <testcase name="test_process_hedrasoul_message_job_is_dispatched" file="C:\Users\hedra\Desktop\Sourcecode\NexusV2\Nexus-backend\tests\Feature\HedraSoul\HedraSoulMessageApiTest.php" line="54" class="Tests\Feature\HedraSoul\HedraSoulMessageApiTest" classname="Tests.Feature.HedraSoul.HedraSoulMessageApiTest" assertions="0" time="0.000000">
          <error type="BadMethodCallException">Tests\Feature\HedraSoul\HedraSoulMessageApiTest::test_process_hedrasoul_message_job_is_dispatched&#13;
BadMethodCallException: Call to undefined method App\Models\HedrasoulSession::factory()
&#13;
C:\Users\hedra\Desktop\Sourcecode\NexusV2\Nexus-backend\vendor\laravel\framework\src\Illuminate\Support\Traits\ForwardsCalls.php:67
C:\Users\hedra\Desktop\Sourcecode\NexusV2\Nexus-backend\vendor\laravel\framework\src\Illuminate\Support\Traits\ForwardsCalls.php:36
C:\Users\hedra\Desktop\Sourcecode\NexusV2\Nexus-backend\vendor\laravel\framework\src\Illuminate\Database\Eloquent\Model.php:2809
C:\Users\hedra\Desktop\Sourcecode\NexusV2\Nexus-backend\vendor\laravel\framework\src\Illuminate\Database\Eloquent\Model.php:2825
C:\Users\hedra\Desktop\Sourcecode\NexusV2\Nexus-backend\tests\Feature\HedraSoul\HedraSoulMessageApiTest.php:26</error>
        </testcase>
        <testcase name="test_get_session_messages_returns_paginated_messages" file="C:\Users\hedra\Desktop\Sourcecode\NexusV2\Nexus-backend\tests\Feature\HedraSoul\HedraSoulMessageApiTest.php" line="69" class="Tests\Feature\HedraSoul\HedraSoulMessageApiTest" classname="Tests.Feature.HedraSoul.HedraSoulMessageApiTest" assertions="0" time="0.000000">
          <error type="BadMethodCallException">Tests\Feature\HedraSoul\HedraSoulMessageApiTest::test_get_session_messages_returns_paginated_messages&#13;
BadMethodCallException: Call to undefined method App\Models\HedrasoulSession::factory()
&#13;
C:\Users\hedra\Desktop\Sourcecode\NexusV2\Nexus-backend\vendor\laravel\framework\src\Illuminate\Support\Traits\ForwardsCalls.php:67
C:\Users\hedra\Desktop\Sourcecode\NexusV2\Nexus-backend\vendor\laravel\framework\src\Illuminate\Support\Traits\ForwardsCalls.php:36
C:\Users\hedra\Desktop\Sourcecode\NexusV2\Nexus-backend\vendor\laravel\framework\src\Illuminate\Database\Eloquent\Model.php:2809
C:\Users\hedra\Desktop\Sourcecode\NexusV2\Nexus-backend\vendor\laravel\framework\src\Illuminate\Database\Eloquent\Model.php:2825
C:\Users\hedra\Desktop\Sourcecode\NexusV2\Nexus-backend\tests\Feature\HedraSoul\HedraSoulMessageApiTest.php:26</error>
        </testcase>
        <testcase name="test_get_message_trace_returns_trace_or_404" file="C:\Users\hedra\Desktop\Sourcecode\NexusV2\Nexus-backend\tests\Feature\HedraSoul\HedraSoulMessageApiTest.php" line="89" class="Tests\Feature\HedraSoul\HedraSoulMessageApiTest" classname="Tests.Feature.HedraSoul.HedraSoulMessageApiTest" assertions="0" time="0.000000">
          <error type="BadMethodCallException">Tests\Feature\HedraSoul\HedraSoulMessageApiTest::test_get_message_trace_returns_trace_or_404&#13;
BadMethodCallException: Call to undefined method App\Models\HedrasoulSession::factory()
&#13;
C:\Users\hedra\Desktop\Sourcecode\NexusV2\Nexus-backend\vendor\laravel\framework\src\Illuminate\Support\Traits\ForwardsCalls.php:67
C:\Users\hedra\Desktop\Sourcecode\NexusV2\Nexus-backend\vendor\laravel\framework\src\Illuminate\Support\Traits\ForwardsCalls.php:36
C:\Users\hedra\Desktop\Sourcecode\NexusV2\Nexus-backend\vendor\laravel\framework\src\Illuminate\Database\Eloquent\Model.php:2809
C:\Users\hedra\Desktop\Sourcecode\NexusV2\Nexus-backend\vendor\laravel\framework\src\Illuminate\Database\Eloquent\Model.php:2825
C:\Users\hedra\Desktop\Sourcecode\NexusV2\Nexus-backend\tests\Feature\HedraSoul\HedraSoulMessageApiTest.php:26</error>
        </testcase>
        <testcase name="test_get_message_trace_returns_404_when_trace_not_found" file="C:\Users\hedra\Desktop\Sourcecode\NexusV2\Nexus-backend\tests\Feature\HedraSoul\HedraSoulMessageApiTest.php" line="110" class="Tests\Feature\HedraSoul\HedraSoulMessageApiTest" classname="Tests.Feature.HedraSoul.HedraSoulMessageApiTest" assertions="0" time="0.000000">
          <error type="BadMethodCallException">Tests\Feature\HedraSoul\HedraSoulMessageApiTest::test_get_message_trace_returns_404_when_trace_not_found&#13;
BadMethodCallException: Call to undefined method App\Models\HedrasoulSession::factory()
&#13;
C:\Users\hedra\Desktop\Sourcecode\NexusV2\Nexus-backend\vendor\laravel\framework\src\Illuminate\Support\Traits\ForwardsCalls.php:67
C:\Users\hedra\Desktop\Sourcecode\NexusV2\Nexus-backend\vendor\laravel\framework\src\Illuminate\Support\Traits\ForwardsCalls.php:36
C:\Users\hedra\Desktop\Sourcecode\NexusV2\Nexus-backend\vendor\laravel\framework\src\Illuminate\Database\Eloquent\Model.php:2809
C:\Users\hedra\Desktop\Sourcecode\NexusV2\Nexus-backend\vendor\laravel\framework\src\Illuminate\Database\Eloquent\Model.php:2825
C:\Users\hedra\Desktop\Sourcecode\NexusV2\Nexus-backend\tests\Feature\HedraSoul\HedraSoulMessageApiTest.php:26</error>
        </testcase>
        <testcase name="test_get_message_context_returns_context_snapshot_or_404" file="C:\Users\hedra\Desktop\Sourcecode\NexusV2\Nexus-backend\tests\Feature\HedraSoul\HedraSoulMessageApiTest.php" line="126" class="Tests\Feature\HedraSoul\HedraSoulMessageApiTest" classname="Tests.Feature.HedraSoul.HedraSoulMessageApiTest" assertions="0" time="0.000000">
          <error type="BadMethodCallException">Tests\Feature\HedraSoul\HedraSoulMessageApiTest::test_get_message_context_returns_context_snapshot_or_404&#13;
BadMethodCallException: Call to undefined method App\Models\HedrasoulSession::factory()
&#13;
C:\Users\hedra\Desktop\Sourcecode\NexusV2\Nexus-backend\vendor\laravel\framework\src\Illuminate\Support\Traits\ForwardsCalls.php:67
C:\Users\hedra\Desktop\Sourcecode\NexusV2\Nexus-backend\vendor\laravel\framework\src\Illuminate\Support\Traits\ForwardsCalls.php:36
C:\Users\hedra\Desktop\Sourcecode\NexusV2\Nexus-backend\vendor\laravel\framework\src\Illuminate\Database\Eloquent\Model.php:2809
C:\Users\hedra\Desktop\Sourcecode\NexusV2\Nexus-backend\vendor\laravel\framework\src\Illuminate\Database\Eloquent\Model.php:2825
C:\Users\hedra\Desktop\Sourcecode\NexusV2\Nexus-backend\tests\Feature\HedraSoul\HedraSoulMessageApiTest.php:26</error>
        </testcase>
        <testcase name="test_get_message_context_returns_404_when_context_not_found" file="C:\Users\hedra\Desktop\Sourcecode\NexusV2\Nexus-backend\tests\Feature\HedraSoul\HedraSoulMessageApiTest.php" line="145" class="Tests\Feature\HedraSoul\HedraSoulMessageApiTest" classname="Tests.Feature.HedraSoul.HedraSoulMessageApiTest" assertions="0" time="0.000000">
          <error type="BadMethodCallException">Tests\Feature\HedraSoul\HedraSoulMessageApiTest::test_get_message_context_returns_404_when_context_not_found&#13;
BadMethodCallException: Call to undefined method App\Models\HedrasoulSession::factory()
&#13;
C:\Users\hedra\Desktop\Sourcecode\NexusV2\Nexus-backend\vendor\laravel\framework\src\Illuminate\Support\Traits\ForwardsCalls.php:67
C:\Users\hedra\Desktop\Sourcecode\NexusV2\Nexus-backend\vendor\laravel\framework\src\Illuminate\Support\Traits\ForwardsCalls.php:36
C:\Users\hedra\Desktop\Sourcecode\NexusV2\Nexus-backend\vendor\laravel\framework\src\Illuminate\Database\Eloquent\Model.php:2809
C:\Users\hedra\Desktop\Sourcecode\NexusV2\Nexus-backend\vendor\laravel\framework\src\Illuminate\Database\Eloquent\Model.php:2825
C:\Users\hedra\Desktop\Sourcecode\NexusV2\Nexus-backend\tests\Feature\HedraSoul\HedraSoulMessageApiTest.php:26</error>
        </testcase>
        <testcase name="test_post_message_returns_401_without_auth" file="C:\Users\hedra\Desktop\Sourcecode\NexusV2\Nexus-backend\tests\Feature\HedraSoul\HedraSoulMessageApiTest.php" line="161" class="Tests\Feature\HedraSoul\HedraSoulMessageApiTest" classname="Tests.Feature.HedraSoul.HedraSoulMessageApiTest" assertions="0" time="0.000000">
          <error type="BadMethodCallException">Tests\Feature\HedraSoul\HedraSoulMessageApiTest::test_post_message_returns_401_without_auth&#13;
BadMethodCallException: Call to undefined method App\Models\HedrasoulSession::factory()
&#13;
C:\Users\hedra\Desktop\Sourcecode\NexusV2\Nexus-backend\vendor\laravel\framework\src\Illuminate\Support\Traits\ForwardsCalls.php:67
C:\Users\hedra\Desktop\Sourcecode\NexusV2\Nexus-backend\vendor\laravel\framework\src\Illuminate\Support\Traits\ForwardsCalls.php:36
C:\Users\hedra\Desktop\Sourcecode\NexusV2\Nexus-backend\vendor\laravel\framework\src\Illuminate\Database\Eloquent\Model.php:2809
C:\Users\hedra\Desktop\Sourcecode\NexusV2\Nexus-backend\vendor\laravel\framework\src\Illuminate\Database\Eloquent\Model.php:2825
C:\Users\hedra\Desktop\Sourcecode\NexusV2\Nexus-backend\tests\Feature\HedraSoul\HedraSoulMessageApiTest.php:26</error>
        </testcase>
        <testcase name="test_get_session_messages_returns_401_without_auth" file="C:\Users\hedra\Desktop\Sourcecode\NexusV2\Nexus-backend\tests\Feature\HedraSoul\HedraSoulMessageApiTest.php" line="173" class="Tests\Feature\HedraSoul\HedraSoulMessageApiTest" classname="Tests.Feature.HedraSoul.HedraSoulMessageApiTest" assertions="0" time="0.000000">
          <error type="BadMethodCallException">Tests\Feature\HedraSoul\HedraSoulMessageApiTest::test_get_session_messages_returns_401_without_auth&#13;
BadMethodCallException: Call to undefined method App\Models\HedrasoulSession::factory()
&#13;
C:\Users\hedra\Desktop\Sourcecode\NexusV2\Nexus-backend\vendor\laravel\framework\src\Illuminate\Support\Traits\ForwardsCalls.php:67
C:\Users\hedra\Desktop\Sourcecode\NexusV2\Nexus-backend\vendor\laravel\framework\src\Illuminate\Support\Traits\ForwardsCalls.php:36
C:\Users\hedra\Desktop\Sourcecode\NexusV2\Nexus-backend\vendor\laravel\framework\src\Illuminate\Database\Eloquent\Model.php:2809
C:\Users\hedra\Desktop\Sourcecode\NexusV2\Nexus-backend\vendor\laravel\framework\src\Illuminate\Database\Eloquent\Model.php:2825
C:\Users\hedra\Desktop\Sourcecode\NexusV2\Nexus-backend\tests\Feature\HedraSoul\HedraSoulMessageApiTest.php:26</error>
        </testcase>
        <testcase name="test_get_message_trace_returns_401_without_auth" file="C:\Users\hedra\Desktop\Sourcecode\NexusV2\Nexus-backend\tests\Feature\HedraSoul\HedraSoulMessageApiTest.php" line="183" class="Tests\Feature\HedraSoul\HedraSoulMessageApiTest" classname="Tests.Feature.HedraSoul.HedraSoulMessageApiTest" assertions="0" time="0.000000">
          <error type="BadMethodCallException">Tests\Feature\HedraSoul\HedraSoulMessageApiTest::test_get_message_trace_returns_401_without_auth&#13;
BadMethodCallException: Call to undefined method App\Models\HedrasoulSession::factory()
&#13;
C:\Users\hedra\Desktop\Sourcecode\NexusV2\Nexus-backend\vendor\laravel\framework\src\Illuminate\Support\Traits\ForwardsCalls.php:67
C:\Users\hedra\Desktop\Sourcecode\NexusV2\Nexus-backend\vendor\laravel\framework\src\Illuminate\Support\Traits\ForwardsCalls.php:36
C:\Users\hedra\Desktop\Sourcecode\NexusV2\Nexus-backend\vendor\laravel\framework\src\Illuminate\Database\Eloquent\Model.php:2809
C:\Users\hedra\Desktop\Sourcecode\NexusV2\Nexus-backend\vendor\laravel\framework\src\Illuminate\Database\Eloquent\Model.php:2825
C:\Users\hedra\Desktop\Sourcecode\NexusV2\Nexus-backend\tests\Feature\HedraSoul\HedraSoulMessageApiTest.php:26</error>
        </testcase>
        <testcase name="test_get_message_context_returns_401_without_auth" file="C:\Users\hedra\Desktop\Sourcecode\NexusV2\Nexus-backend\tests\Feature\HedraSoul\HedraSoulMessageApiTest.php" line="195" class="Tests\Feature\HedraSoul\HedraSoulMessageApiTest" classname="Tests.Feature.HedraSoul.HedraSoulMessageApiTest" assertions="0" time="0.000000">
          <error type="BadMethodCallException">Tests\Feature\HedraSoul\HedraSoulMessageApiTest::test_get_message_context_returns_401_without_auth&#13;
BadMethodCallException: Call to undefined method App\Models\HedrasoulSession::factory()
&#13;
C:\Users\hedra\Desktop\Sourcecode\NexusV2\Nexus-backend\vendor\laravel\framework\src\Illuminate\Support\Traits\ForwardsCalls.php:67
C:\Users\hedra\Desktop\Sourcecode\NexusV2\Nexus-backend\vendor\laravel\framework\src\Illuminate\Support\Traits\ForwardsCalls.php:36
C:\Users\hedra\Desktop\Sourcecode\NexusV2\Nexus-backend\vendor\laravel\framework\src\Illuminate\Database\Eloquent\Model.php:2809
C:\Users\hedra\Desktop\Sourcecode\NexusV2\Nexus-backend\vendor\laravel\framework\src\Illuminate\Database\Eloquent\Model.php:2825
C:\Users\hedra\Desktop\Sourcecode\NexusV2\Nexus-backend\tests\Feature\HedraSoul\HedraSoulMessageApiTest.php:26</error>
        </testcase>
      </testsuite>
      <testsuite name="Tests\Feature\HedraSoul\HedraSoulSessionApiTest" file="C:\Users\hedra\Desktop\Sourcecode\NexusV2\Nexus-backend\tests\Feature\HedraSoul\HedraSoulSessionApiTest.php" tests="11" assertions="4" errors="7" failures="3" skipped="0" time="0.768261">
        <testcase name="test_post_hedrasoul_sessions_creates_session_and_returns_201" file="C:\Users\hedra\Desktop\Sourcecode\NexusV2\Nexus-backend\tests\Feature\HedraSoul\HedraSoulSessionApiTest.php" line="26" class="Tests\Feature\HedraSoul\HedraSoulSessionApiTest" classname="Tests.Feature.HedraSoul.HedraSoulSessionApiTest" assertions="1" time="0.065359">
          <failure type="PHPUnit\Framework\ExpectationFailedException">Tests\Feature\HedraSoul\HedraSoulSessionApiTest::test_post_hedrasoul_sessions_creates_session_and_returns_201&#13;
Expected response status code [201] but received 405.
Failed asserting that 405 is identical to 201.
&#13;
C:\Users\hedra\Desktop\Sourcecode\NexusV2\Nexus-backend\vendor\laravel\framework\src\Illuminate\Testing\TestResponseAssert.php:45
C:\Users\hedra\Desktop\Sourcecode\NexusV2\Nexus-backend\vendor\laravel\framework\src\Illuminate\Testing\TestResponse.php:176
C:\Users\hedra\Desktop\Sourcecode\NexusV2\Nexus-backend\tests\Feature\HedraSoul\HedraSoulSessionApiTest.php:33</failure>
        </testcase>
        <testcase name="test_get_hedrasoul_sessions_returns_paginated_list_for_user" file="C:\Users\hedra\Desktop\Sourcecode\NexusV2\Nexus-backend\tests\Feature\HedraSoul\HedraSoulSessionApiTest.php" line="46" class="Tests\Feature\HedraSoul\HedraSoulSessionApiTest" classname="Tests.Feature.HedraSoul.HedraSoulSessionApiTest" assertions="0" time="0.062439">
          <error type="BadMethodCallException">Tests\Feature\HedraSoul\HedraSoulSessionApiTest::test_get_hedrasoul_sessions_returns_paginated_list_for_user&#13;
BadMethodCallException: Call to undefined method App\Models\HedrasoulSession::factory()
&#13;
C:\Users\hedra\Desktop\Sourcecode\NexusV2\Nexus-backend\vendor\laravel\framework\src\Illuminate\Support\Traits\ForwardsCalls.php:67
C:\Users\hedra\Desktop\Sourcecode\NexusV2\Nexus-backend\vendor\laravel\framework\src\Illuminate\Support\Traits\ForwardsCalls.php:36
C:\Users\hedra\Desktop\Sourcecode\NexusV2\Nexus-backend\vendor\laravel\framework\src\Illuminate\Database\Eloquent\Model.php:2809
C:\Users\hedra\Desktop\Sourcecode\NexusV2\Nexus-backend\vendor\laravel\framework\src\Illuminate\Database\Eloquent\Model.php:2825
C:\Users\hedra\Desktop\Sourcecode\NexusV2\Nexus-backend\tests\Feature\HedraSoul\HedraSoulSessionApiTest.php:49</error>
        </testcase>
        <testcase name="test_get_hedrasoul_session_by_id_returns_data_or_404" file="C:\Users\hedra\Desktop\Sourcecode\NexusV2\Nexus-backend\tests\Feature\HedraSoul\HedraSoulSessionApiTest.php" line="64" class="Tests\Feature\HedraSoul\HedraSoulSessionApiTest" classname="Tests.Feature.HedraSoul.HedraSoulSessionApiTest" assertions="0" time="0.087937">
          <error type="BadMethodCallException">Tests\Feature\HedraSoul\HedraSoulSessionApiTest::test_get_hedrasoul_session_by_id_returns_data_or_404&#13;
BadMethodCallException: Call to undefined method App\Models\HedrasoulSession::factory()
&#13;
C:\Users\hedra\Desktop\Sourcecode\NexusV2\Nexus-backend\vendor\laravel\framework\src\Illuminate\Support\Traits\ForwardsCalls.php:67
C:\Users\hedra\Desktop\Sourcecode\NexusV2\Nexus-backend\vendor\laravel\framework\src\Illuminate\Support\Traits\ForwardsCalls.php:36
C:\Users\hedra\Desktop\Sourcecode\NexusV2\Nexus-backend\vendor\laravel\framework\src\Illuminate\Database\Eloquent\Model.php:2809
C:\Users\hedra\Desktop\Sourcecode\NexusV2\Nexus-backend\vendor\laravel\framework\src\Illuminate\Database\Eloquent\Model.php:2825
C:\Users\hedra\Desktop\Sourcecode\NexusV2\Nexus-backend\tests\Feature\HedraSoul\HedraSoulSessionApiTest.php:66</error>
        </testcase>
        <testcase name="test_get_hedrasoul_session_with_invalid_id_returns_404" file="C:\Users\hedra\Desktop\Sourcecode\NexusV2\Nexus-backend\tests\Feature\HedraSoul\HedraSoulSessionApiTest.php" line="78" class="Tests\Feature\HedraSoul\HedraSoulSessionApiTest" classname="Tests.Feature.HedraSoul.HedraSoulSessionApiTest" assertions="1" time="0.070618"/>
        <testcase name="test_patch_hedrasoul_session_updates_title_and_returns_200" file="C:\Users\hedra\Desktop\Sourcecode\NexusV2\Nexus-backend\tests\Feature\HedraSoul\HedraSoulSessionApiTest.php" line="89" class="Tests\Feature\HedraSoul\HedraSoulSessionApiTest" classname="Tests.Feature.HedraSoul.HedraSoulSessionApiTest" assertions="0" time="0.069321">
          <error type="BadMethodCallException">Tests\Feature\HedraSoul\HedraSoulSessionApiTest::test_patch_hedrasoul_session_updates_title_and_returns_200&#13;
BadMethodCallException: Call to undefined method App\Models\HedrasoulSession::factory()
&#13;
C:\Users\hedra\Desktop\Sourcecode\NexusV2\Nexus-backend\vendor\laravel\framework\src\Illuminate\Support\Traits\ForwardsCalls.php:67
C:\Users\hedra\Desktop\Sourcecode\NexusV2\Nexus-backend\vendor\laravel\framework\src\Illuminate\Support\Traits\ForwardsCalls.php:36
C:\Users\hedra\Desktop\Sourcecode\NexusV2\Nexus-backend\vendor\laravel\framework\src\Illuminate\Database\Eloquent\Model.php:2809
C:\Users\hedra\Desktop\Sourcecode\NexusV2\Nexus-backend\vendor\laravel\framework\src\Illuminate\Database\Eloquent\Model.php:2825
C:\Users\hedra\Desktop\Sourcecode\NexusV2\Nexus-backend\tests\Feature\HedraSoul\HedraSoulSessionApiTest.php:91</error>
        </testcase>
        <testcase name="test_post_hedrasoul_session_archive_sets_status_archived_and_returns_200" file="C:\Users\hedra\Desktop\Sourcecode\NexusV2\Nexus-backend\tests\Feature\HedraSoul\HedraSoulSessionApiTest.php" line="113" class="Tests\Feature\HedraSoul\HedraSoulSessionApiTest" classname="Tests.Feature.HedraSoul.HedraSoulSessionApiTest" assertions="0" time="0.079845">
          <error type="BadMethodCallException">Tests\Feature\HedraSoul\HedraSoulSessionApiTest::test_post_hedrasoul_session_archive_sets_status_archived_and_returns_200&#13;
BadMethodCallException: Call to undefined method App\Models\HedrasoulSession::factory()
&#13;
C:\Users\hedra\Desktop\Sourcecode\NexusV2\Nexus-backend\vendor\laravel\framework\src\Illuminate\Support\Traits\ForwardsCalls.php:67
C:\Users\hedra\Desktop\Sourcecode\NexusV2\Nexus-backend\vendor\laravel\framework\src\Illuminate\Support\Traits\ForwardsCalls.php:36
C:\Users\hedra\Desktop\Sourcecode\NexusV2\Nexus-backend\vendor\laravel\framework\src\Illuminate\Database\Eloquent\Model.php:2809
C:\Users\hedra\Desktop\Sourcecode\NexusV2\Nexus-backend\vendor\laravel\framework\src\Illuminate\Database\Eloquent\Model.php:2825
C:\Users\hedra\Desktop\Sourcecode\NexusV2\Nexus-backend\tests\Feature\HedraSoul\HedraSoulSessionApiTest.php:115</error>
        </testcase>
        <testcase name="test_get_hedrasoul_sessions_returns_401_without_auth" file="C:\Users\hedra\Desktop\Sourcecode\NexusV2\Nexus-backend\tests\Feature\HedraSoul\HedraSoulSessionApiTest.php" line="132" class="Tests\Feature\HedraSoul\HedraSoulSessionApiTest" classname="Tests.Feature.HedraSoul.HedraSoulSessionApiTest" assertions="1" time="0.065975">
          <failure type="PHPUnit\Framework\ExpectationFailedException">Tests\Feature\HedraSoul\HedraSoulSessionApiTest::test_get_hedrasoul_sessions_returns_401_without_auth&#13;
Expected response status code [401] but received 404.
Failed asserting that 404 is identical to 401.
&#13;
C:\Users\hedra\Desktop\Sourcecode\NexusV2\Nexus-backend\vendor\laravel\framework\src\Illuminate\Testing\TestResponseAssert.php:45
C:\Users\hedra\Desktop\Sourcecode\NexusV2\Nexus-backend\vendor\laravel\framework\src\Illuminate\Testing\TestResponse.php:176
C:\Users\hedra\Desktop\Sourcecode\NexusV2\Nexus-backend\tests\Feature\HedraSoul\HedraSoulSessionApiTest.php:136</failure>
        </testcase>
        <testcase name="test_post_hedrasoul_sessions_returns_401_without_auth" file="C:\Users\hedra\Desktop\Sourcecode\NexusV2\Nexus-backend\tests\Feature\HedraSoul\HedraSoulSessionApiTest.php" line="143" class="Tests\Feature\HedraSoul\HedraSoulSessionApiTest" classname="Tests.Feature.HedraSoul.HedraSoulSessionApiTest" assertions="1" time="0.090405">
          <failure type="PHPUnit\Framework\ExpectationFailedException">Tests\Feature\HedraSoul\HedraSoulSessionApiTest::test_post_hedrasoul_sessions_returns_401_without_auth&#13;
Expected response status code [401] but received 405.
Failed asserting that 405 is identical to 401.
&#13;
C:\Users\hedra\Desktop\Sourcecode\NexusV2\Nexus-backend\vendor\laravel\framework\src\Illuminate\Testing\TestResponseAssert.php:45
C:\Users\hedra\Desktop\Sourcecode\NexusV2\Nexus-backend\vendor\laravel\framework\src\Illuminate\Testing\TestResponse.php:176
C:\Users\hedra\Desktop\Sourcecode\NexusV2\Nexus-backend\tests\Feature\HedraSoul\HedraSoulSessionApiTest.php:149</failure>
        </testcase>
        <testcase name="test_get_hedrasoul_session_by_id_returns_401_without_auth" file="C:\Users\hedra\Desktop\Sourcecode\NexusV2\Nexus-backend\tests\Feature\HedraSoul\HedraSoulSessionApiTest.php" line="156" class="Tests\Feature\HedraSoul\HedraSoulSessionApiTest" classname="Tests.Feature.HedraSoul.HedraSoulSessionApiTest" assertions="0" time="0.061383">
          <error type="BadMethodCallException">Tests\Feature\HedraSoul\HedraSoulSessionApiTest::test_get_hedrasoul_session_by_id_returns_401_without_auth&#13;
BadMethodCallException: Call to undefined method App\Models\HedrasoulSession::factory()
&#13;
C:\Users\hedra\Desktop\Sourcecode\NexusV2\Nexus-backend\vendor\laravel\framework\src\Illuminate\Support\Traits\ForwardsCalls.php:67
C:\Users\hedra\Desktop\Sourcecode\NexusV2\Nexus-backend\vendor\laravel\framework\src\Illuminate\Support\Traits\ForwardsCalls.php:36
C:\Users\hedra\Desktop\Sourcecode\NexusV2\Nexus-backend\vendor\laravel\framework\src\Illuminate\Database\Eloquent\Model.php:2809
C:\Users\hedra\Desktop\Sourcecode\NexusV2\Nexus-backend\vendor\laravel\framework\src\Illuminate\Database\Eloquent\Model.php:2825
C:\Users\hedra\Desktop\Sourcecode\NexusV2\Nexus-backend\tests\Feature\HedraSoul\HedraSoulSessionApiTest.php:158</error>
        </testcase>
        <testcase name="test_patch_hedrasoul_session_returns_401_without_auth" file="C:\Users\hedra\Desktop\Sourcecode\NexusV2\Nexus-backend\tests\Feature\HedraSoul\HedraSoulSessionApiTest.php" line="168" class="Tests\Feature\HedraSoul\HedraSoulSessionApiTest" classname="Tests.Feature.HedraSoul.HedraSoulSessionApiTest" assertions="0" time="0.058176">
          <error type="BadMethodCallException">Tests\Feature\HedraSoul\HedraSoulSessionApiTest::test_patch_hedrasoul_session_returns_401_without_auth&#13;
BadMethodCallException: Call to undefined method App\Models\HedrasoulSession::factory()
&#13;
C:\Users\hedra\Desktop\Sourcecode\NexusV2\Nexus-backend\vendor\laravel\framework\src\Illuminate\Support\Traits\ForwardsCalls.php:67
C:\Users\hedra\Desktop\Sourcecode\NexusV2\Nexus-backend\vendor\laravel\framework\src\Illuminate\Support\Traits\ForwardsCalls.php:36
C:\Users\hedra\Desktop\Sourcecode\NexusV2\Nexus-backend\vendor\laravel\framework\src\Illuminate\Database\Eloquent\Model.php:2809
C:\Users\hedra\Desktop\Sourcecode\NexusV2\Nexus-backend\vendor\laravel\framework\src\Illuminate\Database\Eloquent\Model.php:2825
C:\Users\hedra\Desktop\Sourcecode\NexusV2\Nexus-backend\tests\Feature\HedraSoul\HedraSoulSessionApiTest.php:170</error>
        </testcase>
        <testcase name="test_post_hedrasoul_session_archive_returns_401_without_auth" file="C:\Users\hedra\Desktop\Sourcecode\NexusV2\Nexus-backend\tests\Feature\HedraSoul\HedraSoulSessionApiTest.php" line="182" class="Tests\Feature\HedraSoul\HedraSoulSessionApiTest" classname="Tests.Feature.HedraSoul.HedraSoulSessionApiTest" assertions="0" time="0.056803">
          <error type="BadMethodCallException">Tests\Feature\HedraSoul\HedraSoulSessionApiTest::test_post_hedrasoul_session_archive_returns_401_without_auth&#13;
BadMethodCallException: Call to undefined method App\Models\HedrasoulSession::factory()
&#13;
C:\Users\hedra\Desktop\Sourcecode\NexusV2\Nexus-backend\vendor\laravel\framework\src\Illuminate\Support\Traits\ForwardsCalls.php:67
C:\Users\hedra\Desktop\Sourcecode\NexusV2\Nexus-backend\vendor\laravel\framework\src\Illuminate\Support\Traits\ForwardsCalls.php:36
C:\Users\hedra\Desktop\Sourcecode\NexusV2\Nexus-backend\vendor\laravel\framework\src\Illuminate\Database\Eloquent\Model.php:2809
C:\Users\hedra\Desktop\Sourcecode\NexusV2\Nexus-backend\vendor\laravel\framework\src\Illuminate\Database\Eloquent\Model.php:2825
C:\Users\hedra\Desktop\Sourcecode\NexusV2\Nexus-backend\tests\Feature\HedraSoul\HedraSoulSessionApiTest.php:184</error>
        </testcase>
      </testsuite>
      <testsuite name="Tests\Feature\HedraSoul\HedraSoulSoulyControlApiTest" file="C:\Users\hedra\Desktop\Sourcecode\NexusV2\Nexus-backend\tests\Feature\HedraSoul\HedraSoulSoulyControlApiTest.php" tests="16" assertions="6" errors="10" failures="6" skipped="0" time="1.145622">
        <testcase name="test_post_quarantine_sets_quarantine_true_returns_200" file="C:\Users\hedra\Desktop\Sourcecode\NexusV2\Nexus-backend\tests\Feature\HedraSoul\HedraSoulSoulyControlApiTest.php" line="28" class="Tests\Feature\HedraSoul\HedraSoulSoulyControlApiTest" classname="Tests.Feature.HedraSoul.HedraSoulSoulyControlApiTest" assertions="0" time="0.074354">
          <error type="BadMethodCallException">Tests\Feature\HedraSoul\HedraSoulSoulyControlApiTest::test_post_quarantine_sets_quarantine_true_returns_200&#13;
BadMethodCallException: Call to undefined method App\Models\SoulyRuntimeProfile::factory()
&#13;
C:\Users\hedra\Desktop\Sourcecode\NexusV2\Nexus-backend\vendor\laravel\framework\src\Illuminate\Support\Traits\ForwardsCalls.php:67
C:\Users\hedra\Desktop\Sourcecode\NexusV2\Nexus-backend\vendor\laravel\framework\src\Illuminate\Support\Traits\ForwardsCalls.php:36
C:\Users\hedra\Desktop\Sourcecode\NexusV2\Nexus-backend\vendor\laravel\framework\src\Illuminate\Database\Eloquent\Model.php:2809
C:\Users\hedra\Desktop\Sourcecode\NexusV2\Nexus-backend\vendor\laravel\framework\src\Illuminate\Database\Eloquent\Model.php:2825
C:\Users\hedra\Desktop\Sourcecode\NexusV2\Nexus-backend\tests\Feature\HedraSoul\HedraSoulSoulyControlApiTest.php:30</error>
        </testcase>
        <testcase name="test_post_resume_sets_quarantine_false_returns_200" file="C:\Users\hedra\Desktop\Sourcecode\NexusV2\Nexus-backend\tests\Feature\HedraSoul\HedraSoulSoulyControlApiTest.php" line="47" class="Tests\Feature\HedraSoul\HedraSoulSoulyControlApiTest" classname="Tests.Feature.HedraSoul.HedraSoulSoulyControlApiTest" assertions="0" time="0.060583">
          <error type="BadMethodCallException">Tests\Feature\HedraSoul\HedraSoulSoulyControlApiTest::test_post_resume_sets_quarantine_false_returns_200&#13;
BadMethodCallException: Call to undefined method App\Models\SoulyRuntimeProfile::factory()
&#13;
C:\Users\hedra\Desktop\Sourcecode\NexusV2\Nexus-backend\vendor\laravel\framework\src\Illuminate\Support\Traits\ForwardsCalls.php:67
C:\Users\hedra\Desktop\Sourcecode\NexusV2\Nexus-backend\vendor\laravel\framework\src\Illuminate\Support\Traits\ForwardsCalls.php:36
C:\Users\hedra\Desktop\Sourcecode\NexusV2\Nexus-backend\vendor\laravel\framework\src\Illuminate\Database\Eloquent\Model.php:2809
C:\Users\hedra\Desktop\Sourcecode\NexusV2\Nexus-backend\vendor\laravel\framework\src\Illuminate\Database\Eloquent\Model.php:2825
C:\Users\hedra\Desktop\Sourcecode\NexusV2\Nexus-backend\tests\Feature\HedraSoul\HedraSoulSoulyControlApiTest.php:49</error>
        </testcase>
        <testcase name="test_patch_autonomy_updates_mode" file="C:\Users\hedra\Desktop\Sourcecode\NexusV2\Nexus-backend\tests\Feature\HedraSoul\HedraSoulSoulyControlApiTest.php" line="66" class="Tests\Feature\HedraSoul\HedraSoulSoulyControlApiTest" classname="Tests.Feature.HedraSoul.HedraSoulSoulyControlApiTest" assertions="0" time="0.060446">
          <error type="BadMethodCallException">Tests\Feature\HedraSoul\HedraSoulSoulyControlApiTest::test_patch_autonomy_updates_mode&#13;
BadMethodCallException: Call to undefined method App\Models\SoulyRuntimeProfile::factory()
&#13;
C:\Users\hedra\Desktop\Sourcecode\NexusV2\Nexus-backend\vendor\laravel\framework\src\Illuminate\Support\Traits\ForwardsCalls.php:67
C:\Users\hedra\Desktop\Sourcecode\NexusV2\Nexus-backend\vendor\laravel\framework\src\Illuminate\Support\Traits\ForwardsCalls.php:36
C:\Users\hedra\Desktop\Sourcecode\NexusV2\Nexus-backend\vendor\laravel\framework\src\Illuminate\Database\Eloquent\Model.php:2809
C:\Users\hedra\Desktop\Sourcecode\NexusV2\Nexus-backend\vendor\laravel\framework\src\Illuminate\Database\Eloquent\Model.php:2825
C:\Users\hedra\Desktop\Sourcecode\NexusV2\Nexus-backend\tests\Feature\HedraSoul\HedraSoulSoulyControlApiTest.php:68</error>
        </testcase>
        <testcase name="test_patch_autonomy_broadcasts_event" file="C:\Users\hedra\Desktop\Sourcecode\NexusV2\Nexus-backend\tests\Feature\HedraSoul\HedraSoulSoulyControlApiTest.php" line="88" class="Tests\Feature\HedraSoul\HedraSoulSoulyControlApiTest" classname="Tests.Feature.HedraSoul.HedraSoulSoulyControlApiTest" assertions="0" time="0.070847">
          <error type="BadMethodCallException">Tests\Feature\HedraSoul\HedraSoulSoulyControlApiTest::test_patch_autonomy_broadcasts_event&#13;
BadMethodCallException: Call to undefined method App\Models\SoulyRuntimeProfile::factory()
&#13;
C:\Users\hedra\Desktop\Sourcecode\NexusV2\Nexus-backend\vendor\laravel\framework\src\Illuminate\Support\Traits\ForwardsCalls.php:67
C:\Users\hedra\Desktop\Sourcecode\NexusV2\Nexus-backend\vendor\laravel\framework\src\Illuminate\Support\Traits\ForwardsCalls.php:36
C:\Users\hedra\Desktop\Sourcecode\NexusV2\Nexus-backend\vendor\laravel\framework\src\Illuminate\Database\Eloquent\Model.php:2809
C:\Users\hedra\Desktop\Sourcecode\NexusV2\Nexus-backend\vendor\laravel\framework\src\Illuminate\Database\Eloquent\Model.php:2825
C:\Users\hedra\Desktop\Sourcecode\NexusV2\Nexus-backend\tests\Feature\HedraSoul\HedraSoulSoulyControlApiTest.php:92</error>
        </testcase>
        <testcase name="test_patch_model_with_valid_id_updates_and_returns_200" file="C:\Users\hedra\Desktop\Sourcecode\NexusV2\Nexus-backend\tests\Feature\HedraSoul\HedraSoulSoulyControlApiTest.php" line="107" class="Tests\Feature\HedraSoul\HedraSoulSoulyControlApiTest" classname="Tests.Feature.HedraSoul.HedraSoulSoulyControlApiTest" assertions="0" time="0.061505">
          <error type="BadMethodCallException">Tests\Feature\HedraSoul\HedraSoulSoulyControlApiTest::test_patch_model_with_valid_id_updates_and_returns_200&#13;
BadMethodCallException: Call to undefined method App\Models\SoulyRuntimeProfile::factory()
&#13;
C:\Users\hedra\Desktop\Sourcecode\NexusV2\Nexus-backend\vendor\laravel\framework\src\Illuminate\Support\Traits\ForwardsCalls.php:67
C:\Users\hedra\Desktop\Sourcecode\NexusV2\Nexus-backend\vendor\laravel\framework\src\Illuminate\Support\Traits\ForwardsCalls.php:36
C:\Users\hedra\Desktop\Sourcecode\NexusV2\Nexus-backend\vendor\laravel\framework\src\Illuminate\Database\Eloquent\Model.php:2809
C:\Users\hedra\Desktop\Sourcecode\NexusV2\Nexus-backend\vendor\laravel\framework\src\Illuminate\Database\Eloquent\Model.php:2825
C:\Users\hedra\Desktop\Sourcecode\NexusV2\Nexus-backend\tests\Feature\HedraSoul\HedraSoulSoulyControlApiTest.php:109</error>
        </testcase>
        <testcase name="test_patch_model_with_invalid_id_returns_422" file="C:\Users\hedra\Desktop\Sourcecode\NexusV2\Nexus-backend\tests\Feature\HedraSoul\HedraSoulSoulyControlApiTest.php" line="128" class="Tests\Feature\HedraSoul\HedraSoulSoulyControlApiTest" classname="Tests.Feature.HedraSoul.HedraSoulSoulyControlApiTest" assertions="0" time="0.055417">
          <error type="BadMethodCallException">Tests\Feature\HedraSoul\HedraSoulSoulyControlApiTest::test_patch_model_with_invalid_id_returns_422&#13;
BadMethodCallException: Call to undefined method App\Models\SoulyRuntimeProfile::factory()
&#13;
C:\Users\hedra\Desktop\Sourcecode\NexusV2\Nexus-backend\vendor\laravel\framework\src\Illuminate\Support\Traits\ForwardsCalls.php:67
C:\Users\hedra\Desktop\Sourcecode\NexusV2\Nexus-backend\vendor\laravel\framework\src\Illuminate\Support\Traits\ForwardsCalls.php:36
C:\Users\hedra\Desktop\Sourcecode\NexusV2\Nexus-backend\vendor\laravel\framework\src\Illuminate\Database\Eloquent\Model.php:2809
C:\Users\hedra\Desktop\Sourcecode\NexusV2\Nexus-backend\vendor\laravel\framework\src\Illuminate\Database\Eloquent\Model.php:2825
C:\Users\hedra\Desktop\Sourcecode\NexusV2\Nexus-backend\tests\Feature\HedraSoul\HedraSoulSoulyControlApiTest.php:130</error>
        </testcase>
        <testcase name="test_get_status_returns_runtime_profile_200" file="C:\Users\hedra\Desktop\Sourcecode\NexusV2\Nexus-backend\tests\Feature\HedraSoul\HedraSoulSoulyControlApiTest.php" line="143" class="Tests\Feature\HedraSoul\HedraSoulSoulyControlApiTest" classname="Tests.Feature.HedraSoul.HedraSoulSoulyControlApiTest" assertions="0" time="0.075129">
          <error type="BadMethodCallException">Tests\Feature\HedraSoul\HedraSoulSoulyControlApiTest::test_get_status_returns_runtime_profile_200&#13;
BadMethodCallException: Call to undefined method App\Models\SoulyRuntimeProfile::factory()
&#13;
C:\Users\hedra\Desktop\Sourcecode\NexusV2\Nexus-backend\vendor\laravel\framework\src\Illuminate\Support\Traits\ForwardsCalls.php:67
C:\Users\hedra\Desktop\Sourcecode\NexusV2\Nexus-backend\vendor\laravel\framework\src\Illuminate\Support\Traits\ForwardsCalls.php:36
C:\Users\hedra\Desktop\Sourcecode\NexusV2\Nexus-backend\vendor\laravel\framework\src\Illuminate\Database\Eloquent\Model.php:2809
C:\Users\hedra\Desktop\Sourcecode\NexusV2\Nexus-backend\vendor\laravel\framework\src\Illuminate\Database\Eloquent\Model.php:2825
C:\Users\hedra\Desktop\Sourcecode\NexusV2\Nexus-backend\tests\Feature\HedraSoul\HedraSoulSoulyControlApiTest.php:145</error>
        </testcase>
        <testcase name="test_post_simulate_returns_result_without_side_effects" file="C:\Users\hedra\Desktop\Sourcecode\NexusV2\Nexus-backend\tests\Feature\HedraSoul\HedraSoulSoulyControlApiTest.php" line="161" class="Tests\Feature\HedraSoul\HedraSoulSoulyControlApiTest" classname="Tests.Feature.HedraSoul.HedraSoulSoulyControlApiTest" assertions="0" time="0.046120">
          <error type="BadMethodCallException">Tests\Feature\HedraSoul\HedraSoulSoulyControlApiTest::test_post_simulate_returns_result_without_side_effects&#13;
BadMethodCallException: Call to undefined method App\Models\SoulyRuntimeProfile::factory()
&#13;
C:\Users\hedra\Desktop\Sourcecode\NexusV2\Nexus-backend\vendor\laravel\framework\src\Illuminate\Support\Traits\ForwardsCalls.php:67
C:\Users\hedra\Desktop\Sourcecode\NexusV2\Nexus-backend\vendor\laravel\framework\src\Illuminate\Support\Traits\ForwardsCalls.php:36
C:\Users\hedra\Desktop\Sourcecode\NexusV2\Nexus-backend\vendor\laravel\framework\src\Illuminate\Database\Eloquent\Model.php:2809
C:\Users\hedra\Desktop\Sourcecode\NexusV2\Nexus-backend\vendor\laravel\framework\src\Illuminate\Database\Eloquent\Model.php:2825
C:\Users\hedra\Desktop\Sourcecode\NexusV2\Nexus-backend\tests\Feature\HedraSoul\HedraSoulSoulyControlApiTest.php:163</error>
        </testcase>
        <testcase name="test_post_quarantine_returns_401_without_auth" file="C:\Users\hedra\Desktop\Sourcecode\NexusV2\Nexus-backend\tests\Feature\HedraSoul\HedraSoulSoulyControlApiTest.php" line="188" class="Tests\Feature\HedraSoul\HedraSoulSoulyControlApiTest" classname="Tests.Feature.HedraSoul.HedraSoulSoulyControlApiTest" assertions="1" time="0.074162">
          <failure type="PHPUnit\Framework\ExpectationFailedException">Tests\Feature\HedraSoul\HedraSoulSoulyControlApiTest::test_post_quarantine_returns_401_without_auth&#13;
Expected response status code [401] but received 405.
Failed asserting that 405 is identical to 401.
&#13;
C:\Users\hedra\Desktop\Sourcecode\NexusV2\Nexus-backend\vendor\laravel\framework\src\Illuminate\Testing\TestResponseAssert.php:45
C:\Users\hedra\Desktop\Sourcecode\NexusV2\Nexus-backend\vendor\laravel\framework\src\Illuminate\Testing\TestResponse.php:176
C:\Users\hedra\Desktop\Sourcecode\NexusV2\Nexus-backend\tests\Feature\HedraSoul\HedraSoulSoulyControlApiTest.php:192</failure>
        </testcase>
        <testcase name="test_post_resume_returns_401_without_auth" file="C:\Users\hedra\Desktop\Sourcecode\NexusV2\Nexus-backend\tests\Feature\HedraSoul\HedraSoulSoulyControlApiTest.php" line="198" class="Tests\Feature\HedraSoul\HedraSoulSoulyControlApiTest" classname="Tests.Feature.HedraSoul.HedraSoulSoulyControlApiTest" assertions="1" time="0.085622">
          <failure type="PHPUnit\Framework\ExpectationFailedException">Tests\Feature\HedraSoul\HedraSoulSoulyControlApiTest::test_post_resume_returns_401_without_auth&#13;
Expected response status code [401] but received 405.
Failed asserting that 405 is identical to 401.
&#13;
C:\Users\hedra\Desktop\Sourcecode\NexusV2\Nexus-backend\vendor\laravel\framework\src\Illuminate\Testing\TestResponseAssert.php:45
C:\Users\hedra\Desktop\Sourcecode\NexusV2\Nexus-backend\vendor\laravel\framework\src\Illuminate\Testing\TestResponse.php:176
C:\Users\hedra\Desktop\Sourcecode\NexusV2\Nexus-backend\tests\Feature\HedraSoul\HedraSoulSoulyControlApiTest.php:202</failure>
        </testcase>
        <testcase name="test_patch_autonomy_returns_401_without_auth" file="C:\Users\hedra\Desktop\Sourcecode\NexusV2\Nexus-backend\tests\Feature\HedraSoul\HedraSoulSoulyControlApiTest.php" line="208" class="Tests\Feature\HedraSoul\HedraSoulSoulyControlApiTest" classname="Tests.Feature.HedraSoul.HedraSoulSoulyControlApiTest" assertions="1" time="0.069411">
          <failure type="PHPUnit\Framework\ExpectationFailedException">Tests\Feature\HedraSoul\HedraSoulSoulyControlApiTest::test_patch_autonomy_returns_401_without_auth&#13;
Expected response status code [401] but received 405.
Failed asserting that 405 is identical to 401.
&#13;
C:\Users\hedra\Desktop\Sourcecode\NexusV2\Nexus-backend\vendor\laravel\framework\src\Illuminate\Testing\TestResponseAssert.php:45
C:\Users\hedra\Desktop\Sourcecode\NexusV2\Nexus-backend\vendor\laravel\framework\src\Illuminate\Testing\TestResponse.php:176
C:\Users\hedra\Desktop\Sourcecode\NexusV2\Nexus-backend\tests\Feature\HedraSoul\HedraSoulSoulyControlApiTest.php:214</failure>
        </testcase>
        <testcase name="test_patch_model_returns_401_without_auth" file="C:\Users\hedra\Desktop\Sourcecode\NexusV2\Nexus-backend\tests\Feature\HedraSoul\HedraSoulSoulyControlApiTest.php" line="220" class="Tests\Feature\HedraSoul\HedraSoulSoulyControlApiTest" classname="Tests.Feature.HedraSoul.HedraSoulSoulyControlApiTest" assertions="1" time="0.081598">
          <failure type="PHPUnit\Framework\ExpectationFailedException">Tests\Feature\HedraSoul\HedraSoulSoulyControlApiTest::test_patch_model_returns_401_without_auth&#13;
Expected response status code [401] but received 405.
Failed asserting that 405 is identical to 401.
&#13;
C:\Users\hedra\Desktop\Sourcecode\NexusV2\Nexus-backend\vendor\laravel\framework\src\Illuminate\Testing\TestResponseAssert.php:45
C:\Users\hedra\Desktop\Sourcecode\NexusV2\Nexus-backend\vendor\laravel\framework\src\Illuminate\Testing\TestResponse.php:176
C:\Users\hedra\Desktop\Sourcecode\NexusV2\Nexus-backend\tests\Feature\HedraSoul\HedraSoulSoulyControlApiTest.php:226</failure>
        </testcase>
        <testcase name="test_get_status_returns_401_without_auth" file="C:\Users\hedra\Desktop\Sourcecode\NexusV2\Nexus-backend\tests\Feature\HedraSoul\HedraSoulSoulyControlApiTest.php" line="232" class="Tests\Feature\HedraSoul\HedraSoulSoulyControlApiTest" classname="Tests.Feature.HedraSoul.HedraSoulSoulyControlApiTest" assertions="1" time="0.103112">
          <failure type="PHPUnit\Framework\ExpectationFailedException">Tests\Feature\HedraSoul\HedraSoulSoulyControlApiTest::test_get_status_returns_401_without_auth&#13;
Expected response status code [401] but received 404.
Failed asserting that 404 is identical to 401.
&#13;
C:\Users\hedra\Desktop\Sourcecode\NexusV2\Nexus-backend\vendor\laravel\framework\src\Illuminate\Testing\TestResponseAssert.php:45
C:\Users\hedra\Desktop\Sourcecode\NexusV2\Nexus-backend\vendor\laravel\framework\src\Illuminate\Testing\TestResponse.php:176
C:\Users\hedra\Desktop\Sourcecode\NexusV2\Nexus-backend\tests\Feature\HedraSoul\HedraSoulSoulyControlApiTest.php:236</failure>
        </testcase>
        <testcase name="test_post_simulate_returns_401_without_auth" file="C:\Users\hedra\Desktop\Sourcecode\NexusV2\Nexus-backend\tests\Feature\HedraSoul\HedraSoulSoulyControlApiTest.php" line="242" class="Tests\Feature\HedraSoul\HedraSoulSoulyControlApiTest" classname="Tests.Feature.HedraSoul.HedraSoulSoulyControlApiTest" assertions="1" time="0.093791">
          <failure type="PHPUnit\Framework\ExpectationFailedException">Tests\Feature\HedraSoul\HedraSoulSoulyControlApiTest::test_post_simulate_returns_401_without_auth&#13;
Expected response status code [401] but received 405.
Failed asserting that 405 is identical to 401.
&#13;
C:\Users\hedra\Desktop\Sourcecode\NexusV2\Nexus-backend\vendor\laravel\framework\src\Illuminate\Testing\TestResponseAssert.php:45
C:\Users\hedra\Desktop\Sourcecode\NexusV2\Nexus-backend\vendor\laravel\framework\src\Illuminate\Testing\TestResponse.php:176
C:\Users\hedra\Desktop\Sourcecode\NexusV2\Nexus-backend\tests\Feature\HedraSoul\HedraSoulSoulyControlApiTest.php:249</failure>
        </testcase>
        <testcase name="test_patch_autonomy_with_invalid_mode_returns_422" file="C:\Users\hedra\Desktop\Sourcecode\NexusV2\Nexus-backend\tests\Feature\HedraSoul\HedraSoulSoulyControlApiTest.php" line="255" class="Tests\Feature\HedraSoul\HedraSoulSoulyControlApiTest" classname="Tests.Feature.HedraSoul.HedraSoulSoulyControlApiTest" assertions="0" time="0.066873">
          <error type="BadMethodCallException">Tests\Feature\HedraSoul\HedraSoulSoulyControlApiTest::test_patch_autonomy_with_invalid_mode_returns_422&#13;
BadMethodCallException: Call to undefined method App\Models\SoulyRuntimeProfile::factory()
&#13;
C:\Users\hedra\Desktop\Sourcecode\NexusV2\Nexus-backend\vendor\laravel\framework\src\Illuminate\Support\Traits\ForwardsCalls.php:67
C:\Users\hedra\Desktop\Sourcecode\NexusV2\Nexus-backend\vendor\laravel\framework\src\Illuminate\Support\Traits\ForwardsCalls.php:36
C:\Users\hedra\Desktop\Sourcecode\NexusV2\Nexus-backend\vendor\laravel\framework\src\Illuminate\Database\Eloquent\Model.php:2809
C:\Users\hedra\Desktop\Sourcecode\NexusV2\Nexus-backend\vendor\laravel\framework\src\Illuminate\Database\Eloquent\Model.php:2825
C:\Users\hedra\Desktop\Sourcecode\NexusV2\Nexus-backend\tests\Feature\HedraSoul\HedraSoulSoulyControlApiTest.php:257</error>
        </testcase>
        <testcase name="test_patch_autonomy_accepts_all_valid_modes" file="C:\Users\hedra\Desktop\Sourcecode\NexusV2\Nexus-backend\tests\Feature\HedraSoul\HedraSoulSoulyControlApiTest.php" line="270" class="Tests\Feature\HedraSoul\HedraSoulSoulyControlApiTest" classname="Tests.Feature.HedraSoul.HedraSoulSoulyControlApiTest" assertions="0" time="0.066652">
          <error type="BadMethodCallException">Tests\Feature\HedraSoul\HedraSoulSoulyControlApiTest::test_patch_autonomy_accepts_all_valid_modes&#13;
BadMethodCallException: Call to undefined method App\Models\SoulyRuntimeProfile::factory()
&#13;
C:\Users\hedra\Desktop\Sourcecode\NexusV2\Nexus-backend\vendor\laravel\framework\src\Illuminate\Support\Traits\ForwardsCalls.php:67
C:\Users\hedra\Desktop\Sourcecode\NexusV2\Nexus-backend\vendor\laravel\framework\src\Illuminate\Support\Traits\ForwardsCalls.php:36
C:\Users\hedra\Desktop\Sourcecode\NexusV2\Nexus-backend\vendor\laravel\framework\src\Illuminate\Database\Eloquent\Model.php:2809
C:\Users\hedra\Desktop\Sourcecode\NexusV2\Nexus-backend\vendor\laravel\framework\src\Illuminate\Database\Eloquent\Model.php:2825
C:\Users\hedra\Desktop\Sourcecode\NexusV2\Nexus-backend\tests\Feature\HedraSoul\HedraSoulSoulyControlApiTest.php:275</error>
        </testcase>
      </testsuite>
      <testsuite name="Tests\Feature\Http\AgentsHubTest" file="C:\Users\hedra\Desktop\Sourcecode\NexusV2\Nexus-backend\tests\Feature\Http\AgentsHubTest.php" tests="30" assertions="99" errors="1" failures="6" skipped="0" time="2.589434">
        <testcase name="test_index_returns_paginated_agent_list" file="C:\Users\hedra\Desktop\Sourcecode\NexusV2\Nexus-backend\tests\Feature\Http\AgentsHubTest.php" line="55" class="Tests\Feature\Http\AgentsHubTest" classname="Tests.Feature.Http.AgentsHubTest" assertions="11" time="0.094461"/>
        <testcase name="test_index_filters_by_status" file="C:\Users\hedra\Desktop\Sourcecode\NexusV2\Nexus-backend\tests\Feature\Http\AgentsHubTest.php" line="69" class="Tests\Feature\Http\AgentsHubTest" classname="Tests.Feature.Http.AgentsHubTest" assertions="2" time="0.074362"/>
        <testcase name="test_index_filters_by_type" file="C:\Users\hedra\Desktop\Sourcecode\NexusV2\Nexus-backend\tests\Feature\Http\AgentsHubTest.php" line="85" class="Tests\Feature\Http\AgentsHubTest" classname="Tests.Feature.Http.AgentsHubTest" assertions="2" time="0.074236"/>
        <testcase name="test_index_searches_by_name" file="C:\Users\hedra\Desktop\Sourcecode\NexusV2\Nexus-backend\tests\Feature\Http\AgentsHubTest.php" line="98" class="Tests\Feature\Http\AgentsHubTest" classname="Tests.Feature.Http.AgentsHubTest" assertions="2" time="0.075331"/>
        <testcase name="test_store_creates_agent_with_valid_payload" file="C:\Users\hedra\Desktop\Sourcecode\NexusV2\Nexus-backend\tests\Feature\Http\AgentsHubTest.php" line="111" class="Tests\Feature\Http\AgentsHubTest" classname="Tests.Feature.Http.AgentsHubTest" assertions="4" time="0.090725"/>
        <testcase name="test_store_rejects_missing_required_fields" file="C:\Users\hedra\Desktop\Sourcecode\NexusV2\Nexus-backend\tests\Feature\Http\AgentsHubTest.php" line="127" class="Tests\Feature\Http\AgentsHubTest" classname="Tests.Feature.Http.AgentsHubTest" assertions="5" time="0.070701"/>
        <testcase name="test_store_rejects_duplicate_key" file="C:\Users\hedra\Desktop\Sourcecode\NexusV2\Nexus-backend\tests\Feature\Http\AgentsHubTest.php" line="135" class="Tests\Feature\Http\AgentsHubTest" classname="Tests.Feature.Http.AgentsHubTest" assertions="3" time="0.086175"/>
        <testcase name="test_store_rejects_invalid_type" file="C:\Users\hedra\Desktop\Sourcecode\NexusV2\Nexus-backend\tests\Feature\Http\AgentsHubTest.php" line="149" class="Tests\Feature\Http\AgentsHubTest" classname="Tests.Feature.Http.AgentsHubTest" assertions="3" time="0.071049"/>
        <testcase name="test_show_returns_agent_with_relations" file="C:\Users\hedra\Desktop\Sourcecode\NexusV2\Nexus-backend\tests\Feature\Http\AgentsHubTest.php" line="162" class="Tests\Feature\Http\AgentsHubTest" classname="Tests.Feature.Http.AgentsHubTest" assertions="12" time="0.098302"/>
        <testcase name="test_show_returns_404_for_missing_agent" file="C:\Users\hedra\Desktop\Sourcecode\NexusV2\Nexus-backend\tests\Feature\Http\AgentsHubTest.php" line="171" class="Tests\Feature\Http\AgentsHubTest" classname="Tests.Feature.Http.AgentsHubTest" assertions="1" time="0.083733"/>
        <testcase name="test_update_modifies_agent_fields" file="C:\Users\hedra\Desktop\Sourcecode\NexusV2\Nexus-backend\tests\Feature\Http\AgentsHubTest.php" line="181" class="Tests\Feature\Http\AgentsHubTest" classname="Tests.Feature.Http.AgentsHubTest" assertions="3" time="0.082702"/>
        <testcase name="test_update_rate_limit_per_minute" file="C:\Users\hedra\Desktop\Sourcecode\NexusV2\Nexus-backend\tests\Feature\Http\AgentsHubTest.php" line="197" class="Tests\Feature\Http\AgentsHubTest" classname="Tests.Feature.Http.AgentsHubTest" assertions="2" time="0.092019"/>
        <testcase name="test_destroy_deactivates_non_system_agent" file="C:\Users\hedra\Desktop\Sourcecode\NexusV2\Nexus-backend\tests\Feature\Http\AgentsHubTest.php" line="214" class="Tests\Feature\Http\AgentsHubTest" classname="Tests.Feature.Http.AgentsHubTest" assertions="3" time="0.083016"/>
        <testcase name="test_destroy_blocks_system_agents" file="C:\Users\hedra\Desktop\Sourcecode\NexusV2\Nexus-backend\tests\Feature\Http\AgentsHubTest.php" line="224" class="Tests\Feature\Http\AgentsHubTest" classname="Tests.Feature.Http.AgentsHubTest" assertions="1" time="0.082710"/>
        <testcase name="test_get_status_returns_agent_health_metrics" file="C:\Users\hedra\Desktop\Sourcecode\NexusV2\Nexus-backend\tests\Feature\Http\AgentsHubTest.php" line="241" class="Tests\Feature\Http\AgentsHubTest" classname="Tests.Feature.Http.AgentsHubTest" assertions="15" time="0.108249"/>
        <testcase name="test_status_reflects_execution_count" file="C:\Users\hedra\Desktop\Sourcecode\NexusV2\Nexus-backend\tests\Feature\Http\AgentsHubTest.php" line="256" class="Tests\Feature\Http\AgentsHubTest" classname="Tests.Feature.Http.AgentsHubTest" assertions="2" time="0.065830">
          <failure type="PHPUnit\Framework\ExpectationFailedException">Tests\Feature\Http\AgentsHubTest::test_status_reflects_execution_count&#13;
Failed asserting that 0 is identical to 5.
&#13;
C:\Users\hedra\Desktop\Sourcecode\NexusV2\Nexus-backend\vendor\laravel\framework\src\Illuminate\Testing\AssertableJsonString.php:243
C:\Users\hedra\Desktop\Sourcecode\NexusV2\Nexus-backend\vendor\laravel\framework\src\Illuminate\Testing\TestResponse.php:875
C:\Users\hedra\Desktop\Sourcecode\NexusV2\Nexus-backend\tests\Feature\Http\AgentsHubTest.php:264</failure>
        </testcase>
        <testcase name="test_quarantine_sets_agent_status" file="C:\Users\hedra\Desktop\Sourcecode\NexusV2\Nexus-backend\tests\Feature\Http\AgentsHubTest.php" line="273" class="Tests\Feature\Http\AgentsHubTest" classname="Tests.Feature.Http.AgentsHubTest" assertions="3" time="0.085385">
          <failure type="PHPUnit\Framework\ExpectationFailedException">Tests\Feature\Http\AgentsHubTest::test_quarantine_sets_agent_status&#13;
Failed asserting that a row in the table [agents] matches the attributes {
    "id": 1,
    "status": "quarantined"
}.

Found similar results: [
    {
        "id": 1,
        "status": "active"
    }
].
&#13;
C:\Users\hedra\Desktop\Sourcecode\NexusV2\Nexus-backend\vendor\laravel\framework\src\Illuminate\Foundation\Testing\Concerns\InteractsWithDatabase.php:51
C:\Users\hedra\Desktop\Sourcecode\NexusV2\Nexus-backend\tests\Feature\Http\AgentsHubTest.php:280</failure>
        </testcase>
        <testcase name="test_run_returns_error_for_quarantined_agent" file="C:\Users\hedra\Desktop\Sourcecode\NexusV2\Nexus-backend\tests\Feature\Http\AgentsHubTest.php" line="283" class="Tests\Feature\Http\AgentsHubTest" classname="Tests.Feature.Http.AgentsHubTest" assertions="2" time="0.060759"/>
        <testcase name="test_unquarantine_restores_agent_to_active" file="C:\Users\hedra\Desktop\Sourcecode\NexusV2\Nexus-backend\tests\Feature\Http\AgentsHubTest.php" line="295" class="Tests\Feature\Http\AgentsHubTest" classname="Tests.Feature.Http.AgentsHubTest" assertions="2" time="0.083577">
          <failure type="PHPUnit\Framework\ExpectationFailedException">Tests\Feature\Http\AgentsHubTest::test_unquarantine_restores_agent_to_active&#13;
Expected response status code [200] but received 400.
Failed asserting that 400 is identical to 200.
&#13;
C:\Users\hedra\Desktop\Sourcecode\NexusV2\Nexus-backend\vendor\laravel\framework\src\Illuminate\Testing\TestResponseAssert.php:45
C:\Users\hedra\Desktop\Sourcecode\NexusV2\Nexus-backend\vendor\laravel\framework\src\Illuminate\Testing\TestResponse.php:176
C:\Users\hedra\Desktop\Sourcecode\NexusV2\Nexus-backend\tests\Feature\Http\AgentsHubTest.php:302</failure>
        </testcase>
        <testcase name="test_simulate_returns_thought_process" file="C:\Users\hedra\Desktop\Sourcecode\NexusV2\Nexus-backend\tests\Feature\Http\AgentsHubTest.php" line="310" class="Tests\Feature\Http\AgentsHubTest" classname="Tests.Feature.Http.AgentsHubTest" assertions="1" time="0.069423">
          <failure type="PHPUnit\Framework\ExpectationFailedException">Tests\Feature\Http\AgentsHubTest::test_simulate_returns_thought_process&#13;
Expected response status code [200] but received 400.
Failed asserting that 400 is identical to 200.
&#13;
C:\Users\hedra\Desktop\Sourcecode\NexusV2\Nexus-backend\vendor\laravel\framework\src\Illuminate\Testing\TestResponseAssert.php:45
C:\Users\hedra\Desktop\Sourcecode\NexusV2\Nexus-backend\vendor\laravel\framework\src\Illuminate\Testing\TestResponse.php:176
C:\Users\hedra\Desktop\Sourcecode\NexusV2\Nexus-backend\tests\Feature\Http\AgentsHubTest.php:317</failure>
        </testcase>
        <testcase name="test_simulate_logs_runtime_trace" file="C:\Users\hedra\Desktop\Sourcecode\NexusV2\Nexus-backend\tests\Feature\Http\AgentsHubTest.php" line="327" class="Tests\Feature\Http\AgentsHubTest" classname="Tests.Feature.Http.AgentsHubTest" assertions="1" time="0.078472">
          <failure type="PHPUnit\Framework\ExpectationFailedException">Tests\Feature\Http\AgentsHubTest::test_simulate_logs_runtime_trace&#13;
Failed asserting that a row in the table [agent_runtime_logs] matches the attributes {
    "agent_id": 1,
    "step": "simulation"
}.

The table is empty.
&#13;
C:\Users\hedra\Desktop\Sourcecode\NexusV2\Nexus-backend\vendor\laravel\framework\src\Illuminate\Foundation\Testing\Concerns\InteractsWithDatabase.php:51
C:\Users\hedra\Desktop\Sourcecode\NexusV2\Nexus-backend\tests\Feature\Http\AgentsHubTest.php:333</failure>
        </testcase>
        <testcase name="test_simulate_is_blocked_for_quarantined_agent" file="C:\Users\hedra\Desktop\Sourcecode\NexusV2\Nexus-backend\tests\Feature\Http\AgentsHubTest.php" line="339" class="Tests\Feature\Http\AgentsHubTest" classname="Tests.Feature.Http.AgentsHubTest" assertions="2" time="0.080281"/>
        <testcase name="test_simulate_requires_input_field" file="C:\Users\hedra\Desktop\Sourcecode\NexusV2\Nexus-backend\tests\Feature\Http\AgentsHubTest.php" line="350" class="Tests\Feature\Http\AgentsHubTest" classname="Tests.Feature.Http.AgentsHubTest" assertions="3" time="0.097340"/>
        <testcase name="test_run_dispatches_async_and_returns_trace_id" file="C:\Users\hedra\Desktop\Sourcecode\NexusV2\Nexus-backend\tests\Feature\Http\AgentsHubTest.php" line="360" class="Tests\Feature\Http\AgentsHubTest" classname="Tests.Feature.Http.AgentsHubTest" assertions="2" time="0.115560">
          <failure type="PHPUnit\Framework\ExpectationFailedException">Tests\Feature\Http\AgentsHubTest::test_run_dispatches_async_and_returns_trace_id&#13;
Expected response status code [200] but received 400.
Failed asserting that 400 is identical to 200.
&#13;
C:\Users\hedra\Desktop\Sourcecode\NexusV2\Nexus-backend\vendor\laravel\framework\src\Illuminate\Testing\TestResponseAssert.php:45
C:\Users\hedra\Desktop\Sourcecode\NexusV2\Nexus-backend\vendor\laravel\framework\src\Illuminate\Testing\TestResponse.php:176
C:\Users\hedra\Desktop\Sourcecode\NexusV2\Nexus-backend\tests\Feature\Http\AgentsHubTest.php:379</failure>
        </testcase>
        <testcase name="test_run_requires_input_field" file="C:\Users\hedra\Desktop\Sourcecode\NexusV2\Nexus-backend\tests\Feature\Http\AgentsHubTest.php" line="385" class="Tests\Feature\Http\AgentsHubTest" classname="Tests.Feature.Http.AgentsHubTest" assertions="3" time="0.085261"/>
        <testcase name="test_logs_returns_paginated_runtime_logs" file="C:\Users\hedra\Desktop\Sourcecode\NexusV2\Nexus-backend\tests\Feature\Http\AgentsHubTest.php" line="395" class="Tests\Feature\Http\AgentsHubTest" classname="Tests.Feature.Http.AgentsHubTest" assertions="0" time="0.087936">
          <error type="Illuminate\Database\QueryException">Tests\Feature\Http\AgentsHubTest::test_logs_returns_paginated_runtime_logs&#13;
Illuminate\Database\QueryException: SQLSTATE[23000]: Integrity constraint violation: 19 NOT NULL constraint failed: agent_runtime_logs.id (Connection: sqlite, Database: :memory:, SQL: insert into "agent_runtime_logs" ("agent_id", "trace_id", "step", "input", "output", "duration_ms", "updated_at", "created_at") values (1, e02558e6-bec5-4ce3-b785-97bdb5fbd831, completed, {"task":"test"}, {"result":"ok"}, 100, 2026-06-24 04:28:50, 2026-06-24 04:28:50))
&#13;
C:\Users\hedra\Desktop\Sourcecode\NexusV2\Nexus-backend\vendor\laravel\framework\src\Illuminate\Database\Connection.php:857
C:\Users\hedra\Desktop\Sourcecode\NexusV2\Nexus-backend\vendor\laravel\framework\src\Illuminate\Database\Connection.php:813
C:\Users\hedra\Desktop\Sourcecode\NexusV2\Nexus-backend\vendor\laravel\framework\src\Illuminate\Database\Connection.php:590
C:\Users\hedra\Desktop\Sourcecode\NexusV2\Nexus-backend\vendor\laravel\framework\src\Illuminate\Database\Connection.php:554
C:\Users\hedra\Desktop\Sourcecode\NexusV2\Nexus-backend\vendor\laravel\framework\src\Illuminate\Database\Query\Processors\Processor.php:32
C:\Users\hedra\Desktop\Sourcecode\NexusV2\Nexus-backend\vendor\laravel\framework\src\Illuminate\Database\Query\Builder.php:4257
C:\Users\hedra\Desktop\Sourcecode\NexusV2\Nexus-backend\vendor\laravel\framework\src\Illuminate\Database\Eloquent\Builder.php:2271
C:\Users\hedra\Desktop\Sourcecode\NexusV2\Nexus-backend\vendor\laravel\framework\src\Illuminate\Database\Eloquent\Model.php:1662
C:\Users\hedra\Desktop\Sourcecode\NexusV2\Nexus-backend\vendor\laravel\framework\src\Illuminate\Database\Eloquent\Model.php:1578
C:\Users\hedra\Desktop\Sourcecode\NexusV2\Nexus-backend\vendor\laravel\framework\src\Illuminate\Database\Eloquent\Model.php:1382
C:\Users\hedra\Desktop\Sourcecode\NexusV2\Nexus-backend\vendor\laravel\framework\src\Illuminate\Database\Eloquent\Builder.php:1225
C:\Users\hedra\Desktop\Sourcecode\NexusV2\Nexus-backend\vendor\laravel\framework\src\Illuminate\Support\helpers.php:393
C:\Users\hedra\Desktop\Sourcecode\NexusV2\Nexus-backend\vendor\laravel\framework\src\Illuminate\Database\Eloquent\Builder.php:1224
C:\Users\hedra\Desktop\Sourcecode\NexusV2\Nexus-backend\vendor\laravel\framework\src\Illuminate\Support\Traits\ForwardsCalls.php:23
C:\Users\hedra\Desktop\Sourcecode\NexusV2\Nexus-backend\vendor\laravel\framework\src\Illuminate\Database\Eloquent\Model.php:2809
C:\Users\hedra\Desktop\Sourcecode\NexusV2\Nexus-backend\vendor\laravel\framework\src\Illuminate\Database\Eloquent\Model.php:2825
C:\Users\hedra\Desktop\Sourcecode\NexusV2\Nexus-backend\tests\Feature\Http\AgentsHubTest.php:397</error>
        </testcase>
        <testcase name="test_logs_returns_empty_for_agent_with_no_history" file="C:\Users\hedra\Desktop\Sourcecode\NexusV2\Nexus-backend\tests\Feature\Http\AgentsHubTest.php" line="413" class="Tests\Feature\Http\AgentsHubTest" classname="Tests.Feature.Http.AgentsHubTest" assertions="2" time="0.103043"/>
        <testcase name="test_agent_inherits_persona_system_prompt" file="C:\Users\hedra\Desktop\Sourcecode\NexusV2\Nexus-backend\tests\Feature\Http\AgentsHubTest.php" line="429" class="Tests\Feature\Http\AgentsHubTest" classname="Tests.Feature.Http.AgentsHubTest" assertions="3" time="0.104632"/>
        <testcase name="test_persona_index_returns_list" file="C:\Users\hedra\Desktop\Sourcecode\NexusV2\Nexus-backend\tests\Feature\Http\AgentsHubTest.php" line="442" class="Tests\Feature\Http\AgentsHubTest" classname="Tests.Feature.Http.AgentsHubTest" assertions="1" time="0.125242"/>
        <testcase name="test_persona_store_creates_valid_persona" file="C:\Users\hedra\Desktop\Sourcecode\NexusV2\Nexus-backend\tests\Feature\Http\AgentsHubTest.php" line="448" class="Tests\Feature\Http\AgentsHubTest" classname="Tests.Feature.Http.AgentsHubTest" assertions="3" time="0.078924"/>
      </testsuite>
      <testsuite name="Tests\Feature\Http\Controllers\CredentialValidationEndpointTest" file="C:\Users\hedra\Desktop\Sourcecode\NexusV2\Nexus-backend\tests\Feature\Http\Controllers\CredentialValidationEndpointTest.php" tests="7" assertions="7" errors="0" failures="6" skipped="0" time="0.611470">
        <testcase name="test_validate_credential_endpoint_validates_single_setting" file="C:\Users\hedra\Desktop\Sourcecode\NexusV2\Nexus-backend\tests\Feature\Http\Controllers\CredentialValidationEndpointTest.php" line="22" class="Tests\Feature\Http\Controllers\CredentialValidationEndpointTest" classname="Tests.Feature.Http.Controllers.CredentialValidationEndpointTest" assertions="1" time="0.090049">
          <failure type="PHPUnit\Framework\ExpectationFailedException">Tests\Feature\Http\Controllers\CredentialValidationEndpointTest::test_validate_credential_endpoint_validates_single_setting&#13;
Expected response status code [200] but received 500.
Failed asserting that 500 is identical to 200.&#13;
&#13;
The following exception occurred during the last request:

TypeError: App\Policies\SettingPolicy::create(): Return value must be of type bool, null returned in C:\Users\hedra\Desktop\Sourcecode\NexusV2\Nexus-backend\app\Policies\SettingPolicy.php:37
Stack trace:
#0 C:\Users\hedra\Desktop\Sourcecode\NexusV2\Nexus-backend\vendor\laravel\framework\src\Illuminate\Auth\Access\Gate.php(844): App\Policies\SettingPolicy-&gt;create(Object(App\Models\User))
#1 C:\Users\hedra\Desktop\Sourcecode\NexusV2\Nexus-backend\vendor\laravel\framework\src\Illuminate\Auth\Access\Gate.php(797): Illuminate\Auth\Access\Gate-&gt;callPolicyMethod(Object(App\Policies\SettingPolicy), 'create', Object(App\Models\User), Array)
#2 C:\Users\hedra\Desktop\Sourcecode\NexusV2\Nexus-backend\vendor\laravel\framework\src\Illuminate\Auth\Access\Gate.php(553): Illuminate\Auth\Access\Gate-&gt;{closure:Illuminate\Auth\Access\Gate::resolvePolicyCallback():780}(Object(App\Models\User), 'App\\Models\\Sett...')
#3 C:\Users\hedra\Desktop\Sourcecode\NexusV2\Nexus-backend\vendor\laravel\framework\src\Illuminate\Auth\Access\Gate.php(448): Illuminate\Auth\Access\Gate-&gt;callAuthCallback(Object(App\Models\User), 'create', Array)
#4 C:\Users\hedra\Desktop\Sourcecode\NexusV2\Nexus-backend\vendor\laravel\framework\src\Illuminate\Auth\Access\Gate.php(411): Illuminate\Auth\Access\Gate-&gt;raw('create', Array)
#5 C:\Users\hedra\Desktop\Sourcecode\NexusV2\Nexus-backend\vendor\laravel\framework\src\Illuminate\Auth\Access\Gate.php(398): Illuminate\Auth\Access\Gate-&gt;inspect('create', 'App\\Models\\Sett...')
#6 C:\Users\hedra\Desktop\Sourcecode\NexusV2\Nexus-backend\vendor\laravel\framework\src\Illuminate\Foundation\Auth\Access\AuthorizesRequests.php(25): Illuminate\Auth\Access\Gate-&gt;authorize('create', 'App\\Models\\Sett...')
#7 C:\Users\hedra\Desktop\Sourcecode\NexusV2\Nexus-backend\app\Http\Controllers\SettingController.php(415): App\Http\Controllers\Controller-&gt;authorize('create', 'App\\Models\\Sett...')
#8 C:\Users\hedra\Desktop\Sourcecode\NexusV2\Nexus-backend\vendor\laravel\framework\src\Illuminate\Routing\ControllerDispatcher.php(46): App\Http\Controllers\SettingController-&gt;validateCredential(Object(Illuminate\Http\Request))
#9 C:\Users\hedra\Desktop\Sourcecode\NexusV2\Nexus-backend\vendor\laravel\framework\src\Illuminate\Routing\Route.php(275): Illuminate\Routing\ControllerDispatcher-&gt;dispatch(Object(Illuminate\Routing\Route), Object(App\Http\Controllers\SettingController), 'validateCredent...')
#10 C:\Users\hedra\Desktop\Sourcecode\NexusV2\Nexus-backend\vendor\laravel\framework\src\Illuminate\Routing\Route.php(215): Illuminate\Routing\Route-&gt;runController()
#11 C:\Users\hedra\Desktop\Sourcecode\NexusV2\Nexus-backend\vendor\laravel\framework\src\Illuminate\Routing\Router.php(822): Illuminate\Routing\Route-&gt;run()
#12 C:\Users\hedra\Desktop\Sourcecode\NexusV2\Nexus-backend\vendor\laravel\framework\src\Illuminate\Pipeline\Pipeline.php(180): Illuminate\Routing\Router-&gt;{closure:Illuminate\Routing\Router::runRouteWithinStack():821}(Object(Illuminate\Http\Request))
#13 C:\Users\hedra\Desktop\Sourcecode\NexusV2\Nexus-backend\vendor\laravel\framework\src\Illuminate\Routing\Middleware\SubstituteBindings.php(52): Illuminate\Pipeline\Pipeline-&gt;{closure:Illuminate\Pipeline\Pipeline::prepareDestination():178}(Object(Illuminate\Http\Request))
#14 C:\Users\hedra\Desktop\Sourcecode\NexusV2\Nexus-backend\vendor\laravel\framework\src\Illuminate\Pipeline\Pipeline.php(219): Illuminate\Routing\Middleware\SubstituteBindings-&gt;handle(Object(Illuminate\Http\Request), Object(Closure))
#15 C:\Users\hedra\Desktop\Sourcecode\NexusV2\Nexus-backend\vendor\laravel\framework\src\Illuminate\Auth\Middleware\Authenticate.php(63): Illuminate\Pipeline\Pipeline-&gt;{closure:{closure:Illuminate\Pipeline\Pipeline::carry():194}:195}(Object(Illuminate\Http\Request))
#16 C:\Users\hedra\Desktop\Sourcecode\NexusV2\Nexus-backend\vendor\laravel\framework\src\Illuminate\Pipeline\Pipeline.php(219): Illuminate\Auth\Middleware\Authenticate-&gt;handle(Object(Illuminate\Http\Request), Object(Closure), 'sanctum')
#17 C:\Users\hedra\Desktop\Sourcecode\NexusV2\Nexus-backend\vendor\laravel\framework\src\Illuminate\Pipeline\Pipeline.php(137): Illuminate\Pipeline\Pipeline-&gt;{closure:{closure:Illuminate\Pipeline\Pipeline::carry():194}:195}(Object(Illuminate\Http\Request))
#18 C:\Users\hedra\Desktop\Sourcecode\NexusV2\Nexus-backend\vendor\laravel\framework\src\Illuminate\Routing\Router.php(821): Illuminate\Pipeline\Pipeline-&gt;then(Object(Closure))
#19 C:\Users\hedra\Desktop\Sourcecode\NexusV2\Nexus-backend\vendor\laravel\framework\src\Illuminate\Routing\Router.php(800): Illuminate\Routing\Router-&gt;runRouteWithinStack(Object(Illuminate\Routing\Route), Object(Illuminate\Http\Request))
#20 C:\Users\hedra\Desktop\Sourcecode\NexusV2\Nexus-backend\vendor\laravel\framework\src\Illuminate\Routing\Router.php(764): Illuminate\Routing\Router-&gt;runRoute(Object(Illuminate\Http\Request), Object(Illuminate\Routing\Route))
#21 C:\Users\hedra\Desktop\Sourcecode\NexusV2\Nexus-backend\vendor\laravel\framework\src\Illuminate\Routing\Router.php(753): Illuminate\Routing\Router-&gt;dispatchToRoute(Object(Illuminate\Http\Request))
#22 C:\Users\hedra\Desktop\Sourcecode\NexusV2\Nexus-backend\vendor\laravel\framework\src\Illuminate\Foundation\Http\Kernel.php(200): Illuminate\Routing\Router-&gt;dispatch(Object(Illuminate\Http\Request))
#23 C:\Users\hedra\Desktop\Sourcecode\NexusV2\Nexus-backend\vendor\laravel\framework\src\Illuminate\Pipeline\Pipeline.php(180): Illuminate\Foundation\Http\Kernel-&gt;{closure:Illuminate\Foundation\Http\Kernel::dispatchToRouter():197}(Object(Illuminate\Http\Request))
#24 C:\Users\hedra\Desktop\Sourcecode\NexusV2\Nexus-backend\app\Http\Middleware\AutoLoginDevMiddleware.php(29): Illuminate\Pipeline\Pipeline-&gt;{closure:Illuminate\Pipeline\Pipeline::prepareDestination():178}(Object(Illuminate\Http\Request))
#25 C:\Users\hedra\Desktop\Sourcecode\NexusV2\Nexus-backend\vendor\laravel\framework\src\Illuminate\Pipeline\Pipeline.php(219): App\Http\Middleware\AutoLoginDevMiddleware-&gt;handle(Object(Illuminate\Http\Request), Object(Closure))
#26 C:\Users\hedra\Desktop\Sourcecode\NexusV2\Nexus-backend\vendor\laravel\framework\src\Illuminate\Foundation\Http\Middleware\TransformsRequest.php(21): Illuminate\Pipeline\Pipeline-&gt;{closure:{closure:Illuminate\Pipeline\Pipeline::carry():194}:195}(Object(Illuminate\Http\Request))
#27 C:\Users\hedra\Desktop\Sourcecode\NexusV2\Nexus-backend\vendor\laravel\framework\src\Illuminate\Foundation\Http\Middleware\ConvertEmptyStringsToNull.php(31): Illuminate\Foundation\Http\Middleware\TransformsRequest-&gt;handle(Object(Illuminate\Http\Request), Object(Closure))
#28 C:\Users\hedra\Desktop\Sourcecode\NexusV2\Nexus-backend\vendor\laravel\framework\src\Illuminate\Pipeline\Pipeline.php(219): Illuminate\Foundation\Http\Middleware\ConvertEmptyStringsToNull-&gt;handle(Object(Illuminate\Http\Request), Object(Closure))
#29 C:\Users\hedra\Desktop\Sourcecode\NexusV2\Nexus-backend\vendor\laravel\framework\src\Illuminate\Foundation\Http\Middleware\TransformsRequest.php(21): Illuminate\Pipeline\Pipeline-&gt;{closure:{closure:Illuminate\Pipeline\Pipeline::carry():194}:195}(Object(Illuminate\Http\Request))
#30 C:\Users\hedra\Desktop\Sourcecode\NexusV2\Nexus-backend\vendor\laravel\framework\src\Illuminate\Foundation\Http\Middleware\TrimStrings.php(51): Illuminate\Foundation\Http\Middleware\TransformsRequest-&gt;handle(Object(Illuminate\Http\Request), Object(Closure))
#31 C:\Users\hedra\Desktop\Sourcecode\NexusV2\Nexus-backend\vendor\laravel\framework\src\Illuminate\Pipeline\Pipeline.php(219): Illuminate\Foundation\Http\Middleware\TrimStrings-&gt;handle(Object(Illuminate\Http\Request), Object(Closure))
#32 C:\Users\hedra\Desktop\Sourcecode\NexusV2\Nexus-backend\vendor\laravel\framework\src\Illuminate\Http\Middleware\ValidatePostSize.php(27): Illuminate\Pipeline\Pipeline-&gt;{closure:{closure:Illuminate\Pipeline\Pipeline::carry():194}:195}(Object(Illuminate\Http\Request))
#33 C:\Users\hedra\Desktop\Sourcecode\NexusV2\Nexus-backend\vendor\laravel\framework\src\Illuminate\Pipeline\Pipeline.php(219): Illuminate\Http\Middleware\ValidatePostSize-&gt;handle(Object(Illuminate\Http\Request), Object(Closure))
#34 C:\Users\hedra\Desktop\Sourcecode\NexusV2\Nexus-backend\vendor\laravel\framework\src\Illuminate\Foundation\Http\Middleware\PreventRequestsDuringMaintenance.php(109): Illuminate\Pipeline\Pipeline-&gt;{closure:{closure:Illuminate\Pipeline\Pipeline::carry():194}:195}(Object(Illuminate\Http\Request))
#35 C:\Users\hedra\Desktop\Sourcecode\NexusV2\Nexus-backend\vendor\laravel\framework\src\Illuminate\Pipeline\Pipeline.php(219): Illuminate\Foundation\Http\Middleware\PreventRequestsDuringMaintenance-&gt;handle(Object(Illuminate\Http\Request), Object(Closure))
#36 C:\Users\hedra\Desktop\Sourcecode\NexusV2\Nexus-backend\vendor\laravel\framework\src\Illuminate\Http\Middleware\HandleCors.php(74): Illuminate\Pipeline\Pipeline-&gt;{closure:{closure:Illuminate\Pipeline\Pipeline::carry():194}:195}(Object(Illuminate\Http\Request))
#37 C:\Users\hedra\Desktop\Sourcecode\NexusV2\Nexus-backend\vendor\laravel\framework\src\Illuminate\Pipeline\Pipeline.php(219): Illuminate\Http\Middleware\HandleCors-&gt;handle(Object(Illuminate\Http\Request), Object(Closure))
#38 C:\Users\hedra\Desktop\Sourcecode\NexusV2\Nexus-backend\vendor\laravel\framework\src\Illuminate\Http\Middleware\TrustProxies.php(58): Illuminate\Pipeline\Pipeline-&gt;{closure:{closure:Illuminate\Pipeline\Pipeline::carry():194}:195}(Object(Illuminate\Http\Request))
#39 C:\Users\hedra\Desktop\Sourcecode\NexusV2\Nexus-backend\vendor\laravel\framework\src\Illuminate\Pipeline\Pipeline.php(219): Illuminate\Http\Middleware\TrustProxies-&gt;handle(Object(Illuminate\Http\Request), Object(Closure))
#40 C:\Users\hedra\Desktop\Sourcecode\NexusV2\Nexus-backend\vendor\laravel\framework\src\Illuminate\Foundation\Http\Middleware\InvokeDeferredCallbacks.php(22): Illuminate\Pipeline\Pipeline-&gt;{closure:{closure:Illuminate\Pipeline\Pipeline::carry():194}:195}(Object(Illuminate\Http\Request))
#41 C:\Users\hedra\Desktop\Sourcecode\NexusV2\Nexus-backend\vendor\laravel\framework\src\Illuminate\Pipeline\Pipeline.php(219): Illuminate\Foundation\Http\Middleware\InvokeDeferredCallbacks-&gt;handle(Object(Illuminate\Http\Request), Object(Closure))
#42 C:\Users\hedra\Desktop\Sourcecode\NexusV2\Nexus-backend\vendor\laravel\framework\src\Illuminate\Http\Middleware\ValidatePathEncoding.php(28): Illuminate\Pipeline\Pipeline-&gt;{closure:{closure:Illuminate\Pipeline\Pipeline::carry():194}:195}(Object(Illuminate\Http\Request))
#43 C:\Users\hedra\Desktop\Sourcecode\NexusV2\Nexus-backend\vendor\laravel\framework\src\Illuminate\Pipeline\Pipeline.php(219): Illuminate\Http\Middleware\ValidatePathEncoding-&gt;handle(Object(Illuminate\Http\Request), Object(Closure))
#44 C:\Users\hedra\Desktop\Sourcecode\NexusV2\Nexus-backend\vendor\laravel\framework\src\Illuminate\Pipeline\Pipeline.php(137): Illuminate\Pipeline\Pipeline-&gt;{closure:{closure:Illuminate\Pipeline\Pipeline::carry():194}:195}(Object(Illuminate\Http\Request))
#45 C:\Users\hedra\Desktop\Sourcecode\NexusV2\Nexus-backend\vendor\laravel\framework\src\Illuminate\Foundation\Http\Kernel.php(175): Illuminate\Pipeline\Pipeline-&gt;then(Object(Closure))
#46 C:\Users\hedra\Desktop\Sourcecode\NexusV2\Nexus-backend\vendor\laravel\framework\src\Illuminate\Foundation\Http\Kernel.php(144): Illuminate\Foundation\Http\Kernel-&gt;sendRequestThroughRouter(Object(Illuminate\Http\Request))
#47 C:\Users\hedra\Desktop\Sourcecode\NexusV2\Nexus-backend\vendor\laravel\framework\src\Illuminate\Foundation\Testing\Concerns\MakesHttpRequests.php(607): Illuminate\Foundation\Http\Kernel-&gt;handle(Object(Illuminate\Http\Request))
#48 C:\Users\hedra\Desktop\Sourcecode\NexusV2\Nexus-backend\vendor\laravel\framework\src\Illuminate\Foundation\Testing\Concerns\MakesHttpRequests.php(573): Illuminate\Foundation\Testing\TestCase-&gt;call('POST', '/api/v1/setting...', Array, Array, Array, Array, '{"key":"integra...')
#49 C:\Users\hedra\Desktop\Sourcecode\NexusV2\Nexus-backend\vendor\laravel\framework\src\Illuminate\Foundation\Testing\Concerns\MakesHttpRequests.php(411): Illuminate\Foundation\Testing\TestCase-&gt;json('POST', '/api/v1/setting...', Array, Array, 0)
#50 C:\Users\hedra\Desktop\Sourcecode\NexusV2\Nexus-backend\tests\Feature\Http\Controllers\CredentialValidationEndpointTest.php(32): Illuminate\Foundation\Testing\TestCase-&gt;postJson('/api/v1/setting...', Array)
#51 C:\Users\hedra\Desktop\Sourcecode\NexusV2\Nexus-backend\vendor\phpunit\phpunit\src\Framework\TestCase.php(1667): Tests\Feature\Http\Controllers\CredentialValidationEndpointTest-&gt;test_validate_credential_endpoint_validates_single_setting()
#52 C:\Users\hedra\Desktop\Sourcecode\NexusV2\Nexus-backend\vendor\phpunit\phpunit\src\Framework\TestCase.php(519): PHPUnit\Framework\TestCase-&gt;runTest()
#53 C:\Users\hedra\Desktop\Sourcecode\NexusV2\Nexus-backend\vendor\phpunit\phpunit\src\Framework\TestRunner\TestRunner.php(87): PHPUnit\Framework\TestCase-&gt;runBare()
#54 C:\Users\hedra\Desktop\Sourcecode\NexusV2\Nexus-backend\vendor\phpunit\phpunit\src\Framework\TestCase.php(365): PHPUnit\Framework\TestRunner-&gt;run(Object(Tests\Feature\Http\Controllers\CredentialValidationEndpointTest))
#55 C:\Users\hedra\Desktop\Sourcecode\NexusV2\Nexus-backend\vendor\phpunit\phpunit\src\Framework\TestSuite.php(369): PHPUnit\Framework\TestCase-&gt;run()
#56 C:\Users\hedra\Desktop\Sourcecode\NexusV2\Nexus-backend\vendor\phpunit\phpunit\src\Framework\TestSuite.php(369): PHPUnit\Framework\TestSuite-&gt;run()
#57 C:\Users\hedra\Desktop\Sourcecode\NexusV2\Nexus-backend\vendor\phpunit\phpunit\src\Framework\TestSuite.php(369): PHPUnit\Framework\TestSuite-&gt;run()
#58 C:\Users\hedra\Desktop\Sourcecode\NexusV2\Nexus-backend\vendor\phpunit\phpunit\src\TextUI\TestRunner.php(64): PHPUnit\Framework\TestSuite-&gt;run()
#59 C:\Users\hedra\Desktop\Sourcecode\NexusV2\Nexus-backend\vendor\phpunit\phpunit\src\TextUI\Application.php(211): PHPUnit\TextUI\TestRunner-&gt;run(Object(PHPUnit\TextUI\Configuration\Configuration), Object(PHPUnit\Runner\ResultCache\DefaultResultCache), Object(PHPUnit\Framework\TestSuite))
#60 C:\Users\hedra\Desktop\Sourcecode\NexusV2\Nexus-backend\vendor\phpunit\phpunit\phpunit(104): PHPUnit\TextUI\Application-&gt;run(Array)
#61 C:\Users\hedra\Desktop\Sourcecode\NexusV2\Nexus-backend\vendor\bin\phpunit(122): include('C:\\Users\\hedra\\...')
#62 {main}

----------------------------------------------------------------------------------

App\Policies\SettingPolicy::create(): Return value must be of type bool, null returned
&#13;
C:\Users\hedra\Desktop\Sourcecode\NexusV2\Nexus-backend\vendor\laravel\framework\src\Illuminate\Testing\TestResponseAssert.php:45
C:\Users\hedra\Desktop\Sourcecode\NexusV2\Nexus-backend\vendor\laravel\framework\src\Illuminate\Testing\TestResponse.php:176
C:\Users\hedra\Desktop\Sourcecode\NexusV2\Nexus-backend\tests\Feature\Http\Controllers\CredentialValidationEndpointTest.php:36</failure>
        </testcase>
        <testcase name="test_validate_all_credentials_endpoint" file="C:\Users\hedra\Desktop\Sourcecode\NexusV2\Nexus-backend\tests\Feature\Http\Controllers\CredentialValidationEndpointTest.php" line="48" class="Tests\Feature\Http\Controllers\CredentialValidationEndpointTest" classname="Tests.Feature.Http.Controllers.CredentialValidationEndpointTest" assertions="1" time="0.106904">
          <failure type="PHPUnit\Framework\ExpectationFailedException">Tests\Feature\Http\Controllers\CredentialValidationEndpointTest::test_validate_all_credentials_endpoint&#13;
Expected response status code [200] but received 500.
Failed asserting that 500 is identical to 200.&#13;
&#13;
The following exception occurred during the last request:

TypeError: App\Policies\SettingPolicy::create(): Return value must be of type bool, null returned in C:\Users\hedra\Desktop\Sourcecode\NexusV2\Nexus-backend\app\Policies\SettingPolicy.php:37
Stack trace:
#0 C:\Users\hedra\Desktop\Sourcecode\NexusV2\Nexus-backend\vendor\laravel\framework\src\Illuminate\Auth\Access\Gate.php(844): App\Policies\SettingPolicy-&gt;create(Object(App\Models\User))
#1 C:\Users\hedra\Desktop\Sourcecode\NexusV2\Nexus-backend\vendor\laravel\framework\src\Illuminate\Auth\Access\Gate.php(797): Illuminate\Auth\Access\Gate-&gt;callPolicyMethod(Object(App\Policies\SettingPolicy), 'create', Object(App\Models\User), Array)
#2 C:\Users\hedra\Desktop\Sourcecode\NexusV2\Nexus-backend\vendor\laravel\framework\src\Illuminate\Auth\Access\Gate.php(553): Illuminate\Auth\Access\Gate-&gt;{closure:Illuminate\Auth\Access\Gate::resolvePolicyCallback():780}(Object(App\Models\User), 'App\\Models\\Sett...')
#3 C:\Users\hedra\Desktop\Sourcecode\NexusV2\Nexus-backend\vendor\laravel\framework\src\Illuminate\Auth\Access\Gate.php(448): Illuminate\Auth\Access\Gate-&gt;callAuthCallback(Object(App\Models\User), 'create', Array)
#4 C:\Users\hedra\Desktop\Sourcecode\NexusV2\Nexus-backend\vendor\laravel\framework\src\Illuminate\Auth\Access\Gate.php(411): Illuminate\Auth\Access\Gate-&gt;raw('create', Array)
#5 C:\Users\hedra\Desktop\Sourcecode\NexusV2\Nexus-backend\vendor\laravel\framework\src\Illuminate\Auth\Access\Gate.php(398): Illuminate\Auth\Access\Gate-&gt;inspect('create', 'App\\Models\\Sett...')
#6 C:\Users\hedra\Desktop\Sourcecode\NexusV2\Nexus-backend\vendor\laravel\framework\src\Illuminate\Foundation\Auth\Access\AuthorizesRequests.php(25): Illuminate\Auth\Access\Gate-&gt;authorize('create', 'App\\Models\\Sett...')
#7 C:\Users\hedra\Desktop\Sourcecode\NexusV2\Nexus-backend\app\Http\Controllers\SettingController.php(460): App\Http\Controllers\Controller-&gt;authorize('create', 'App\\Models\\Sett...')
#8 C:\Users\hedra\Desktop\Sourcecode\NexusV2\Nexus-backend\vendor\laravel\framework\src\Illuminate\Routing\ControllerDispatcher.php(46): App\Http\Controllers\SettingController-&gt;validateAllCredentials()
#9 C:\Users\hedra\Desktop\Sourcecode\NexusV2\Nexus-backend\vendor\laravel\framework\src\Illuminate\Routing\Route.php(275): Illuminate\Routing\ControllerDispatcher-&gt;dispatch(Object(Illuminate\Routing\Route), Object(App\Http\Controllers\SettingController), 'validateAllCred...')
#10 C:\Users\hedra\Desktop\Sourcecode\NexusV2\Nexus-backend\vendor\laravel\framework\src\Illuminate\Routing\Route.php(215): Illuminate\Routing\Route-&gt;runController()
#11 C:\Users\hedra\Desktop\Sourcecode\NexusV2\Nexus-backend\vendor\laravel\framework\src\Illuminate\Routing\Router.php(822): Illuminate\Routing\Route-&gt;run()
#12 C:\Users\hedra\Desktop\Sourcecode\NexusV2\Nexus-backend\vendor\laravel\framework\src\Illuminate\Pipeline\Pipeline.php(180): Illuminate\Routing\Router-&gt;{closure:Illuminate\Routing\Router::runRouteWithinStack():821}(Object(Illuminate\Http\Request))
#13 C:\Users\hedra\Desktop\Sourcecode\NexusV2\Nexus-backend\vendor\laravel\framework\src\Illuminate\Routing\Middleware\SubstituteBindings.php(52): Illuminate\Pipeline\Pipeline-&gt;{closure:Illuminate\Pipeline\Pipeline::prepareDestination():178}(Object(Illuminate\Http\Request))
#14 C:\Users\hedra\Desktop\Sourcecode\NexusV2\Nexus-backend\vendor\laravel\framework\src\Illuminate\Pipeline\Pipeline.php(219): Illuminate\Routing\Middleware\SubstituteBindings-&gt;handle(Object(Illuminate\Http\Request), Object(Closure))
#15 C:\Users\hedra\Desktop\Sourcecode\NexusV2\Nexus-backend\vendor\laravel\framework\src\Illuminate\Auth\Middleware\Authenticate.php(63): Illuminate\Pipeline\Pipeline-&gt;{closure:{closure:Illuminate\Pipeline\Pipeline::carry():194}:195}(Object(Illuminate\Http\Request))
#16 C:\Users\hedra\Desktop\Sourcecode\NexusV2\Nexus-backend\vendor\laravel\framework\src\Illuminate\Pipeline\Pipeline.php(219): Illuminate\Auth\Middleware\Authenticate-&gt;handle(Object(Illuminate\Http\Request), Object(Closure), 'sanctum')
#17 C:\Users\hedra\Desktop\Sourcecode\NexusV2\Nexus-backend\vendor\laravel\framework\src\Illuminate\Pipeline\Pipeline.php(137): Illuminate\Pipeline\Pipeline-&gt;{closure:{closure:Illuminate\Pipeline\Pipeline::carry():194}:195}(Object(Illuminate\Http\Request))
#18 C:\Users\hedra\Desktop\Sourcecode\NexusV2\Nexus-backend\vendor\laravel\framework\src\Illuminate\Routing\Router.php(821): Illuminate\Pipeline\Pipeline-&gt;then(Object(Closure))
#19 C:\Users\hedra\Desktop\Sourcecode\NexusV2\Nexus-backend\vendor\laravel\framework\src\Illuminate\Routing\Router.php(800): Illuminate\Routing\Router-&gt;runRouteWithinStack(Object(Illuminate\Routing\Route), Object(Illuminate\Http\Request))
#20 C:\Users\hedra\Desktop\Sourcecode\NexusV2\Nexus-backend\vendor\laravel\framework\src\Illuminate\Routing\Router.php(764): Illuminate\Routing\Router-&gt;runRoute(Object(Illuminate\Http\Request), Object(Illuminate\Routing\Route))
#21 C:\Users\hedra\Desktop\Sourcecode\NexusV2\Nexus-backend\vendor\laravel\framework\src\Illuminate\Routing\Router.php(753): Illuminate\Routing\Router-&gt;dispatchToRoute(Object(Illuminate\Http\Request))
#22 C:\Users\hedra\Desktop\Sourcecode\NexusV2\Nexus-backend\vendor\laravel\framework\src\Illuminate\Foundation\Http\Kernel.php(200): Illuminate\Routing\Router-&gt;dispatch(Object(Illuminate\Http\Request))
#23 C:\Users\hedra\Desktop\Sourcecode\NexusV2\Nexus-backend\vendor\laravel\framework\src\Illuminate\Pipeline\Pipeline.php(180): Illuminate\Foundation\Http\Kernel-&gt;{closure:Illuminate\Foundation\Http\Kernel::dispatchToRouter():197}(Object(Illuminate\Http\Request))
#24 C:\Users\hedra\Desktop\Sourcecode\NexusV2\Nexus-backend\app\Http\Middleware\AutoLoginDevMiddleware.php(29): Illuminate\Pipeline\Pipeline-&gt;{closure:Illuminate\Pipeline\Pipeline::prepareDestination():178}(Object(Illuminate\Http\Request))
#25 C:\Users\hedra\Desktop\Sourcecode\NexusV2\Nexus-backend\vendor\laravel\framework\src\Illuminate\Pipeline\Pipeline.php(219): App\Http\Middleware\AutoLoginDevMiddleware-&gt;handle(Object(Illuminate\Http\Request), Object(Closure))
#26 C:\Users\hedra\Desktop\Sourcecode\NexusV2\Nexus-backend\vendor\laravel\framework\src\Illuminate\Foundation\Http\Middleware\TransformsRequest.php(21): Illuminate\Pipeline\Pipeline-&gt;{closure:{closure:Illuminate\Pipeline\Pipeline::carry():194}:195}(Object(Illuminate\Http\Request))
#27 C:\Users\hedra\Desktop\Sourcecode\NexusV2\Nexus-backend\vendor\laravel\framework\src\Illuminate\Foundation\Http\Middleware\ConvertEmptyStringsToNull.php(31): Illuminate\Foundation\Http\Middleware\TransformsRequest-&gt;handle(Object(Illuminate\Http\Request), Object(Closure))
#28 C:\Users\hedra\Desktop\Sourcecode\NexusV2\Nexus-backend\vendor\laravel\framework\src\Illuminate\Pipeline\Pipeline.php(219): Illuminate\Foundation\Http\Middleware\ConvertEmptyStringsToNull-&gt;handle(Object(Illuminate\Http\Request), Object(Closure))
#29 C:\Users\hedra\Desktop\Sourcecode\NexusV2\Nexus-backend\vendor\laravel\framework\src\Illuminate\Foundation\Http\Middleware\TransformsRequest.php(21): Illuminate\Pipeline\Pipeline-&gt;{closure:{closure:Illuminate\Pipeline\Pipeline::carry():194}:195}(Object(Illuminate\Http\Request))
#30 C:\Users\hedra\Desktop\Sourcecode\NexusV2\Nexus-backend\vendor\laravel\framework\src\Illuminate\Foundation\Http\Middleware\TrimStrings.php(51): Illuminate\Foundation\Http\Middleware\TransformsRequest-&gt;handle(Object(Illuminate\Http\Request), Object(Closure))
#31 C:\Users\hedra\Desktop\Sourcecode\NexusV2\Nexus-backend\vendor\laravel\framework\src\Illuminate\Pipeline\Pipeline.php(219): Illuminate\Foundation\Http\Middleware\TrimStrings-&gt;handle(Object(Illuminate\Http\Request), Object(Closure))
#32 C:\Users\hedra\Desktop\Sourcecode\NexusV2\Nexus-backend\vendor\laravel\framework\src\Illuminate\Http\Middleware\ValidatePostSize.php(27): Illuminate\Pipeline\Pipeline-&gt;{closure:{closure:Illuminate\Pipeline\Pipeline::carry():194}:195}(Object(Illuminate\Http\Request))
#33 C:\Users\hedra\Desktop\Sourcecode\NexusV2\Nexus-backend\vendor\laravel\framework\src\Illuminate\Pipeline\Pipeline.php(219): Illuminate\Http\Middleware\ValidatePostSize-&gt;handle(Object(Illuminate\Http\Request), Object(Closure))
#34 C:\Users\hedra\Desktop\Sourcecode\NexusV2\Nexus-backend\vendor\laravel\framework\src\Illuminate\Foundation\Http\Middleware\PreventRequestsDuringMaintenance.php(109): Illuminate\Pipeline\Pipeline-&gt;{closure:{closure:Illuminate\Pipeline\Pipeline::carry():194}:195}(Object(Illuminate\Http\Request))
#35 C:\Users\hedra\Desktop\Sourcecode\NexusV2\Nexus-backend\vendor\laravel\framework\src\Illuminate\Pipeline\Pipeline.php(219): Illuminate\Foundation\Http\Middleware\PreventRequestsDuringMaintenance-&gt;handle(Object(Illuminate\Http\Request), Object(Closure))
#36 C:\Users\hedra\Desktop\Sourcecode\NexusV2\Nexus-backend\vendor\laravel\framework\src\Illuminate\Http\Middleware\HandleCors.php(74): Illuminate\Pipeline\Pipeline-&gt;{closure:{closure:Illuminate\Pipeline\Pipeline::carry():194}:195}(Object(Illuminate\Http\Request))
#37 C:\Users\hedra\Desktop\Sourcecode\NexusV2\Nexus-backend\vendor\laravel\framework\src\Illuminate\Pipeline\Pipeline.php(219): Illuminate\Http\Middleware\HandleCors-&gt;handle(Object(Illuminate\Http\Request), Object(Closure))
#38 C:\Users\hedra\Desktop\Sourcecode\NexusV2\Nexus-backend\vendor\laravel\framework\src\Illuminate\Http\Middleware\TrustProxies.php(58): Illuminate\Pipeline\Pipeline-&gt;{closure:{closure:Illuminate\Pipeline\Pipeline::carry():194}:195}(Object(Illuminate\Http\Request))
#39 C:\Users\hedra\Desktop\Sourcecode\NexusV2\Nexus-backend\vendor\laravel\framework\src\Illuminate\Pipeline\Pipeline.php(219): Illuminate\Http\Middleware\TrustProxies-&gt;handle(Object(Illuminate\Http\Request), Object(Closure))
#40 C:\Users\hedra\Desktop\Sourcecode\NexusV2\Nexus-backend\vendor\laravel\framework\src\Illuminate\Foundation\Http\Middleware\InvokeDeferredCallbacks.php(22): Illuminate\Pipeline\Pipeline-&gt;{closure:{closure:Illuminate\Pipeline\Pipeline::carry():194}:195}(Object(Illuminate\Http\Request))
#41 C:\Users\hedra\Desktop\Sourcecode\NexusV2\Nexus-backend\vendor\laravel\framework\src\Illuminate\Pipeline\Pipeline.php(219): Illuminate\Foundation\Http\Middleware\InvokeDeferredCallbacks-&gt;handle(Object(Illuminate\Http\Request), Object(Closure))
#42 C:\Users\hedra\Desktop\Sourcecode\NexusV2\Nexus-backend\vendor\laravel\framework\src\Illuminate\Http\Middleware\ValidatePathEncoding.php(28): Illuminate\Pipeline\Pipeline-&gt;{closure:{closure:Illuminate\Pipeline\Pipeline::carry():194}:195}(Object(Illuminate\Http\Request))
#43 C:\Users\hedra\Desktop\Sourcecode\NexusV2\Nexus-backend\vendor\laravel\framework\src\Illuminate\Pipeline\Pipeline.php(219): Illuminate\Http\Middleware\ValidatePathEncoding-&gt;handle(Object(Illuminate\Http\Request), Object(Closure))
#44 C:\Users\hedra\Desktop\Sourcecode\NexusV2\Nexus-backend\vendor\laravel\framework\src\Illuminate\Pipeline\Pipeline.php(137): Illuminate\Pipeline\Pipeline-&gt;{closure:{closure:Illuminate\Pipeline\Pipeline::carry():194}:195}(Object(Illuminate\Http\Request))
#45 C:\Users\hedra\Desktop\Sourcecode\NexusV2\Nexus-backend\vendor\laravel\framework\src\Illuminate\Foundation\Http\Kernel.php(175): Illuminate\Pipeline\Pipeline-&gt;then(Object(Closure))
#46 C:\Users\hedra\Desktop\Sourcecode\NexusV2\Nexus-backend\vendor\laravel\framework\src\Illuminate\Foundation\Http\Kernel.php(144): Illuminate\Foundation\Http\Kernel-&gt;sendRequestThroughRouter(Object(Illuminate\Http\Request))
#47 C:\Users\hedra\Desktop\Sourcecode\NexusV2\Nexus-backend\vendor\laravel\framework\src\Illuminate\Foundation\Testing\Concerns\MakesHttpRequests.php(607): Illuminate\Foundation\Http\Kernel-&gt;handle(Object(Illuminate\Http\Request))
#48 C:\Users\hedra\Desktop\Sourcecode\NexusV2\Nexus-backend\vendor\laravel\framework\src\Illuminate\Foundation\Testing\Concerns\MakesHttpRequests.php(573): Illuminate\Foundation\Testing\TestCase-&gt;call('GET', '/api/v1/setting...', Array, Array, Array, Array, '[]')
#49 C:\Users\hedra\Desktop\Sourcecode\NexusV2\Nexus-backend\vendor\laravel\framework\src\Illuminate\Foundation\Testing\Concerns\MakesHttpRequests.php(381): Illuminate\Foundation\Testing\TestCase-&gt;json('GET', '/api/v1/setting...', Array, Array, 0)
#50 C:\Users\hedra\Desktop\Sourcecode\NexusV2\Nexus-backend\tests\Feature\Http\Controllers\CredentialValidationEndpointTest.php(55): Illuminate\Foundation\Testing\TestCase-&gt;getJson('/api/v1/setting...')
#51 C:\Users\hedra\Desktop\Sourcecode\NexusV2\Nexus-backend\vendor\phpunit\phpunit\src\Framework\TestCase.php(1667): Tests\Feature\Http\Controllers\CredentialValidationEndpointTest-&gt;test_validate_all_credentials_endpoint()
#52 C:\Users\hedra\Desktop\Sourcecode\NexusV2\Nexus-backend\vendor\phpunit\phpunit\src\Framework\TestCase.php(519): PHPUnit\Framework\TestCase-&gt;runTest()
#53 C:\Users\hedra\Desktop\Sourcecode\NexusV2\Nexus-backend\vendor\phpunit\phpunit\src\Framework\TestRunner\TestRunner.php(87): PHPUnit\Framework\TestCase-&gt;runBare()
#54 C:\Users\hedra\Desktop\Sourcecode\NexusV2\Nexus-backend\vendor\phpunit\phpunit\src\Framework\TestCase.php(365): PHPUnit\Framework\TestRunner-&gt;run(Object(Tests\Feature\Http\Controllers\CredentialValidationEndpointTest))
#55 C:\Users\hedra\Desktop\Sourcecode\NexusV2\Nexus-backend\vendor\phpunit\phpunit\src\Framework\TestSuite.php(369): PHPUnit\Framework\TestCase-&gt;run()
#56 C:\Users\hedra\Desktop\Sourcecode\NexusV2\Nexus-backend\vendor\phpunit\phpunit\src\Framework\TestSuite.php(369): PHPUnit\Framework\TestSuite-&gt;run()
#57 C:\Users\hedra\Desktop\Sourcecode\NexusV2\Nexus-backend\vendor\phpunit\phpunit\src\Framework\TestSuite.php(369): PHPUnit\Framework\TestSuite-&gt;run()
#58 C:\Users\hedra\Desktop\Sourcecode\NexusV2\Nexus-backend\vendor\phpunit\phpunit\src\TextUI\TestRunner.php(64): PHPUnit\Framework\TestSuite-&gt;run()
#59 C:\Users\hedra\Desktop\Sourcecode\NexusV2\Nexus-backend\vendor\phpunit\phpunit\src\TextUI\Application.php(211): PHPUnit\TextUI\TestRunner-&gt;run(Object(PHPUnit\TextUI\Configuration\Configuration), Object(PHPUnit\Runner\ResultCache\DefaultResultCache), Object(PHPUnit\Framework\TestSuite))
#60 C:\Users\hedra\Desktop\Sourcecode\NexusV2\Nexus-backend\vendor\phpunit\phpunit\phpunit(104): PHPUnit\TextUI\Application-&gt;run(Array)
#61 C:\Users\hedra\Desktop\Sourcecode\NexusV2\Nexus-backend\vendor\bin\phpunit(122): include('C:\\Users\\hedra\\...')
#62 {main}

----------------------------------------------------------------------------------

App\Policies\SettingPolicy::create(): Return value must be of type bool, null returned
&#13;
C:\Users\hedra\Desktop\Sourcecode\NexusV2\Nexus-backend\vendor\laravel\framework\src\Illuminate\Testing\TestResponseAssert.php:45
C:\Users\hedra\Desktop\Sourcecode\NexusV2\Nexus-backend\vendor\laravel\framework\src\Illuminate\Testing\TestResponse.php:176
C:\Users\hedra\Desktop\Sourcecode\NexusV2\Nexus-backend\tests\Feature\Http\Controllers\CredentialValidationEndpointTest.php:57</failure>
        </testcase>
        <testcase name="test_health_status_endpoint" file="C:\Users\hedra\Desktop\Sourcecode\NexusV2\Nexus-backend\tests\Feature\Http\Controllers\CredentialValidationEndpointTest.php" line="69" class="Tests\Feature\Http\Controllers\CredentialValidationEndpointTest" classname="Tests.Feature.Http.Controllers.CredentialValidationEndpointTest" assertions="1" time="0.079354">
          <failure type="PHPUnit\Framework\ExpectationFailedException">Tests\Feature\Http\Controllers\CredentialValidationEndpointTest::test_health_status_endpoint&#13;
Expected response status code [200] but received 500.
Failed asserting that 500 is identical to 200.&#13;
&#13;
The following exception occurred during the last request:

TypeError: App\Policies\SettingPolicy::create(): Return value must be of type bool, null returned in C:\Users\hedra\Desktop\Sourcecode\NexusV2\Nexus-backend\app\Policies\SettingPolicy.php:37
Stack trace:
#0 C:\Users\hedra\Desktop\Sourcecode\NexusV2\Nexus-backend\vendor\laravel\framework\src\Illuminate\Auth\Access\Gate.php(844): App\Policies\SettingPolicy-&gt;create(Object(App\Models\User))
#1 C:\Users\hedra\Desktop\Sourcecode\NexusV2\Nexus-backend\vendor\laravel\framework\src\Illuminate\Auth\Access\Gate.php(797): Illuminate\Auth\Access\Gate-&gt;callPolicyMethod(Object(App\Policies\SettingPolicy), 'create', Object(App\Models\User), Array)
#2 C:\Users\hedra\Desktop\Sourcecode\NexusV2\Nexus-backend\vendor\laravel\framework\src\Illuminate\Auth\Access\Gate.php(553): Illuminate\Auth\Access\Gate-&gt;{closure:Illuminate\Auth\Access\Gate::resolvePolicyCallback():780}(Object(App\Models\User), 'App\\Models\\Sett...')
#3 C:\Users\hedra\Desktop\Sourcecode\NexusV2\Nexus-backend\vendor\laravel\framework\src\Illuminate\Auth\Access\Gate.php(448): Illuminate\Auth\Access\Gate-&gt;callAuthCallback(Object(App\Models\User), 'create', Array)
#4 C:\Users\hedra\Desktop\Sourcecode\NexusV2\Nexus-backend\vendor\laravel\framework\src\Illuminate\Auth\Access\Gate.php(411): Illuminate\Auth\Access\Gate-&gt;raw('create', Array)
#5 C:\Users\hedra\Desktop\Sourcecode\NexusV2\Nexus-backend\vendor\laravel\framework\src\Illuminate\Auth\Access\Gate.php(398): Illuminate\Auth\Access\Gate-&gt;inspect('create', 'App\\Models\\Sett...')
#6 C:\Users\hedra\Desktop\Sourcecode\NexusV2\Nexus-backend\vendor\laravel\framework\src\Illuminate\Foundation\Auth\Access\AuthorizesRequests.php(25): Illuminate\Auth\Access\Gate-&gt;authorize('create', 'App\\Models\\Sett...')
#7 C:\Users\hedra\Desktop\Sourcecode\NexusV2\Nexus-backend\app\Http\Controllers\SettingController.php(478): App\Http\Controllers\Controller-&gt;authorize('create', 'App\\Models\\Sett...')
#8 C:\Users\hedra\Desktop\Sourcecode\NexusV2\Nexus-backend\vendor\laravel\framework\src\Illuminate\Routing\ControllerDispatcher.php(46): App\Http\Controllers\SettingController-&gt;healthStatus(Object(Illuminate\Http\Request))
#9 C:\Users\hedra\Desktop\Sourcecode\NexusV2\Nexus-backend\vendor\laravel\framework\src\Illuminate\Routing\Route.php(275): Illuminate\Routing\ControllerDispatcher-&gt;dispatch(Object(Illuminate\Routing\Route), Object(App\Http\Controllers\SettingController), 'healthStatus')
#10 C:\Users\hedra\Desktop\Sourcecode\NexusV2\Nexus-backend\vendor\laravel\framework\src\Illuminate\Routing\Route.php(215): Illuminate\Routing\Route-&gt;runController()
#11 C:\Users\hedra\Desktop\Sourcecode\NexusV2\Nexus-backend\vendor\laravel\framework\src\Illuminate\Routing\Router.php(822): Illuminate\Routing\Route-&gt;run()
#12 C:\Users\hedra\Desktop\Sourcecode\NexusV2\Nexus-backend\vendor\laravel\framework\src\Illuminate\Pipeline\Pipeline.php(180): Illuminate\Routing\Router-&gt;{closure:Illuminate\Routing\Router::runRouteWithinStack():821}(Object(Illuminate\Http\Request))
#13 C:\Users\hedra\Desktop\Sourcecode\NexusV2\Nexus-backend\vendor\laravel\framework\src\Illuminate\Routing\Middleware\SubstituteBindings.php(52): Illuminate\Pipeline\Pipeline-&gt;{closure:Illuminate\Pipeline\Pipeline::prepareDestination():178}(Object(Illuminate\Http\Request))
#14 C:\Users\hedra\Desktop\Sourcecode\NexusV2\Nexus-backend\vendor\laravel\framework\src\Illuminate\Pipeline\Pipeline.php(219): Illuminate\Routing\Middleware\SubstituteBindings-&gt;handle(Object(Illuminate\Http\Request), Object(Closure))
#15 C:\Users\hedra\Desktop\Sourcecode\NexusV2\Nexus-backend\vendor\laravel\framework\src\Illuminate\Auth\Middleware\Authenticate.php(63): Illuminate\Pipeline\Pipeline-&gt;{closure:{closure:Illuminate\Pipeline\Pipeline::carry():194}:195}(Object(Illuminate\Http\Request))
#16 C:\Users\hedra\Desktop\Sourcecode\NexusV2\Nexus-backend\vendor\laravel\framework\src\Illuminate\Pipeline\Pipeline.php(219): Illuminate\Auth\Middleware\Authenticate-&gt;handle(Object(Illuminate\Http\Request), Object(Closure), 'sanctum')
#17 C:\Users\hedra\Desktop\Sourcecode\NexusV2\Nexus-backend\vendor\laravel\framework\src\Illuminate\Pipeline\Pipeline.php(137): Illuminate\Pipeline\Pipeline-&gt;{closure:{closure:Illuminate\Pipeline\Pipeline::carry():194}:195}(Object(Illuminate\Http\Request))
#18 C:\Users\hedra\Desktop\Sourcecode\NexusV2\Nexus-backend\vendor\laravel\framework\src\Illuminate\Routing\Router.php(821): Illuminate\Pipeline\Pipeline-&gt;then(Object(Closure))
#19 C:\Users\hedra\Desktop\Sourcecode\NexusV2\Nexus-backend\vendor\laravel\framework\src\Illuminate\Routing\Router.php(800): Illuminate\Routing\Router-&gt;runRouteWithinStack(Object(Illuminate\Routing\Route), Object(Illuminate\Http\Request))
#20 C:\Users\hedra\Desktop\Sourcecode\NexusV2\Nexus-backend\vendor\laravel\framework\src\Illuminate\Routing\Router.php(764): Illuminate\Routing\Router-&gt;runRoute(Object(Illuminate\Http\Request), Object(Illuminate\Routing\Route))
#21 C:\Users\hedra\Desktop\Sourcecode\NexusV2\Nexus-backend\vendor\laravel\framework\src\Illuminate\Routing\Router.php(753): Illuminate\Routing\Router-&gt;dispatchToRoute(Object(Illuminate\Http\Request))
#22 C:\Users\hedra\Desktop\Sourcecode\NexusV2\Nexus-backend\vendor\laravel\framework\src\Illuminate\Foundation\Http\Kernel.php(200): Illuminate\Routing\Router-&gt;dispatch(Object(Illuminate\Http\Request))
#23 C:\Users\hedra\Desktop\Sourcecode\NexusV2\Nexus-backend\vendor\laravel\framework\src\Illuminate\Pipeline\Pipeline.php(180): Illuminate\Foundation\Http\Kernel-&gt;{closure:Illuminate\Foundation\Http\Kernel::dispatchToRouter():197}(Object(Illuminate\Http\Request))
#24 C:\Users\hedra\Desktop\Sourcecode\NexusV2\Nexus-backend\app\Http\Middleware\AutoLoginDevMiddleware.php(29): Illuminate\Pipeline\Pipeline-&gt;{closure:Illuminate\Pipeline\Pipeline::prepareDestination():178}(Object(Illuminate\Http\Request))
#25 C:\Users\hedra\Desktop\Sourcecode\NexusV2\Nexus-backend\vendor\laravel\framework\src\Illuminate\Pipeline\Pipeline.php(219): App\Http\Middleware\AutoLoginDevMiddleware-&gt;handle(Object(Illuminate\Http\Request), Object(Closure))
#26 C:\Users\hedra\Desktop\Sourcecode\NexusV2\Nexus-backend\vendor\laravel\framework\src\Illuminate\Foundation\Http\Middleware\TransformsRequest.php(21): Illuminate\Pipeline\Pipeline-&gt;{closure:{closure:Illuminate\Pipeline\Pipeline::carry():194}:195}(Object(Illuminate\Http\Request))
#27 C:\Users\hedra\Desktop\Sourcecode\NexusV2\Nexus-backend\vendor\laravel\framework\src\Illuminate\Foundation\Http\Middleware\ConvertEmptyStringsToNull.php(31): Illuminate\Foundation\Http\Middleware\TransformsRequest-&gt;handle(Object(Illuminate\Http\Request), Object(Closure))
#28 C:\Users\hedra\Desktop\Sourcecode\NexusV2\Nexus-backend\vendor\laravel\framework\src\Illuminate\Pipeline\Pipeline.php(219): Illuminate\Foundation\Http\Middleware\ConvertEmptyStringsToNull-&gt;handle(Object(Illuminate\Http\Request), Object(Closure))
#29 C:\Users\hedra\Desktop\Sourcecode\NexusV2\Nexus-backend\vendor\laravel\framework\src\Illuminate\Foundation\Http\Middleware\TransformsRequest.php(21): Illuminate\Pipeline\Pipeline-&gt;{closure:{closure:Illuminate\Pipeline\Pipeline::carry():194}:195}(Object(Illuminate\Http\Request))
#30 C:\Users\hedra\Desktop\Sourcecode\NexusV2\Nexus-backend\vendor\laravel\framework\src\Illuminate\Foundation\Http\Middleware\TrimStrings.php(51): Illuminate\Foundation\Http\Middleware\TransformsRequest-&gt;handle(Object(Illuminate\Http\Request), Object(Closure))
#31 C:\Users\hedra\Desktop\Sourcecode\NexusV2\Nexus-backend\vendor\laravel\framework\src\Illuminate\Pipeline\Pipeline.php(219): Illuminate\Foundation\Http\Middleware\TrimStrings-&gt;handle(Object(Illuminate\Http\Request), Object(Closure))
#32 C:\Users\hedra\Desktop\Sourcecode\NexusV2\Nexus-backend\vendor\laravel\framework\src\Illuminate\Http\Middleware\ValidatePostSize.php(27): Illuminate\Pipeline\Pipeline-&gt;{closure:{closure:Illuminate\Pipeline\Pipeline::carry():194}:195}(Object(Illuminate\Http\Request))
#33 C:\Users\hedra\Desktop\Sourcecode\NexusV2\Nexus-backend\vendor\laravel\framework\src\Illuminate\Pipeline\Pipeline.php(219): Illuminate\Http\Middleware\ValidatePostSize-&gt;handle(Object(Illuminate\Http\Request), Object(Closure))
#34 C:\Users\hedra\Desktop\Sourcecode\NexusV2\Nexus-backend\vendor\laravel\framework\src\Illuminate\Foundation\Http\Middleware\PreventRequestsDuringMaintenance.php(109): Illuminate\Pipeline\Pipeline-&gt;{closure:{closure:Illuminate\Pipeline\Pipeline::carry():194}:195}(Object(Illuminate\Http\Request))
#35 C:\Users\hedra\Desktop\Sourcecode\NexusV2\Nexus-backend\vendor\laravel\framework\src\Illuminate\Pipeline\Pipeline.php(219): Illuminate\Foundation\Http\Middleware\PreventRequestsDuringMaintenance-&gt;handle(Object(Illuminate\Http\Request), Object(Closure))
#36 C:\Users\hedra\Desktop\Sourcecode\NexusV2\Nexus-backend\vendor\laravel\framework\src\Illuminate\Http\Middleware\HandleCors.php(74): Illuminate\Pipeline\Pipeline-&gt;{closure:{closure:Illuminate\Pipeline\Pipeline::carry():194}:195}(Object(Illuminate\Http\Request))
#37 C:\Users\hedra\Desktop\Sourcecode\NexusV2\Nexus-backend\vendor\laravel\framework\src\Illuminate\Pipeline\Pipeline.php(219): Illuminate\Http\Middleware\HandleCors-&gt;handle(Object(Illuminate\Http\Request), Object(Closure))
#38 C:\Users\hedra\Desktop\Sourcecode\NexusV2\Nexus-backend\vendor\laravel\framework\src\Illuminate\Http\Middleware\TrustProxies.php(58): Illuminate\Pipeline\Pipeline-&gt;{closure:{closure:Illuminate\Pipeline\Pipeline::carry():194}:195}(Object(Illuminate\Http\Request))
#39 C:\Users\hedra\Desktop\Sourcecode\NexusV2\Nexus-backend\vendor\laravel\framework\src\Illuminate\Pipeline\Pipeline.php(219): Illuminate\Http\Middleware\TrustProxies-&gt;handle(Object(Illuminate\Http\Request), Object(Closure))
#40 C:\Users\hedra\Desktop\Sourcecode\NexusV2\Nexus-backend\vendor\laravel\framework\src\Illuminate\Foundation\Http\Middleware\InvokeDeferredCallbacks.php(22): Illuminate\Pipeline\Pipeline-&gt;{closure:{closure:Illuminate\Pipeline\Pipeline::carry():194}:195}(Object(Illuminate\Http\Request))
#41 C:\Users\hedra\Desktop\Sourcecode\NexusV2\Nexus-backend\vendor\laravel\framework\src\Illuminate\Pipeline\Pipeline.php(219): Illuminate\Foundation\Http\Middleware\InvokeDeferredCallbacks-&gt;handle(Object(Illuminate\Http\Request), Object(Closure))
#42 C:\Users\hedra\Desktop\Sourcecode\NexusV2\Nexus-backend\vendor\laravel\framework\src\Illuminate\Http\Middleware\ValidatePathEncoding.php(28): Illuminate\Pipeline\Pipeline-&gt;{closure:{closure:Illuminate\Pipeline\Pipeline::carry():194}:195}(Object(Illuminate\Http\Request))
#43 C:\Users\hedra\Desktop\Sourcecode\NexusV2\Nexus-backend\vendor\laravel\framework\src\Illuminate\Pipeline\Pipeline.php(219): Illuminate\Http\Middleware\ValidatePathEncoding-&gt;handle(Object(Illuminate\Http\Request), Object(Closure))
#44 C:\Users\hedra\Desktop\Sourcecode\NexusV2\Nexus-backend\vendor\laravel\framework\src\Illuminate\Pipeline\Pipeline.php(137): Illuminate\Pipeline\Pipeline-&gt;{closure:{closure:Illuminate\Pipeline\Pipeline::carry():194}:195}(Object(Illuminate\Http\Request))
#45 C:\Users\hedra\Desktop\Sourcecode\NexusV2\Nexus-backend\vendor\laravel\framework\src\Illuminate\Foundation\Http\Kernel.php(175): Illuminate\Pipeline\Pipeline-&gt;then(Object(Closure))
#46 C:\Users\hedra\Desktop\Sourcecode\NexusV2\Nexus-backend\vendor\laravel\framework\src\Illuminate\Foundation\Http\Kernel.php(144): Illuminate\Foundation\Http\Kernel-&gt;sendRequestThroughRouter(Object(Illuminate\Http\Request))
#47 C:\Users\hedra\Desktop\Sourcecode\NexusV2\Nexus-backend\vendor\laravel\framework\src\Illuminate\Foundation\Testing\Concerns\MakesHttpRequests.php(607): Illuminate\Foundation\Http\Kernel-&gt;handle(Object(Illuminate\Http\Request))
#48 C:\Users\hedra\Desktop\Sourcecode\NexusV2\Nexus-backend\vendor\laravel\framework\src\Illuminate\Foundation\Testing\Concerns\MakesHttpRequests.php(573): Illuminate\Foundation\Testing\TestCase-&gt;call('GET', '/api/v1/setting...', Array, Array, Array, Array, '[]')
#49 C:\Users\hedra\Desktop\Sourcecode\NexusV2\Nexus-backend\vendor\laravel\framework\src\Illuminate\Foundation\Testing\Concerns\MakesHttpRequests.php(381): Illuminate\Foundation\Testing\TestCase-&gt;json('GET', '/api/v1/setting...', Array, Array, 0)
#50 C:\Users\hedra\Desktop\Sourcecode\NexusV2\Nexus-backend\tests\Feature\Http\Controllers\CredentialValidationEndpointTest.php(72): Illuminate\Foundation\Testing\TestCase-&gt;getJson('/api/v1/setting...')
#51 C:\Users\hedra\Desktop\Sourcecode\NexusV2\Nexus-backend\vendor\phpunit\phpunit\src\Framework\TestCase.php(1667): Tests\Feature\Http\Controllers\CredentialValidationEndpointTest-&gt;test_health_status_endpoint()
#52 C:\Users\hedra\Desktop\Sourcecode\NexusV2\Nexus-backend\vendor\phpunit\phpunit\src\Framework\TestCase.php(519): PHPUnit\Framework\TestCase-&gt;runTest()
#53 C:\Users\hedra\Desktop\Sourcecode\NexusV2\Nexus-backend\vendor\phpunit\phpunit\src\Framework\TestRunner\TestRunner.php(87): PHPUnit\Framework\TestCase-&gt;runBare()
#54 C:\Users\hedra\Desktop\Sourcecode\NexusV2\Nexus-backend\vendor\phpunit\phpunit\src\Framework\TestCase.php(365): PHPUnit\Framework\TestRunner-&gt;run(Object(Tests\Feature\Http\Controllers\CredentialValidationEndpointTest))
#55 C:\Users\hedra\Desktop\Sourcecode\NexusV2\Nexus-backend\vendor\phpunit\phpunit\src\Framework\TestSuite.php(369): PHPUnit\Framework\TestCase-&gt;run()
#56 C:\Users\hedra\Desktop\Sourcecode\NexusV2\Nexus-backend\vendor\phpunit\phpunit\src\Framework\TestSuite.php(369): PHPUnit\Framework\TestSuite-&gt;run()
#57 C:\Users\hedra\Desktop\Sourcecode\NexusV2\Nexus-backend\vendor\phpunit\phpunit\src\Framework\TestSuite.php(369): PHPUnit\Framework\TestSuite-&gt;run()
#58 C:\Users\hedra\Desktop\Sourcecode\NexusV2\Nexus-backend\vendor\phpunit\phpunit\src\TextUI\TestRunner.php(64): PHPUnit\Framework\TestSuite-&gt;run()
#59 C:\Users\hedra\Desktop\Sourcecode\NexusV2\Nexus-backend\vendor\phpunit\phpunit\src\TextUI\Application.php(211): PHPUnit\TextUI\TestRunner-&gt;run(Object(PHPUnit\TextUI\Configuration\Configuration), Object(PHPUnit\Runner\ResultCache\DefaultResultCache), Object(PHPUnit\Framework\TestSuite))
#60 C:\Users\hedra\Desktop\Sourcecode\NexusV2\Nexus-backend\vendor\phpunit\phpunit\phpunit(104): PHPUnit\TextUI\Application-&gt;run(Array)
#61 C:\Users\hedra\Desktop\Sourcecode\NexusV2\Nexus-backend\vendor\bin\phpunit(122): include('C:\\Users\\hedra\\...')
#62 {main}

----------------------------------------------------------------------------------

App\Policies\SettingPolicy::create(): Return value must be of type bool, null returned
&#13;
C:\Users\hedra\Desktop\Sourcecode\NexusV2\Nexus-backend\vendor\laravel\framework\src\Illuminate\Testing\TestResponseAssert.php:45
C:\Users\hedra\Desktop\Sourcecode\NexusV2\Nexus-backend\vendor\laravel\framework\src\Illuminate\Testing\TestResponse.php:176
C:\Users\hedra\Desktop\Sourcecode\NexusV2\Nexus-backend\tests\Feature\Http\Controllers\CredentialValidationEndpointTest.php:74</failure>
        </testcase>
        <testcase name="test_validate_credential_with_inline_data" file="C:\Users\hedra\Desktop\Sourcecode\NexusV2\Nexus-backend\tests\Feature\Http\Controllers\CredentialValidationEndpointTest.php" line="88" class="Tests\Feature\Http\Controllers\CredentialValidationEndpointTest" classname="Tests.Feature.Http.Controllers.CredentialValidationEndpointTest" assertions="1" time="0.082083">
          <failure type="PHPUnit\Framework\ExpectationFailedException">Tests\Feature\Http\Controllers\CredentialValidationEndpointTest::test_validate_credential_with_inline_data&#13;
Expected response status code [200] but received 500.
Failed asserting that 500 is identical to 200.&#13;
&#13;
The following exception occurred during the last request:

TypeError: App\Policies\SettingPolicy::create(): Return value must be of type bool, null returned in C:\Users\hedra\Desktop\Sourcecode\NexusV2\Nexus-backend\app\Policies\SettingPolicy.php:37
Stack trace:
#0 C:\Users\hedra\Desktop\Sourcecode\NexusV2\Nexus-backend\vendor\laravel\framework\src\Illuminate\Auth\Access\Gate.php(844): App\Policies\SettingPolicy-&gt;create(Object(App\Models\User))
#1 C:\Users\hedra\Desktop\Sourcecode\NexusV2\Nexus-backend\vendor\laravel\framework\src\Illuminate\Auth\Access\Gate.php(797): Illuminate\Auth\Access\Gate-&gt;callPolicyMethod(Object(App\Policies\SettingPolicy), 'create', Object(App\Models\User), Array)
#2 C:\Users\hedra\Desktop\Sourcecode\NexusV2\Nexus-backend\vendor\laravel\framework\src\Illuminate\Auth\Access\Gate.php(553): Illuminate\Auth\Access\Gate-&gt;{closure:Illuminate\Auth\Access\Gate::resolvePolicyCallback():780}(Object(App\Models\User), 'App\\Models\\Sett...')
#3 C:\Users\hedra\Desktop\Sourcecode\NexusV2\Nexus-backend\vendor\laravel\framework\src\Illuminate\Auth\Access\Gate.php(448): Illuminate\Auth\Access\Gate-&gt;callAuthCallback(Object(App\Models\User), 'create', Array)
#4 C:\Users\hedra\Desktop\Sourcecode\NexusV2\Nexus-backend\vendor\laravel\framework\src\Illuminate\Auth\Access\Gate.php(411): Illuminate\Auth\Access\Gate-&gt;raw('create', Array)
#5 C:\Users\hedra\Desktop\Sourcecode\NexusV2\Nexus-backend\vendor\laravel\framework\src\Illuminate\Auth\Access\Gate.php(398): Illuminate\Auth\Access\Gate-&gt;inspect('create', 'App\\Models\\Sett...')
#6 C:\Users\hedra\Desktop\Sourcecode\NexusV2\Nexus-backend\vendor\laravel\framework\src\Illuminate\Foundation\Auth\Access\AuthorizesRequests.php(25): Illuminate\Auth\Access\Gate-&gt;authorize('create', 'App\\Models\\Sett...')
#7 C:\Users\hedra\Desktop\Sourcecode\NexusV2\Nexus-backend\app\Http\Controllers\SettingController.php(415): App\Http\Controllers\Controller-&gt;authorize('create', 'App\\Models\\Sett...')
#8 C:\Users\hedra\Desktop\Sourcecode\NexusV2\Nexus-backend\vendor\laravel\framework\src\Illuminate\Routing\ControllerDispatcher.php(46): App\Http\Controllers\SettingController-&gt;validateCredential(Object(Illuminate\Http\Request))
#9 C:\Users\hedra\Desktop\Sourcecode\NexusV2\Nexus-backend\vendor\laravel\framework\src\Illuminate\Routing\Route.php(275): Illuminate\Routing\ControllerDispatcher-&gt;dispatch(Object(Illuminate\Routing\Route), Object(App\Http\Controllers\SettingController), 'validateCredent...')
#10 C:\Users\hedra\Desktop\Sourcecode\NexusV2\Nexus-backend\vendor\laravel\framework\src\Illuminate\Routing\Route.php(215): Illuminate\Routing\Route-&gt;runController()
#11 C:\Users\hedra\Desktop\Sourcecode\NexusV2\Nexus-backend\vendor\laravel\framework\src\Illuminate\Routing\Router.php(822): Illuminate\Routing\Route-&gt;run()
#12 C:\Users\hedra\Desktop\Sourcecode\NexusV2\Nexus-backend\vendor\laravel\framework\src\Illuminate\Pipeline\Pipeline.php(180): Illuminate\Routing\Router-&gt;{closure:Illuminate\Routing\Router::runRouteWithinStack():821}(Object(Illuminate\Http\Request))
#13 C:\Users\hedra\Desktop\Sourcecode\NexusV2\Nexus-backend\vendor\laravel\framework\src\Illuminate\Routing\Middleware\SubstituteBindings.php(52): Illuminate\Pipeline\Pipeline-&gt;{closure:Illuminate\Pipeline\Pipeline::prepareDestination():178}(Object(Illuminate\Http\Request))
#14 C:\Users\hedra\Desktop\Sourcecode\NexusV2\Nexus-backend\vendor\laravel\framework\src\Illuminate\Pipeline\Pipeline.php(219): Illuminate\Routing\Middleware\SubstituteBindings-&gt;handle(Object(Illuminate\Http\Request), Object(Closure))
#15 C:\Users\hedra\Desktop\Sourcecode\NexusV2\Nexus-backend\vendor\laravel\framework\src\Illuminate\Auth\Middleware\Authenticate.php(63): Illuminate\Pipeline\Pipeline-&gt;{closure:{closure:Illuminate\Pipeline\Pipeline::carry():194}:195}(Object(Illuminate\Http\Request))
#16 C:\Users\hedra\Desktop\Sourcecode\NexusV2\Nexus-backend\vendor\laravel\framework\src\Illuminate\Pipeline\Pipeline.php(219): Illuminate\Auth\Middleware\Authenticate-&gt;handle(Object(Illuminate\Http\Request), Object(Closure), 'sanctum')
#17 C:\Users\hedra\Desktop\Sourcecode\NexusV2\Nexus-backend\vendor\laravel\framework\src\Illuminate\Pipeline\Pipeline.php(137): Illuminate\Pipeline\Pipeline-&gt;{closure:{closure:Illuminate\Pipeline\Pipeline::carry():194}:195}(Object(Illuminate\Http\Request))
#18 C:\Users\hedra\Desktop\Sourcecode\NexusV2\Nexus-backend\vendor\laravel\framework\src\Illuminate\Routing\Router.php(821): Illuminate\Pipeline\Pipeline-&gt;then(Object(Closure))
#19 C:\Users\hedra\Desktop\Sourcecode\NexusV2\Nexus-backend\vendor\laravel\framework\src\Illuminate\Routing\Router.php(800): Illuminate\Routing\Router-&gt;runRouteWithinStack(Object(Illuminate\Routing\Route), Object(Illuminate\Http\Request))
#20 C:\Users\hedra\Desktop\Sourcecode\NexusV2\Nexus-backend\vendor\laravel\framework\src\Illuminate\Routing\Router.php(764): Illuminate\Routing\Router-&gt;runRoute(Object(Illuminate\Http\Request), Object(Illuminate\Routing\Route))
#21 C:\Users\hedra\Desktop\Sourcecode\NexusV2\Nexus-backend\vendor\laravel\framework\src\Illuminate\Routing\Router.php(753): Illuminate\Routing\Router-&gt;dispatchToRoute(Object(Illuminate\Http\Request))
#22 C:\Users\hedra\Desktop\Sourcecode\NexusV2\Nexus-backend\vendor\laravel\framework\src\Illuminate\Foundation\Http\Kernel.php(200): Illuminate\Routing\Router-&gt;dispatch(Object(Illuminate\Http\Request))
#23 C:\Users\hedra\Desktop\Sourcecode\NexusV2\Nexus-backend\vendor\laravel\framework\src\Illuminate\Pipeline\Pipeline.php(180): Illuminate\Foundation\Http\Kernel-&gt;{closure:Illuminate\Foundation\Http\Kernel::dispatchToRouter():197}(Object(Illuminate\Http\Request))
#24 C:\Users\hedra\Desktop\Sourcecode\NexusV2\Nexus-backend\app\Http\Middleware\AutoLoginDevMiddleware.php(29): Illuminate\Pipeline\Pipeline-&gt;{closure:Illuminate\Pipeline\Pipeline::prepareDestination():178}(Object(Illuminate\Http\Request))
#25 C:\Users\hedra\Desktop\Sourcecode\NexusV2\Nexus-backend\vendor\laravel\framework\src\Illuminate\Pipeline\Pipeline.php(219): App\Http\Middleware\AutoLoginDevMiddleware-&gt;handle(Object(Illuminate\Http\Request), Object(Closure))
#26 C:\Users\hedra\Desktop\Sourcecode\NexusV2\Nexus-backend\vendor\laravel\framework\src\Illuminate\Foundation\Http\Middleware\TransformsRequest.php(21): Illuminate\Pipeline\Pipeline-&gt;{closure:{closure:Illuminate\Pipeline\Pipeline::carry():194}:195}(Object(Illuminate\Http\Request))
#27 C:\Users\hedra\Desktop\Sourcecode\NexusV2\Nexus-backend\vendor\laravel\framework\src\Illuminate\Foundation\Http\Middleware\ConvertEmptyStringsToNull.php(31): Illuminate\Foundation\Http\Middleware\TransformsRequest-&gt;handle(Object(Illuminate\Http\Request), Object(Closure))
#28 C:\Users\hedra\Desktop\Sourcecode\NexusV2\Nexus-backend\vendor\laravel\framework\src\Illuminate\Pipeline\Pipeline.php(219): Illuminate\Foundation\Http\Middleware\ConvertEmptyStringsToNull-&gt;handle(Object(Illuminate\Http\Request), Object(Closure))
#29 C:\Users\hedra\Desktop\Sourcecode\NexusV2\Nexus-backend\vendor\laravel\framework\src\Illuminate\Foundation\Http\Middleware\TransformsRequest.php(21): Illuminate\Pipeline\Pipeline-&gt;{closure:{closure:Illuminate\Pipeline\Pipeline::carry():194}:195}(Object(Illuminate\Http\Request))
#30 C:\Users\hedra\Desktop\Sourcecode\NexusV2\Nexus-backend\vendor\laravel\framework\src\Illuminate\Foundation\Http\Middleware\TrimStrings.php(51): Illuminate\Foundation\Http\Middleware\TransformsRequest-&gt;handle(Object(Illuminate\Http\Request), Object(Closure))
#31 C:\Users\hedra\Desktop\Sourcecode\NexusV2\Nexus-backend\vendor\laravel\framework\src\Illuminate\Pipeline\Pipeline.php(219): Illuminate\Foundation\Http\Middleware\TrimStrings-&gt;handle(Object(Illuminate\Http\Request), Object(Closure))
#32 C:\Users\hedra\Desktop\Sourcecode\NexusV2\Nexus-backend\vendor\laravel\framework\src\Illuminate\Http\Middleware\ValidatePostSize.php(27): Illuminate\Pipeline\Pipeline-&gt;{closure:{closure:Illuminate\Pipeline\Pipeline::carry():194}:195}(Object(Illuminate\Http\Request))
#33 C:\Users\hedra\Desktop\Sourcecode\NexusV2\Nexus-backend\vendor\laravel\framework\src\Illuminate\Pipeline\Pipeline.php(219): Illuminate\Http\Middleware\ValidatePostSize-&gt;handle(Object(Illuminate\Http\Request), Object(Closure))
#34 C:\Users\hedra\Desktop\Sourcecode\NexusV2\Nexus-backend\vendor\laravel\framework\src\Illuminate\Foundation\Http\Middleware\PreventRequestsDuringMaintenance.php(109): Illuminate\Pipeline\Pipeline-&gt;{closure:{closure:Illuminate\Pipeline\Pipeline::carry():194}:195}(Object(Illuminate\Http\Request))
#35 C:\Users\hedra\Desktop\Sourcecode\NexusV2\Nexus-backend\vendor\laravel\framework\src\Illuminate\Pipeline\Pipeline.php(219): Illuminate\Foundation\Http\Middleware\PreventRequestsDuringMaintenance-&gt;handle(Object(Illuminate\Http\Request), Object(Closure))
#36 C:\Users\hedra\Desktop\Sourcecode\NexusV2\Nexus-backend\vendor\laravel\framework\src\Illuminate\Http\Middleware\HandleCors.php(74): Illuminate\Pipeline\Pipeline-&gt;{closure:{closure:Illuminate\Pipeline\Pipeline::carry():194}:195}(Object(Illuminate\Http\Request))
#37 C:\Users\hedra\Desktop\Sourcecode\NexusV2\Nexus-backend\vendor\laravel\framework\src\Illuminate\Pipeline\Pipeline.php(219): Illuminate\Http\Middleware\HandleCors-&gt;handle(Object(Illuminate\Http\Request), Object(Closure))
#38 C:\Users\hedra\Desktop\Sourcecode\NexusV2\Nexus-backend\vendor\laravel\framework\src\Illuminate\Http\Middleware\TrustProxies.php(58): Illuminate\Pipeline\Pipeline-&gt;{closure:{closure:Illuminate\Pipeline\Pipeline::carry():194}:195}(Object(Illuminate\Http\Request))
#39 C:\Users\hedra\Desktop\Sourcecode\NexusV2\Nexus-backend\vendor\laravel\framework\src\Illuminate\Pipeline\Pipeline.php(219): Illuminate\Http\Middleware\TrustProxies-&gt;handle(Object(Illuminate\Http\Request), Object(Closure))
#40 C:\Users\hedra\Desktop\Sourcecode\NexusV2\Nexus-backend\vendor\laravel\framework\src\Illuminate\Foundation\Http\Middleware\InvokeDeferredCallbacks.php(22): Illuminate\Pipeline\Pipeline-&gt;{closure:{closure:Illuminate\Pipeline\Pipeline::carry():194}:195}(Object(Illuminate\Http\Request))
#41 C:\Users\hedra\Desktop\Sourcecode\NexusV2\Nexus-backend\vendor\laravel\framework\src\Illuminate\Pipeline\Pipeline.php(219): Illuminate\Foundation\Http\Middleware\InvokeDeferredCallbacks-&gt;handle(Object(Illuminate\Http\Request), Object(Closure))
#42 C:\Users\hedra\Desktop\Sourcecode\NexusV2\Nexus-backend\vendor\laravel\framework\src\Illuminate\Http\Middleware\ValidatePathEncoding.php(28): Illuminate\Pipeline\Pipeline-&gt;{closure:{closure:Illuminate\Pipeline\Pipeline::carry():194}:195}(Object(Illuminate\Http\Request))
#43 C:\Users\hedra\Desktop\Sourcecode\NexusV2\Nexus-backend\vendor\laravel\framework\src\Illuminate\Pipeline\Pipeline.php(219): Illuminate\Http\Middleware\ValidatePathEncoding-&gt;handle(Object(Illuminate\Http\Request), Object(Closure))
#44 C:\Users\hedra\Desktop\Sourcecode\NexusV2\Nexus-backend\vendor\laravel\framework\src\Illuminate\Pipeline\Pipeline.php(137): Illuminate\Pipeline\Pipeline-&gt;{closure:{closure:Illuminate\Pipeline\Pipeline::carry():194}:195}(Object(Illuminate\Http\Request))
#45 C:\Users\hedra\Desktop\Sourcecode\NexusV2\Nexus-backend\vendor\laravel\framework\src\Illuminate\Foundation\Http\Kernel.php(175): Illuminate\Pipeline\Pipeline-&gt;then(Object(Closure))
#46 C:\Users\hedra\Desktop\Sourcecode\NexusV2\Nexus-backend\vendor\laravel\framework\src\Illuminate\Foundation\Http\Kernel.php(144): Illuminate\Foundation\Http\Kernel-&gt;sendRequestThroughRouter(Object(Illuminate\Http\Request))
#47 C:\Users\hedra\Desktop\Sourcecode\NexusV2\Nexus-backend\vendor\laravel\framework\src\Illuminate\Foundation\Testing\Concerns\MakesHttpRequests.php(607): Illuminate\Foundation\Http\Kernel-&gt;handle(Object(Illuminate\Http\Request))
#48 C:\Users\hedra\Desktop\Sourcecode\NexusV2\Nexus-backend\vendor\laravel\framework\src\Illuminate\Foundation\Testing\Concerns\MakesHttpRequests.php(573): Illuminate\Foundation\Testing\TestCase-&gt;call('POST', '/api/v1/setting...', Array, Array, Array, Array, '{"provider":"op...')
#49 C:\Users\hedra\Desktop\Sourcecode\NexusV2\Nexus-backend\vendor\laravel\framework\src\Illuminate\Foundation\Testing\Concerns\MakesHttpRequests.php(411): Illuminate\Foundation\Testing\TestCase-&gt;json('POST', '/api/v1/setting...', Array, Array, 0)
#50 C:\Users\hedra\Desktop\Sourcecode\NexusV2\Nexus-backend\tests\Feature\Http\Controllers\CredentialValidationEndpointTest.php(91): Illuminate\Foundation\Testing\TestCase-&gt;postJson('/api/v1/setting...', Array)
#51 C:\Users\hedra\Desktop\Sourcecode\NexusV2\Nexus-backend\vendor\phpunit\phpunit\src\Framework\TestCase.php(1667): Tests\Feature\Http\Controllers\CredentialValidationEndpointTest-&gt;test_validate_credential_with_inline_data()
#52 C:\Users\hedra\Desktop\Sourcecode\NexusV2\Nexus-backend\vendor\phpunit\phpunit\src\Framework\TestCase.php(519): PHPUnit\Framework\TestCase-&gt;runTest()
#53 C:\Users\hedra\Desktop\Sourcecode\NexusV2\Nexus-backend\vendor\phpunit\phpunit\src\Framework\TestRunner\TestRunner.php(87): PHPUnit\Framework\TestCase-&gt;runBare()
#54 C:\Users\hedra\Desktop\Sourcecode\NexusV2\Nexus-backend\vendor\phpunit\phpunit\src\Framework\TestCase.php(365): PHPUnit\Framework\TestRunner-&gt;run(Object(Tests\Feature\Http\Controllers\CredentialValidationEndpointTest))
#55 C:\Users\hedra\Desktop\Sourcecode\NexusV2\Nexus-backend\vendor\phpunit\phpunit\src\Framework\TestSuite.php(369): PHPUnit\Framework\TestCase-&gt;run()
#56 C:\Users\hedra\Desktop\Sourcecode\NexusV2\Nexus-backend\vendor\phpunit\phpunit\src\Framework\TestSuite.php(369): PHPUnit\Framework\TestSuite-&gt;run()
#57 C:\Users\hedra\Desktop\Sourcecode\NexusV2\Nexus-backend\vendor\phpunit\phpunit\src\Framework\TestSuite.php(369): PHPUnit\Framework\TestSuite-&gt;run()
#58 C:\Users\hedra\Desktop\Sourcecode\NexusV2\Nexus-backend\vendor\phpunit\phpunit\src\TextUI\TestRunner.php(64): PHPUnit\Framework\TestSuite-&gt;run()
#59 C:\Users\hedra\Desktop\Sourcecode\NexusV2\Nexus-backend\vendor\phpunit\phpunit\src\TextUI\Application.php(211): PHPUnit\TextUI\TestRunner-&gt;run(Object(PHPUnit\TextUI\Configuration\Configuration), Object(PHPUnit\Runner\ResultCache\DefaultResultCache), Object(PHPUnit\Framework\TestSuite))
#60 C:\Users\hedra\Desktop\Sourcecode\NexusV2\Nexus-backend\vendor\phpunit\phpunit\phpunit(104): PHPUnit\TextUI\Application-&gt;run(Array)
#61 C:\Users\hedra\Desktop\Sourcecode\NexusV2\Nexus-backend\vendor\bin\phpunit(122): include('C:\\Users\\hedra\\...')
#62 {main}

----------------------------------------------------------------------------------

App\Policies\SettingPolicy::create(): Return value must be of type bool, null returned
&#13;
C:\Users\hedra\Desktop\Sourcecode\NexusV2\Nexus-backend\vendor\laravel\framework\src\Illuminate\Testing\TestResponseAssert.php:45
C:\Users\hedra\Desktop\Sourcecode\NexusV2\Nexus-backend\vendor\laravel\framework\src\Illuminate\Testing\TestResponse.php:176
C:\Users\hedra\Desktop\Sourcecode\NexusV2\Nexus-backend\tests\Feature\Http\Controllers\CredentialValidationEndpointTest.php:96</failure>
        </testcase>
        <testcase name="test_unauthenticated_user_cannot_validate" file="C:\Users\hedra\Desktop\Sourcecode\NexusV2\Nexus-backend\tests\Feature\Http\Controllers\CredentialValidationEndpointTest.php" line="103" class="Tests\Feature\Http\Controllers\CredentialValidationEndpointTest" classname="Tests.Feature.Http.Controllers.CredentialValidationEndpointTest" assertions="1" time="0.077089"/>
        <testcase name="test_health_check_includes_reverb_status" file="C:\Users\hedra\Desktop\Sourcecode\NexusV2\Nexus-backend\tests\Feature\Http\Controllers\CredentialValidationEndpointTest.php" line="112" class="Tests\Feature\Http\Controllers\CredentialValidationEndpointTest" classname="Tests.Feature.Http.Controllers.CredentialValidationEndpointTest" assertions="1" time="0.099630">
          <failure type="PHPUnit\Framework\ExpectationFailedException">Tests\Feature\Http\Controllers\CredentialValidationEndpointTest::test_health_check_includes_reverb_status&#13;
Expected response status code [200] but received 500.
Failed asserting that 500 is identical to 200.&#13;
&#13;
The following exception occurred during the last request:

TypeError: App\Policies\SettingPolicy::create(): Return value must be of type bool, null returned in C:\Users\hedra\Desktop\Sourcecode\NexusV2\Nexus-backend\app\Policies\SettingPolicy.php:37
Stack trace:
#0 C:\Users\hedra\Desktop\Sourcecode\NexusV2\Nexus-backend\vendor\laravel\framework\src\Illuminate\Auth\Access\Gate.php(844): App\Policies\SettingPolicy-&gt;create(Object(App\Models\User))
#1 C:\Users\hedra\Desktop\Sourcecode\NexusV2\Nexus-backend\vendor\laravel\framework\src\Illuminate\Auth\Access\Gate.php(797): Illuminate\Auth\Access\Gate-&gt;callPolicyMethod(Object(App\Policies\SettingPolicy), 'create', Object(App\Models\User), Array)
#2 C:\Users\hedra\Desktop\Sourcecode\NexusV2\Nexus-backend\vendor\laravel\framework\src\Illuminate\Auth\Access\Gate.php(553): Illuminate\Auth\Access\Gate-&gt;{closure:Illuminate\Auth\Access\Gate::resolvePolicyCallback():780}(Object(App\Models\User), 'App\\Models\\Sett...')
#3 C:\Users\hedra\Desktop\Sourcecode\NexusV2\Nexus-backend\vendor\laravel\framework\src\Illuminate\Auth\Access\Gate.php(448): Illuminate\Auth\Access\Gate-&gt;callAuthCallback(Object(App\Models\User), 'create', Array)
#4 C:\Users\hedra\Desktop\Sourcecode\NexusV2\Nexus-backend\vendor\laravel\framework\src\Illuminate\Auth\Access\Gate.php(411): Illuminate\Auth\Access\Gate-&gt;raw('create', Array)
#5 C:\Users\hedra\Desktop\Sourcecode\NexusV2\Nexus-backend\vendor\laravel\framework\src\Illuminate\Auth\Access\Gate.php(398): Illuminate\Auth\Access\Gate-&gt;inspect('create', 'App\\Models\\Sett...')
#6 C:\Users\hedra\Desktop\Sourcecode\NexusV2\Nexus-backend\vendor\laravel\framework\src\Illuminate\Foundation\Auth\Access\AuthorizesRequests.php(25): Illuminate\Auth\Access\Gate-&gt;authorize('create', 'App\\Models\\Sett...')
#7 C:\Users\hedra\Desktop\Sourcecode\NexusV2\Nexus-backend\app\Http\Controllers\SettingController.php(478): App\Http\Controllers\Controller-&gt;authorize('create', 'App\\Models\\Sett...')
#8 C:\Users\hedra\Desktop\Sourcecode\NexusV2\Nexus-backend\vendor\laravel\framework\src\Illuminate\Routing\ControllerDispatcher.php(46): App\Http\Controllers\SettingController-&gt;healthStatus(Object(Illuminate\Http\Request))
#9 C:\Users\hedra\Desktop\Sourcecode\NexusV2\Nexus-backend\vendor\laravel\framework\src\Illuminate\Routing\Route.php(275): Illuminate\Routing\ControllerDispatcher-&gt;dispatch(Object(Illuminate\Routing\Route), Object(App\Http\Controllers\SettingController), 'healthStatus')
#10 C:\Users\hedra\Desktop\Sourcecode\NexusV2\Nexus-backend\vendor\laravel\framework\src\Illuminate\Routing\Route.php(215): Illuminate\Routing\Route-&gt;runController()
#11 C:\Users\hedra\Desktop\Sourcecode\NexusV2\Nexus-backend\vendor\laravel\framework\src\Illuminate\Routing\Router.php(822): Illuminate\Routing\Route-&gt;run()
#12 C:\Users\hedra\Desktop\Sourcecode\NexusV2\Nexus-backend\vendor\laravel\framework\src\Illuminate\Pipeline\Pipeline.php(180): Illuminate\Routing\Router-&gt;{closure:Illuminate\Routing\Router::runRouteWithinStack():821}(Object(Illuminate\Http\Request))
#13 C:\Users\hedra\Desktop\Sourcecode\NexusV2\Nexus-backend\vendor\laravel\framework\src\Illuminate\Routing\Middleware\SubstituteBindings.php(52): Illuminate\Pipeline\Pipeline-&gt;{closure:Illuminate\Pipeline\Pipeline::prepareDestination():178}(Object(Illuminate\Http\Request))
#14 C:\Users\hedra\Desktop\Sourcecode\NexusV2\Nexus-backend\vendor\laravel\framework\src\Illuminate\Pipeline\Pipeline.php(219): Illuminate\Routing\Middleware\SubstituteBindings-&gt;handle(Object(Illuminate\Http\Request), Object(Closure))
#15 C:\Users\hedra\Desktop\Sourcecode\NexusV2\Nexus-backend\vendor\laravel\framework\src\Illuminate\Auth\Middleware\Authenticate.php(63): Illuminate\Pipeline\Pipeline-&gt;{closure:{closure:Illuminate\Pipeline\Pipeline::carry():194}:195}(Object(Illuminate\Http\Request))
#16 C:\Users\hedra\Desktop\Sourcecode\NexusV2\Nexus-backend\vendor\laravel\framework\src\Illuminate\Pipeline\Pipeline.php(219): Illuminate\Auth\Middleware\Authenticate-&gt;handle(Object(Illuminate\Http\Request), Object(Closure), 'sanctum')
#17 C:\Users\hedra\Desktop\Sourcecode\NexusV2\Nexus-backend\vendor\laravel\framework\src\Illuminate\Pipeline\Pipeline.php(137): Illuminate\Pipeline\Pipeline-&gt;{closure:{closure:Illuminate\Pipeline\Pipeline::carry():194}:195}(Object(Illuminate\Http\Request))
#18 C:\Users\hedra\Desktop\Sourcecode\NexusV2\Nexus-backend\vendor\laravel\framework\src\Illuminate\Routing\Router.php(821): Illuminate\Pipeline\Pipeline-&gt;then(Object(Closure))
#19 C:\Users\hedra\Desktop\Sourcecode\NexusV2\Nexus-backend\vendor\laravel\framework\src\Illuminate\Routing\Router.php(800): Illuminate\Routing\Router-&gt;runRouteWithinStack(Object(Illuminate\Routing\Route), Object(Illuminate\Http\Request))
#20 C:\Users\hedra\Desktop\Sourcecode\NexusV2\Nexus-backend\vendor\laravel\framework\src\Illuminate\Routing\Router.php(764): Illuminate\Routing\Router-&gt;runRoute(Object(Illuminate\Http\Request), Object(Illuminate\Routing\Route))
#21 C:\Users\hedra\Desktop\Sourcecode\NexusV2\Nexus-backend\vendor\laravel\framework\src\Illuminate\Routing\Router.php(753): Illuminate\Routing\Router-&gt;dispatchToRoute(Object(Illuminate\Http\Request))
#22 C:\Users\hedra\Desktop\Sourcecode\NexusV2\Nexus-backend\vendor\laravel\framework\src\Illuminate\Foundation\Http\Kernel.php(200): Illuminate\Routing\Router-&gt;dispatch(Object(Illuminate\Http\Request))
#23 C:\Users\hedra\Desktop\Sourcecode\NexusV2\Nexus-backend\vendor\laravel\framework\src\Illuminate\Pipeline\Pipeline.php(180): Illuminate\Foundation\Http\Kernel-&gt;{closure:Illuminate\Foundation\Http\Kernel::dispatchToRouter():197}(Object(Illuminate\Http\Request))
#24 C:\Users\hedra\Desktop\Sourcecode\NexusV2\Nexus-backend\app\Http\Middleware\AutoLoginDevMiddleware.php(29): Illuminate\Pipeline\Pipeline-&gt;{closure:Illuminate\Pipeline\Pipeline::prepareDestination():178}(Object(Illuminate\Http\Request))
#25 C:\Users\hedra\Desktop\Sourcecode\NexusV2\Nexus-backend\vendor\laravel\framework\src\Illuminate\Pipeline\Pipeline.php(219): App\Http\Middleware\AutoLoginDevMiddleware-&gt;handle(Object(Illuminate\Http\Request), Object(Closure))
#26 C:\Users\hedra\Desktop\Sourcecode\NexusV2\Nexus-backend\vendor\laravel\framework\src\Illuminate\Foundation\Http\Middleware\TransformsRequest.php(21): Illuminate\Pipeline\Pipeline-&gt;{closure:{closure:Illuminate\Pipeline\Pipeline::carry():194}:195}(Object(Illuminate\Http\Request))
#27 C:\Users\hedra\Desktop\Sourcecode\NexusV2\Nexus-backend\vendor\laravel\framework\src\Illuminate\Foundation\Http\Middleware\ConvertEmptyStringsToNull.php(31): Illuminate\Foundation\Http\Middleware\TransformsRequest-&gt;handle(Object(Illuminate\Http\Request), Object(Closure))
#28 C:\Users\hedra\Desktop\Sourcecode\NexusV2\Nexus-backend\vendor\laravel\framework\src\Illuminate\Pipeline\Pipeline.php(219): Illuminate\Foundation\Http\Middleware\ConvertEmptyStringsToNull-&gt;handle(Object(Illuminate\Http\Request), Object(Closure))
#29 C:\Users\hedra\Desktop\Sourcecode\NexusV2\Nexus-backend\vendor\laravel\framework\src\Illuminate\Foundation\Http\Middleware\TransformsRequest.php(21): Illuminate\Pipeline\Pipeline-&gt;{closure:{closure:Illuminate\Pipeline\Pipeline::carry():194}:195}(Object(Illuminate\Http\Request))
#30 C:\Users\hedra\Desktop\Sourcecode\NexusV2\Nexus-backend\vendor\laravel\framework\src\Illuminate\Foundation\Http\Middleware\TrimStrings.php(51): Illuminate\Foundation\Http\Middleware\TransformsRequest-&gt;handle(Object(Illuminate\Http\Request), Object(Closure))
#31 C:\Users\hedra\Desktop\Sourcecode\NexusV2\Nexus-backend\vendor\laravel\framework\src\Illuminate\Pipeline\Pipeline.php(219): Illuminate\Foundation\Http\Middleware\TrimStrings-&gt;handle(Object(Illuminate\Http\Request), Object(Closure))
#32 C:\Users\hedra\Desktop\Sourcecode\NexusV2\Nexus-backend\vendor\laravel\framework\src\Illuminate\Http\Middleware\ValidatePostSize.php(27): Illuminate\Pipeline\Pipeline-&gt;{closure:{closure:Illuminate\Pipeline\Pipeline::carry():194}:195}(Object(Illuminate\Http\Request))
#33 C:\Users\hedra\Desktop\Sourcecode\NexusV2\Nexus-backend\vendor\laravel\framework\src\Illuminate\Pipeline\Pipeline.php(219): Illuminate\Http\Middleware\ValidatePostSize-&gt;handle(Object(Illuminate\Http\Request), Object(Closure))
#34 C:\Users\hedra\Desktop\Sourcecode\NexusV2\Nexus-backend\vendor\laravel\framework\src\Illuminate\Foundation\Http\Middleware\PreventRequestsDuringMaintenance.php(109): Illuminate\Pipeline\Pipeline-&gt;{closure:{closure:Illuminate\Pipeline\Pipeline::carry():194}:195}(Object(Illuminate\Http\Request))
#35 C:\Users\hedra\Desktop\Sourcecode\NexusV2\Nexus-backend\vendor\laravel\framework\src\Illuminate\Pipeline\Pipeline.php(219): Illuminate\Foundation\Http\Middleware\PreventRequestsDuringMaintenance-&gt;handle(Object(Illuminate\Http\Request), Object(Closure))
#36 C:\Users\hedra\Desktop\Sourcecode\NexusV2\Nexus-backend\vendor\laravel\framework\src\Illuminate\Http\Middleware\HandleCors.php(74): Illuminate\Pipeline\Pipeline-&gt;{closure:{closure:Illuminate\Pipeline\Pipeline::carry():194}:195}(Object(Illuminate\Http\Request))
#37 C:\Users\hedra\Desktop\Sourcecode\NexusV2\Nexus-backend\vendor\laravel\framework\src\Illuminate\Pipeline\Pipeline.php(219): Illuminate\Http\Middleware\HandleCors-&gt;handle(Object(Illuminate\Http\Request), Object(Closure))
#38 C:\Users\hedra\Desktop\Sourcecode\NexusV2\Nexus-backend\vendor\laravel\framework\src\Illuminate\Http\Middleware\TrustProxies.php(58): Illuminate\Pipeline\Pipeline-&gt;{closure:{closure:Illuminate\Pipeline\Pipeline::carry():194}:195}(Object(Illuminate\Http\Request))
#39 C:\Users\hedra\Desktop\Sourcecode\NexusV2\Nexus-backend\vendor\laravel\framework\src\Illuminate\Pipeline\Pipeline.php(219): Illuminate\Http\Middleware\TrustProxies-&gt;handle(Object(Illuminate\Http\Request), Object(Closure))
#40 C:\Users\hedra\Desktop\Sourcecode\NexusV2\Nexus-backend\vendor\laravel\framework\src\Illuminate\Foundation\Http\Middleware\InvokeDeferredCallbacks.php(22): Illuminate\Pipeline\Pipeline-&gt;{closure:{closure:Illuminate\Pipeline\Pipeline::carry():194}:195}(Object(Illuminate\Http\Request))
#41 C:\Users\hedra\Desktop\Sourcecode\NexusV2\Nexus-backend\vendor\laravel\framework\src\Illuminate\Pipeline\Pipeline.php(219): Illuminate\Foundation\Http\Middleware\InvokeDeferredCallbacks-&gt;handle(Object(Illuminate\Http\Request), Object(Closure))
#42 C:\Users\hedra\Desktop\Sourcecode\NexusV2\Nexus-backend\vendor\laravel\framework\src\Illuminate\Http\Middleware\ValidatePathEncoding.php(28): Illuminate\Pipeline\Pipeline-&gt;{closure:{closure:Illuminate\Pipeline\Pipeline::carry():194}:195}(Object(Illuminate\Http\Request))
#43 C:\Users\hedra\Desktop\Sourcecode\NexusV2\Nexus-backend\vendor\laravel\framework\src\Illuminate\Pipeline\Pipeline.php(219): Illuminate\Http\Middleware\ValidatePathEncoding-&gt;handle(Object(Illuminate\Http\Request), Object(Closure))
#44 C:\Users\hedra\Desktop\Sourcecode\NexusV2\Nexus-backend\vendor\laravel\framework\src\Illuminate\Pipeline\Pipeline.php(137): Illuminate\Pipeline\Pipeline-&gt;{closure:{closure:Illuminate\Pipeline\Pipeline::carry():194}:195}(Object(Illuminate\Http\Request))
#45 C:\Users\hedra\Desktop\Sourcecode\NexusV2\Nexus-backend\vendor\laravel\framework\src\Illuminate\Foundation\Http\Kernel.php(175): Illuminate\Pipeline\Pipeline-&gt;then(Object(Closure))
#46 C:\Users\hedra\Desktop\Sourcecode\NexusV2\Nexus-backend\vendor\laravel\framework\src\Illuminate\Foundation\Http\Kernel.php(144): Illuminate\Foundation\Http\Kernel-&gt;sendRequestThroughRouter(Object(Illuminate\Http\Request))
#47 C:\Users\hedra\Desktop\Sourcecode\NexusV2\Nexus-backend\vendor\laravel\framework\src\Illuminate\Foundation\Testing\Concerns\MakesHttpRequests.php(607): Illuminate\Foundation\Http\Kernel-&gt;handle(Object(Illuminate\Http\Request))
#48 C:\Users\hedra\Desktop\Sourcecode\NexusV2\Nexus-backend\vendor\laravel\framework\src\Illuminate\Foundation\Testing\Concerns\MakesHttpRequests.php(573): Illuminate\Foundation\Testing\TestCase-&gt;call('GET', '/api/v1/setting...', Array, Array, Array, Array, '[]')
#49 C:\Users\hedra\Desktop\Sourcecode\NexusV2\Nexus-backend\vendor\laravel\framework\src\Illuminate\Foundation\Testing\Concerns\MakesHttpRequests.php(381): Illuminate\Foundation\Testing\TestCase-&gt;json('GET', '/api/v1/setting...', Array, Array, 0)
#50 C:\Users\hedra\Desktop\Sourcecode\NexusV2\Nexus-backend\tests\Feature\Http\Controllers\CredentialValidationEndpointTest.php(115): Illuminate\Foundation\Testing\TestCase-&gt;getJson('/api/v1/setting...')
#51 C:\Users\hedra\Desktop\Sourcecode\NexusV2\Nexus-backend\vendor\phpunit\phpunit\src\Framework\TestCase.php(1667): Tests\Feature\Http\Controllers\CredentialValidationEndpointTest-&gt;test_health_check_includes_reverb_status()
#52 C:\Users\hedra\Desktop\Sourcecode\NexusV2\Nexus-backend\vendor\phpunit\phpunit\src\Framework\TestCase.php(519): PHPUnit\Framework\TestCase-&gt;runTest()
#53 C:\Users\hedra\Desktop\Sourcecode\NexusV2\Nexus-backend\vendor\phpunit\phpunit\src\Framework\TestRunner\TestRunner.php(87): PHPUnit\Framework\TestCase-&gt;runBare()
#54 C:\Users\hedra\Desktop\Sourcecode\NexusV2\Nexus-backend\vendor\phpunit\phpunit\src\Framework\TestCase.php(365): PHPUnit\Framework\TestRunner-&gt;run(Object(Tests\Feature\Http\Controllers\CredentialValidationEndpointTest))
#55 C:\Users\hedra\Desktop\Sourcecode\NexusV2\Nexus-backend\vendor\phpunit\phpunit\src\Framework\TestSuite.php(369): PHPUnit\Framework\TestCase-&gt;run()
#56 C:\Users\hedra\Desktop\Sourcecode\NexusV2\Nexus-backend\vendor\phpunit\phpunit\src\Framework\TestSuite.php(369): PHPUnit\Framework\TestSuite-&gt;run()
#57 C:\Users\hedra\Desktop\Sourcecode\NexusV2\Nexus-backend\vendor\phpunit\phpunit\src\Framework\TestSuite.php(369): PHPUnit\Framework\TestSuite-&gt;run()
#58 C:\Users\hedra\Desktop\Sourcecode\NexusV2\Nexus-backend\vendor\phpunit\phpunit\src\TextUI\TestRunner.php(64): PHPUnit\Framework\TestSuite-&gt;run()
#59 C:\Users\hedra\Desktop\Sourcecode\NexusV2\Nexus-backend\vendor\phpunit\phpunit\src\TextUI\Application.php(211): PHPUnit\TextUI\TestRunner-&gt;run(Object(PHPUnit\TextUI\Configuration\Configuration), Object(PHPUnit\Runner\ResultCache\DefaultResultCache), Object(PHPUnit\Framework\TestSuite))
#60 C:\Users\hedra\Desktop\Sourcecode\NexusV2\Nexus-backend\vendor\phpunit\phpunit\phpunit(104): PHPUnit\TextUI\Application-&gt;run(Array)
#61 C:\Users\hedra\Desktop\Sourcecode\NexusV2\Nexus-backend\vendor\bin\phpunit(122): include('C:\\Users\\hedra\\...')
#62 {main}

----------------------------------------------------------------------------------

App\Policies\SettingPolicy::create(): Return value must be of type bool, null returned
&#13;
C:\Users\hedra\Desktop\Sourcecode\NexusV2\Nexus-backend\vendor\laravel\framework\src\Illuminate\Testing\TestResponseAssert.php:45
C:\Users\hedra\Desktop\Sourcecode\NexusV2\Nexus-backend\vendor\laravel\framework\src\Illuminate\Testing\TestResponse.php:176
C:\Users\hedra\Desktop\Sourcecode\NexusV2\Nexus-backend\tests\Feature\Http\Controllers\CredentialValidationEndpointTest.php:117</failure>
        </testcase>
        <testcase name="test_health_check_includes_credential_summary" file="C:\Users\hedra\Desktop\Sourcecode\NexusV2\Nexus-backend\tests\Feature\Http\Controllers\CredentialValidationEndpointTest.php" line="125" class="Tests\Feature\Http\Controllers\CredentialValidationEndpointTest" classname="Tests.Feature.Http.Controllers.CredentialValidationEndpointTest" assertions="1" time="0.076360">
          <failure type="PHPUnit\Framework\ExpectationFailedException">Tests\Feature\Http\Controllers\CredentialValidationEndpointTest::test_health_check_includes_credential_summary&#13;
Expected response status code [200] but received 500.
Failed asserting that 500 is identical to 200.&#13;
&#13;
The following exception occurred during the last request:

TypeError: App\Policies\SettingPolicy::create(): Return value must be of type bool, null returned in C:\Users\hedra\Desktop\Sourcecode\NexusV2\Nexus-backend\app\Policies\SettingPolicy.php:37
Stack trace:
#0 C:\Users\hedra\Desktop\Sourcecode\NexusV2\Nexus-backend\vendor\laravel\framework\src\Illuminate\Auth\Access\Gate.php(844): App\Policies\SettingPolicy-&gt;create(Object(App\Models\User))
#1 C:\Users\hedra\Desktop\Sourcecode\NexusV2\Nexus-backend\vendor\laravel\framework\src\Illuminate\Auth\Access\Gate.php(797): Illuminate\Auth\Access\Gate-&gt;callPolicyMethod(Object(App\Policies\SettingPolicy), 'create', Object(App\Models\User), Array)
#2 C:\Users\hedra\Desktop\Sourcecode\NexusV2\Nexus-backend\vendor\laravel\framework\src\Illuminate\Auth\Access\Gate.php(553): Illuminate\Auth\Access\Gate-&gt;{closure:Illuminate\Auth\Access\Gate::resolvePolicyCallback():780}(Object(App\Models\User), 'App\\Models\\Sett...')
#3 C:\Users\hedra\Desktop\Sourcecode\NexusV2\Nexus-backend\vendor\laravel\framework\src\Illuminate\Auth\Access\Gate.php(448): Illuminate\Auth\Access\Gate-&gt;callAuthCallback(Object(App\Models\User), 'create', Array)
#4 C:\Users\hedra\Desktop\Sourcecode\NexusV2\Nexus-backend\vendor\laravel\framework\src\Illuminate\Auth\Access\Gate.php(411): Illuminate\Auth\Access\Gate-&gt;raw('create', Array)
#5 C:\Users\hedra\Desktop\Sourcecode\NexusV2\Nexus-backend\vendor\laravel\framework\src\Illuminate\Auth\Access\Gate.php(398): Illuminate\Auth\Access\Gate-&gt;inspect('create', 'App\\Models\\Sett...')
#6 C:\Users\hedra\Desktop\Sourcecode\NexusV2\Nexus-backend\vendor\laravel\framework\src\Illuminate\Foundation\Auth\Access\AuthorizesRequests.php(25): Illuminate\Auth\Access\Gate-&gt;authorize('create', 'App\\Models\\Sett...')
#7 C:\Users\hedra\Desktop\Sourcecode\NexusV2\Nexus-backend\app\Http\Controllers\SettingController.php(478): App\Http\Controllers\Controller-&gt;authorize('create', 'App\\Models\\Sett...')
#8 C:\Users\hedra\Desktop\Sourcecode\NexusV2\Nexus-backend\vendor\laravel\framework\src\Illuminate\Routing\ControllerDispatcher.php(46): App\Http\Controllers\SettingController-&gt;healthStatus(Object(Illuminate\Http\Request))
#9 C:\Users\hedra\Desktop\Sourcecode\NexusV2\Nexus-backend\vendor\laravel\framework\src\Illuminate\Routing\Route.php(275): Illuminate\Routing\ControllerDispatcher-&gt;dispatch(Object(Illuminate\Routing\Route), Object(App\Http\Controllers\SettingController), 'healthStatus')
#10 C:\Users\hedra\Desktop\Sourcecode\NexusV2\Nexus-backend\vendor\laravel\framework\src\Illuminate\Routing\Route.php(215): Illuminate\Routing\Route-&gt;runController()
#11 C:\Users\hedra\Desktop\Sourcecode\NexusV2\Nexus-backend\vendor\laravel\framework\src\Illuminate\Routing\Router.php(822): Illuminate\Routing\Route-&gt;run()
#12 C:\Users\hedra\Desktop\Sourcecode\NexusV2\Nexus-backend\vendor\laravel\framework\src\Illuminate\Pipeline\Pipeline.php(180): Illuminate\Routing\Router-&gt;{closure:Illuminate\Routing\Router::runRouteWithinStack():821}(Object(Illuminate\Http\Request))
#13 C:\Users\hedra\Desktop\Sourcecode\NexusV2\Nexus-backend\vendor\laravel\framework\src\Illuminate\Routing\Middleware\SubstituteBindings.php(52): Illuminate\Pipeline\Pipeline-&gt;{closure:Illuminate\Pipeline\Pipeline::prepareDestination():178}(Object(Illuminate\Http\Request))
#14 C:\Users\hedra\Desktop\Sourcecode\NexusV2\Nexus-backend\vendor\laravel\framework\src\Illuminate\Pipeline\Pipeline.php(219): Illuminate\Routing\Middleware\SubstituteBindings-&gt;handle(Object(Illuminate\Http\Request), Object(Closure))
#15 C:\Users\hedra\Desktop\Sourcecode\NexusV2\Nexus-backend\vendor\laravel\framework\src\Illuminate\Auth\Middleware\Authenticate.php(63): Illuminate\Pipeline\Pipeline-&gt;{closure:{closure:Illuminate\Pipeline\Pipeline::carry():194}:195}(Object(Illuminate\Http\Request))
#16 C:\Users\hedra\Desktop\Sourcecode\NexusV2\Nexus-backend\vendor\laravel\framework\src\Illuminate\Pipeline\Pipeline.php(219): Illuminate\Auth\Middleware\Authenticate-&gt;handle(Object(Illuminate\Http\Request), Object(Closure), 'sanctum')
#17 C:\Users\hedra\Desktop\Sourcecode\NexusV2\Nexus-backend\vendor\laravel\framework\src\Illuminate\Pipeline\Pipeline.php(137): Illuminate\Pipeline\Pipeline-&gt;{closure:{closure:Illuminate\Pipeline\Pipeline::carry():194}:195}(Object(Illuminate\Http\Request))
#18 C:\Users\hedra\Desktop\Sourcecode\NexusV2\Nexus-backend\vendor\laravel\framework\src\Illuminate\Routing\Router.php(821): Illuminate\Pipeline\Pipeline-&gt;then(Object(Closure))
#19 C:\Users\hedra\Desktop\Sourcecode\NexusV2\Nexus-backend\vendor\laravel\framework\src\Illuminate\Routing\Router.php(800): Illuminate\Routing\Router-&gt;runRouteWithinStack(Object(Illuminate\Routing\Route), Object(Illuminate\Http\Request))
#20 C:\Users\hedra\Desktop\Sourcecode\NexusV2\Nexus-backend\vendor\laravel\framework\src\Illuminate\Routing\Router.php(764): Illuminate\Routing\Router-&gt;runRoute(Object(Illuminate\Http\Request), Object(Illuminate\Routing\Route))
#21 C:\Users\hedra\Desktop\Sourcecode\NexusV2\Nexus-backend\vendor\laravel\framework\src\Illuminate\Routing\Router.php(753): Illuminate\Routing\Router-&gt;dispatchToRoute(Object(Illuminate\Http\Request))
#22 C:\Users\hedra\Desktop\Sourcecode\NexusV2\Nexus-backend\vendor\laravel\framework\src\Illuminate\Foundation\Http\Kernel.php(200): Illuminate\Routing\Router-&gt;dispatch(Object(Illuminate\Http\Request))
#23 C:\Users\hedra\Desktop\Sourcecode\NexusV2\Nexus-backend\vendor\laravel\framework\src\Illuminate\Pipeline\Pipeline.php(180): Illuminate\Foundation\Http\Kernel-&gt;{closure:Illuminate\Foundation\Http\Kernel::dispatchToRouter():197}(Object(Illuminate\Http\Request))
#24 C:\Users\hedra\Desktop\Sourcecode\NexusV2\Nexus-backend\app\Http\Middleware\AutoLoginDevMiddleware.php(29): Illuminate\Pipeline\Pipeline-&gt;{closure:Illuminate\Pipeline\Pipeline::prepareDestination():178}(Object(Illuminate\Http\Request))
#25 C:\Users\hedra\Desktop\Sourcecode\NexusV2\Nexus-backend\vendor\laravel\framework\src\Illuminate\Pipeline\Pipeline.php(219): App\Http\Middleware\AutoLoginDevMiddleware-&gt;handle(Object(Illuminate\Http\Request), Object(Closure))
#26 C:\Users\hedra\Desktop\Sourcecode\NexusV2\Nexus-backend\vendor\laravel\framework\src\Illuminate\Foundation\Http\Middleware\TransformsRequest.php(21): Illuminate\Pipeline\Pipeline-&gt;{closure:{closure:Illuminate\Pipeline\Pipeline::carry():194}:195}(Object(Illuminate\Http\Request))
#27 C:\Users\hedra\Desktop\Sourcecode\NexusV2\Nexus-backend\vendor\laravel\framework\src\Illuminate\Foundation\Http\Middleware\ConvertEmptyStringsToNull.php(31): Illuminate\Foundation\Http\Middleware\TransformsRequest-&gt;handle(Object(Illuminate\Http\Request), Object(Closure))
#28 C:\Users\hedra\Desktop\Sourcecode\NexusV2\Nexus-backend\vendor\laravel\framework\src\Illuminate\Pipeline\Pipeline.php(219): Illuminate\Foundation\Http\Middleware\ConvertEmptyStringsToNull-&gt;handle(Object(Illuminate\Http\Request), Object(Closure))
#29 C:\Users\hedra\Desktop\Sourcecode\NexusV2\Nexus-backend\vendor\laravel\framework\src\Illuminate\Foundation\Http\Middleware\TransformsRequest.php(21): Illuminate\Pipeline\Pipeline-&gt;{closure:{closure:Illuminate\Pipeline\Pipeline::carry():194}:195}(Object(Illuminate\Http\Request))
#30 C:\Users\hedra\Desktop\Sourcecode\NexusV2\Nexus-backend\vendor\laravel\framework\src\Illuminate\Foundation\Http\Middleware\TrimStrings.php(51): Illuminate\Foundation\Http\Middleware\TransformsRequest-&gt;handle(Object(Illuminate\Http\Request), Object(Closure))
#31 C:\Users\hedra\Desktop\Sourcecode\NexusV2\Nexus-backend\vendor\laravel\framework\src\Illuminate\Pipeline\Pipeline.php(219): Illuminate\Foundation\Http\Middleware\TrimStrings-&gt;handle(Object(Illuminate\Http\Request), Object(Closure))
#32 C:\Users\hedra\Desktop\Sourcecode\NexusV2\Nexus-backend\vendor\laravel\framework\src\Illuminate\Http\Middleware\ValidatePostSize.php(27): Illuminate\Pipeline\Pipeline-&gt;{closure:{closure:Illuminate\Pipeline\Pipeline::carry():194}:195}(Object(Illuminate\Http\Request))
#33 C:\Users\hedra\Desktop\Sourcecode\NexusV2\Nexus-backend\vendor\laravel\framework\src\Illuminate\Pipeline\Pipeline.php(219): Illuminate\Http\Middleware\ValidatePostSize-&gt;handle(Object(Illuminate\Http\Request), Object(Closure))
#34 C:\Users\hedra\Desktop\Sourcecode\NexusV2\Nexus-backend\vendor\laravel\framework\src\Illuminate\Foundation\Http\Middleware\PreventRequestsDuringMaintenance.php(109): Illuminate\Pipeline\Pipeline-&gt;{closure:{closure:Illuminate\Pipeline\Pipeline::carry():194}:195}(Object(Illuminate\Http\Request))
#35 C:\Users\hedra\Desktop\Sourcecode\NexusV2\Nexus-backend\vendor\laravel\framework\src\Illuminate\Pipeline\Pipeline.php(219): Illuminate\Foundation\Http\Middleware\PreventRequestsDuringMaintenance-&gt;handle(Object(Illuminate\Http\Request), Object(Closure))
#36 C:\Users\hedra\Desktop\Sourcecode\NexusV2\Nexus-backend\vendor\laravel\framework\src\Illuminate\Http\Middleware\HandleCors.php(74): Illuminate\Pipeline\Pipeline-&gt;{closure:{closure:Illuminate\Pipeline\Pipeline::carry():194}:195}(Object(Illuminate\Http\Request))
#37 C:\Users\hedra\Desktop\Sourcecode\NexusV2\Nexus-backend\vendor\laravel\framework\src\Illuminate\Pipeline\Pipeline.php(219): Illuminate\Http\Middleware\HandleCors-&gt;handle(Object(Illuminate\Http\Request), Object(Closure))
#38 C:\Users\hedra\Desktop\Sourcecode\NexusV2\Nexus-backend\vendor\laravel\framework\src\Illuminate\Http\Middleware\TrustProxies.php(58): Illuminate\Pipeline\Pipeline-&gt;{closure:{closure:Illuminate\Pipeline\Pipeline::carry():194}:195}(Object(Illuminate\Http\Request))
#39 C:\Users\hedra\Desktop\Sourcecode\NexusV2\Nexus-backend\vendor\laravel\framework\src\Illuminate\Pipeline\Pipeline.php(219): Illuminate\Http\Middleware\TrustProxies-&gt;handle(Object(Illuminate\Http\Request), Object(Closure))
#40 C:\Users\hedra\Desktop\Sourcecode\NexusV2\Nexus-backend\vendor\laravel\framework\src\Illuminate\Foundation\Http\Middleware\InvokeDeferredCallbacks.php(22): Illuminate\Pipeline\Pipeline-&gt;{closure:{closure:Illuminate\Pipeline\Pipeline::carry():194}:195}(Object(Illuminate\Http\Request))
#41 C:\Users\hedra\Desktop\Sourcecode\NexusV2\Nexus-backend\vendor\laravel\framework\src\Illuminate\Pipeline\Pipeline.php(219): Illuminate\Foundation\Http\Middleware\InvokeDeferredCallbacks-&gt;handle(Object(Illuminate\Http\Request), Object(Closure))
#42 C:\Users\hedra\Desktop\Sourcecode\NexusV2\Nexus-backend\vendor\laravel\framework\src\Illuminate\Http\Middleware\ValidatePathEncoding.php(28): Illuminate\Pipeline\Pipeline-&gt;{closure:{closure:Illuminate\Pipeline\Pipeline::carry():194}:195}(Object(Illuminate\Http\Request))
#43 C:\Users\hedra\Desktop\Sourcecode\NexusV2\Nexus-backend\vendor\laravel\framework\src\Illuminate\Pipeline\Pipeline.php(219): Illuminate\Http\Middleware\ValidatePathEncoding-&gt;handle(Object(Illuminate\Http\Request), Object(Closure))
#44 C:\Users\hedra\Desktop\Sourcecode\NexusV2\Nexus-backend\vendor\laravel\framework\src\Illuminate\Pipeline\Pipeline.php(137): Illuminate\Pipeline\Pipeline-&gt;{closure:{closure:Illuminate\Pipeline\Pipeline::carry():194}:195}(Object(Illuminate\Http\Request))
#45 C:\Users\hedra\Desktop\Sourcecode\NexusV2\Nexus-backend\vendor\laravel\framework\src\Illuminate\Foundation\Http\Kernel.php(175): Illuminate\Pipeline\Pipeline-&gt;then(Object(Closure))
#46 C:\Users\hedra\Desktop\Sourcecode\NexusV2\Nexus-backend\vendor\laravel\framework\src\Illuminate\Foundation\Http\Kernel.php(144): Illuminate\Foundation\Http\Kernel-&gt;sendRequestThroughRouter(Object(Illuminate\Http\Request))
#47 C:\Users\hedra\Desktop\Sourcecode\NexusV2\Nexus-backend\vendor\laravel\framework\src\Illuminate\Foundation\Testing\Concerns\MakesHttpRequests.php(607): Illuminate\Foundation\Http\Kernel-&gt;handle(Object(Illuminate\Http\Request))
#48 C:\Users\hedra\Desktop\Sourcecode\NexusV2\Nexus-backend\vendor\laravel\framework\src\Illuminate\Foundation\Testing\Concerns\MakesHttpRequests.php(573): Illuminate\Foundation\Testing\TestCase-&gt;call('GET', '/api/v1/setting...', Array, Array, Array, Array, '[]')
#49 C:\Users\hedra\Desktop\Sourcecode\NexusV2\Nexus-backend\vendor\laravel\framework\src\Illuminate\Foundation\Testing\Concerns\MakesHttpRequests.php(381): Illuminate\Foundation\Testing\TestCase-&gt;json('GET', '/api/v1/setting...', Array, Array, 0)
#50 C:\Users\hedra\Desktop\Sourcecode\NexusV2\Nexus-backend\tests\Feature\Http\Controllers\CredentialValidationEndpointTest.php(130): Illuminate\Foundation\Testing\TestCase-&gt;getJson('/api/v1/setting...')
#51 C:\Users\hedra\Desktop\Sourcecode\NexusV2\Nexus-backend\vendor\phpunit\phpunit\src\Framework\TestCase.php(1667): Tests\Feature\Http\Controllers\CredentialValidationEndpointTest-&gt;test_health_check_includes_credential_summary()
#52 C:\Users\hedra\Desktop\Sourcecode\NexusV2\Nexus-backend\vendor\phpunit\phpunit\src\Framework\TestCase.php(519): PHPUnit\Framework\TestCase-&gt;runTest()
#53 C:\Users\hedra\Desktop\Sourcecode\NexusV2\Nexus-backend\vendor\phpunit\phpunit\src\Framework\TestRunner\TestRunner.php(87): PHPUnit\Framework\TestCase-&gt;runBare()
#54 C:\Users\hedra\Desktop\Sourcecode\NexusV2\Nexus-backend\vendor\phpunit\phpunit\src\Framework\TestCase.php(365): PHPUnit\Framework\TestRunner-&gt;run(Object(Tests\Feature\Http\Controllers\CredentialValidationEndpointTest))
#55 C:\Users\hedra\Desktop\Sourcecode\NexusV2\Nexus-backend\vendor\phpunit\phpunit\src\Framework\TestSuite.php(369): PHPUnit\Framework\TestCase-&gt;run()
#56 C:\Users\hedra\Desktop\Sourcecode\NexusV2\Nexus-backend\vendor\phpunit\phpunit\src\Framework\TestSuite.php(369): PHPUnit\Framework\TestSuite-&gt;run()
#57 C:\Users\hedra\Desktop\Sourcecode\NexusV2\Nexus-backend\vendor\phpunit\phpunit\src\Framework\TestSuite.php(369): PHPUnit\Framework\TestSuite-&gt;run()
#58 C:\Users\hedra\Desktop\Sourcecode\NexusV2\Nexus-backend\vendor\phpunit\phpunit\src\TextUI\TestRunner.php(64): PHPUnit\Framework\TestSuite-&gt;run()
#59 C:\Users\hedra\Desktop\Sourcecode\NexusV2\Nexus-backend\vendor\phpunit\phpunit\src\TextUI\Application.php(211): PHPUnit\TextUI\TestRunner-&gt;run(Object(PHPUnit\TextUI\Configuration\Configuration), Object(PHPUnit\Runner\ResultCache\DefaultResultCache), Object(PHPUnit\Framework\TestSuite))
#60 C:\Users\hedra\Desktop\Sourcecode\NexusV2\Nexus-backend\vendor\phpunit\phpunit\phpunit(104): PHPUnit\TextUI\Application-&gt;run(Array)
#61 C:\Users\hedra\Desktop\Sourcecode\NexusV2\Nexus-backend\vendor\bin\phpunit(122): include('C:\\Users\\hedra\\...')
#62 {main}

----------------------------------------------------------------------------------

App\Policies\SettingPolicy::create(): Return value must be of type bool, null returned
&#13;
C:\Users\hedra\Desktop\Sourcecode\NexusV2\Nexus-backend\vendor\laravel\framework\src\Illuminate\Testing\TestResponseAssert.php:45
C:\Users\hedra\Desktop\Sourcecode\NexusV2\Nexus-backend\vendor\laravel\framework\src\Illuminate\Testing\TestResponse.php:176
C:\Users\hedra\Desktop\Sourcecode\NexusV2\Nexus-backend\tests\Feature\Http\Controllers\CredentialValidationEndpointTest.php:132</failure>
        </testcase>
      </testsuite>
      <testsuite name="Tests\Feature\Http\Controllers\SettingsHubAdminControllerTest" file="C:\Users\hedra\Desktop\Sourcecode\NexusV2\Nexus-backend\tests\Feature\Http\Controllers\SettingsHubAdminControllerTest.php" tests="13" assertions="0" errors="13" failures="0" skipped="0" time="0.000000">
        <testcase name="test_dashboard_overview_returns_statistics" file="C:\Users\hedra\Desktop\Sourcecode\NexusV2\Nexus-backend\tests\Feature\Http\Controllers\SettingsHubAdminControllerTest.php" line="30" class="Tests\Feature\Http\Controllers\SettingsHubAdminControllerTest" classname="Tests.Feature.Http.Controllers.SettingsHubAdminControllerTest" assertions="0" time="0.000000">
          <error type="Illuminate\Database\QueryException">Tests\Feature\Http\Controllers\SettingsHubAdminControllerTest::test_dashboard_overview_returns_statistics&#13;
Illuminate\Database\QueryException: SQLSTATE[HY000]: General error: 1 table users has no column named role (Connection: sqlite, Database: :memory:, SQL: insert into "users" ("name", "email", "email_verified_at", "password", "remember_token", "role", "updated_at", "created_at") values (Enola Goyette, mccullough.ike@example.org, 2026-06-24 04:28:51, $2y$04$7InFDCfhGHqyx0paakZf3ukYBwSP6PfXMIC2yMbkYBE1kCmSR78Ie, vw2Qx17AJy, super_admin, 2026-06-24 04:28:51, 2026-06-24 04:28:51))
&#13;
C:\Users\hedra\Desktop\Sourcecode\NexusV2\Nexus-backend\vendor\laravel\framework\src\Illuminate\Database\Connection.php:857
C:\Users\hedra\Desktop\Sourcecode\NexusV2\Nexus-backend\vendor\laravel\framework\src\Illuminate\Database\Connection.php:813
C:\Users\hedra\Desktop\Sourcecode\NexusV2\Nexus-backend\vendor\laravel\framework\src\Illuminate\Database\Connection.php:590
C:\Users\hedra\Desktop\Sourcecode\NexusV2\Nexus-backend\vendor\laravel\framework\src\Illuminate\Database\Connection.php:554
C:\Users\hedra\Desktop\Sourcecode\NexusV2\Nexus-backend\vendor\laravel\framework\src\Illuminate\Database\Query\Processors\Processor.php:32
C:\Users\hedra\Desktop\Sourcecode\NexusV2\Nexus-backend\vendor\laravel\framework\src\Illuminate\Database\Query\Builder.php:4257
C:\Users\hedra\Desktop\Sourcecode\NexusV2\Nexus-backend\vendor\laravel\framework\src\Illuminate\Database\Eloquent\Builder.php:2271
C:\Users\hedra\Desktop\Sourcecode\NexusV2\Nexus-backend\vendor\laravel\framework\src\Illuminate\Database\Eloquent\Model.php:1662
C:\Users\hedra\Desktop\Sourcecode\NexusV2\Nexus-backend\vendor\laravel\framework\src\Illuminate\Database\Eloquent\Model.php:1578
C:\Users\hedra\Desktop\Sourcecode\NexusV2\Nexus-backend\vendor\laravel\framework\src\Illuminate\Database\Eloquent\Model.php:1382
C:\Users\hedra\Desktop\Sourcecode\NexusV2\Nexus-backend\vendor\laravel\framework\src\Illuminate\Database\Eloquent\Factories\Factory.php:379
C:\Users\hedra\Desktop\Sourcecode\NexusV2\Nexus-backend\vendor\laravel\framework\src\Illuminate\Collections\Traits\EnumeratesValues.php:275
C:\Users\hedra\Desktop\Sourcecode\NexusV2\Nexus-backend\vendor\laravel\framework\src\Illuminate\Database\Eloquent\Factories\Factory.php:374
C:\Users\hedra\Desktop\Sourcecode\NexusV2\Nexus-backend\vendor\laravel\framework\src\Illuminate\Database\Eloquent\Factories\Factory.php:330
C:\Users\hedra\Desktop\Sourcecode\NexusV2\Nexus-backend\vendor\laravel\framework\src\Illuminate\Database\Eloquent\Factories\Factory.php:324
C:\Users\hedra\Desktop\Sourcecode\NexusV2\Nexus-backend\tests\Feature\Http\Controllers\SettingsHubAdminControllerTest.php:25</error>
        </testcase>
        <testcase name="test_dashboard_overview_requires_authorization" file="C:\Users\hedra\Desktop\Sourcecode\NexusV2\Nexus-backend\tests\Feature\Http\Controllers\SettingsHubAdminControllerTest.php" line="64" class="Tests\Feature\Http\Controllers\SettingsHubAdminControllerTest" classname="Tests.Feature.Http.Controllers.SettingsHubAdminControllerTest" assertions="0" time="0.000000">
          <error type="Illuminate\Database\QueryException">Tests\Feature\Http\Controllers\SettingsHubAdminControllerTest::test_dashboard_overview_requires_authorization&#13;
Illuminate\Database\QueryException: SQLSTATE[HY000]: General error: 1 table users has no column named role (Connection: sqlite, Database: :memory:, SQL: insert into "users" ("name", "email", "email_verified_at", "password", "remember_token", "role", "updated_at", "created_at") values (Prof. Seamus Hamill, wisoky.hayden@example.net, 2026-06-24 04:28:51, $2y$04$7InFDCfhGHqyx0paakZf3ukYBwSP6PfXMIC2yMbkYBE1kCmSR78Ie, xQvLqHxaIr, super_admin, 2026-06-24 04:28:51, 2026-06-24 04:28:51))
&#13;
C:\Users\hedra\Desktop\Sourcecode\NexusV2\Nexus-backend\vendor\laravel\framework\src\Illuminate\Database\Connection.php:857
C:\Users\hedra\Desktop\Sourcecode\NexusV2\Nexus-backend\vendor\laravel\framework\src\Illuminate\Database\Connection.php:813
C:\Users\hedra\Desktop\Sourcecode\NexusV2\Nexus-backend\vendor\laravel\framework\src\Illuminate\Database\Connection.php:590
C:\Users\hedra\Desktop\Sourcecode\NexusV2\Nexus-backend\vendor\laravel\framework\src\Illuminate\Database\Connection.php:554
C:\Users\hedra\Desktop\Sourcecode\NexusV2\Nexus-backend\vendor\laravel\framework\src\Illuminate\Database\Query\Processors\Processor.php:32
C:\Users\hedra\Desktop\Sourcecode\NexusV2\Nexus-backend\vendor\laravel\framework\src\Illuminate\Database\Query\Builder.php:4257
C:\Users\hedra\Desktop\Sourcecode\NexusV2\Nexus-backend\vendor\laravel\framework\src\Illuminate\Database\Eloquent\Builder.php:2271
C:\Users\hedra\Desktop\Sourcecode\NexusV2\Nexus-backend\vendor\laravel\framework\src\Illuminate\Database\Eloquent\Model.php:1662
C:\Users\hedra\Desktop\Sourcecode\NexusV2\Nexus-backend\vendor\laravel\framework\src\Illuminate\Database\Eloquent\Model.php:1578
C:\Users\hedra\Desktop\Sourcecode\NexusV2\Nexus-backend\vendor\laravel\framework\src\Illuminate\Database\Eloquent\Model.php:1382
C:\Users\hedra\Desktop\Sourcecode\NexusV2\Nexus-backend\vendor\laravel\framework\src\Illuminate\Database\Eloquent\Factories\Factory.php:379
C:\Users\hedra\Desktop\Sourcecode\NexusV2\Nexus-backend\vendor\laravel\framework\src\Illuminate\Collections\Traits\EnumeratesValues.php:275
C:\Users\hedra\Desktop\Sourcecode\NexusV2\Nexus-backend\vendor\laravel\framework\src\Illuminate\Database\Eloquent\Factories\Factory.php:374
C:\Users\hedra\Desktop\Sourcecode\NexusV2\Nexus-backend\vendor\laravel\framework\src\Illuminate\Database\Eloquent\Factories\Factory.php:330
C:\Users\hedra\Desktop\Sourcecode\NexusV2\Nexus-backend\vendor\laravel\framework\src\Illuminate\Database\Eloquent\Factories\Factory.php:324
C:\Users\hedra\Desktop\Sourcecode\NexusV2\Nexus-backend\tests\Feature\Http\Controllers\SettingsHubAdminControllerTest.php:25</error>
        </testcase>
        <testcase name="test_audit_trail_returns_logs" file="C:\Users\hedra\Desktop\Sourcecode\NexusV2\Nexus-backend\tests\Feature\Http\Controllers\SettingsHubAdminControllerTest.php" line="72" class="Tests\Feature\Http\Controllers\SettingsHubAdminControllerTest" classname="Tests.Feature.Http.Controllers.SettingsHubAdminControllerTest" assertions="0" time="0.000000">
          <error type="Illuminate\Database\QueryException">Tests\Feature\Http\Controllers\SettingsHubAdminControllerTest::test_audit_trail_returns_logs&#13;
Illuminate\Database\QueryException: SQLSTATE[HY000]: General error: 1 table users has no column named role (Connection: sqlite, Database: :memory:, SQL: insert into "users" ("name", "email", "email_verified_at", "password", "remember_token", "role", "updated_at", "created_at") values (Mr. Lennie Heaney, kulas.wilbert@example.com, 2026-06-24 04:28:51, $2y$04$7InFDCfhGHqyx0paakZf3ukYBwSP6PfXMIC2yMbkYBE1kCmSR78Ie, Z0shNqIPZm, super_admin, 2026-06-24 04:28:51, 2026-06-24 04:28:51))
&#13;
C:\Users\hedra\Desktop\Sourcecode\NexusV2\Nexus-backend\vendor\laravel\framework\src\Illuminate\Database\Connection.php:857
C:\Users\hedra\Desktop\Sourcecode\NexusV2\Nexus-backend\vendor\laravel\framework\src\Illuminate\Database\Connection.php:813
C:\Users\hedra\Desktop\Sourcecode\NexusV2\Nexus-backend\vendor\laravel\framework\src\Illuminate\Database\Connection.php:590
C:\Users\hedra\Desktop\Sourcecode\NexusV2\Nexus-backend\vendor\laravel\framework\src\Illuminate\Database\Connection.php:554
C:\Users\hedra\Desktop\Sourcecode\NexusV2\Nexus-backend\vendor\laravel\framework\src\Illuminate\Database\Query\Processors\Processor.php:32
C:\Users\hedra\Desktop\Sourcecode\NexusV2\Nexus-backend\vendor\laravel\framework\src\Illuminate\Database\Query\Builder.php:4257
C:\Users\hedra\Desktop\Sourcecode\NexusV2\Nexus-backend\vendor\laravel\framework\src\Illuminate\Database\Eloquent\Builder.php:2271
C:\Users\hedra\Desktop\Sourcecode\NexusV2\Nexus-backend\vendor\laravel\framework\src\Illuminate\Database\Eloquent\Model.php:1662
C:\Users\hedra\Desktop\Sourcecode\NexusV2\Nexus-backend\vendor\laravel\framework\src\Illuminate\Database\Eloquent\Model.php:1578
C:\Users\hedra\Desktop\Sourcecode\NexusV2\Nexus-backend\vendor\laravel\framework\src\Illuminate\Database\Eloquent\Model.php:1382
C:\Users\hedra\Desktop\Sourcecode\NexusV2\Nexus-backend\vendor\laravel\framework\src\Illuminate\Database\Eloquent\Factories\Factory.php:379
C:\Users\hedra\Desktop\Sourcecode\NexusV2\Nexus-backend\vendor\laravel\framework\src\Illuminate\Collections\Traits\EnumeratesValues.php:275
C:\Users\hedra\Desktop\Sourcecode\NexusV2\Nexus-backend\vendor\laravel\framework\src\Illuminate\Database\Eloquent\Factories\Factory.php:374
C:\Users\hedra\Desktop\Sourcecode\NexusV2\Nexus-backend\vendor\laravel\framework\src\Illuminate\Database\Eloquent\Factories\Factory.php:330
C:\Users\hedra\Desktop\Sourcecode\NexusV2\Nexus-backend\vendor\laravel\framework\src\Illuminate\Database\Eloquent\Factories\Factory.php:324
C:\Users\hedra\Desktop\Sourcecode\NexusV2\Nexus-backend\tests\Feature\Http\Controllers\SettingsHubAdminControllerTest.php:25</error>
        </testcase>
        <testcase name="test_audit_trail_filters_by_type" file="C:\Users\hedra\Desktop\Sourcecode\NexusV2\Nexus-backend\tests\Feature\Http\Controllers\SettingsHubAdminControllerTest.php" line="85" class="Tests\Feature\Http\Controllers\SettingsHubAdminControllerTest" classname="Tests.Feature.Http.Controllers.SettingsHubAdminControllerTest" assertions="0" time="0.000000">
          <error type="Illuminate\Database\QueryException">Tests\Feature\Http\Controllers\SettingsHubAdminControllerTest::test_audit_trail_filters_by_type&#13;
Illuminate\Database\QueryException: SQLSTATE[HY000]: General error: 1 table users has no column named role (Connection: sqlite, Database: :memory:, SQL: insert into "users" ("name", "email", "email_verified_at", "password", "remember_token", "role", "updated_at", "created_at") values (Prof. Liliane Robel, laury.friesen@example.org, 2026-06-24 04:28:51, $2y$04$7InFDCfhGHqyx0paakZf3ukYBwSP6PfXMIC2yMbkYBE1kCmSR78Ie, oVNklq4T8X, super_admin, 2026-06-24 04:28:51, 2026-06-24 04:28:51))
&#13;
C:\Users\hedra\Desktop\Sourcecode\NexusV2\Nexus-backend\vendor\laravel\framework\src\Illuminate\Database\Connection.php:857
C:\Users\hedra\Desktop\Sourcecode\NexusV2\Nexus-backend\vendor\laravel\framework\src\Illuminate\Database\Connection.php:813
C:\Users\hedra\Desktop\Sourcecode\NexusV2\Nexus-backend\vendor\laravel\framework\src\Illuminate\Database\Connection.php:590
C:\Users\hedra\Desktop\Sourcecode\NexusV2\Nexus-backend\vendor\laravel\framework\src\Illuminate\Database\Connection.php:554
C:\Users\hedra\Desktop\Sourcecode\NexusV2\Nexus-backend\vendor\laravel\framework\src\Illuminate\Database\Query\Processors\Processor.php:32
C:\Users\hedra\Desktop\Sourcecode\NexusV2\Nexus-backend\vendor\laravel\framework\src\Illuminate\Database\Query\Builder.php:4257
C:\Users\hedra\Desktop\Sourcecode\NexusV2\Nexus-backend\vendor\laravel\framework\src\Illuminate\Database\Eloquent\Builder.php:2271
C:\Users\hedra\Desktop\Sourcecode\NexusV2\Nexus-backend\vendor\laravel\framework\src\Illuminate\Database\Eloquent\Model.php:1662
C:\Users\hedra\Desktop\Sourcecode\NexusV2\Nexus-backend\vendor\laravel\framework\src\Illuminate\Database\Eloquent\Model.php:1578
C:\Users\hedra\Desktop\Sourcecode\NexusV2\Nexus-backend\vendor\laravel\framework\src\Illuminate\Database\Eloquent\Model.php:1382
C:\Users\hedra\Desktop\Sourcecode\NexusV2\Nexus-backend\vendor\laravel\framework\src\Illuminate\Database\Eloquent\Factories\Factory.php:379
C:\Users\hedra\Desktop\Sourcecode\NexusV2\Nexus-backend\vendor\laravel\framework\src\Illuminate\Collections\Traits\EnumeratesValues.php:275
C:\Users\hedra\Desktop\Sourcecode\NexusV2\Nexus-backend\vendor\laravel\framework\src\Illuminate\Database\Eloquent\Factories\Factory.php:374
C:\Users\hedra\Desktop\Sourcecode\NexusV2\Nexus-backend\vendor\laravel\framework\src\Illuminate\Database\Eloquent\Factories\Factory.php:330
C:\Users\hedra\Desktop\Sourcecode\NexusV2\Nexus-backend\vendor\laravel\framework\src\Illuminate\Database\Eloquent\Factories\Factory.php:324
C:\Users\hedra\Desktop\Sourcecode\NexusV2\Nexus-backend\tests\Feature\Http\Controllers\SettingsHubAdminControllerTest.php:25</error>
        </testcase>
        <testcase name="test_compliance_status_checks_critical_settings" file="C:\Users\hedra\Desktop\Sourcecode\NexusV2\Nexus-backend\tests\Feature\Http\Controllers\SettingsHubAdminControllerTest.php" line="94" class="Tests\Feature\Http\Controllers\SettingsHubAdminControllerTest" classname="Tests.Feature.Http.Controllers.SettingsHubAdminControllerTest" assertions="0" time="0.000000">
          <error type="Illuminate\Database\QueryException">Tests\Feature\Http\Controllers\SettingsHubAdminControllerTest::test_compliance_status_checks_critical_settings&#13;
Illuminate\Database\QueryException: SQLSTATE[HY000]: General error: 1 table users has no column named role (Connection: sqlite, Database: :memory:, SQL: insert into "users" ("name", "email", "email_verified_at", "password", "remember_token", "role", "updated_at", "created_at") values (Ashlynn Doyle, zwhite@example.org, 2026-06-24 04:28:51, $2y$04$7InFDCfhGHqyx0paakZf3ukYBwSP6PfXMIC2yMbkYBE1kCmSR78Ie, QKegPnnrts, super_admin, 2026-06-24 04:28:51, 2026-06-24 04:28:51))
&#13;
C:\Users\hedra\Desktop\Sourcecode\NexusV2\Nexus-backend\vendor\laravel\framework\src\Illuminate\Database\Connection.php:857
C:\Users\hedra\Desktop\Sourcecode\NexusV2\Nexus-backend\vendor\laravel\framework\src\Illuminate\Database\Connection.php:813
C:\Users\hedra\Desktop\Sourcecode\NexusV2\Nexus-backend\vendor\laravel\framework\src\Illuminate\Database\Connection.php:590
C:\Users\hedra\Desktop\Sourcecode\NexusV2\Nexus-backend\vendor\laravel\framework\src\Illuminate\Database\Connection.php:554
C:\Users\hedra\Desktop\Sourcecode\NexusV2\Nexus-backend\vendor\laravel\framework\src\Illuminate\Database\Query\Processors\Processor.php:32
C:\Users\hedra\Desktop\Sourcecode\NexusV2\Nexus-backend\vendor\laravel\framework\src\Illuminate\Database\Query\Builder.php:4257
C:\Users\hedra\Desktop\Sourcecode\NexusV2\Nexus-backend\vendor\laravel\framework\src\Illuminate\Database\Eloquent\Builder.php:2271
C:\Users\hedra\Desktop\Sourcecode\NexusV2\Nexus-backend\vendor\laravel\framework\src\Illuminate\Database\Eloquent\Model.php:1662
C:\Users\hedra\Desktop\Sourcecode\NexusV2\Nexus-backend\vendor\laravel\framework\src\Illuminate\Database\Eloquent\Model.php:1578
C:\Users\hedra\Desktop\Sourcecode\NexusV2\Nexus-backend\vendor\laravel\framework\src\Illuminate\Database\Eloquent\Model.php:1382
C:\Users\hedra\Desktop\Sourcecode\NexusV2\Nexus-backend\vendor\laravel\framework\src\Illuminate\Database\Eloquent\Factories\Factory.php:379
C:\Users\hedra\Desktop\Sourcecode\NexusV2\Nexus-backend\vendor\laravel\framework\src\Illuminate\Collections\Traits\EnumeratesValues.php:275
C:\Users\hedra\Desktop\Sourcecode\NexusV2\Nexus-backend\vendor\laravel\framework\src\Illuminate\Database\Eloquent\Factories\Factory.php:374
C:\Users\hedra\Desktop\Sourcecode\NexusV2\Nexus-backend\vendor\laravel\framework\src\Illuminate\Database\Eloquent\Factories\Factory.php:330
C:\Users\hedra\Desktop\Sourcecode\NexusV2\Nexus-backend\vendor\laravel\framework\src\Illuminate\Database\Eloquent\Factories\Factory.php:324
C:\Users\hedra\Desktop\Sourcecode\NexusV2\Nexus-backend\tests\Feature\Http\Controllers\SettingsHubAdminControllerTest.php:25</error>
        </testcase>
        <testcase name="test_multi_tenancy_status_shows_distribution" file="C:\Users\hedra\Desktop\Sourcecode\NexusV2\Nexus-backend\tests\Feature\Http\Controllers\SettingsHubAdminControllerTest.php" line="114" class="Tests\Feature\Http\Controllers\SettingsHubAdminControllerTest" classname="Tests.Feature.Http.Controllers.SettingsHubAdminControllerTest" assertions="0" time="0.000000">
          <error type="Illuminate\Database\QueryException">Tests\Feature\Http\Controllers\SettingsHubAdminControllerTest::test_multi_tenancy_status_shows_distribution&#13;
Illuminate\Database\QueryException: SQLSTATE[HY000]: General error: 1 table users has no column named role (Connection: sqlite, Database: :memory:, SQL: insert into "users" ("name", "email", "email_verified_at", "password", "remember_token", "role", "updated_at", "created_at") values (August Torphy, amya.smitham@example.com, 2026-06-24 04:28:51, $2y$04$7InFDCfhGHqyx0paakZf3ukYBwSP6PfXMIC2yMbkYBE1kCmSR78Ie, nBVB4s7Hat, super_admin, 2026-06-24 04:28:51, 2026-06-24 04:28:51))
&#13;
C:\Users\hedra\Desktop\Sourcecode\NexusV2\Nexus-backend\vendor\laravel\framework\src\Illuminate\Database\Connection.php:857
C:\Users\hedra\Desktop\Sourcecode\NexusV2\Nexus-backend\vendor\laravel\framework\src\Illuminate\Database\Connection.php:813
C:\Users\hedra\Desktop\Sourcecode\NexusV2\Nexus-backend\vendor\laravel\framework\src\Illuminate\Database\Connection.php:590
C:\Users\hedra\Desktop\Sourcecode\NexusV2\Nexus-backend\vendor\laravel\framework\src\Illuminate\Database\Connection.php:554
C:\Users\hedra\Desktop\Sourcecode\NexusV2\Nexus-backend\vendor\laravel\framework\src\Illuminate\Database\Query\Processors\Processor.php:32
C:\Users\hedra\Desktop\Sourcecode\NexusV2\Nexus-backend\vendor\laravel\framework\src\Illuminate\Database\Query\Builder.php:4257
C:\Users\hedra\Desktop\Sourcecode\NexusV2\Nexus-backend\vendor\laravel\framework\src\Illuminate\Database\Eloquent\Builder.php:2271
C:\Users\hedra\Desktop\Sourcecode\NexusV2\Nexus-backend\vendor\laravel\framework\src\Illuminate\Database\Eloquent\Model.php:1662
C:\Users\hedra\Desktop\Sourcecode\NexusV2\Nexus-backend\vendor\laravel\framework\src\Illuminate\Database\Eloquent\Model.php:1578
C:\Users\hedra\Desktop\Sourcecode\NexusV2\Nexus-backend\vendor\laravel\framework\src\Illuminate\Database\Eloquent\Model.php:1382
C:\Users\hedra\Desktop\Sourcecode\NexusV2\Nexus-backend\vendor\laravel\framework\src\Illuminate\Database\Eloquent\Factories\Factory.php:379
C:\Users\hedra\Desktop\Sourcecode\NexusV2\Nexus-backend\vendor\laravel\framework\src\Illuminate\Collections\Traits\EnumeratesValues.php:275
C:\Users\hedra\Desktop\Sourcecode\NexusV2\Nexus-backend\vendor\laravel\framework\src\Illuminate\Database\Eloquent\Factories\Factory.php:374
C:\Users\hedra\Desktop\Sourcecode\NexusV2\Nexus-backend\vendor\laravel\framework\src\Illuminate\Database\Eloquent\Factories\Factory.php:330
C:\Users\hedra\Desktop\Sourcecode\NexusV2\Nexus-backend\vendor\laravel\framework\src\Illuminate\Database\Eloquent\Factories\Factory.php:324
C:\Users\hedra\Desktop\Sourcecode\NexusV2\Nexus-backend\tests\Feature\Http\Controllers\SettingsHubAdminControllerTest.php:25</error>
        </testcase>
        <testcase name="test_performance_metrics_returns_stats" file="C:\Users\hedra\Desktop\Sourcecode\NexusV2\Nexus-backend\tests\Feature\Http\Controllers\SettingsHubAdminControllerTest.php" line="136" class="Tests\Feature\Http\Controllers\SettingsHubAdminControllerTest" classname="Tests.Feature.Http.Controllers.SettingsHubAdminControllerTest" assertions="0" time="0.000000">
          <error type="Illuminate\Database\QueryException">Tests\Feature\Http\Controllers\SettingsHubAdminControllerTest::test_performance_metrics_returns_stats&#13;
Illuminate\Database\QueryException: SQLSTATE[HY000]: General error: 1 table users has no column named role (Connection: sqlite, Database: :memory:, SQL: insert into "users" ("name", "email", "email_verified_at", "password", "remember_token", "role", "updated_at", "created_at") values (Aurelio Towne, conn.arvel@example.com, 2026-06-24 04:28:51, $2y$04$7InFDCfhGHqyx0paakZf3ukYBwSP6PfXMIC2yMbkYBE1kCmSR78Ie, pqxiY5hXFe, super_admin, 2026-06-24 04:28:51, 2026-06-24 04:28:51))
&#13;
C:\Users\hedra\Desktop\Sourcecode\NexusV2\Nexus-backend\vendor\laravel\framework\src\Illuminate\Database\Connection.php:857
C:\Users\hedra\Desktop\Sourcecode\NexusV2\Nexus-backend\vendor\laravel\framework\src\Illuminate\Database\Connection.php:813
C:\Users\hedra\Desktop\Sourcecode\NexusV2\Nexus-backend\vendor\laravel\framework\src\Illuminate\Database\Connection.php:590
C:\Users\hedra\Desktop\Sourcecode\NexusV2\Nexus-backend\vendor\laravel\framework\src\Illuminate\Database\Connection.php:554
C:\Users\hedra\Desktop\Sourcecode\NexusV2\Nexus-backend\vendor\laravel\framework\src\Illuminate\Database\Query\Processors\Processor.php:32
C:\Users\hedra\Desktop\Sourcecode\NexusV2\Nexus-backend\vendor\laravel\framework\src\Illuminate\Database\Query\Builder.php:4257
C:\Users\hedra\Desktop\Sourcecode\NexusV2\Nexus-backend\vendor\laravel\framework\src\Illuminate\Database\Eloquent\Builder.php:2271
C:\Users\hedra\Desktop\Sourcecode\NexusV2\Nexus-backend\vendor\laravel\framework\src\Illuminate\Database\Eloquent\Model.php:1662
C:\Users\hedra\Desktop\Sourcecode\NexusV2\Nexus-backend\vendor\laravel\framework\src\Illuminate\Database\Eloquent\Model.php:1578
C:\Users\hedra\Desktop\Sourcecode\NexusV2\Nexus-backend\vendor\laravel\framework\src\Illuminate\Database\Eloquent\Model.php:1382
C:\Users\hedra\Desktop\Sourcecode\NexusV2\Nexus-backend\vendor\laravel\framework\src\Illuminate\Database\Eloquent\Factories\Factory.php:379
C:\Users\hedra\Desktop\Sourcecode\NexusV2\Nexus-backend\vendor\laravel\framework\src\Illuminate\Collections\Traits\EnumeratesValues.php:275
C:\Users\hedra\Desktop\Sourcecode\NexusV2\Nexus-backend\vendor\laravel\framework\src\Illuminate\Database\Eloquent\Factories\Factory.php:374
C:\Users\hedra\Desktop\Sourcecode\NexusV2\Nexus-backend\vendor\laravel\framework\src\Illuminate\Database\Eloquent\Factories\Factory.php:330
C:\Users\hedra\Desktop\Sourcecode\NexusV2\Nexus-backend\vendor\laravel\framework\src\Illuminate\Database\Eloquent\Factories\Factory.php:324
C:\Users\hedra\Desktop\Sourcecode\NexusV2\Nexus-backend\tests\Feature\Http\Controllers\SettingsHubAdminControllerTest.php:25</error>
        </testcase>
        <testcase name="test_export_settings_as_json" file="C:\Users\hedra\Desktop\Sourcecode\NexusV2\Nexus-backend\tests\Feature\Http\Controllers\SettingsHubAdminControllerTest.php" line="155" class="Tests\Feature\Http\Controllers\SettingsHubAdminControllerTest" classname="Tests.Feature.Http.Controllers.SettingsHubAdminControllerTest" assertions="0" time="0.000000">
          <error type="Illuminate\Database\QueryException">Tests\Feature\Http\Controllers\SettingsHubAdminControllerTest::test_export_settings_as_json&#13;
Illuminate\Database\QueryException: SQLSTATE[HY000]: General error: 1 table users has no column named role (Connection: sqlite, Database: :memory:, SQL: insert into "users" ("name", "email", "email_verified_at", "password", "remember_token", "role", "updated_at", "created_at") values (Zena Kiehn, kulas.harrison@example.org, 2026-06-24 04:28:51, $2y$04$7InFDCfhGHqyx0paakZf3ukYBwSP6PfXMIC2yMbkYBE1kCmSR78Ie, vz9m6vIjGN, super_admin, 2026-06-24 04:28:51, 2026-06-24 04:28:51))
&#13;
C:\Users\hedra\Desktop\Sourcecode\NexusV2\Nexus-backend\vendor\laravel\framework\src\Illuminate\Database\Connection.php:857
C:\Users\hedra\Desktop\Sourcecode\NexusV2\Nexus-backend\vendor\laravel\framework\src\Illuminate\Database\Connection.php:813
C:\Users\hedra\Desktop\Sourcecode\NexusV2\Nexus-backend\vendor\laravel\framework\src\Illuminate\Database\Connection.php:590
C:\Users\hedra\Desktop\Sourcecode\NexusV2\Nexus-backend\vendor\laravel\framework\src\Illuminate\Database\Connection.php:554
C:\Users\hedra\Desktop\Sourcecode\NexusV2\Nexus-backend\vendor\laravel\framework\src\Illuminate\Database\Query\Processors\Processor.php:32
C:\Users\hedra\Desktop\Sourcecode\NexusV2\Nexus-backend\vendor\laravel\framework\src\Illuminate\Database\Query\Builder.php:4257
C:\Users\hedra\Desktop\Sourcecode\NexusV2\Nexus-backend\vendor\laravel\framework\src\Illuminate\Database\Eloquent\Builder.php:2271
C:\Users\hedra\Desktop\Sourcecode\NexusV2\Nexus-backend\vendor\laravel\framework\src\Illuminate\Database\Eloquent\Model.php:1662
C:\Users\hedra\Desktop\Sourcecode\NexusV2\Nexus-backend\vendor\laravel\framework\src\Illuminate\Database\Eloquent\Model.php:1578
C:\Users\hedra\Desktop\Sourcecode\NexusV2\Nexus-backend\vendor\laravel\framework\src\Illuminate\Database\Eloquent\Model.php:1382
C:\Users\hedra\Desktop\Sourcecode\NexusV2\Nexus-backend\vendor\laravel\framework\src\Illuminate\Database\Eloquent\Factories\Factory.php:379
C:\Users\hedra\Desktop\Sourcecode\NexusV2\Nexus-backend\vendor\laravel\framework\src\Illuminate\Collections\Traits\EnumeratesValues.php:275
C:\Users\hedra\Desktop\Sourcecode\NexusV2\Nexus-backend\vendor\laravel\framework\src\Illuminate\Database\Eloquent\Factories\Factory.php:374
C:\Users\hedra\Desktop\Sourcecode\NexusV2\Nexus-backend\vendor\laravel\framework\src\Illuminate\Database\Eloquent\Factories\Factory.php:330
C:\Users\hedra\Desktop\Sourcecode\NexusV2\Nexus-backend\vendor\laravel\framework\src\Illuminate\Database\Eloquent\Factories\Factory.php:324
C:\Users\hedra\Desktop\Sourcecode\NexusV2\Nexus-backend\tests\Feature\Http\Controllers\SettingsHubAdminControllerTest.php:25</error>
        </testcase>
        <testcase name="test_export_settings_as_csv" file="C:\Users\hedra\Desktop\Sourcecode\NexusV2\Nexus-backend\tests\Feature\Http\Controllers\SettingsHubAdminControllerTest.php" line="175" class="Tests\Feature\Http\Controllers\SettingsHubAdminControllerTest" classname="Tests.Feature.Http.Controllers.SettingsHubAdminControllerTest" assertions="0" time="0.000000">
          <error type="Illuminate\Database\QueryException">Tests\Feature\Http\Controllers\SettingsHubAdminControllerTest::test_export_settings_as_csv&#13;
Illuminate\Database\QueryException: SQLSTATE[HY000]: General error: 1 table users has no column named role (Connection: sqlite, Database: :memory:, SQL: insert into "users" ("name", "email", "email_verified_at", "password", "remember_token", "role", "updated_at", "created_at") values (Dr. Mateo Ratke, johnson.alphonso@example.com, 2026-06-24 04:28:51, $2y$04$7InFDCfhGHqyx0paakZf3ukYBwSP6PfXMIC2yMbkYBE1kCmSR78Ie, se7NGqhtTu, super_admin, 2026-06-24 04:28:51, 2026-06-24 04:28:51))
&#13;
C:\Users\hedra\Desktop\Sourcecode\NexusV2\Nexus-backend\vendor\laravel\framework\src\Illuminate\Database\Connection.php:857
C:\Users\hedra\Desktop\Sourcecode\NexusV2\Nexus-backend\vendor\laravel\framework\src\Illuminate\Database\Connection.php:813
C:\Users\hedra\Desktop\Sourcecode\NexusV2\Nexus-backend\vendor\laravel\framework\src\Illuminate\Database\Connection.php:590
C:\Users\hedra\Desktop\Sourcecode\NexusV2\Nexus-backend\vendor\laravel\framework\src\Illuminate\Database\Connection.php:554
C:\Users\hedra\Desktop\Sourcecode\NexusV2\Nexus-backend\vendor\laravel\framework\src\Illuminate\Database\Query\Processors\Processor.php:32
C:\Users\hedra\Desktop\Sourcecode\NexusV2\Nexus-backend\vendor\laravel\framework\src\Illuminate\Database\Query\Builder.php:4257
C:\Users\hedra\Desktop\Sourcecode\NexusV2\Nexus-backend\vendor\laravel\framework\src\Illuminate\Database\Eloquent\Builder.php:2271
C:\Users\hedra\Desktop\Sourcecode\NexusV2\Nexus-backend\vendor\laravel\framework\src\Illuminate\Database\Eloquent\Model.php:1662
C:\Users\hedra\Desktop\Sourcecode\NexusV2\Nexus-backend\vendor\laravel\framework\src\Illuminate\Database\Eloquent\Model.php:1578
C:\Users\hedra\Desktop\Sourcecode\NexusV2\Nexus-backend\vendor\laravel\framework\src\Illuminate\Database\Eloquent\Model.php:1382
C:\Users\hedra\Desktop\Sourcecode\NexusV2\Nexus-backend\vendor\laravel\framework\src\Illuminate\Database\Eloquent\Factories\Factory.php:379
C:\Users\hedra\Desktop\Sourcecode\NexusV2\Nexus-backend\vendor\laravel\framework\src\Illuminate\Collections\Traits\EnumeratesValues.php:275
C:\Users\hedra\Desktop\Sourcecode\NexusV2\Nexus-backend\vendor\laravel\framework\src\Illuminate\Database\Eloquent\Factories\Factory.php:374
C:\Users\hedra\Desktop\Sourcecode\NexusV2\Nexus-backend\vendor\laravel\framework\src\Illuminate\Database\Eloquent\Factories\Factory.php:330
C:\Users\hedra\Desktop\Sourcecode\NexusV2\Nexus-backend\vendor\laravel\framework\src\Illuminate\Database\Eloquent\Factories\Factory.php:324
C:\Users\hedra\Desktop\Sourcecode\NexusV2\Nexus-backend\tests\Feature\Http\Controllers\SettingsHubAdminControllerTest.php:25</error>
        </testcase>
        <testcase name="test_export_settings_by_scope" file="C:\Users\hedra\Desktop\Sourcecode\NexusV2\Nexus-backend\tests\Feature\Http\Controllers\SettingsHubAdminControllerTest.php" line="195" class="Tests\Feature\Http\Controllers\SettingsHubAdminControllerTest" classname="Tests.Feature.Http.Controllers.SettingsHubAdminControllerTest" assertions="0" time="0.000000">
          <error type="Illuminate\Database\QueryException">Tests\Feature\Http\Controllers\SettingsHubAdminControllerTest::test_export_settings_by_scope&#13;
Illuminate\Database\QueryException: SQLSTATE[HY000]: General error: 1 table users has no column named role (Connection: sqlite, Database: :memory:, SQL: insert into "users" ("name", "email", "email_verified_at", "password", "remember_token", "role", "updated_at", "created_at") values (Jarrett Nicolas IV, darrell.marks@example.com, 2026-06-24 04:28:51, $2y$04$7InFDCfhGHqyx0paakZf3ukYBwSP6PfXMIC2yMbkYBE1kCmSR78Ie, OEFGQ6MNyf, super_admin, 2026-06-24 04:28:51, 2026-06-24 04:28:51))
&#13;
C:\Users\hedra\Desktop\Sourcecode\NexusV2\Nexus-backend\vendor\laravel\framework\src\Illuminate\Database\Connection.php:857
C:\Users\hedra\Desktop\Sourcecode\NexusV2\Nexus-backend\vendor\laravel\framework\src\Illuminate\Database\Connection.php:813
C:\Users\hedra\Desktop\Sourcecode\NexusV2\Nexus-backend\vendor\laravel\framework\src\Illuminate\Database\Connection.php:590
C:\Users\hedra\Desktop\Sourcecode\NexusV2\Nexus-backend\vendor\laravel\framework\src\Illuminate\Database\Connection.php:554
C:\Users\hedra\Desktop\Sourcecode\NexusV2\Nexus-backend\vendor\laravel\framework\src\Illuminate\Database\Query\Processors\Processor.php:32
C:\Users\hedra\Desktop\Sourcecode\NexusV2\Nexus-backend\vendor\laravel\framework\src\Illuminate\Database\Query\Builder.php:4257
C:\Users\hedra\Desktop\Sourcecode\NexusV2\Nexus-backend\vendor\laravel\framework\src\Illuminate\Database\Eloquent\Builder.php:2271
C:\Users\hedra\Desktop\Sourcecode\NexusV2\Nexus-backend\vendor\laravel\framework\src\Illuminate\Database\Eloquent\Model.php:1662
C:\Users\hedra\Desktop\Sourcecode\NexusV2\Nexus-backend\vendor\laravel\framework\src\Illuminate\Database\Eloquent\Model.php:1578
C:\Users\hedra\Desktop\Sourcecode\NexusV2\Nexus-backend\vendor\laravel\framework\src\Illuminate\Database\Eloquent\Model.php:1382
C:\Users\hedra\Desktop\Sourcecode\NexusV2\Nexus-backend\vendor\laravel\framework\src\Illuminate\Database\Eloquent\Factories\Factory.php:379
C:\Users\hedra\Desktop\Sourcecode\NexusV2\Nexus-backend\vendor\laravel\framework\src\Illuminate\Collections\Traits\EnumeratesValues.php:275
C:\Users\hedra\Desktop\Sourcecode\NexusV2\Nexus-backend\vendor\laravel\framework\src\Illuminate\Database\Eloquent\Factories\Factory.php:374
C:\Users\hedra\Desktop\Sourcecode\NexusV2\Nexus-backend\vendor\laravel\framework\src\Illuminate\Database\Eloquent\Factories\Factory.php:330
C:\Users\hedra\Desktop\Sourcecode\NexusV2\Nexus-backend\vendor\laravel\framework\src\Illuminate\Database\Eloquent\Factories\Factory.php:324
C:\Users\hedra\Desktop\Sourcecode\NexusV2\Nexus-backend\tests\Feature\Http\Controllers\SettingsHubAdminControllerTest.php:25</error>
        </testcase>
        <testcase name="test_export_settings_masks_encrypted_by_default" file="C:\Users\hedra\Desktop\Sourcecode\NexusV2\Nexus-backend\tests\Feature\Http\Controllers\SettingsHubAdminControllerTest.php" line="212" class="Tests\Feature\Http\Controllers\SettingsHubAdminControllerTest" classname="Tests.Feature.Http.Controllers.SettingsHubAdminControllerTest" assertions="0" time="0.000000">
          <error type="Illuminate\Database\QueryException">Tests\Feature\Http\Controllers\SettingsHubAdminControllerTest::test_export_settings_masks_encrypted_by_default&#13;
Illuminate\Database\QueryException: SQLSTATE[HY000]: General error: 1 table users has no column named role (Connection: sqlite, Database: :memory:, SQL: insert into "users" ("name", "email", "email_verified_at", "password", "remember_token", "role", "updated_at", "created_at") values (Elvis Conn, dee.vandervort@example.com, 2026-06-24 04:28:51, $2y$04$7InFDCfhGHqyx0paakZf3ukYBwSP6PfXMIC2yMbkYBE1kCmSR78Ie, xxlKH41Ml7, super_admin, 2026-06-24 04:28:51, 2026-06-24 04:28:51))
&#13;
C:\Users\hedra\Desktop\Sourcecode\NexusV2\Nexus-backend\vendor\laravel\framework\src\Illuminate\Database\Connection.php:857
C:\Users\hedra\Desktop\Sourcecode\NexusV2\Nexus-backend\vendor\laravel\framework\src\Illuminate\Database\Connection.php:813
C:\Users\hedra\Desktop\Sourcecode\NexusV2\Nexus-backend\vendor\laravel\framework\src\Illuminate\Database\Connection.php:590
C:\Users\hedra\Desktop\Sourcecode\NexusV2\Nexus-backend\vendor\laravel\framework\src\Illuminate\Database\Connection.php:554
C:\Users\hedra\Desktop\Sourcecode\NexusV2\Nexus-backend\vendor\laravel\framework\src\Illuminate\Database\Query\Processors\Processor.php:32
C:\Users\hedra\Desktop\Sourcecode\NexusV2\Nexus-backend\vendor\laravel\framework\src\Illuminate\Database\Query\Builder.php:4257
C:\Users\hedra\Desktop\Sourcecode\NexusV2\Nexus-backend\vendor\laravel\framework\src\Illuminate\Database\Eloquent\Builder.php:2271
C:\Users\hedra\Desktop\Sourcecode\NexusV2\Nexus-backend\vendor\laravel\framework\src\Illuminate\Database\Eloquent\Model.php:1662
C:\Users\hedra\Desktop\Sourcecode\NexusV2\Nexus-backend\vendor\laravel\framework\src\Illuminate\Database\Eloquent\Model.php:1578
C:\Users\hedra\Desktop\Sourcecode\NexusV2\Nexus-backend\vendor\laravel\framework\src\Illuminate\Database\Eloquent\Model.php:1382
C:\Users\hedra\Desktop\Sourcecode\NexusV2\Nexus-backend\vendor\laravel\framework\src\Illuminate\Database\Eloquent\Factories\Factory.php:379
C:\Users\hedra\Desktop\Sourcecode\NexusV2\Nexus-backend\vendor\laravel\framework\src\Illuminate\Collections\Traits\EnumeratesValues.php:275
C:\Users\hedra\Desktop\Sourcecode\NexusV2\Nexus-backend\vendor\laravel\framework\src\Illuminate\Database\Eloquent\Factories\Factory.php:374
C:\Users\hedra\Desktop\Sourcecode\NexusV2\Nexus-backend\vendor\laravel\framework\src\Illuminate\Database\Eloquent\Factories\Factory.php:330
C:\Users\hedra\Desktop\Sourcecode\NexusV2\Nexus-backend\vendor\laravel\framework\src\Illuminate\Database\Eloquent\Factories\Factory.php:324
C:\Users\hedra\Desktop\Sourcecode\NexusV2\Nexus-backend\tests\Feature\Http\Controllers\SettingsHubAdminControllerTest.php:25</error>
        </testcase>
        <testcase name="test_export_settings_includes_encrypted_when_requested" file="C:\Users\hedra\Desktop\Sourcecode\NexusV2\Nexus-backend\tests\Feature\Http\Controllers\SettingsHubAdminControllerTest.php" line="231" class="Tests\Feature\Http\Controllers\SettingsHubAdminControllerTest" classname="Tests.Feature.Http.Controllers.SettingsHubAdminControllerTest" assertions="0" time="0.000000">
          <error type="Illuminate\Database\QueryException">Tests\Feature\Http\Controllers\SettingsHubAdminControllerTest::test_export_settings_includes_encrypted_when_requested&#13;
Illuminate\Database\QueryException: SQLSTATE[HY000]: General error: 1 table users has no column named role (Connection: sqlite, Database: :memory:, SQL: insert into "users" ("name", "email", "email_verified_at", "password", "remember_token", "role", "updated_at", "created_at") values (Julian Jacobi, catherine.carter@example.com, 2026-06-24 04:28:52, $2y$04$7InFDCfhGHqyx0paakZf3ukYBwSP6PfXMIC2yMbkYBE1kCmSR78Ie, SlYqgM4uk4, super_admin, 2026-06-24 04:28:52, 2026-06-24 04:28:52))
&#13;
C:\Users\hedra\Desktop\Sourcecode\NexusV2\Nexus-backend\vendor\laravel\framework\src\Illuminate\Database\Connection.php:857
C:\Users\hedra\Desktop\Sourcecode\NexusV2\Nexus-backend\vendor\laravel\framework\src\Illuminate\Database\Connection.php:813
C:\Users\hedra\Desktop\Sourcecode\NexusV2\Nexus-backend\vendor\laravel\framework\src\Illuminate\Database\Connection.php:590
C:\Users\hedra\Desktop\Sourcecode\NexusV2\Nexus-backend\vendor\laravel\framework\src\Illuminate\Database\Connection.php:554
C:\Users\hedra\Desktop\Sourcecode\NexusV2\Nexus-backend\vendor\laravel\framework\src\Illuminate\Database\Query\Processors\Processor.php:32
C:\Users\hedra\Desktop\Sourcecode\NexusV2\Nexus-backend\vendor\laravel\framework\src\Illuminate\Database\Query\Builder.php:4257
C:\Users\hedra\Desktop\Sourcecode\NexusV2\Nexus-backend\vendor\laravel\framework\src\Illuminate\Database\Eloquent\Builder.php:2271
C:\Users\hedra\Desktop\Sourcecode\NexusV2\Nexus-backend\vendor\laravel\framework\src\Illuminate\Database\Eloquent\Model.php:1662
C:\Users\hedra\Desktop\Sourcecode\NexusV2\Nexus-backend\vendor\laravel\framework\src\Illuminate\Database\Eloquent\Model.php:1578
C:\Users\hedra\Desktop\Sourcecode\NexusV2\Nexus-backend\vendor\laravel\framework\src\Illuminate\Database\Eloquent\Model.php:1382
C:\Users\hedra\Desktop\Sourcecode\NexusV2\Nexus-backend\vendor\laravel\framework\src\Illuminate\Database\Eloquent\Factories\Factory.php:379
C:\Users\hedra\Desktop\Sourcecode\NexusV2\Nexus-backend\vendor\laravel\framework\src\Illuminate\Collections\Traits\EnumeratesValues.php:275
C:\Users\hedra\Desktop\Sourcecode\NexusV2\Nexus-backend\vendor\laravel\framework\src\Illuminate\Database\Eloquent\Factories\Factory.php:374
C:\Users\hedra\Desktop\Sourcecode\NexusV2\Nexus-backend\vendor\laravel\framework\src\Illuminate\Database\Eloquent\Factories\Factory.php:330
C:\Users\hedra\Desktop\Sourcecode\NexusV2\Nexus-backend\vendor\laravel\framework\src\Illuminate\Database\Eloquent\Factories\Factory.php:324
C:\Users\hedra\Desktop\Sourcecode\NexusV2\Nexus-backend\tests\Feature\Http\Controllers\SettingsHubAdminControllerTest.php:25</error>
        </testcase>
        <testcase name="test_all_admin_routes_require_authorization" file="C:\Users\hedra\Desktop\Sourcecode\NexusV2\Nexus-backend\tests\Feature\Http\Controllers\SettingsHubAdminControllerTest.php" line="249" class="Tests\Feature\Http\Controllers\SettingsHubAdminControllerTest" classname="Tests.Feature.Http.Controllers.SettingsHubAdminControllerTest" assertions="0" time="0.000000">
          <error type="Illuminate\Database\QueryException">Tests\Feature\Http\Controllers\SettingsHubAdminControllerTest::test_all_admin_routes_require_authorization&#13;
Illuminate\Database\QueryException: SQLSTATE[HY000]: General error: 1 table users has no column named role (Connection: sqlite, Database: :memory:, SQL: insert into "users" ("name", "email", "email_verified_at", "password", "remember_token", "role", "updated_at", "created_at") values (Ashley Kuvalis, usatterfield@example.org, 2026-06-24 04:28:52, $2y$04$7InFDCfhGHqyx0paakZf3ukYBwSP6PfXMIC2yMbkYBE1kCmSR78Ie, Q3hQ6wrpy9, super_admin, 2026-06-24 04:28:52, 2026-06-24 04:28:52))
&#13;
C:\Users\hedra\Desktop\Sourcecode\NexusV2\Nexus-backend\vendor\laravel\framework\src\Illuminate\Database\Connection.php:857
C:\Users\hedra\Desktop\Sourcecode\NexusV2\Nexus-backend\vendor\laravel\framework\src\Illuminate\Database\Connection.php:813
C:\Users\hedra\Desktop\Sourcecode\NexusV2\Nexus-backend\vendor\laravel\framework\src\Illuminate\Database\Connection.php:590
C:\Users\hedra\Desktop\Sourcecode\NexusV2\Nexus-backend\vendor\laravel\framework\src\Illuminate\Database\Connection.php:554
C:\Users\hedra\Desktop\Sourcecode\NexusV2\Nexus-backend\vendor\laravel\framework\src\Illuminate\Database\Query\Processors\Processor.php:32
C:\Users\hedra\Desktop\Sourcecode\NexusV2\Nexus-backend\vendor\laravel\framework\src\Illuminate\Database\Query\Builder.php:4257
C:\Users\hedra\Desktop\Sourcecode\NexusV2\Nexus-backend\vendor\laravel\framework\src\Illuminate\Database\Eloquent\Builder.php:2271
C:\Users\hedra\Desktop\Sourcecode\NexusV2\Nexus-backend\vendor\laravel\framework\src\Illuminate\Database\Eloquent\Model.php:1662
C:\Users\hedra\Desktop\Sourcecode\NexusV2\Nexus-backend\vendor\laravel\framework\src\Illuminate\Database\Eloquent\Model.php:1578
C:\Users\hedra\Desktop\Sourcecode\NexusV2\Nexus-backend\vendor\laravel\framework\src\Illuminate\Database\Eloquent\Model.php:1382
C:\Users\hedra\Desktop\Sourcecode\NexusV2\Nexus-backend\vendor\laravel\framework\src\Illuminate\Database\Eloquent\Factories\Factory.php:379
C:\Users\hedra\Desktop\Sourcecode\NexusV2\Nexus-backend\vendor\laravel\framework\src\Illuminate\Collections\Traits\EnumeratesValues.php:275
C:\Users\hedra\Desktop\Sourcecode\NexusV2\Nexus-backend\vendor\laravel\framework\src\Illuminate\Database\Eloquent\Factories\Factory.php:374
C:\Users\hedra\Desktop\Sourcecode\NexusV2\Nexus-backend\vendor\laravel\framework\src\Illuminate\Database\Eloquent\Factories\Factory.php:330
C:\Users\hedra\Desktop\Sourcecode\NexusV2\Nexus-backend\vendor\laravel\framework\src\Illuminate\Database\Eloquent\Factories\Factory.php:324
C:\Users\hedra\Desktop\Sourcecode\NexusV2\Nexus-backend\tests\Feature\Http\Controllers\SettingsHubAdminControllerTest.php:25</error>
        </testcase>
      </testsuite>
      <testsuite name="Tests\Feature\IntegrationTest" file="C:\Users\hedra\Desktop\Sourcecode\NexusV2\Nexus-backend\tests\Feature\IntegrationTest.php" tests="7" assertions="4" errors="3" failures="4" skipped="0" time="0.546191">
        <testcase name="test_waha_webhook_receives_and_stores_message" file="C:\Users\hedra\Desktop\Sourcecode\NexusV2\Nexus-backend\tests\Feature\IntegrationTest.php" line="17" class="Tests\Feature\IntegrationTest" classname="Tests.Feature.IntegrationTest" assertions="1" time="0.093276">
          <failure type="PHPUnit\Framework\ExpectationFailedException">Tests\Feature\IntegrationTest::test_waha_webhook_receives_and_stores_message&#13;
Expected response status code [200] but received 422.
Failed asserting that 422 is identical to 200.&#13;
&#13;
The following errors occurred during the last request:

{
    "message": "The session field is required. (and 2 more errors)",
    "errors": {
        "session": [
            "The session field is required."
        ],
        "payload": [
            "The payload field is required."
        ],
        "payload.id": [
            "The payload.id field is required when event is message."
        ]
    }
}
&#13;
C:\Users\hedra\Desktop\Sourcecode\NexusV2\Nexus-backend\vendor\laravel\framework\src\Illuminate\Testing\TestResponseAssert.php:45
C:\Users\hedra\Desktop\Sourcecode\NexusV2\Nexus-backend\vendor\laravel\framework\src\Illuminate\Testing\TestResponse.php:176
C:\Users\hedra\Desktop\Sourcecode\NexusV2\Nexus-backend\tests\Feature\IntegrationTest.php:29</failure>
        </testcase>
        <testcase name="test_waha_webhook_creates_contact_if_not_exists" file="C:\Users\hedra\Desktop\Sourcecode\NexusV2\Nexus-backend\tests\Feature\IntegrationTest.php" line="33" class="Tests\Feature\IntegrationTest" classname="Tests.Feature.IntegrationTest" assertions="1" time="0.089283">
          <failure type="PHPUnit\Framework\ExpectationFailedException">Tests\Feature\IntegrationTest::test_waha_webhook_creates_contact_if_not_exists&#13;
Failed asserting that a row in the table [contacts] matches the attributes {
    "name": "New Contact"
}.

The table is empty.
&#13;
C:\Users\hedra\Desktop\Sourcecode\NexusV2\Nexus-backend\vendor\laravel\framework\src\Illuminate\Foundation\Testing\Concerns\InteractsWithDatabase.php:51
C:\Users\hedra\Desktop\Sourcecode\NexusV2\Nexus-backend\tests\Feature\IntegrationTest.php:44</failure>
        </testcase>
        <testcase name="test_semantic_memory_stores_embeddings" file="C:\Users\hedra\Desktop\Sourcecode\NexusV2\Nexus-backend\tests\Feature\IntegrationTest.php" line="49" class="Tests\Feature\IntegrationTest" classname="Tests.Feature.IntegrationTest" assertions="1" time="0.102508">
          <failure type="PHPUnit\Framework\ExpectationFailedException">Tests\Feature\IntegrationTest::test_semantic_memory_stores_embeddings&#13;
Expected response status code [201] but received 401.
Failed asserting that 401 is identical to 201.
&#13;
C:\Users\hedra\Desktop\Sourcecode\NexusV2\Nexus-backend\vendor\laravel\framework\src\Illuminate\Testing\TestResponseAssert.php:45
C:\Users\hedra\Desktop\Sourcecode\NexusV2\Nexus-backend\vendor\laravel\framework\src\Illuminate\Testing\TestResponse.php:176
C:\Users\hedra\Desktop\Sourcecode\NexusV2\Nexus-backend\tests\Feature\IntegrationTest.php:59</failure>
        </testcase>
        <testcase name="test_ai_model_execute_with_openai_provider" file="C:\Users\hedra\Desktop\Sourcecode\NexusV2\Nexus-backend\tests\Feature\IntegrationTest.php" line="64" class="Tests\Feature\IntegrationTest" classname="Tests.Feature.IntegrationTest" assertions="0" time="0.066966">
          <error type="Illuminate\Database\QueryException">Tests\Feature\IntegrationTest::test_ai_model_execute_with_openai_provider&#13;
Illuminate\Database\QueryException: SQLSTATE[HY000]: General error: 1 table ai_models has no column named provider (Connection: sqlite, Database: :memory:, SQL: insert into "ai_models" ("name", "provider_id", "context_window", "input_cost_per_m", "output_cost_per_m", "last_synced_at", "provider", "model", "api_key", "id", "updated_at", "created_at") values (nobis Model, ?, ?, ?, 0.050474, 2026-06-09 23:58:19, openai, gpt-4, test-key, 0f7fc5d2-64d9-478d-8b58-94bd58d9d7b5, 2026-06-24 04:28:52, 2026-06-24 04:28:52))
&#13;
C:\Users\hedra\Desktop\Sourcecode\NexusV2\Nexus-backend\vendor\laravel\framework\src\Illuminate\Database\Connection.php:857
C:\Users\hedra\Desktop\Sourcecode\NexusV2\Nexus-backend\vendor\laravel\framework\src\Illuminate\Database\Connection.php:813
C:\Users\hedra\Desktop\Sourcecode\NexusV2\Nexus-backend\vendor\laravel\framework\src\Illuminate\Database\Connection.php:590
C:\Users\hedra\Desktop\Sourcecode\NexusV2\Nexus-backend\vendor\laravel\framework\src\Illuminate\Database\Connection.php:554
C:\Users\hedra\Desktop\Sourcecode\NexusV2\Nexus-backend\vendor\laravel\framework\src\Illuminate\Database\Query\Builder.php:4164
C:\Users\hedra\Desktop\Sourcecode\NexusV2\Nexus-backend\vendor\laravel\framework\src\Illuminate\Database\Eloquent\Builder.php:2271
C:\Users\hedra\Desktop\Sourcecode\NexusV2\Nexus-backend\vendor\laravel\framework\src\Illuminate\Database\Eloquent\Model.php:1589
C:\Users\hedra\Desktop\Sourcecode\NexusV2\Nexus-backend\vendor\laravel\framework\src\Illuminate\Database\Eloquent\Model.php:1382
C:\Users\hedra\Desktop\Sourcecode\NexusV2\Nexus-backend\vendor\laravel\framework\src\Illuminate\Database\Eloquent\Factories\Factory.php:379
C:\Users\hedra\Desktop\Sourcecode\NexusV2\Nexus-backend\vendor\laravel\framework\src\Illuminate\Collections\Traits\EnumeratesValues.php:275
C:\Users\hedra\Desktop\Sourcecode\NexusV2\Nexus-backend\vendor\laravel\framework\src\Illuminate\Database\Eloquent\Factories\Factory.php:374
C:\Users\hedra\Desktop\Sourcecode\NexusV2\Nexus-backend\vendor\laravel\framework\src\Illuminate\Database\Eloquent\Factories\Factory.php:330
C:\Users\hedra\Desktop\Sourcecode\NexusV2\Nexus-backend\vendor\laravel\framework\src\Illuminate\Database\Eloquent\Factories\Factory.php:324
C:\Users\hedra\Desktop\Sourcecode\NexusV2\Nexus-backend\tests\Feature\IntegrationTest.php:66</error>
        </testcase>
        <testcase name="test_ai_model_execute_with_gemini_provider" file="C:\Users\hedra\Desktop\Sourcecode\NexusV2\Nexus-backend\tests\Feature\IntegrationTest.php" line="80" class="Tests\Feature\IntegrationTest" classname="Tests.Feature.IntegrationTest" assertions="0" time="0.068544">
          <error type="Illuminate\Database\QueryException">Tests\Feature\IntegrationTest::test_ai_model_execute_with_gemini_provider&#13;
Illuminate\Database\QueryException: SQLSTATE[HY000]: General error: 1 table ai_models has no column named provider (Connection: sqlite, Database: :memory:, SQL: insert into "ai_models" ("name", "provider_id", "context_window", "input_cost_per_m", "output_cost_per_m", "last_synced_at", "provider", "model", "api_key", "id", "updated_at", "created_at") values (laudantium Model, ?, 4851, 0.047294, 0.007984, 2026-06-22 20:03:13, google, gemini-pro, test-key, 14f9edec-4577-431d-8e08-1cfde9936244, 2026-06-24 04:28:52, 2026-06-24 04:28:52))
&#13;
C:\Users\hedra\Desktop\Sourcecode\NexusV2\Nexus-backend\vendor\laravel\framework\src\Illuminate\Database\Connection.php:857
C:\Users\hedra\Desktop\Sourcecode\NexusV2\Nexus-backend\vendor\laravel\framework\src\Illuminate\Database\Connection.php:813
C:\Users\hedra\Desktop\Sourcecode\NexusV2\Nexus-backend\vendor\laravel\framework\src\Illuminate\Database\Connection.php:590
C:\Users\hedra\Desktop\Sourcecode\NexusV2\Nexus-backend\vendor\laravel\framework\src\Illuminate\Database\Connection.php:554
C:\Users\hedra\Desktop\Sourcecode\NexusV2\Nexus-backend\vendor\laravel\framework\src\Illuminate\Database\Query\Builder.php:4164
C:\Users\hedra\Desktop\Sourcecode\NexusV2\Nexus-backend\vendor\laravel\framework\src\Illuminate\Database\Eloquent\Builder.php:2271
C:\Users\hedra\Desktop\Sourcecode\NexusV2\Nexus-backend\vendor\laravel\framework\src\Illuminate\Database\Eloquent\Model.php:1589
C:\Users\hedra\Desktop\Sourcecode\NexusV2\Nexus-backend\vendor\laravel\framework\src\Illuminate\Database\Eloquent\Model.php:1382
C:\Users\hedra\Desktop\Sourcecode\NexusV2\Nexus-backend\vendor\laravel\framework\src\Illuminate\Database\Eloquent\Factories\Factory.php:379
C:\Users\hedra\Desktop\Sourcecode\NexusV2\Nexus-backend\vendor\laravel\framework\src\Illuminate\Collections\Traits\EnumeratesValues.php:275
C:\Users\hedra\Desktop\Sourcecode\NexusV2\Nexus-backend\vendor\laravel\framework\src\Illuminate\Database\Eloquent\Factories\Factory.php:374
C:\Users\hedra\Desktop\Sourcecode\NexusV2\Nexus-backend\vendor\laravel\framework\src\Illuminate\Database\Eloquent\Factories\Factory.php:330
C:\Users\hedra\Desktop\Sourcecode\NexusV2\Nexus-backend\vendor\laravel\framework\src\Illuminate\Database\Eloquent\Factories\Factory.php:324
C:\Users\hedra\Desktop\Sourcecode\NexusV2\Nexus-backend\tests\Feature\IntegrationTest.php:82</error>
        </testcase>
        <testcase name="test_full_conversation_flow_from_webhook_to_response" file="C:\Users\hedra\Desktop\Sourcecode\NexusV2\Nexus-backend\tests\Feature\IntegrationTest.php" line="98" class="Tests\Feature\IntegrationTest" classname="Tests.Feature.IntegrationTest" assertions="1" time="0.070791">
          <failure type="PHPUnit\Framework\ExpectationFailedException">Tests\Feature\IntegrationTest::test_full_conversation_flow_from_webhook_to_response&#13;
Expected response status code [200] but received 422.
Failed asserting that 422 is identical to 200.&#13;
&#13;
The following errors occurred during the last request:

{
    "message": "The session field is required. (and 2 more errors)",
    "errors": {
        "session": [
            "The session field is required."
        ],
        "payload": [
            "The payload field is required."
        ],
        "payload.id": [
            "The payload.id field is required when event is message."
        ]
    }
}
&#13;
C:\Users\hedra\Desktop\Sourcecode\NexusV2\Nexus-backend\vendor\laravel\framework\src\Illuminate\Testing\TestResponseAssert.php:45
C:\Users\hedra\Desktop\Sourcecode\NexusV2\Nexus-backend\vendor\laravel\framework\src\Illuminate\Testing\TestResponse.php:176
C:\Users\hedra\Desktop\Sourcecode\NexusV2\Nexus-backend\tests\Feature\IntegrationTest.php:111</failure>
        </testcase>
        <testcase name="test_memory_sync_job_syncs_to_external_stores" file="C:\Users\hedra\Desktop\Sourcecode\NexusV2\Nexus-backend\tests\Feature\IntegrationTest.php" line="120" class="Tests\Feature\IntegrationTest" classname="Tests.Feature.IntegrationTest" assertions="0" time="0.054823">
          <error type="Error">Tests\Feature\IntegrationTest::test_memory_sync_job_syncs_to_external_stores&#13;
Error: Class "Tests\Feature\Memory" not found
&#13;
C:\Users\hedra\Desktop\Sourcecode\NexusV2\Nexus-backend\tests\Feature\IntegrationTest.php:123</error>
        </testcase>
      </testsuite>
      <testsuite name="Tests\Feature\LogControllerTest" file="C:\Users\hedra\Desktop\Sourcecode\NexusV2\Nexus-backend\tests\Feature\LogControllerTest.php" tests="14" assertions="32" errors="0" failures="1" skipped="0" time="0.988164">
        <testcase name="test_index_returns_logs" file="C:\Users\hedra\Desktop\Sourcecode\NexusV2\Nexus-backend\tests\Feature\LogControllerTest.php" line="22" class="Tests\Feature\LogControllerTest" classname="Tests.Feature.LogControllerTest" assertions="4" time="0.073924"/>
        <testcase name="test_index_filters_by_level" file="C:\Users\hedra\Desktop\Sourcecode\NexusV2\Nexus-backend\tests\Feature\LogControllerTest.php" line="33" class="Tests\Feature\LogControllerTest" classname="Tests.Feature.LogControllerTest" assertions="2" time="0.072610"/>
        <testcase name="test_index_filters_by_channel" file="C:\Users\hedra\Desktop\Sourcecode\NexusV2\Nexus-backend\tests\Feature\LogControllerTest.php" line="45" class="Tests\Feature\LogControllerTest" classname="Tests.Feature.LogControllerTest" assertions="2" time="0.079502"/>
        <testcase name="test_show_returns_log" file="C:\Users\hedra\Desktop\Sourcecode\NexusV2\Nexus-backend\tests\Feature\LogControllerTest.php" line="57" class="Tests\Feature\LogControllerTest" classname="Tests.Feature.LogControllerTest" assertions="2" time="0.080405"/>
        <testcase name="test_show_returns_404_for_missing_log" file="C:\Users\hedra\Desktop\Sourcecode\NexusV2\Nexus-backend\tests\Feature\LogControllerTest.php" line="68" class="Tests\Feature\LogControllerTest" classname="Tests.Feature.LogControllerTest" assertions="1" time="0.069973"/>
        <testcase name="test_destroy_deletes_log" file="C:\Users\hedra\Desktop\Sourcecode\NexusV2\Nexus-backend\tests\Feature\LogControllerTest.php" line="76" class="Tests\Feature\LogControllerTest" classname="Tests.Feature.LogControllerTest" assertions="2" time="0.074593"/>
        <testcase name="test_stats_returns_statistics" file="C:\Users\hedra\Desktop\Sourcecode\NexusV2\Nexus-backend\tests\Feature\LogControllerTest.php" line="87" class="Tests\Feature\LogControllerTest" classname="Tests.Feature.LogControllerTest" assertions="7" time="0.075907"/>
        <testcase name="test_levels_returns_available_levels" file="C:\Users\hedra\Desktop\Sourcecode\NexusV2\Nexus-backend\tests\Feature\LogControllerTest.php" line="104" class="Tests\Feature\LogControllerTest" classname="Tests.Feature.LogControllerTest" assertions="2" time="0.061324"/>
        <testcase name="test_channels_returns_available_channels" file="C:\Users\hedra\Desktop\Sourcecode\NexusV2\Nexus-backend\tests\Feature\LogControllerTest.php" line="113" class="Tests\Feature\LogControllerTest" classname="Tests.Feature.LogControllerTest" assertions="2" time="0.069029"/>
        <testcase name="test_categories_alias_returns_channels" file="C:\Users\hedra\Desktop\Sourcecode\NexusV2\Nexus-backend\tests\Feature\LogControllerTest.php" line="125" class="Tests\Feature\LogControllerTest" classname="Tests.Feature.LogControllerTest" assertions="1" time="0.063410"/>
        <testcase name="test_errors_returns_error_logs" file="C:\Users\hedra\Desktop\Sourcecode\NexusV2\Nexus-backend\tests\Feature\LogControllerTest.php" line="135" class="Tests\Feature\LogControllerTest" classname="Tests.Feature.LogControllerTest" assertions="2" time="0.063292"/>
        <testcase name="test_clear_removes_old_logs" file="C:\Users\hedra\Desktop\Sourcecode\NexusV2\Nexus-backend\tests\Feature\LogControllerTest.php" line="148" class="Tests\Feature\LogControllerTest" classname="Tests.Feature.LogControllerTest" assertions="2" time="0.081306">
          <failure type="PHPUnit\Framework\ExpectationFailedException">Tests\Feature\LogControllerTest::test_clear_removes_old_logs&#13;
Failed asserting that a row in the table [logs] does not match the attributes {
    "id": 1
}.

Found similar results: [
    {
        "id": 1
    }
].
&#13;
C:\Users\hedra\Desktop\Sourcecode\NexusV2\Nexus-backend\vendor\laravel\framework\src\Illuminate\Foundation\Testing\Concerns\InteractsWithDatabase.php:95
C:\Users\hedra\Desktop\Sourcecode\NexusV2\Nexus-backend\tests\Feature\LogControllerTest.php:161</failure>
        </testcase>
        <testcase name="test_clear_without_days_parameter_clears_all" file="C:\Users\hedra\Desktop\Sourcecode\NexusV2\Nexus-backend\tests\Feature\LogControllerTest.php" line="165" class="Tests\Feature\LogControllerTest" classname="Tests.Feature.LogControllerTest" assertions="2" time="0.069616"/>
        <testcase name="test_unauthenticated_user_cannot_access_logs" file="C:\Users\hedra\Desktop\Sourcecode\NexusV2\Nexus-backend\tests\Feature\LogControllerTest.php" line="176" class="Tests\Feature\LogControllerTest" classname="Tests.Feature.LogControllerTest" assertions="1" time="0.053273"/>
      </testsuite>
      <testsuite name="Tests\Feature\MemorySchemaTest" file="C:\Users\hedra\Desktop\Sourcecode\NexusV2\Nexus-backend\tests\Feature\MemorySchemaTest.php" tests="7" assertions="7" errors="0" failures="7" skipped="0" time="0.341243">
        <testcase name="test_structured_memories_has_confidence_column_with_default_080" file="C:\Users\hedra\Desktop\Sourcecode\NexusV2\Nexus-backend\tests\Feature\MemorySchemaTest.php" line="30" class="Tests\Feature\MemorySchemaTest" classname="Tests.Feature.MemorySchemaTest" assertions="1" time="0.048198">
          <failure type="PHPUnit\Framework\ExpectationFailedException">Tests\Feature\MemorySchemaTest::test_structured_memories_has_confidence_column_with_default_080&#13;
structured_memories table should exist
Failed asserting that false is true.
&#13;
C:\Users\hedra\Desktop\Sourcecode\NexusV2\Nexus-backend\tests\Feature\MemorySchemaTest.php:33</failure>
        </testcase>
        <testcase name="test_contact_memory_versions_table_exists_with_all_required_columns" file="C:\Users\hedra\Desktop\Sourcecode\NexusV2\Nexus-backend\tests\Feature\MemorySchemaTest.php" line="76" class="Tests\Feature\MemorySchemaTest" classname="Tests.Feature.MemorySchemaTest" assertions="1" time="0.035997">
          <failure type="PHPUnit\Framework\ExpectationFailedException">Tests\Feature\MemorySchemaTest::test_contact_memory_versions_table_exists_with_all_required_columns&#13;
contact_memory_versions table should exist for version history tracking (Req 10.1)
Failed asserting that false is true.
&#13;
C:\Users\hedra\Desktop\Sourcecode\NexusV2\Nexus-backend\tests\Feature\MemorySchemaTest.php:79</failure>
        </testcase>
        <testcase name="test_memories_table_has_extraction_fields" file="C:\Users\hedra\Desktop\Sourcecode\NexusV2\Nexus-backend\tests\Feature\MemorySchemaTest.php" line="188" class="Tests\Feature\MemorySchemaTest" classname="Tests.Feature.MemorySchemaTest" assertions="1" time="0.076774">
          <failure type="PHPUnit\Framework\ExpectationFailedException">Tests\Feature\MemorySchemaTest::test_memories_table_has_extraction_fields&#13;
memories table should exist
Failed asserting that false is true.
&#13;
C:\Users\hedra\Desktop\Sourcecode\NexusV2\Nexus-backend\tests\Feature\MemorySchemaTest.php:191</failure>
        </testcase>
        <testcase name="test_structured_memories_has_required_indexes" file="C:\Users\hedra\Desktop\Sourcecode\NexusV2\Nexus-backend\tests\Feature\MemorySchemaTest.php" line="217" class="Tests\Feature\MemorySchemaTest" classname="Tests.Feature.MemorySchemaTest" assertions="1" time="0.051461">
          <failure type="PHPUnit\Framework\ExpectationFailedException">Tests\Feature\MemorySchemaTest::test_structured_memories_has_required_indexes&#13;
structured_memories table should exist
Failed asserting that false is true.
&#13;
C:\Users\hedra\Desktop\Sourcecode\NexusV2\Nexus-backend\tests\Feature\MemorySchemaTest.php:221</failure>
        </testcase>
        <testcase name="test_contact_memory_versions_has_required_indexes" file="C:\Users\hedra\Desktop\Sourcecode\NexusV2\Nexus-backend\tests\Feature\MemorySchemaTest.php" line="254" class="Tests\Feature\MemorySchemaTest" classname="Tests.Feature.MemorySchemaTest" assertions="1" time="0.047471">
          <failure type="PHPUnit\Framework\ExpectationFailedException">Tests\Feature\MemorySchemaTest::test_contact_memory_versions_has_required_indexes&#13;
contact_memory_versions table should exist
Failed asserting that false is true.
&#13;
C:\Users\hedra\Desktop\Sourcecode\NexusV2\Nexus-backend\tests\Feature\MemorySchemaTest.php:256</failure>
        </testcase>
        <testcase name="test_memories_table_has_extraction_indexes" file="C:\Users\hedra\Desktop\Sourcecode\NexusV2\Nexus-backend\tests\Feature\MemorySchemaTest.php" line="288" class="Tests\Feature\MemorySchemaTest" classname="Tests.Feature.MemorySchemaTest" assertions="1" time="0.037718">
          <failure type="PHPUnit\Framework\ExpectationFailedException">Tests\Feature\MemorySchemaTest::test_memories_table_has_extraction_indexes&#13;
memories table should exist
Failed asserting that false is true.
&#13;
C:\Users\hedra\Desktop\Sourcecode\NexusV2\Nexus-backend\tests\Feature\MemorySchemaTest.php:290</failure>
        </testcase>
        <testcase name="test_all_memory_migrations_applied_successfully" file="C:\Users\hedra\Desktop\Sourcecode\NexusV2\Nexus-backend\tests\Feature\MemorySchemaTest.php" line="313" class="Tests\Feature\MemorySchemaTest" classname="Tests.Feature.MemorySchemaTest" assertions="1" time="0.043624">
          <failure type="PHPUnit\Framework\ExpectationFailedException">Tests\Feature\MemorySchemaTest::test_all_memory_migrations_applied_successfully&#13;
memories table should exist
Failed asserting that false is true.
&#13;
C:\Users\hedra\Desktop\Sourcecode\NexusV2\Nexus-backend\tests\Feature\MemorySchemaTest.php:316</failure>
        </testcase>
      </testsuite>
      <testsuite name="Tests\Feature\MonitoringHealthTest" file="C:\Users\hedra\Desktop\Sourcecode\NexusV2\Nexus-backend\tests\Feature\MonitoringHealthTest.php" tests="1" assertions="3" errors="0" failures="1" skipped="0" time="2.091907">
        <testcase name="test_monitoring_health_endpoint_reports_healthy_when_checks_pass" file="C:\Users\hedra\Desktop\Sourcecode\NexusV2\Nexus-backend\tests\Feature\MonitoringHealthTest.php" line="14" class="Tests\Feature\MonitoringHealthTest" classname="Tests.Feature.MonitoringHealthTest" assertions="3" time="2.091907">
          <failure type="PHPUnit\Framework\ExpectationFailedException">Tests\Feature\MonitoringHealthTest::test_monitoring_health_endpoint_reports_healthy_when_checks_pass&#13;
Failed asserting that two strings are identical.
--- Expected
+++ Actual
@@ @@
-'healthy'
+'critical'
&#13;
C:\Users\hedra\Desktop\Sourcecode\NexusV2\Nexus-backend\vendor\laravel\framework\src\Illuminate\Testing\AssertableJsonString.php:243
C:\Users\hedra\Desktop\Sourcecode\NexusV2\Nexus-backend\vendor\laravel\framework\src\Illuminate\Testing\TestResponse.php:875
C:\Users\hedra\Desktop\Sourcecode\NexusV2\Nexus-backend\tests\Feature\MonitoringHealthTest.php:34</failure>
        </testcase>
      </testsuite>
      <testsuite name="Tests\Feature\PeopleConnect\ApiEndpointsTest" file="C:\Users\hedra\Desktop\Sourcecode\NexusV2\Nexus-backend\tests\Feature\PeopleConnect\ApiEndpointsTest.php" tests="3" assertions="8" errors="0" failures="0" skipped="0" time="0.155992">
        <testcase name="test_stats_endpoint_returns_correct_data" file="C:\Users\hedra\Desktop\Sourcecode\NexusV2\Nexus-backend\tests\Feature\PeopleConnect\ApiEndpointsTest.php" line="24" class="Tests\Feature\PeopleConnect\ApiEndpointsTest" classname="Tests.Feature.PeopleConnect.ApiEndpointsTest" assertions="2" time="0.052619"/>
        <testcase name="test_search_endpoint_finds_contact" file="C:\Users\hedra\Desktop\Sourcecode\NexusV2\Nexus-backend\tests\Feature\PeopleConnect\ApiEndpointsTest.php" line="51" class="Tests\Feature\PeopleConnect\ApiEndpointsTest" classname="Tests.Feature.PeopleConnect.ApiEndpointsTest" assertions="3" time="0.050856"/>
        <testcase name="test_livemsgs_endpoint_returns_messages" file="C:\Users\hedra\Desktop\Sourcecode\NexusV2\Nexus-backend\tests\Feature\PeopleConnect\ApiEndpointsTest.php" line="69" class="Tests\Feature\PeopleConnect\ApiEndpointsTest" classname="Tests.Feature.PeopleConnect.ApiEndpointsTest" assertions="3" time="0.052517"/>
      </testsuite>
      <testsuite name="Tests\Feature\PeopleConnect\IngestionPipelineTest" file="C:\Users\hedra\Desktop\Sourcecode\NexusV2\Nexus-backend\tests\Feature\PeopleConnect\IngestionPipelineTest.php" tests="3" assertions="13" errors="0" failures="0" skipped="0" time="0.203011">
        <testcase name="test_ingestion_service_deduplicates_raw_events_and_dispatches_job" file="C:\Users\hedra\Desktop\Sourcecode\NexusV2\Nexus-backend\tests\Feature\PeopleConnect\IngestionPipelineTest.php" line="22" class="Tests\Feature\PeopleConnect\IngestionPipelineTest" classname="Tests.Feature.PeopleConnect.IngestionPipelineTest" assertions="4" time="0.062030"/>
        <testcase name="test_process_job_creates_contact_conversation_session_and_message" file="C:\Users\hedra\Desktop\Sourcecode\NexusV2\Nexus-backend\tests\Feature\PeopleConnect\IngestionPipelineTest.php" line="53" class="Tests\Feature\PeopleConnect\IngestionPipelineTest" classname="Tests.Feature.PeopleConnect.IngestionPipelineTest" assertions="6" time="0.068801"/>
        <testcase name="test_process_job_deduplicates_messages" file="C:\Users\hedra\Desktop\Sourcecode\NexusV2\Nexus-backend\tests\Feature\PeopleConnect\IngestionPipelineTest.php" line="134" class="Tests\Feature\PeopleConnect\IngestionPipelineTest" classname="Tests.Feature.PeopleConnect.IngestionPipelineTest" assertions="3" time="0.072180"/>
      </testsuite>
      <testsuite name="Tests\Feature\PeopleConnect\PropertyBased\DedupSessionPropertyTest" file="C:\Users\hedra\Desktop\Sourcecode\NexusV2\Nexus-backend\tests\Feature\PeopleConnect\PropertyBased\DedupSessionPropertyTest.php" tests="1" assertions="0" errors="1" failures="0" skipped="0" time="0.051161">
        <testcase name="test_idempotency_property_for_deduplication" file="C:\Users\hedra\Desktop\Sourcecode\NexusV2\Nexus-backend\tests\Feature\PeopleConnect\PropertyBased\DedupSessionPropertyTest.php" line="17" class="Tests\Feature\PeopleConnect\PropertyBased\DedupSessionPropertyTest" classname="Tests.Feature.PeopleConnect.PropertyBased.DedupSessionPropertyTest" assertions="0" time="0.051161">
          <error type="Error">Tests\Feature\PeopleConnect\PropertyBased\DedupSessionPropertyTest::test_idempotency_property_for_deduplication&#13;
Error: Call to undefined method App\Services\PeopleConnect\WahaWebhookIngestionService::ingestMessage()
&#13;
C:\Users\hedra\Desktop\Sourcecode\NexusV2\Nexus-backend\tests\Feature\PeopleConnect\PropertyBased\DedupSessionPropertyTest.php:35</error>
        </testcase>
      </testsuite>
      <testsuite name="Tests\Feature\PeopleConnect\PropertyBased\ReplyModeSafetyPropertyTest" file="C:\Users\hedra\Desktop\Sourcecode\NexusV2\Nexus-backend\tests\Feature\PeopleConnect\PropertyBased\ReplyModeSafetyPropertyTest.php" tests="2" assertions="5" errors="0" failures="1" skipped="0" time="0.132329">
        <testcase name="test_safety_blocks_when_not_autopilot" file="C:\Users\hedra\Desktop\Sourcecode\NexusV2\Nexus-backend\tests\Feature\PeopleConnect\PropertyBased\ReplyModeSafetyPropertyTest.php" line="19" class="Tests\Feature\PeopleConnect\PropertyBased\ReplyModeSafetyPropertyTest" classname="Tests.Feature.PeopleConnect.PropertyBased.ReplyModeSafetyPropertyTest" assertions="3" time="0.056102"/>
        <testcase name="test_safety_blocks_on_rate_limit" file="C:\Users\hedra\Desktop\Sourcecode\NexusV2\Nexus-backend\tests\Feature\PeopleConnect\PropertyBased\ReplyModeSafetyPropertyTest.php" line="54" class="Tests\Feature\PeopleConnect\PropertyBased\ReplyModeSafetyPropertyTest" classname="Tests.Feature.PeopleConnect.PropertyBased.ReplyModeSafetyPropertyTest" assertions="2" time="0.076227">
          <failure type="PHPUnit\Framework\ExpectationFailedException">Tests\Feature\PeopleConnect\PropertyBased\ReplyModeSafetyPropertyTest::test_safety_blocks_on_rate_limit&#13;
Failed asserting that two strings are equal.
--- Expected
+++ Actual
@@ @@
-'Rate limit exceeded'
+'Mode is not autopilot'
&#13;
C:\Users\hedra\Desktop\Sourcecode\NexusV2\Nexus-backend\tests\Feature\PeopleConnect\PropertyBased\ReplyModeSafetyPropertyTest.php:91</failure>
        </testcase>
      </testsuite>
      <testsuite name="Tests\Feature\PeopleConnect\WahaWebhookTest" file="C:\Users\hedra\Desktop\Sourcecode\NexusV2\Nexus-backend\tests\Feature\PeopleConnect\WahaWebhookTest.php" tests="7" assertions="12" errors="0" failures="0" skipped="0" time="0.422583">
        <testcase name="test_rejects_webhook_without_secret" file="C:\Users\hedra\Desktop\Sourcecode\NexusV2\Nexus-backend\tests\Feature\PeopleConnect\WahaWebhookTest.php" line="22" class="Tests\Feature\PeopleConnect\WahaWebhookTest" classname="Tests.Feature.PeopleConnect.WahaWebhookTest" assertions="1" time="0.050559"/>
        <testcase name="test_rejects_webhook_with_invalid_secret" file="C:\Users\hedra\Desktop\Sourcecode\NexusV2\Nexus-backend\tests\Feature\PeopleConnect\WahaWebhookTest.php" line="37" class="Tests\Feature\PeopleConnect\WahaWebhookTest" classname="Tests.Feature.PeopleConnect.WahaWebhookTest" assertions="1" time="0.054812"/>
        <testcase name="test_rejects_invalid_payload_structure" file="C:\Users\hedra\Desktop\Sourcecode\NexusV2\Nexus-backend\tests\Feature\PeopleConnect\WahaWebhookTest.php" line="54" class="Tests\Feature\PeopleConnect\WahaWebhookTest" classname="Tests.Feature.PeopleConnect.WahaWebhookTest" assertions="4" time="0.057048"/>
        <testcase name="test_accepts_valid_webhook_and_dispatches_job" file="C:\Users\hedra\Desktop\Sourcecode\NexusV2\Nexus-backend\tests\Feature\PeopleConnect\WahaWebhookTest.php" line="69" class="Tests\Feature\PeopleConnect\WahaWebhookTest" classname="Tests.Feature.PeopleConnect.WahaWebhookTest" assertions="3" time="0.059312"/>
        <testcase name="test_accepts_webhook_with_valid_hmac_sha512" file="C:\Users\hedra\Desktop\Sourcecode\NexusV2\Nexus-backend\tests\Feature\PeopleConnect\WahaWebhookTest.php" line="104" class="Tests\Feature\PeopleConnect\WahaWebhookTest" classname="Tests.Feature.PeopleConnect.WahaWebhookTest" assertions="1" time="0.074662"/>
        <testcase name="test_accepts_webhook_with_valid_hmac_sha256" file="C:\Users\hedra\Desktop\Sourcecode\NexusV2\Nexus-backend\tests\Feature\PeopleConnect\WahaWebhookTest.php" line="130" class="Tests\Feature\PeopleConnect\WahaWebhookTest" classname="Tests.Feature.PeopleConnect.WahaWebhookTest" assertions="1" time="0.053360"/>
        <testcase name="test_rejects_webhook_with_invalid_hmac_signature" file="C:\Users\hedra\Desktop\Sourcecode\NexusV2\Nexus-backend\tests\Feature\PeopleConnect\WahaWebhookTest.php" line="156" class="Tests\Feature\PeopleConnect\WahaWebhookTest" classname="Tests.Feature.PeopleConnect.WahaWebhookTest" assertions="1" time="0.072830"/>
      </testsuite>
      <testsuite name="Tests\Feature\PerformanceTest" file="C:\Users\hedra\Desktop\Sourcecode\NexusV2\Nexus-backend\tests\Feature\PerformanceTest.php" tests="6" assertions="6" errors="0" failures="5" skipped="0" time="0.551578">
        <testcase name="test_agent_index_response_time_under_200ms" file="C:\Users\hedra\Desktop\Sourcecode\NexusV2\Nexus-backend\tests\Feature\PerformanceTest.php" line="17" class="Tests\Feature\PerformanceTest" classname="Tests.Feature.PerformanceTest" assertions="1" time="0.066175">
          <failure type="PHPUnit\Framework\ExpectationFailedException">Tests\Feature\PerformanceTest::test_agent_index_response_time_under_200ms&#13;
Expected response status code [200] but received 401.
Failed asserting that 401 is identical to 200.
&#13;
C:\Users\hedra\Desktop\Sourcecode\NexusV2\Nexus-backend\vendor\laravel\framework\src\Illuminate\Testing\TestResponseAssert.php:45
C:\Users\hedra\Desktop\Sourcecode\NexusV2\Nexus-backend\vendor\laravel\framework\src\Illuminate\Testing\TestResponse.php:176
C:\Users\hedra\Desktop\Sourcecode\NexusV2\Nexus-backend\tests\Feature\PerformanceTest.php:25</failure>
        </testcase>
        <testcase name="test_contact_index_response_time_under_200ms" file="C:\Users\hedra\Desktop\Sourcecode\NexusV2\Nexus-backend\tests\Feature\PerformanceTest.php" line="29" class="Tests\Feature\PerformanceTest" classname="Tests.Feature.PerformanceTest" assertions="1" time="0.090020">
          <failure type="PHPUnit\Framework\ExpectationFailedException">Tests\Feature\PerformanceTest::test_contact_index_response_time_under_200ms&#13;
Expected response status code [200] but received 401.
Failed asserting that 401 is identical to 200.
&#13;
C:\Users\hedra\Desktop\Sourcecode\NexusV2\Nexus-backend\vendor\laravel\framework\src\Illuminate\Testing\TestResponseAssert.php:45
C:\Users\hedra\Desktop\Sourcecode\NexusV2\Nexus-backend\vendor\laravel\framework\src\Illuminate\Testing\TestResponse.php:176
C:\Users\hedra\Desktop\Sourcecode\NexusV2\Nexus-backend\tests\Feature\PerformanceTest.php:37</failure>
        </testcase>
        <testcase name="test_workflow_index_response_time_under_200ms" file="C:\Users\hedra\Desktop\Sourcecode\NexusV2\Nexus-backend\tests\Feature\PerformanceTest.php" line="41" class="Tests\Feature\PerformanceTest" classname="Tests.Feature.PerformanceTest" assertions="1" time="0.056526">
          <failure type="PHPUnit\Framework\ExpectationFailedException">Tests\Feature\PerformanceTest::test_workflow_index_response_time_under_200ms&#13;
Expected response status code [200] but received 401.
Failed asserting that 401 is identical to 200.
&#13;
C:\Users\hedra\Desktop\Sourcecode\NexusV2\Nexus-backend\vendor\laravel\framework\src\Illuminate\Testing\TestResponseAssert.php:45
C:\Users\hedra\Desktop\Sourcecode\NexusV2\Nexus-backend\vendor\laravel\framework\src\Illuminate\Testing\TestResponse.php:176
C:\Users\hedra\Desktop\Sourcecode\NexusV2\Nexus-backend\tests\Feature\PerformanceTest.php:49</failure>
        </testcase>
        <testcase name="test_database_queries_use_eager_loading" file="C:\Users\hedra\Desktop\Sourcecode\NexusV2\Nexus-backend\tests\Feature\PerformanceTest.php" line="55" class="Tests\Feature\PerformanceTest" classname="Tests.Feature.PerformanceTest" assertions="1" time="0.063974">
          <failure type="PHPUnit\Framework\ExpectationFailedException">Tests\Feature\PerformanceTest::test_database_queries_use_eager_loading&#13;
Expected response status code [200] but received 401.
Failed asserting that 401 is identical to 200.
&#13;
C:\Users\hedra\Desktop\Sourcecode\NexusV2\Nexus-backend\vendor\laravel\framework\src\Illuminate\Testing\TestResponseAssert.php:45
C:\Users\hedra\Desktop\Sourcecode\NexusV2\Nexus-backend\vendor\laravel\framework\src\Illuminate\Testing\TestResponse.php:176
C:\Users\hedra\Desktop\Sourcecode\NexusV2\Nexus-backend\tests\Feature\PerformanceTest.php:63</failure>
        </testcase>
        <testcase name="test_pagination_limits_results_per_page" file="C:\Users\hedra\Desktop\Sourcecode\NexusV2\Nexus-backend\tests\Feature\PerformanceTest.php" line="69" class="Tests\Feature\PerformanceTest" classname="Tests.Feature.PerformanceTest" assertions="1" time="0.096273">
          <failure type="PHPUnit\Framework\ExpectationFailedException">Tests\Feature\PerformanceTest::test_pagination_limits_results_per_page&#13;
Expected response status code [200] but received 401.
Failed asserting that 401 is identical to 200.
&#13;
C:\Users\hedra\Desktop\Sourcecode\NexusV2\Nexus-backend\vendor\laravel\framework\src\Illuminate\Testing\TestResponseAssert.php:45
C:\Users\hedra\Desktop\Sourcecode\NexusV2\Nexus-backend\vendor\laravel\framework\src\Illuminate\Testing\TestResponse.php:176
C:\Users\hedra\Desktop\Sourcecode\NexusV2\Nexus-backend\tests\Feature\PerformanceTest.php:75</failure>
        </testcase>
        <testcase name="test_memory_usage_stays_within_reasonable_limits" file="C:\Users\hedra\Desktop\Sourcecode\NexusV2\Nexus-backend\tests\Feature\PerformanceTest.php" line="81" class="Tests\Feature\PerformanceTest" classname="Tests.Feature.PerformanceTest" assertions="1" time="0.178610"/>
      </testsuite>
      <testsuite name="Tests\Feature\QueueTest" file="C:\Users\hedra\Desktop\Sourcecode\NexusV2\Nexus-backend\tests\Feature\QueueTest.php" tests="4" assertions="2" errors="2" failures="1" skipped="0" time="0.221708">
        <testcase name="test_sync_memory_job_is_dispatched_on_memory_create" file="C:\Users\hedra\Desktop\Sourcecode\NexusV2\Nexus-backend\tests\Feature\QueueTest.php" line="16" class="Tests\Feature\QueueTest" classname="Tests.Feature.QueueTest" assertions="1" time="0.064570">
          <failure type="PHPUnit\Framework\ExpectationFailedException">Tests\Feature\QueueTest::test_sync_memory_job_is_dispatched_on_memory_create&#13;
The expected [App\Jobs\SyncMemoryJob] job was not pushed.
Failed asserting that false is true.
&#13;
C:\Users\hedra\Desktop\Sourcecode\NexusV2\Nexus-backend\vendor\laravel\framework\src\Illuminate\Support\Testing\Fakes\QueueFake.php:124
C:\Users\hedra\Desktop\Sourcecode\NexusV2\Nexus-backend\vendor\laravel\framework\src\Illuminate\Support\Facades\Facade.php:363
C:\Users\hedra\Desktop\Sourcecode\NexusV2\Nexus-backend\tests\Feature\QueueTest.php:26</failure>
        </testcase>
        <testcase name="test_sync_memory_job_handles_failure_gracefully" file="C:\Users\hedra\Desktop\Sourcecode\NexusV2\Nexus-backend\tests\Feature\QueueTest.php" line="31" class="Tests\Feature\QueueTest" classname="Tests.Feature.QueueTest" assertions="0" time="0.061652">
          <error type="TypeError">Tests\Feature\QueueTest::test_sync_memory_job_handles_failure_gracefully&#13;
TypeError: App\Jobs\SyncMemoryJob::__construct(): Argument #1 ($contactId) must be of type int, App\Models\Memory given, called in C:\Users\hedra\Desktop\Sourcecode\NexusV2\Nexus-backend\tests\Feature\QueueTest.php on line 39
&#13;
C:\Users\hedra\Desktop\Sourcecode\NexusV2\Nexus-backend\app\Jobs\SyncMemoryJob.php:28
C:\Users\hedra\Desktop\Sourcecode\NexusV2\Nexus-backend\tests\Feature\QueueTest.php:39</error>
        </testcase>
        <testcase name="test_queue_connection_is_sync_in_testing" file="C:\Users\hedra\Desktop\Sourcecode\NexusV2\Nexus-backend\tests\Feature\QueueTest.php" line="45" class="Tests\Feature\QueueTest" classname="Tests.Feature.QueueTest" assertions="1" time="0.042949"/>
        <testcase name="test_job_can_be_pushed_to_queue" file="C:\Users\hedra\Desktop\Sourcecode\NexusV2\Nexus-backend\tests\Feature\QueueTest.php" line="50" class="Tests\Feature\QueueTest" classname="Tests.Feature.QueueTest" assertions="0" time="0.052536">
          <error type="TypeError">Tests\Feature\QueueTest::test_job_can_be_pushed_to_queue&#13;
TypeError: App\Jobs\SyncMemoryJob::__construct(): Argument #1 ($contactId) must be of type int, App\Models\Memory given, called in C:\Users\hedra\Desktop\Sourcecode\NexusV2\Nexus-backend\vendor\laravel\framework\src\Illuminate\Foundation\Bus\Dispatchable.php on line 19
&#13;
C:\Users\hedra\Desktop\Sourcecode\NexusV2\Nexus-backend\app\Jobs\SyncMemoryJob.php:28
C:\Users\hedra\Desktop\Sourcecode\NexusV2\Nexus-backend\vendor\laravel\framework\src\Illuminate\Foundation\Bus\Dispatchable.php:19
C:\Users\hedra\Desktop\Sourcecode\NexusV2\Nexus-backend\tests\Feature\QueueTest.php:54</error>
        </testcase>
      </testsuite>
      <testsuite name="Tests\Feature\ScheduleTest" file="C:\Users\hedra\Desktop\Sourcecode\NexusV2\Nexus-backend\tests\Feature\ScheduleTest.php" tests="1" assertions="0" errors="1" failures="0" skipped="0" time="0.079385">
        <testcase name="test_reverb_monitoring_command_is_scheduled" file="C:\Users\hedra\Desktop\Sourcecode\NexusV2\Nexus-backend\tests\Feature\ScheduleTest.php" line="10" class="Tests\Feature\ScheduleTest" classname="Tests.Feature.ScheduleTest" assertions="0" time="0.079385">
          <error type="Illuminate\Contracts\Container\BindingResolutionException">Tests\Feature\ScheduleTest::test_reverb_monitoring_command_is_scheduled&#13;
Illuminate\Contracts\Container\BindingResolutionException: Target class [App\Console\Kernel] does not exist.
&#13;
C:\Users\hedra\Desktop\Sourcecode\NexusV2\Nexus-backend\vendor\laravel\framework\src\Illuminate\Container\Container.php:1127
C:\Users\hedra\Desktop\Sourcecode\NexusV2\Nexus-backend\vendor\laravel\framework\src\Illuminate\Container\Container.php:936
C:\Users\hedra\Desktop\Sourcecode\NexusV2\Nexus-backend\vendor\laravel\framework\src\Illuminate\Foundation\Application.php:1078
C:\Users\hedra\Desktop\Sourcecode\NexusV2\Nexus-backend\vendor\laravel\framework\src\Illuminate\Container\Container.php:864
C:\Users\hedra\Desktop\Sourcecode\NexusV2\Nexus-backend\vendor\laravel\framework\src\Illuminate\Foundation\Application.php:1058
C:\Users\hedra\Desktop\Sourcecode\NexusV2\Nexus-backend\tests\Feature\ScheduleTest.php:12</error>
        </testcase>
      </testsuite>
      <testsuite name="Tests\Feature\SemanticCacheTest" file="C:\Users\hedra\Desktop\Sourcecode\NexusV2\Nexus-backend\tests\Feature\SemanticCacheTest.php" tests="4" assertions="7" errors="0" failures="0" skipped="0" time="0.259773">
        <testcase name="it_returns_null_for_cache_miss" file="C:\Users\hedra\Desktop\Sourcecode\NexusV2\Nexus-backend\tests\Feature\SemanticCacheTest.php" line="21" class="Tests\Feature\SemanticCacheTest" classname="Tests.Feature.SemanticCacheTest" assertions="1" time="0.060057"/>
        <testcase name="it_returns_cached_result_after_put" file="C:\Users\hedra\Desktop\Sourcecode\NexusV2\Nexus-backend\tests\Feature\SemanticCacheTest.php" line="28" class="Tests\Feature\SemanticCacheTest" classname="Tests.Feature.SemanticCacheTest" assertions="2" time="0.064236"/>
        <testcase name="it_distinguishes_different_prompts" file="C:\Users\hedra\Desktop\Sourcecode\NexusV2\Nexus-backend\tests\Feature\SemanticCacheTest.php" line="39" class="Tests\Feature\SemanticCacheTest" classname="Tests.Feature.SemanticCacheTest" assertions="2" time="0.074018"/>
        <testcase name="it_returns_same_cache_key_for_identical_params_different_order" file="C:\Users\hedra\Desktop\Sourcecode\NexusV2\Nexus-backend\tests\Feature\SemanticCacheTest.php" line="55" class="Tests\Feature\SemanticCacheTest" classname="Tests.Feature.SemanticCacheTest" assertions="2" time="0.061463"/>
      </testsuite>
      <testsuite name="Tests\Feature\TaskCrudTest" file="C:\Users\hedra\Desktop\Sourcecode\NexusV2\Nexus-backend\tests\Feature\TaskCrudTest.php" tests="1" assertions="15" errors="0" failures="0" skipped="0" time="0.111833">
        <testcase name="test_task_crud_and_transition_actions_work" file="C:\Users\hedra\Desktop\Sourcecode\NexusV2\Nexus-backend\tests\Feature\TaskCrudTest.php" line="14" class="Tests\Feature\TaskCrudTest" classname="Tests.Feature.TaskCrudTest" assertions="15" time="0.111833"/>
      </testsuite>
      <testsuite name="Tests\Feature\UserFlowTest" file="C:\Users\hedra\Desktop\Sourcecode\NexusV2\Nexus-backend\tests\Feature\UserFlowTest.php" tests="5" assertions="11" errors="0" failures="3" skipped="0" time="0.350499">
        <testcase name="test_contact_onboarding_flow" file="C:\Users\hedra\Desktop\Sourcecode\NexusV2\Nexus-backend\tests\Feature\UserFlowTest.php" line="19" class="Tests\Feature\UserFlowTest" classname="Tests.Feature.UserFlowTest" assertions="4" time="0.099491"/>
        <testcase name="test_workflow_execution_flow" file="C:\Users\hedra\Desktop\Sourcecode\NexusV2\Nexus-backend\tests\Feature\UserFlowTest.php" line="52" class="Tests\Feature\UserFlowTest" classname="Tests.Feature.UserFlowTest" assertions="1" time="0.047685">
          <failure type="PHPUnit\Framework\ExpectationFailedException">Tests\Feature\UserFlowTest::test_workflow_execution_flow&#13;
Expected response status code [200] but received 422.
Failed asserting that 422 is identical to 200.&#13;
&#13;
The following errors occurred during the last request:

{
    "message": "Workflow must have at least one step.",
    "errors": {
        "steps": [
            "Workflow must have at least one step."
        ]
    }
}
&#13;
C:\Users\hedra\Desktop\Sourcecode\NexusV2\Nexus-backend\vendor\laravel\framework\src\Illuminate\Testing\TestResponseAssert.php:45
C:\Users\hedra\Desktop\Sourcecode\NexusV2\Nexus-backend\vendor\laravel\framework\src\Illuminate\Testing\TestResponse.php:176
C:\Users\hedra\Desktop\Sourcecode\NexusV2\Nexus-backend\tests\Feature\UserFlowTest.php:68</failure>
        </testcase>
        <testcase name="test_agent_task_lifecycle_flow" file="C:\Users\hedra\Desktop\Sourcecode\NexusV2\Nexus-backend\tests\Feature\UserFlowTest.php" line="77" class="Tests\Feature\UserFlowTest" classname="Tests.Feature.UserFlowTest" assertions="2" time="0.073232"/>
        <testcase name="test_memory_management_flow" file="C:\Users\hedra\Desktop\Sourcecode\NexusV2\Nexus-backend\tests\Feature\UserFlowTest.php" line="106" class="Tests\Feature\UserFlowTest" classname="Tests.Feature.UserFlowTest" assertions="3" time="0.081943">
          <failure type="PHPUnit\Framework\ExpectationFailedException">Tests\Feature\UserFlowTest::test_memory_management_flow&#13;
Failed asserting that 0 is identical to 1.
&#13;
C:\Users\hedra\Desktop\Sourcecode\NexusV2\Nexus-backend\vendor\laravel\framework\src\Illuminate\Testing\AssertableJsonString.php:243
C:\Users\hedra\Desktop\Sourcecode\NexusV2\Nexus-backend\vendor\laravel\framework\src\Illuminate\Testing\TestResponse.php:875
C:\Users\hedra\Desktop\Sourcecode\NexusV2\Nexus-backend\tests\Feature\UserFlowTest.php:124</failure>
        </testcase>
        <testcase name="test_settings_management_flow" file="C:\Users\hedra\Desktop\Sourcecode\NexusV2\Nexus-backend\tests\Feature\UserFlowTest.php" line="139" class="Tests\Feature\UserFlowTest" classname="Tests.Feature.UserFlowTest" assertions="1" time="0.048149">
          <failure type="PHPUnit\Framework\ExpectationFailedException">Tests\Feature\UserFlowTest::test_settings_management_flow&#13;
Expected response status code [201] but received 500.
Failed asserting that 500 is identical to 201.&#13;
&#13;
The following exception occurred during the last request:

TypeError: App\Policies\SettingPolicy::create(): Return value must be of type bool, null returned in C:\Users\hedra\Desktop\Sourcecode\NexusV2\Nexus-backend\app\Policies\SettingPolicy.php:37
Stack trace:
#0 C:\Users\hedra\Desktop\Sourcecode\NexusV2\Nexus-backend\vendor\laravel\framework\src\Illuminate\Auth\Access\Gate.php(844): App\Policies\SettingPolicy-&gt;create(Object(App\Models\User))
#1 C:\Users\hedra\Desktop\Sourcecode\NexusV2\Nexus-backend\vendor\laravel\framework\src\Illuminate\Auth\Access\Gate.php(797): Illuminate\Auth\Access\Gate-&gt;callPolicyMethod(Object(App\Policies\SettingPolicy), 'create', Object(App\Models\User), Array)
#2 C:\Users\hedra\Desktop\Sourcecode\NexusV2\Nexus-backend\vendor\laravel\framework\src\Illuminate\Auth\Access\Gate.php(553): Illuminate\Auth\Access\Gate-&gt;{closure:Illuminate\Auth\Access\Gate::resolvePolicyCallback():780}(Object(App\Models\User), 'App\\Models\\Sett...')
#3 C:\Users\hedra\Desktop\Sourcecode\NexusV2\Nexus-backend\vendor\laravel\framework\src\Illuminate\Auth\Access\Gate.php(448): Illuminate\Auth\Access\Gate-&gt;callAuthCallback(Object(App\Models\User), 'create', Array)
#4 C:\Users\hedra\Desktop\Sourcecode\NexusV2\Nexus-backend\vendor\laravel\framework\src\Illuminate\Auth\Access\Gate.php(411): Illuminate\Auth\Access\Gate-&gt;raw('create', Array)
#5 C:\Users\hedra\Desktop\Sourcecode\NexusV2\Nexus-backend\vendor\laravel\framework\src\Illuminate\Auth\Access\Gate.php(398): Illuminate\Auth\Access\Gate-&gt;inspect('create', 'App\\Models\\Sett...')
#6 C:\Users\hedra\Desktop\Sourcecode\NexusV2\Nexus-backend\vendor\laravel\framework\src\Illuminate\Foundation\Auth\Access\AuthorizesRequests.php(25): Illuminate\Auth\Access\Gate-&gt;authorize('create', 'App\\Models\\Sett...')
#7 C:\Users\hedra\Desktop\Sourcecode\NexusV2\Nexus-backend\app\Http\Controllers\SettingController.php(150): App\Http\Controllers\Controller-&gt;authorize('create', 'App\\Models\\Sett...')
#8 C:\Users\hedra\Desktop\Sourcecode\NexusV2\Nexus-backend\vendor\laravel\framework\src\Illuminate\Routing\ControllerDispatcher.php(46): App\Http\Controllers\SettingController-&gt;store(Object(Illuminate\Http\Request))
#9 C:\Users\hedra\Desktop\Sourcecode\NexusV2\Nexus-backend\vendor\laravel\framework\src\Illuminate\Routing\Route.php(275): Illuminate\Routing\ControllerDispatcher-&gt;dispatch(Object(Illuminate\Routing\Route), Object(App\Http\Controllers\SettingController), 'store')
#10 C:\Users\hedra\Desktop\Sourcecode\NexusV2\Nexus-backend\vendor\laravel\framework\src\Illuminate\Routing\Route.php(215): Illuminate\Routing\Route-&gt;runController()
#11 C:\Users\hedra\Desktop\Sourcecode\NexusV2\Nexus-backend\vendor\laravel\framework\src\Illuminate\Routing\Router.php(822): Illuminate\Routing\Route-&gt;run()
#12 C:\Users\hedra\Desktop\Sourcecode\NexusV2\Nexus-backend\vendor\laravel\framework\src\Illuminate\Pipeline\Pipeline.php(180): Illuminate\Routing\Router-&gt;{closure:Illuminate\Routing\Router::runRouteWithinStack():821}(Object(Illuminate\Http\Request))
#13 C:\Users\hedra\Desktop\Sourcecode\NexusV2\Nexus-backend\vendor\laravel\framework\src\Illuminate\Routing\Middleware\SubstituteBindings.php(52): Illuminate\Pipeline\Pipeline-&gt;{closure:Illuminate\Pipeline\Pipeline::prepareDestination():178}(Object(Illuminate\Http\Request))
#14 C:\Users\hedra\Desktop\Sourcecode\NexusV2\Nexus-backend\vendor\laravel\framework\src\Illuminate\Pipeline\Pipeline.php(219): Illuminate\Routing\Middleware\SubstituteBindings-&gt;handle(Object(Illuminate\Http\Request), Object(Closure))
#15 C:\Users\hedra\Desktop\Sourcecode\NexusV2\Nexus-backend\vendor\laravel\framework\src\Illuminate\Auth\Middleware\Authenticate.php(63): Illuminate\Pipeline\Pipeline-&gt;{closure:{closure:Illuminate\Pipeline\Pipeline::carry():194}:195}(Object(Illuminate\Http\Request))
#16 C:\Users\hedra\Desktop\Sourcecode\NexusV2\Nexus-backend\vendor\laravel\framework\src\Illuminate\Pipeline\Pipeline.php(219): Illuminate\Auth\Middleware\Authenticate-&gt;handle(Object(Illuminate\Http\Request), Object(Closure), 'sanctum')
#17 C:\Users\hedra\Desktop\Sourcecode\NexusV2\Nexus-backend\vendor\laravel\framework\src\Illuminate\Pipeline\Pipeline.php(137): Illuminate\Pipeline\Pipeline-&gt;{closure:{closure:Illuminate\Pipeline\Pipeline::carry():194}:195}(Object(Illuminate\Http\Request))
#18 C:\Users\hedra\Desktop\Sourcecode\NexusV2\Nexus-backend\vendor\laravel\framework\src\Illuminate\Routing\Router.php(821): Illuminate\Pipeline\Pipeline-&gt;then(Object(Closure))
#19 C:\Users\hedra\Desktop\Sourcecode\NexusV2\Nexus-backend\vendor\laravel\framework\src\Illuminate\Routing\Router.php(800): Illuminate\Routing\Router-&gt;runRouteWithinStack(Object(Illuminate\Routing\Route), Object(Illuminate\Http\Request))
#20 C:\Users\hedra\Desktop\Sourcecode\NexusV2\Nexus-backend\vendor\laravel\framework\src\Illuminate\Routing\Router.php(764): Illuminate\Routing\Router-&gt;runRoute(Object(Illuminate\Http\Request), Object(Illuminate\Routing\Route))
#21 C:\Users\hedra\Desktop\Sourcecode\NexusV2\Nexus-backend\vendor\laravel\framework\src\Illuminate\Routing\Router.php(753): Illuminate\Routing\Router-&gt;dispatchToRoute(Object(Illuminate\Http\Request))
#22 C:\Users\hedra\Desktop\Sourcecode\NexusV2\Nexus-backend\vendor\laravel\framework\src\Illuminate\Foundation\Http\Kernel.php(200): Illuminate\Routing\Router-&gt;dispatch(Object(Illuminate\Http\Request))
#23 C:\Users\hedra\Desktop\Sourcecode\NexusV2\Nexus-backend\vendor\laravel\framework\src\Illuminate\Pipeline\Pipeline.php(180): Illuminate\Foundation\Http\Kernel-&gt;{closure:Illuminate\Foundation\Http\Kernel::dispatchToRouter():197}(Object(Illuminate\Http\Request))
#24 C:\Users\hedra\Desktop\Sourcecode\NexusV2\Nexus-backend\app\Http\Middleware\AutoLoginDevMiddleware.php(29): Illuminate\Pipeline\Pipeline-&gt;{closure:Illuminate\Pipeline\Pipeline::prepareDestination():178}(Object(Illuminate\Http\Request))
#25 C:\Users\hedra\Desktop\Sourcecode\NexusV2\Nexus-backend\vendor\laravel\framework\src\Illuminate\Pipeline\Pipeline.php(219): App\Http\Middleware\AutoLoginDevMiddleware-&gt;handle(Object(Illuminate\Http\Request), Object(Closure))
#26 C:\Users\hedra\Desktop\Sourcecode\NexusV2\Nexus-backend\vendor\laravel\framework\src\Illuminate\Foundation\Http\Middleware\TransformsRequest.php(21): Illuminate\Pipeline\Pipeline-&gt;{closure:{closure:Illuminate\Pipeline\Pipeline::carry():194}:195}(Object(Illuminate\Http\Request))
#27 C:\Users\hedra\Desktop\Sourcecode\NexusV2\Nexus-backend\vendor\laravel\framework\src\Illuminate\Foundation\Http\Middleware\ConvertEmptyStringsToNull.php(31): Illuminate\Foundation\Http\Middleware\TransformsRequest-&gt;handle(Object(Illuminate\Http\Request), Object(Closure))
#28 C:\Users\hedra\Desktop\Sourcecode\NexusV2\Nexus-backend\vendor\laravel\framework\src\Illuminate\Pipeline\Pipeline.php(219): Illuminate\Foundation\Http\Middleware\ConvertEmptyStringsToNull-&gt;handle(Object(Illuminate\Http\Request), Object(Closure))
#29 C:\Users\hedra\Desktop\Sourcecode\NexusV2\Nexus-backend\vendor\laravel\framework\src\Illuminate\Foundation\Http\Middleware\TransformsRequest.php(21): Illuminate\Pipeline\Pipeline-&gt;{closure:{closure:Illuminate\Pipeline\Pipeline::carry():194}:195}(Object(Illuminate\Http\Request))
#30 C:\Users\hedra\Desktop\Sourcecode\NexusV2\Nexus-backend\vendor\laravel\framework\src\Illuminate\Foundation\Http\Middleware\TrimStrings.php(51): Illuminate\Foundation\Http\Middleware\TransformsRequest-&gt;handle(Object(Illuminate\Http\Request), Object(Closure))
#31 C:\Users\hedra\Desktop\Sourcecode\NexusV2\Nexus-backend\vendor\laravel\framework\src\Illuminate\Pipeline\Pipeline.php(219): Illuminate\Foundation\Http\Middleware\TrimStrings-&gt;handle(Object(Illuminate\Http\Request), Object(Closure))
#32 C:\Users\hedra\Desktop\Sourcecode\NexusV2\Nexus-backend\vendor\laravel\framework\src\Illuminate\Http\Middleware\ValidatePostSize.php(27): Illuminate\Pipeline\Pipeline-&gt;{closure:{closure:Illuminate\Pipeline\Pipeline::carry():194}:195}(Object(Illuminate\Http\Request))
#33 C:\Users\hedra\Desktop\Sourcecode\NexusV2\Nexus-backend\vendor\laravel\framework\src\Illuminate\Pipeline\Pipeline.php(219): Illuminate\Http\Middleware\ValidatePostSize-&gt;handle(Object(Illuminate\Http\Request), Object(Closure))
#34 C:\Users\hedra\Desktop\Sourcecode\NexusV2\Nexus-backend\vendor\laravel\framework\src\Illuminate\Foundation\Http\Middleware\PreventRequestsDuringMaintenance.php(109): Illuminate\Pipeline\Pipeline-&gt;{closure:{closure:Illuminate\Pipeline\Pipeline::carry():194}:195}(Object(Illuminate\Http\Request))
#35 C:\Users\hedra\Desktop\Sourcecode\NexusV2\Nexus-backend\vendor\laravel\framework\src\Illuminate\Pipeline\Pipeline.php(219): Illuminate\Foundation\Http\Middleware\PreventRequestsDuringMaintenance-&gt;handle(Object(Illuminate\Http\Request), Object(Closure))
#36 C:\Users\hedra\Desktop\Sourcecode\NexusV2\Nexus-backend\vendor\laravel\framework\src\Illuminate\Http\Middleware\HandleCors.php(74): Illuminate\Pipeline\Pipeline-&gt;{closure:{closure:Illuminate\Pipeline\Pipeline::carry():194}:195}(Object(Illuminate\Http\Request))
#37 C:\Users\hedra\Desktop\Sourcecode\NexusV2\Nexus-backend\vendor\laravel\framework\src\Illuminate\Pipeline\Pipeline.php(219): Illuminate\Http\Middleware\HandleCors-&gt;handle(Object(Illuminate\Http\Request), Object(Closure))
#38 C:\Users\hedra\Desktop\Sourcecode\NexusV2\Nexus-backend\vendor\laravel\framework\src\Illuminate\Http\Middleware\TrustProxies.php(58): Illuminate\Pipeline\Pipeline-&gt;{closure:{closure:Illuminate\Pipeline\Pipeline::carry():194}:195}(Object(Illuminate\Http\Request))
#39 C:\Users\hedra\Desktop\Sourcecode\NexusV2\Nexus-backend\vendor\laravel\framework\src\Illuminate\Pipeline\Pipeline.php(219): Illuminate\Http\Middleware\TrustProxies-&gt;handle(Object(Illuminate\Http\Request), Object(Closure))
#40 C:\Users\hedra\Desktop\Sourcecode\NexusV2\Nexus-backend\vendor\laravel\framework\src\Illuminate\Foundation\Http\Middleware\InvokeDeferredCallbacks.php(22): Illuminate\Pipeline\Pipeline-&gt;{closure:{closure:Illuminate\Pipeline\Pipeline::carry():194}:195}(Object(Illuminate\Http\Request))
#41 C:\Users\hedra\Desktop\Sourcecode\NexusV2\Nexus-backend\vendor\laravel\framework\src\Illuminate\Pipeline\Pipeline.php(219): Illuminate\Foundation\Http\Middleware\InvokeDeferredCallbacks-&gt;handle(Object(Illuminate\Http\Request), Object(Closure))
#42 C:\Users\hedra\Desktop\Sourcecode\NexusV2\Nexus-backend\vendor\laravel\framework\src\Illuminate\Http\Middleware\ValidatePathEncoding.php(28): Illuminate\Pipeline\Pipeline-&gt;{closure:{closure:Illuminate\Pipeline\Pipeline::carry():194}:195}(Object(Illuminate\Http\Request))
#43 C:\Users\hedra\Desktop\Sourcecode\NexusV2\Nexus-backend\vendor\laravel\framework\src\Illuminate\Pipeline\Pipeline.php(219): Illuminate\Http\Middleware\ValidatePathEncoding-&gt;handle(Object(Illuminate\Http\Request), Object(Closure))
#44 C:\Users\hedra\Desktop\Sourcecode\NexusV2\Nexus-backend\vendor\laravel\framework\src\Illuminate\Pipeline\Pipeline.php(137): Illuminate\Pipeline\Pipeline-&gt;{closure:{closure:Illuminate\Pipeline\Pipeline::carry():194}:195}(Object(Illuminate\Http\Request))
#45 C:\Users\hedra\Desktop\Sourcecode\NexusV2\Nexus-backend\vendor\laravel\framework\src\Illuminate\Foundation\Http\Kernel.php(175): Illuminate\Pipeline\Pipeline-&gt;then(Object(Closure))
#46 C:\Users\hedra\Desktop\Sourcecode\NexusV2\Nexus-backend\vendor\laravel\framework\src\Illuminate\Foundation\Http\Kernel.php(144): Illuminate\Foundation\Http\Kernel-&gt;sendRequestThroughRouter(Object(Illuminate\Http\Request))
#47 C:\Users\hedra\Desktop\Sourcecode\NexusV2\Nexus-backend\vendor\laravel\framework\src\Illuminate\Foundation\Testing\Concerns\MakesHttpRequests.php(607): Illuminate\Foundation\Http\Kernel-&gt;handle(Object(Illuminate\Http\Request))
#48 C:\Users\hedra\Desktop\Sourcecode\NexusV2\Nexus-backend\vendor\laravel\framework\src\Illuminate\Foundation\Testing\Concerns\MakesHttpRequests.php(573): Illuminate\Foundation\Testing\TestCase-&gt;call('POST', '/api/v1/setting...', Array, Array, Array, Array, '{"key":"test_fe...')
#49 C:\Users\hedra\Desktop\Sourcecode\NexusV2\Nexus-backend\vendor\laravel\framework\src\Illuminate\Foundation\Testing\Concerns\MakesHttpRequests.php(411): Illuminate\Foundation\Testing\TestCase-&gt;json('POST', '/api/v1/setting...', Array, Array, 0)
#50 C:\Users\hedra\Desktop\Sourcecode\NexusV2\Nexus-backend\tests\Feature\UserFlowTest.php(144): Illuminate\Foundation\Testing\TestCase-&gt;postJson('/api/v1/setting...', Array)
#51 C:\Users\hedra\Desktop\Sourcecode\NexusV2\Nexus-backend\vendor\phpunit\phpunit\src\Framework\TestCase.php(1667): Tests\Feature\UserFlowTest-&gt;test_settings_management_flow()
#52 C:\Users\hedra\Desktop\Sourcecode\NexusV2\Nexus-backend\vendor\phpunit\phpunit\src\Framework\TestCase.php(519): PHPUnit\Framework\TestCase-&gt;runTest()
#53 C:\Users\hedra\Desktop\Sourcecode\NexusV2\Nexus-backend\vendor\phpunit\phpunit\src\Framework\TestRunner\TestRunner.php(87): PHPUnit\Framework\TestCase-&gt;runBare()
#54 C:\Users\hedra\Desktop\Sourcecode\NexusV2\Nexus-backend\vendor\phpunit\phpunit\src\Framework\TestCase.php(365): PHPUnit\Framework\TestRunner-&gt;run(Object(Tests\Feature\UserFlowTest))
#55 C:\Users\hedra\Desktop\Sourcecode\NexusV2\Nexus-backend\vendor\phpunit\phpunit\src\Framework\TestSuite.php(369): PHPUnit\Framework\TestCase-&gt;run()
#56 C:\Users\hedra\Desktop\Sourcecode\NexusV2\Nexus-backend\vendor\phpunit\phpunit\src\Framework\TestSuite.php(369): PHPUnit\Framework\TestSuite-&gt;run()
#57 C:\Users\hedra\Desktop\Sourcecode\NexusV2\Nexus-backend\vendor\phpunit\phpunit\src\Framework\TestSuite.php(369): PHPUnit\Framework\TestSuite-&gt;run()
#58 C:\Users\hedra\Desktop\Sourcecode\NexusV2\Nexus-backend\vendor\phpunit\phpunit\src\TextUI\TestRunner.php(64): PHPUnit\Framework\TestSuite-&gt;run()
#59 C:\Users\hedra\Desktop\Sourcecode\NexusV2\Nexus-backend\vendor\phpunit\phpunit\src\TextUI\Application.php(211): PHPUnit\TextUI\TestRunner-&gt;run(Object(PHPUnit\TextUI\Configuration\Configuration), Object(PHPUnit\Runner\ResultCache\DefaultResultCache), Object(PHPUnit\Framework\TestSuite))
#60 C:\Users\hedra\Desktop\Sourcecode\NexusV2\Nexus-backend\vendor\phpunit\phpunit\phpunit(104): PHPUnit\TextUI\Application-&gt;run(Array)
#61 C:\Users\hedra\Desktop\Sourcecode\NexusV2\Nexus-backend\vendor\bin\phpunit(122): include('C:\\Users\\hedra\\...')
#62 {main}

----------------------------------------------------------------------------------

App\Policies\SettingPolicy::create(): Return value must be of type bool, null returned
&#13;
C:\Users\hedra\Desktop\Sourcecode\NexusV2\Nexus-backend\vendor\laravel\framework\src\Illuminate\Testing\TestResponseAssert.php:45
C:\Users\hedra\Desktop\Sourcecode\NexusV2\Nexus-backend\vendor\laravel\framework\src\Illuminate\Testing\TestResponse.php:176
C:\Users\hedra\Desktop\Sourcecode\NexusV2\Nexus-backend\tests\Feature\UserFlowTest.php:151</failure>
        </testcase>
      </testsuite>
    </testsuite>
  </testsuite>
</testsuites>
